
> ecombom-control@0.1.0 build
> next build

▲ Next.js 16.1.4 (Turbopack)
- Environments: .env.local, .env
- Experiments (use with caution):
  · optimizePackageImports
  · serverActions

⚠ The "middleware" file convention is deprecated. Please use "proxy" instead. Learn more: https://nextjs.org/docs/messages/middleware-to-proxy
  Creating an optimized production build ...

> Build error occurred
Error: Turbopack build failed with 148 errors:
./src/app/analytics/actions.ts:4:1
Parsing ecmascript source code failed
[0m [90m 2 |[39m [36mexport[39m [36masync[39m [36mfunction[39m getAdvancedKPIs(period[33m:[39m [32m'DAY'[39m [33m|[39m [32m'WEEK'[39m [33m|[39m [32m'MONTH'[39m [33m|[39m [32m'YEAR'[39m [33m=[39m [32m'MONTH'[39m) { [36mtry[39m { [36mconst[39m store [33m=[39m [36mawait[39m prisma[33m.[39mstore[33m.[39mfindFirst()[33m;[39m [36mif[39m ([33m![39mstore) [36mreturn[39m { success[33m:[39m [36mfalse[39m[33m,[39m error[33m:[39m [32m"Store not found"[39m }[33m;[39m [36mconst[39m now [33m=[39m [36mnew[39m [33mDate[39m()[33m;[39m [36mlet[39m startDate [33m=[39m [36mnew[39m [33mDate[39m()[33m;[39m [36mif[39m (period [33m===[39m [32m'DAY'[39m) startDate[33m.[39msetHours([35m0[39m[33m,[39m [35m0[39m[33m,[39m [35m0[39m[33m,[39m [35m0[39m)[33m;[39m [36melse[39m [36mif[39m (period [33m===[39m [32m'WEEK'[39m) startDate[33m.[39msetDate(now[33m.[39mgetDate() [33m-[39m [35m7[39m)[33m;[39m [36melse[39m [36mif[39m (period [33m===[39m [32m'MONTH'[39m) startDate[33m.[39msetMonth(now[33m.[39mgetMonth() [33m-[39m [35m1[39m)[33m;[39m [36melse[39m [36mif[39m (period [33m===[39m [32m'YEAR'[39m) startDate[33m.[39msetFullYear(now[33m.[39mgetFullYear() [33m-[39m [35m1[39m)[33m;[39m [90m// 1. Fetch Orders with deep relations const orders = await prisma.order.findMany({ where: { storeId: store.id, createdAt: { gte: startDate }, orderType: "REGULAR" }, include: { items: { include: { product: { include: { finance: true } } } } } }); // 2. Fetch Daily Finances for AdSpend and Visitors const dailyFinances = await prisma.dailyFinance.findMany({ where: { storeId: store.id, date: { gte: startDate } } }); const adSpend = dailyFinances.reduce((acc, df) => acc + df.adSpend, 0); const visitors = dailyFinances.reduce((acc, df) => acc + df.visitors, 0); // 3. BASE METRICS const totalOrders = orders.length; const confirmedOrders = orders.filter(o => o.status === 'CONFIRMED' || o.status === 'READY' || o.status === 'SHIPPED').length; const cancelledOrders = orders.filter(o => o.status === 'CANCELLED').length; const deliveredOrders = orders.filter(o => o.logisticsStatus === 'DELIVERED').length; const returnedOrders = orders.filter(o => o.logisticsStatus === 'RETURNED' || o.returnedAt !== null).length; const incidenceOrders = orders.filter(o => o.logisticsStatus === 'INCIDENCE').length; // Recovered = Went through INCIDENCE but now are DELIVERED or CONFIRMED (inferred for now) const recoveredOrders = orders.filter(o => o.incidenceAttempts > 0 && ['CONFIRMED', 'DELIVERED'].includes(o.status)).length; // 4. FINANCIALS (SUMMARIES) let shopifyRevenue = 0; let cogs = 0; let shippingPaidByCustomer = 0; let totalProductUnits = 0; let realShippingCost = 0; // Cost we pay to carriers let returnExpenses = 0; orders.forEach(o => { if (o.status !== 'CANCELLED') { shopifyRevenue += o.totalPrice; shippingPaidByCustomer += o.shippingCost; o.items.forEach(item => { totalProductUnits += item.quantity; cogs += (item as any).unitCost || item.product?.finance?.unitCost || 0; }); // Real logistics costs (estimates if not fixed) realShippingCost += o.estimatedLogisticsCost || 6.5; if (o.returnedAt) returnExpenses += 6.5; // Fixed return cost for now } }); // 5. CALCULATIONS const averageTicket = totalOrders > 0 ? shopifyRevenue / totalOrders : 0; const conversionRate = visitors > 0 ? (totalOrders / visitors) * 100 : 0; const recoveryRate = incidenceOrders > 0 ? (recoveredOrders / incidenceOrders) * 100 : 0; // Rates Estimated vs Real const estimatedDeliveryRate = 0.85; // Baseline const realDeliveryRate = confirmedOrders > 0 ? deliveredOrders / confirmedOrders : 0; const shippingRateReal = totalOrders > 0 ? confirmedOrders / totalOrders : 0; // Profit Calculations const realRevenue = deliveredOrders > 0 ? orders.filter(o => o.logisticsStatus === 'DELIVERED').reduce((acc, o) => acc + o.totalPrice, 0) : 0; const profitReal = realRevenue - (cogs * (deliveredOrders / totalOrders || 1)) - realShippingCost - adSpend - returnExpenses; const profitEstimated = (shopifyRevenue * estimatedDeliveryRate) - cogs - (realShippingCost * confirmedOrders / totalOrders || 1) - adSpend; const roasReal = adSpend > 0 ? realRevenue / adSpend : 0; const roasEstimated = adSpend > 0 ? shopifyRevenue / adSpend : 0; const cpaReal = deliveredOrders > 0 ? adSpend / deliveredOrders : 0; const cpaEstimated = confirmedOrders > 0 ? adSpend / confirmedOrders : 0; const roiReal = adSpend > 0 ? (profitReal / adSpend) * 100 : 0; const roiEstimated = adSpend > 0 ? (profitEstimated / adSpend) * 100 : 0; // 6. BOT METRICS const botMetrics = await (prisma as any).botMetric.findMany({ where: { storeId: store.id, date: { gte: startDate } } }); const botSummary = botMetrics.reduce((acc: any, curr: any) => ({ messages: acc.messages + curr.messagesSent, conversations: acc.conversations + curr.conversationsStarted, assistedRevenue: acc.assistedRevenue + curr.revenueAssisted, assistedOrders: acc.assistedOrders + curr.ordersAssisted }), { messages: 0, conversations: 0, assistedRevenue: 0, assistedOrders: 0 }); const cardOrders = orders.filter(o => (o.financialStatus === 'paid' || o.paymentMethod === 'stripe') && o.paymentMethod !== 'COD').length; const cardRevenue = orders.filter(o => (o.financialStatus === 'paid' || o.paymentMethod === 'stripe') && o.paymentMethod !== 'COD').reduce((acc, o) => acc + o.totalPrice, 0); return { success: true, period, summary: { // Requested Precise KPIs visitors, totalOrders, totalProductUnits, conversionRate, shopifyRevenue, averageTicket, confirmedOrders, cancelledOrders, shippingPaidByCustomer, deliveredOrders, cogs, returnedOrders, returnExpenses, incidenceOrders, recoveredOrders, recoveryRate, cardOrders, cardRevenue, cardOrdersPercent: totalOrders > 0 ? (cardOrders / totalOrders) * 100 : 0, cardRevenuePercent: shopifyRevenue > 0 ? (cardRevenue / shopifyRevenue) * 100 : 0, estimatedShippingRate: 90, // % estimatedDeliveryRate: estimatedDeliveryRate * 100, realShippingRate: shippingRateReal * 100, realDeliveryRate: realDeliveryRate * 100, revenueEstimated: shopifyRevenue * estimatedDeliveryRate, revenueReal: realRevenue, adSpend, profitEstimated, profitReal, roiEstimated, roiReal, profitPercentEstimated: profitEstimated > 0 ? (profitEstimated / (shopifyRevenue * estimatedDeliveryRate)) * 100 : 0, profitPercentReal: realRevenue > 0 ? (profitReal / realRevenue) * 100 : 0, roasEstimated, roasReal, cpaEstimated, cpaReal, botPerformance: botSummary, // Keep breakdowns for UI agents: [], // To be populated if needed carriers: [], products: [] } }; } catch (error: any) { console.error("Advanced KPI Error:", error); return { success: false, error: error.message }; }[39m
 [90m 3 |[39m } [90m// Alias for backwards compatibility[39m
[31m[1m>[22m[39m[90m 4 |[39m [36mexport[39m [36masync[39m [36mfunction[39m getAnalyticsData(period[33m:[39m [32m'DAY'[39m [33m|[39m [32m'WEEK'[39m [33m|[39m [32m'MONTH'[39m [33m|[39m [32m'YEAR'[39m [33m=[39m [32m'MONTH'[39m) { [36mreturn[39m getAdvancedKPIs(period)[33m;[39m
 [90m   |[39m [31m[1m^[22m[39m
 [90m 5 |[39m }
 [90m 6 |[39m[0m

Expected a semicolon

Import traces:
  Client Component Browser:
    ./src/app/analytics/actions.ts [Client Component Browser]
    ./src/app/eagle-eye/page.tsx [Client Component Browser]
    ./src/app/eagle-eye/page.tsx [Server Component]

  Client Component SSR:
    ./src/app/analytics/actions.ts [Client Component SSR]
    ./src/app/eagle-eye/page.tsx [Client Component SSR]
    ./src/app/eagle-eye/page.tsx [Server Component]


./src/app/api/admin/backfill/route.ts:5:2
Parsing ecmascript source code failed
[0m [90m 3 |[39m [36mimport[39m { [33mBackfillService[39m } [36mfrom[39m [32m"@/lib/services/backfill-service"[39m[33m;[39m
 [90m 4 |[39m [36mimport[39m prisma [36mfrom[39m [32m"@/lib/prisma"[39m[33m;[39m [36mexport[39m [36masync[39m [36mfunction[39m [33mPOST[39m(request[33m:[39m [33mRequest[39m) { [36mtry[39m { [36mconst[39m { searchParams } [33m=[39m [36mnew[39m [33mURL[39m(request[33m.[39murl)[33m;[39m [36mconst[39m startDateParam [33m=[39m searchParams[33m.[39m[36mget[39m([32m'startDate'[39m)[33m;[39m [36mconst[39m startDate [33m=[39m startDateParam [33m?[39m [36mnew[39m [33mDate[39m(startDateParam) [33m:[39m [36mnew[39m [33mDate[39m([32m"2025-01-01"[39m)[33m;[39m [36mlet[39m storeId [33m=[39m searchParams[33m.[39m[36mget[39m([32m'storeId'[39m)[33m;[39m [36mif[39m ([33m![39mstoreId) { [36mconst[39m store [33m=[39m [36mawait[39m (prisma [36mas[39m any)[33m.[39mstore[33m.[39mfindFirst()[33m;[39m storeId [33m=[39m store[33m?[39m[33m.[39mid[33m;[39m } [36mif[39m ([33m![39mstoreId) { [36mreturn[39m [33mNextResponse[39m[33m.[39mjson({ error[33m:[39m [32m"No store found"[39m }[33m,[39m { status[33m:[39m [35m400[39m })[33m;[39m } console[33m.[39mlog([32m`[API] Triggering historical backfill for store ${storeId} from ${startDate.toISOString()}`[39m)[33m;[39m [90m// Run in background (don't await fully to avoid timeout in some environments, // but for now we expect a quick start or long-running process handled by the server) const result = await BackfillService.runBackfill(storeId, startDate); return NextResponse.json(result); } catch (e: any) { return NextResponse.json({ error: e.message }, { status: 500 }); }[39m
[31m[1m>[22m[39m[90m 5 |[39m }
 [90m   |[39m  [31m[1m^[22m[39m
 [90m 6 |[39m[0m

Expected '}', got '<eof>'


./src/app/api/admin/backfill/route.ts:5:2
Parsing ecmascript source code failed
[0m [90m 3 |[39m [36mimport[39m { [33mBackfillService[39m } [36mfrom[39m [32m"@/lib/services/backfill-service"[39m[33m;[39m
 [90m 4 |[39m [36mimport[39m prisma [36mfrom[39m [32m"@/lib/prisma"[39m[33m;[39m [36mexport[39m [36masync[39m [36mfunction[39m [33mPOST[39m(request[33m:[39m [33mRequest[39m) { [36mtry[39m { [36mconst[39m { searchParams } [33m=[39m [36mnew[39m [33mURL[39m(request[33m.[39murl)[33m;[39m [36mconst[39m startDateParam [33m=[39m searchParams[33m.[39m[36mget[39m([32m'startDate'[39m)[33m;[39m [36mconst[39m startDate [33m=[39m startDateParam [33m?[39m [36mnew[39m [33mDate[39m(startDateParam) [33m:[39m [36mnew[39m [33mDate[39m([32m"2025-01-01"[39m)[33m;[39m [36mlet[39m storeId [33m=[39m searchParams[33m.[39m[36mget[39m([32m'storeId'[39m)[33m;[39m [36mif[39m ([33m![39mstoreId) { [36mconst[39m store [33m=[39m [36mawait[39m (prisma [36mas[39m any)[33m.[39mstore[33m.[39mfindFirst()[33m;[39m storeId [33m=[39m store[33m?[39m[33m.[39mid[33m;[39m } [36mif[39m ([33m![39mstoreId) { [36mreturn[39m [33mNextResponse[39m[33m.[39mjson({ error[33m:[39m [32m"No store found"[39m }[33m,[39m { status[33m:[39m [35m400[39m })[33m;[39m } console[33m.[39mlog([32m`[API] Triggering historical backfill for store ${storeId} from ${startDate.toISOString()}`[39m)[33m;[39m [90m// Run in background (don't await fully to avoid timeout in some environments, // but for now we expect a quick start or long-running process handled by the server) const result = await BackfillService.runBackfill(storeId, startDate); return NextResponse.json(result); } catch (e: any) { return NextResponse.json({ error: e.message }, { status: 500 }); }[39m
[31m[1m>[22m[39m[90m 5 |[39m }
 [90m   |[39m  [31m[1m^[22m[39m
 [90m 6 |[39m[0m

Expected a semicolon


./src/app/api/ai/finance-chat/route.ts:13:7
Parsing ecmascript source code failed
[0m [90m 11 |[39m [32m- Costes ocultos: COD fees, devoluciones, reenvíos Responde en español, de forma concisa y práctica. Da números específicos cuando sea posible.[39m
 [90m 12 |[39m [32mSi te proporcionan datos del contexto, úsalos para personalizar tu análisis.`[39m[33m;[39m [36mexport[39m [36masync[39m [36mfunction[39m [33mPOST[39m(request[33m:[39m [33mNextRequest[39m) { [36mtry[39m { [36mconst[39m { message[33m,[39m context } [33m=[39m [36mawait[39m request[33m.[39mjson()[33m;[39m [36mif[39m ([33m![39mprocess[33m.[39menv[33m.[39m[33mGEMINI_API_KEY[39m) { [36mreturn[39m [33mNextResponse[39m[33m.[39mjson({ response[33m:[39m [32m"⚠️ API Key de Gemini no configurada. Añade GEMINI_API_KEY a tu archivo .env"[39m })[33m;[39m } [90m// Build context from monthly data if available let contextPrompt = ""; if (context) { const t = context.totals || {}; const avg = context.averages || {}; contextPrompt = `[39m
[31m[1m>[22m[39m[90m 13 |[39m [33mDATOS[39m [33mDEL[39m [33mMES[39m [33mACTUAL[39m[33m:[39m
 [90m    |[39m       [31m[1m^[22m[39m[31m[1m^[22m[39m[31m[1m^[22m[39m
 [90m 14 |[39m [33m-[39m [33mInversión[39m en [33mAds[39m[33m:[39m €${t[33m.[39mspendAds[33m?[39m[33m.[39mtoLocaleString([32m'es-ES'[39m) [33m||[39m [35m0[39m}
 [90m 15 |[39m [33m-[39m [33mRevenue[39m [33mConfirmado[39m[33m:[39m €${t[33m.[39mrevenueConfirmed[33m?[39m[33m.[39mtoLocaleString([32m'es-ES'[39m) [33m||[39m [35m0[39m}
 [90m 16 |[39m [33m-[39m [33mRevenue[39m [33mReal[39m (entregado)[33m:[39m €${t[33m.[39mrevenueReal[33m?[39m[33m.[39mtoLocaleString([32m'es-ES'[39m) [33m||[39m [35m0[39m}[0m

Expected ';', '}' or <eof>


./src/app/api/ai/neural-mother/route.ts:4:2
Parsing ecmascript source code failed
[0m [90m 2 |[39m [36mimport[39m { [33mNeuralMotherService[39m } [36mfrom[39m [32m"@/lib/agents/neural-mother"[39m[33m;[39m [90m/** * API: /api/ai/neural-mother * Trigger the full God-Tier automation wizard for a product. */[39m
 [90m 3 |[39m [36mexport[39m [36masync[39m [36mfunction[39m [33mPOST[39m(req[33m:[39m [33mNextRequest[39m) { [36mtry[39m { [36mconst[39m body [33m=[39m [36mawait[39m req[33m.[39mjson()[33m;[39m [36mconst[39m { productId } [33m=[39m body[33m;[39m [36mif[39m ([33m![39mproductId) { [36mreturn[39m [33mNextResponse[39m[33m.[39mjson({ error[33m:[39m [32m"Missing productId"[39m }[33m,[39m { status[33m:[39m [35m400[39m })[33m;[39m } console[33m.[39mlog([32m`[NeuralMother API] Triggering wizard for product: ${productId}`[39m)[33m;[39m [36mconst[39m service [33m=[39m [36mnew[39m [33mNeuralMotherService[39m(productId)[33m;[39m [90m// We run it as a "background-ish" task but await since it's a wizard. // For very long tasks, a worker would be better, but we already have // research-orchestrator which handles its own logs and status. const result = await service.runFullAutomationWizard(); if (result.success) { return NextResponse.json({ success: true, message: "Wizard completed successfully", data: result.outputs, logs: result.logs }); } else { return NextResponse.json({ success: false, error: result.error, logs: result.logs }, { status: 500 }); } } catch (e: any) { console.error("[NeuralMother API Error]", e); return NextResponse.json({ error: e.message }, { status: 500 }); }[39m
[31m[1m>[22m[39m[90m 4 |[39m }
 [90m   |[39m  [31m[1m^[22m[39m
 [90m 5 |[39m[0m

Expected '}', got '<eof>'


./src/app/api/ai/neural-mother/route.ts:4:2
Parsing ecmascript source code failed
[0m [90m 2 |[39m [36mimport[39m { [33mNeuralMotherService[39m } [36mfrom[39m [32m"@/lib/agents/neural-mother"[39m[33m;[39m [90m/** * API: /api/ai/neural-mother * Trigger the full God-Tier automation wizard for a product. */[39m
 [90m 3 |[39m [36mexport[39m [36masync[39m [36mfunction[39m [33mPOST[39m(req[33m:[39m [33mNextRequest[39m) { [36mtry[39m { [36mconst[39m body [33m=[39m [36mawait[39m req[33m.[39mjson()[33m;[39m [36mconst[39m { productId } [33m=[39m body[33m;[39m [36mif[39m ([33m![39mproductId) { [36mreturn[39m [33mNextResponse[39m[33m.[39mjson({ error[33m:[39m [32m"Missing productId"[39m }[33m,[39m { status[33m:[39m [35m400[39m })[33m;[39m } console[33m.[39mlog([32m`[NeuralMother API] Triggering wizard for product: ${productId}`[39m)[33m;[39m [36mconst[39m service [33m=[39m [36mnew[39m [33mNeuralMotherService[39m(productId)[33m;[39m [90m// We run it as a "background-ish" task but await since it's a wizard. // For very long tasks, a worker would be better, but we already have // research-orchestrator which handles its own logs and status. const result = await service.runFullAutomationWizard(); if (result.success) { return NextResponse.json({ success: true, message: "Wizard completed successfully", data: result.outputs, logs: result.logs }); } else { return NextResponse.json({ success: false, error: result.error, logs: result.logs }, { status: 500 }); } } catch (e: any) { console.error("[NeuralMother API Error]", e); return NextResponse.json({ error: e.message }, { status: 500 }); }[39m
[31m[1m>[22m[39m[90m 4 |[39m }
 [90m   |[39m  [31m[1m^[22m[39m
 [90m 5 |[39m[0m

Expected a semicolon


./src/app/api/auth/google/callback/route.ts:3:2
Parsing ecmascript source code failed
[0m [90m 1 |[39m [36mimport[39m { [33mNextResponse[39m } [36mfrom[39m [32m"next/server"[39m[33m;[39m
 [90m 2 |[39m [36mimport[39m prisma [36mfrom[39m [32m"@/lib/prisma"[39m[33m;[39m [36mexport[39m [36masync[39m [36mfunction[39m [33mGET[39m(request[33m:[39m [33mRequest[39m) { [36mconst[39m { searchParams[33m,[39m origin } [33m=[39m [36mnew[39m [33mURL[39m(request[33m.[39murl)[33m;[39m [36mconst[39m code [33m=[39m searchParams[33m.[39m[36mget[39m([32m"code"[39m)[33m;[39m [36mconst[39m error [33m=[39m searchParams[33m.[39m[36mget[39m([32m"error"[39m)[33m;[39m [36mif[39m (error [33m||[39m [33m![39mcode) { [36mreturn[39m [33mNextResponse[39m[33m.[39mredirect([32m`${origin}/connections?error=google_failed`[39m)[33m;[39m } [36mtry[39m { [90m// Fetch Dynamic Configuration const appConfig = await prisma.connection.findFirst({ where: { provider: "GOOGLE_APP", isActive: true } }); const clientId = appConfig?.apiKey || process.env.GOOGLE_OAUTH_CLIENT_ID; const clientSecret = appConfig?.apiSecret || process.env.GOOGLE_OAUTH_CLIENT_SECRET; // Hardcoded to match the start route exactly const redirectUri = `${process.env.NEXT_PUBLIC_APP_URL || "http://localhost:3000"}/api/auth/google/callback`; // Exchange code for tokens const tokenResponse = await fetch("https://oauth2.googleapis.com/token", { method: "POST", headers: { "Content-Type": "application/x-www-form-urlencoded" }, body: new URLSearchParams({ code, client_id: clientId!, client_secret: clientSecret!, redirect_uri: redirectUri, grant_type: "authorization_code", }), }); const tokens = await tokenResponse.json(); if (tokens.error) { console.error("Google Token Error:", tokens.error_description); return NextResponse.redirect(`${origin}/connections?error=token_exchange`); } // Save connection in DB // Determine storeId (default for now) let store = await prisma.store.findFirst(); if (!store) { store = await prisma.store.create({ data: { name: "Nano Banana Store", currency: "EUR" } }); } // Upsert GOOGLE_OAUTH connection await prisma.connection.upsert({ where: { storeId_provider: { storeId: store.id, provider: "GOOGLE_SHEETS" // Using Google Sheets as the primary label for the Google identity } }, update: { apiKey: tokens.access_token, apiSecret: tokens.refresh_token, // Store refresh token in apiSecret for persistent access extraConfig: JSON.stringify({ expires_at: Date.now() + (tokens.expires_in * 1000), scope: tokens.scope, token_type: tokens.token_type }), isActive: true }, create: { storeId: store.id, provider: "GOOGLE_SHEETS", apiKey: tokens.access_token, apiSecret: tokens.refresh_token, extraConfig: JSON.stringify({ expires_at: Date.now() + (tokens.expires_in * 1000), scope: tokens.scope, token_type: tokens.token_type }), isActive: true } }); // Also update Google Analytics connection if scope matches if (tokens.scope?.includes("analytics")) { await prisma.connection.upsert({ where: { storeId_provider: { storeId: store.id, provider: "GOOGLE_ANALYTICS" } }, update: { apiKey: tokens.access_token, apiSecret: tokens.refresh_token, isActive: true }, create: { storeId: store.id, provider: "GOOGLE_ANALYTICS", apiKey: tokens.access_token, apiSecret: tokens.refresh_token, isActive: true } }); } // Upsert GOOGLE_DRIVE connection (Critical for Deep Research) if (tokens.scope?.includes("drive")) { await prisma.connection.upsert({ where: { storeId_provider: { storeId: store.id, provider: "GOOGLE_DRIVE" } }, update: { apiKey: tokens.access_token, apiSecret: tokens.refresh_token, isActive: true }, create: { storeId: store.id, provider: "GOOGLE_DRIVE", apiKey: tokens.access_token, apiSecret: tokens.refresh_token, isActive: true } }); } return NextResponse.redirect(`${origin}/connections?success=google_connected`); } catch (err: any) { console.error("Google Callback Exception:", err.message); return NextResponse.redirect(`${origin}/connections?error=server_error`); }[39m
[31m[1m>[22m[39m[90m 3 |[39m }
 [90m   |[39m  [31m[1m^[22m[39m
 [90m 4 |[39m[0m

Expected '}', got '<eof>'


./src/app/api/auth/google/callback/route.ts:3:2
Parsing ecmascript source code failed
[0m [90m 1 |[39m [36mimport[39m { [33mNextResponse[39m } [36mfrom[39m [32m"next/server"[39m[33m;[39m
 [90m 2 |[39m [36mimport[39m prisma [36mfrom[39m [32m"@/lib/prisma"[39m[33m;[39m [36mexport[39m [36masync[39m [36mfunction[39m [33mGET[39m(request[33m:[39m [33mRequest[39m) { [36mconst[39m { searchParams[33m,[39m origin } [33m=[39m [36mnew[39m [33mURL[39m(request[33m.[39murl)[33m;[39m [36mconst[39m code [33m=[39m searchParams[33m.[39m[36mget[39m([32m"code"[39m)[33m;[39m [36mconst[39m error [33m=[39m searchParams[33m.[39m[36mget[39m([32m"error"[39m)[33m;[39m [36mif[39m (error [33m||[39m [33m![39mcode) { [36mreturn[39m [33mNextResponse[39m[33m.[39mredirect([32m`${origin}/connections?error=google_failed`[39m)[33m;[39m } [36mtry[39m { [90m// Fetch Dynamic Configuration const appConfig = await prisma.connection.findFirst({ where: { provider: "GOOGLE_APP", isActive: true } }); const clientId = appConfig?.apiKey || process.env.GOOGLE_OAUTH_CLIENT_ID; const clientSecret = appConfig?.apiSecret || process.env.GOOGLE_OAUTH_CLIENT_SECRET; // Hardcoded to match the start route exactly const redirectUri = `${process.env.NEXT_PUBLIC_APP_URL || "http://localhost:3000"}/api/auth/google/callback`; // Exchange code for tokens const tokenResponse = await fetch("https://oauth2.googleapis.com/token", { method: "POST", headers: { "Content-Type": "application/x-www-form-urlencoded" }, body: new URLSearchParams({ code, client_id: clientId!, client_secret: clientSecret!, redirect_uri: redirectUri, grant_type: "authorization_code", }), }); const tokens = await tokenResponse.json(); if (tokens.error) { console.error("Google Token Error:", tokens.error_description); return NextResponse.redirect(`${origin}/connections?error=token_exchange`); } // Save connection in DB // Determine storeId (default for now) let store = await prisma.store.findFirst(); if (!store) { store = await prisma.store.create({ data: { name: "Nano Banana Store", currency: "EUR" } }); } // Upsert GOOGLE_OAUTH connection await prisma.connection.upsert({ where: { storeId_provider: { storeId: store.id, provider: "GOOGLE_SHEETS" // Using Google Sheets as the primary label for the Google identity } }, update: { apiKey: tokens.access_token, apiSecret: tokens.refresh_token, // Store refresh token in apiSecret for persistent access extraConfig: JSON.stringify({ expires_at: Date.now() + (tokens.expires_in * 1000), scope: tokens.scope, token_type: tokens.token_type }), isActive: true }, create: { storeId: store.id, provider: "GOOGLE_SHEETS", apiKey: tokens.access_token, apiSecret: tokens.refresh_token, extraConfig: JSON.stringify({ expires_at: Date.now() + (tokens.expires_in * 1000), scope: tokens.scope, token_type: tokens.token_type }), isActive: true } }); // Also update Google Analytics connection if scope matches if (tokens.scope?.includes("analytics")) { await prisma.connection.upsert({ where: { storeId_provider: { storeId: store.id, provider: "GOOGLE_ANALYTICS" } }, update: { apiKey: tokens.access_token, apiSecret: tokens.refresh_token, isActive: true }, create: { storeId: store.id, provider: "GOOGLE_ANALYTICS", apiKey: tokens.access_token, apiSecret: tokens.refresh_token, isActive: true } }); } // Upsert GOOGLE_DRIVE connection (Critical for Deep Research) if (tokens.scope?.includes("drive")) { await prisma.connection.upsert({ where: { storeId_provider: { storeId: store.id, provider: "GOOGLE_DRIVE" } }, update: { apiKey: tokens.access_token, apiSecret: tokens.refresh_token, isActive: true }, create: { storeId: store.id, provider: "GOOGLE_DRIVE", apiKey: tokens.access_token, apiSecret: tokens.refresh_token, isActive: true } }); } return NextResponse.redirect(`${origin}/connections?success=google_connected`); } catch (err: any) { console.error("Google Callback Exception:", err.message); return NextResponse.redirect(`${origin}/connections?error=server_error`); }[39m
[31m[1m>[22m[39m[90m 3 |[39m }
 [90m   |[39m  [31m[1m^[22m[39m
 [90m 4 |[39m[0m

Expected a semicolon


./src/app/api/connections/cleanup/route.ts:5:2
Parsing ecmascript source code failed
[0m [90m 3 |[39m [36mconst[39m [33mCHILD_PROVIDER_IDS[39m [33m=[39m [[32m'ANTHROPIC'[39m[33m,[39m [32m'VERTEX'[39m[33m,[39m [32m'GA4'[39m[33m,[39m [32m'GOOGLE_MAPS'[39m[33m,[39m [32m'GCP'[39m][33m;[39m [90m/** * POST /api/connections/cleanup * * Removes orphan DB rows that don't belong: * 1. 'GCP' rows (should be 'GOOGLE_CLOUD') * 2. Child providers that have parentProviderId */[39m
 [90m 4 |[39m [36mexport[39m [36masync[39m [36mfunction[39m [33mPOST[39m() { [36mtry[39m { [36mconst[39m children [33m=[39m [36mawait[39m prisma[33m.[39mconnection[33m.[39mfindMany({ where[33m:[39m { provider[33m:[39m { [36min[39m[33m:[39m [33mCHILD_PROVIDER_IDS[39m } } })[33m;[39m [36mfor[39m ([36mconst[39m child [36mof[39m children) { [36mconst[39m [33mPROVIDER_REGISTRY[39m [33m=[39m ([36mawait[39m [36mimport[39m([32m"@/lib/providers/registry"[39m))[33m.[39m[33mPROVIDER_REGISTRY[39m[33m;[39m [36mconst[39m config [33m=[39m [33mPROVIDER_REGISTRY[39m[child[33m.[39mprovider[33m.[39mtoUpperCase()][33m;[39m [36mconst[39m parentProvider [33m=[39m config[33m?[39m[33m.[39mparentProviderId[33m?[39m[33m.[39mtoUpperCase()[33m;[39m [36mif[39m (parentProvider) { [90m// Check if parent already has a connection const existingParent = await prisma.connection.findUnique({ where: { storeId_provider: { storeId: child.storeId, provider: parentProvider } } }); if (!existingParent) { // Migrate this child to be the parent await prisma.connection.update({ where: { id: child.id }, data: { provider: parentProvider } }); console.log(`[Cleanup] Migrated ${child.provider} to ${parentProvider} (ID: ${child.id})`); continue; // Skip deletion as it's now a parent } } // If we can't migrate (parent exists or no mapping), delete as before await prisma.connection.delete({ where: { id: child.id } }); } const summary = { success: true, processedCount: children.length, childIds: CHILD_PROVIDER_IDS }; console.log("🧹 [Cleanup]", summary); return NextResponse.json(summary); } catch (error: any) { console.error("[Cleanup] Error:", error); return NextResponse.json({ error: error.message }, { status: 500 }); }[39m
[31m[1m>[22m[39m[90m 5 |[39m }
 [90m   |[39m  [31m[1m^[22m[39m
 [90m 6 |[39m[0m

Expected '}', got '<eof>'


./src/app/api/connections/cleanup/route.ts:5:2
Parsing ecmascript source code failed
[0m [90m 3 |[39m [36mconst[39m [33mCHILD_PROVIDER_IDS[39m [33m=[39m [[32m'ANTHROPIC'[39m[33m,[39m [32m'VERTEX'[39m[33m,[39m [32m'GA4'[39m[33m,[39m [32m'GOOGLE_MAPS'[39m[33m,[39m [32m'GCP'[39m][33m;[39m [90m/** * POST /api/connections/cleanup * * Removes orphan DB rows that don't belong: * 1. 'GCP' rows (should be 'GOOGLE_CLOUD') * 2. Child providers that have parentProviderId */[39m
 [90m 4 |[39m [36mexport[39m [36masync[39m [36mfunction[39m [33mPOST[39m() { [36mtry[39m { [36mconst[39m children [33m=[39m [36mawait[39m prisma[33m.[39mconnection[33m.[39mfindMany({ where[33m:[39m { provider[33m:[39m { [36min[39m[33m:[39m [33mCHILD_PROVIDER_IDS[39m } } })[33m;[39m [36mfor[39m ([36mconst[39m child [36mof[39m children) { [36mconst[39m [33mPROVIDER_REGISTRY[39m [33m=[39m ([36mawait[39m [36mimport[39m([32m"@/lib/providers/registry"[39m))[33m.[39m[33mPROVIDER_REGISTRY[39m[33m;[39m [36mconst[39m config [33m=[39m [33mPROVIDER_REGISTRY[39m[child[33m.[39mprovider[33m.[39mtoUpperCase()][33m;[39m [36mconst[39m parentProvider [33m=[39m config[33m?[39m[33m.[39mparentProviderId[33m?[39m[33m.[39mtoUpperCase()[33m;[39m [36mif[39m (parentProvider) { [90m// Check if parent already has a connection const existingParent = await prisma.connection.findUnique({ where: { storeId_provider: { storeId: child.storeId, provider: parentProvider } } }); if (!existingParent) { // Migrate this child to be the parent await prisma.connection.update({ where: { id: child.id }, data: { provider: parentProvider } }); console.log(`[Cleanup] Migrated ${child.provider} to ${parentProvider} (ID: ${child.id})`); continue; // Skip deletion as it's now a parent } } // If we can't migrate (parent exists or no mapping), delete as before await prisma.connection.delete({ where: { id: child.id } }); } const summary = { success: true, processedCount: children.length, childIds: CHILD_PROVIDER_IDS }; console.log("🧹 [Cleanup]", summary); return NextResponse.json(summary); } catch (error: any) { console.error("[Cleanup] Error:", error); return NextResponse.json({ error: error.message }, { status: 500 }); }[39m
[31m[1m>[22m[39m[90m 5 |[39m }
 [90m   |[39m  [31m[1m^[22m[39m
 [90m 6 |[39m[0m

Expected a semicolon


./src/app/api/connections/route.ts:4:2
Parsing ecmascript source code failed
[0m [90m 2 |[39m [36mimport[39m { getStoreConnections[33m,[39m getStoreConnectionsWithSecrets } [36mfrom[39m [32m"@/lib/server/connections"[39m[33m;[39m
 [90m 3 |[39m [36mimport[39m { prisma } [36mfrom[39m [32m"@/lib/prisma"[39m[33m;[39m [36mexport[39m [36masync[39m [36mfunction[39m [33mGET[39m(request[33m:[39m [33mNextRequest[39m) { [36mtry[39m { [90m// Fast path for development/admin: default to store-main let storeId = 'store-main'; // Only try to read header if absolutely available to avoid Next.js dev server overhead const reqStoreId = request.headers.get("x-store-id"); if (reqStoreId && reqStoreId !== 'default-store') { storeId = reqStoreId; } const { searchParams } = new URL(request.url); const reveal = searchParams.get("reveal") === "true"; console.log(`[API CONNECTIONS] GET /connections?reveal=${reveal} for store: ${storeId}`); let connections = reveal ? await getStoreConnectionsWithSecrets(storeId) : await getStoreConnections(storeId); // Fallback for empty stores in admin view if (connections.length === 0 && storeId !== 'store-main') { connections = reveal ? await getStoreConnectionsWithSecrets('store-main') : await getStoreConnections('store-main'); } return NextResponse.json(connections); } catch (error: any) { console.error("[API CONNECTIONS FATAL]", error); return NextResponse.json({ error: "Server Hang/Error" }, { status: 500 }); }[39m
[31m[1m>[22m[39m[90m 4 |[39m }
 [90m   |[39m  [31m[1m^[22m[39m
 [90m 5 |[39m[0m

Expected '}', got '<eof>'


./src/app/api/connections/route.ts:4:2
Parsing ecmascript source code failed
[0m [90m 2 |[39m [36mimport[39m { getStoreConnections[33m,[39m getStoreConnectionsWithSecrets } [36mfrom[39m [32m"@/lib/server/connections"[39m[33m;[39m
 [90m 3 |[39m [36mimport[39m { prisma } [36mfrom[39m [32m"@/lib/prisma"[39m[33m;[39m [36mexport[39m [36masync[39m [36mfunction[39m [33mGET[39m(request[33m:[39m [33mNextRequest[39m) { [36mtry[39m { [90m// Fast path for development/admin: default to store-main let storeId = 'store-main'; // Only try to read header if absolutely available to avoid Next.js dev server overhead const reqStoreId = request.headers.get("x-store-id"); if (reqStoreId && reqStoreId !== 'default-store') { storeId = reqStoreId; } const { searchParams } = new URL(request.url); const reveal = searchParams.get("reveal") === "true"; console.log(`[API CONNECTIONS] GET /connections?reveal=${reveal} for store: ${storeId}`); let connections = reveal ? await getStoreConnectionsWithSecrets(storeId) : await getStoreConnections(storeId); // Fallback for empty stores in admin view if (connections.length === 0 && storeId !== 'store-main') { connections = reveal ? await getStoreConnectionsWithSecrets('store-main') : await getStoreConnections('store-main'); } return NextResponse.json(connections); } catch (error: any) { console.error("[API CONNECTIONS FATAL]", error); return NextResponse.json({ error: "Server Hang/Error" }, { status: 500 }); }[39m
[31m[1m>[22m[39m[90m 4 |[39m }
 [90m   |[39m  [31m[1m^[22m[39m
 [90m 5 |[39m[0m

Expected a semicolon


./src/app/api/connections/service-account/route.ts:3:2
Parsing ecmascript source code failed
[0m [90m 1 |[39m [36mimport[39m { [33mNextResponse[39m } [36mfrom[39m [32m"next/server"[39m[33m;[39m
 [90m 2 |[39m [36mimport[39m prisma [36mfrom[39m [32m"@/lib/prisma"[39m[33m;[39m [36mexport[39m [36masync[39m [36mfunction[39m [33mPOST[39m(req[33m:[39m [33mRequest[39m) { [36mtry[39m { [36mconst[39m body [33m=[39m [36mawait[39m req[33m.[39mjson()[33m;[39m [36mconst[39m { serviceAccountJson } [33m=[39m body[33m;[39m [36mif[39m ([33m![39mserviceAccountJson) { [36mreturn[39m [33mNextResponse[39m[33m.[39mjson({ error[33m:[39m [32m"No JSON provided"[39m }[33m,[39m { status[33m:[39m [35m400[39m })[33m;[39m } [36mlet[39m parsedJson[33m;[39m [36mtry[39m { parsedJson [33m=[39m [36mtypeof[39m serviceAccountJson [33m===[39m [32m'string'[39m [33m?[39m [33mJSON[39m[33m.[39mparse(serviceAccountJson) [33m:[39m serviceAccountJson[33m;[39m [36mif[39m ([33m![39mparsedJson[33m.[39mclient_email [33m||[39m [33m![39mparsedJson[33m.[39mprivate_key) { [36mthrow[39m [36mnew[39m [33mError[39m([32m"Invalid Service Account JSON"[39m)[33m;[39m } } [36mcatch[39m (e) { [36mreturn[39m [33mNextResponse[39m[33m.[39mjson({ error[33m:[39m [32m"Invalid JSON format. Please paste the entire content of the key file."[39m }[33m,[39m { status[33m:[39m [35m400[39m })[33m;[39m } [90m// Determine store (defaulting to first or creating one) let store = await prisma.store.findFirst(); if (!store) { store = await prisma.store.create({ data: { name: "Nano Banana Store", currency: "EUR" } }); } // Upsert Connection await prisma.connection.upsert({ where: { storeId_provider: { storeId: store.id, provider: "GOOGLE_SERVICE_ACCOUNT" } }, update: { apiKey: parsedJson.client_id || "SERVICE_ACCOUNT", apiSecret: "HIDDEN_PRIVATE_KEY", // We don't expose the private key easily in the secret field if not needed, but we need to store the whole JSON usually. // Actually, let's store the whole JSON in extraConfig for safety and ease of use with google-auth-library extraConfig: JSON.stringify(parsedJson), isActive: true }, create: { storeId: store.id, provider: "GOOGLE_SERVICE_ACCOUNT", apiKey: parsedJson.client_id || "SERVICE_ACCOUNT", apiSecret: "HIDDEN_PRIVATE_KEY", extraConfig: JSON.stringify(parsedJson), isActive: true } }); return NextResponse.json({ success: true, email: parsedJson.client_email }); } catch (error: any) { console.error("Service Account Save Error:", error); return NextResponse.json({ error: error.message }, { status: 500 }); }[39m
[31m[1m>[22m[39m[90m 3 |[39m }
 [90m   |[39m  [31m[1m^[22m[39m
 [90m 4 |[39m[0m

Expected '}', got '<eof>'


./src/app/api/connections/service-account/route.ts:3:2
Parsing ecmascript source code failed
[0m [90m 1 |[39m [36mimport[39m { [33mNextResponse[39m } [36mfrom[39m [32m"next/server"[39m[33m;[39m
 [90m 2 |[39m [36mimport[39m prisma [36mfrom[39m [32m"@/lib/prisma"[39m[33m;[39m [36mexport[39m [36masync[39m [36mfunction[39m [33mPOST[39m(req[33m:[39m [33mRequest[39m) { [36mtry[39m { [36mconst[39m body [33m=[39m [36mawait[39m req[33m.[39mjson()[33m;[39m [36mconst[39m { serviceAccountJson } [33m=[39m body[33m;[39m [36mif[39m ([33m![39mserviceAccountJson) { [36mreturn[39m [33mNextResponse[39m[33m.[39mjson({ error[33m:[39m [32m"No JSON provided"[39m }[33m,[39m { status[33m:[39m [35m400[39m })[33m;[39m } [36mlet[39m parsedJson[33m;[39m [36mtry[39m { parsedJson [33m=[39m [36mtypeof[39m serviceAccountJson [33m===[39m [32m'string'[39m [33m?[39m [33mJSON[39m[33m.[39mparse(serviceAccountJson) [33m:[39m serviceAccountJson[33m;[39m [36mif[39m ([33m![39mparsedJson[33m.[39mclient_email [33m||[39m [33m![39mparsedJson[33m.[39mprivate_key) { [36mthrow[39m [36mnew[39m [33mError[39m([32m"Invalid Service Account JSON"[39m)[33m;[39m } } [36mcatch[39m (e) { [36mreturn[39m [33mNextResponse[39m[33m.[39mjson({ error[33m:[39m [32m"Invalid JSON format. Please paste the entire content of the key file."[39m }[33m,[39m { status[33m:[39m [35m400[39m })[33m;[39m } [90m// Determine store (defaulting to first or creating one) let store = await prisma.store.findFirst(); if (!store) { store = await prisma.store.create({ data: { name: "Nano Banana Store", currency: "EUR" } }); } // Upsert Connection await prisma.connection.upsert({ where: { storeId_provider: { storeId: store.id, provider: "GOOGLE_SERVICE_ACCOUNT" } }, update: { apiKey: parsedJson.client_id || "SERVICE_ACCOUNT", apiSecret: "HIDDEN_PRIVATE_KEY", // We don't expose the private key easily in the secret field if not needed, but we need to store the whole JSON usually. // Actually, let's store the whole JSON in extraConfig for safety and ease of use with google-auth-library extraConfig: JSON.stringify(parsedJson), isActive: true }, create: { storeId: store.id, provider: "GOOGLE_SERVICE_ACCOUNT", apiKey: parsedJson.client_id || "SERVICE_ACCOUNT", apiSecret: "HIDDEN_PRIVATE_KEY", extraConfig: JSON.stringify(parsedJson), isActive: true } }); return NextResponse.json({ success: true, email: parsedJson.client_email }); } catch (error: any) { console.error("Service Account Save Error:", error); return NextResponse.json({ error: error.message }, { status: 500 }); }[39m
[31m[1m>[22m[39m[90m 3 |[39m }
 [90m   |[39m  [31m[1m^[22m[39m
 [90m 4 |[39m[0m

Expected a semicolon


./src/app/api/connections/status/route.ts:4:2
Parsing ecmascript source code failed
[0m [90m 2 |[39m [36mimport[39m prisma [36mfrom[39m [32m"@/lib/prisma"[39m[33m;[39m
 [90m 3 |[39m [36mimport[39m { hasActiveConnection } [36mfrom[39m [32m"@/lib/server/connections"[39m[33m;[39m [36mexport[39m [36masync[39m [36mfunction[39m [33mGET[39m(req[33m:[39m [33mNextRequest[39m) { [36mconst[39m { searchParams } [33m=[39m [36mnew[39m [33mURL[39m(req[33m.[39murl)[33m;[39m [36mconst[39m storeId [33m=[39m searchParams[33m.[39m[36mget[39m([32m"storeId"[39m)[33m;[39m [36mconst[39m service [33m=[39m searchParams[33m.[39m[36mget[39m([32m"service"[39m)[33m;[39m [36mif[39m ([33m![39mstoreId [33m||[39m [33m![39mservice) { [36mreturn[39m [33mNextResponse[39m[33m.[39mjson({ error[33m:[39m [32m"Missing required params"[39m }[33m,[39m { status[33m:[39m [35m400[39m })[33m;[39m } [36mtry[39m { [36mif[39m (service [33m===[39m [32m"SHOPIFY"[39m) { [36mconst[39m isConnected [33m=[39m [36mawait[39m hasActiveConnection(storeId[33m,[39m [32m"SHOPIFY"[39m)[33m;[39m [36mreturn[39m [33mNextResponse[39m[33m.[39mjson({ isConnected })[33m;[39m } [36mif[39m (service [33m===[39m [32m"META_ADS"[39m) { [36mconst[39m isConnected [33m=[39m [36mawait[39m hasActiveConnection(storeId[33m,[39m [32m"META"[39m)[33m;[39m [36mreturn[39m [33mNextResponse[39m[33m.[39mjson({ isConnected })[33m;[39m } [36mif[39m (service [33m===[39m [32m"BEEPING"[39m) { [36mconst[39m isConnected [33m=[39m [36mawait[39m hasActiveConnection(storeId[33m,[39m [32m"BEEPING"[39m)[33m;[39m [90m// Fallback for demo/testing until beeping integration is completely standardized return NextResponse.json({ isConnected: isConnected || true }); } return NextResponse.json({ isConnected: false }); } catch (error) { console.error("Connection Status API Error:", error); return NextResponse.json({ error: "Internal Error" }, { status: 500 }); }[39m
[31m[1m>[22m[39m[90m 4 |[39m }
 [90m   |[39m  [31m[1m^[22m[39m
 [90m 5 |[39m[0m

Expected '}', got '<eof>'


./src/app/api/connections/status/route.ts:4:2
Parsing ecmascript source code failed
[0m [90m 2 |[39m [36mimport[39m prisma [36mfrom[39m [32m"@/lib/prisma"[39m[33m;[39m
 [90m 3 |[39m [36mimport[39m { hasActiveConnection } [36mfrom[39m [32m"@/lib/server/connections"[39m[33m;[39m [36mexport[39m [36masync[39m [36mfunction[39m [33mGET[39m(req[33m:[39m [33mNextRequest[39m) { [36mconst[39m { searchParams } [33m=[39m [36mnew[39m [33mURL[39m(req[33m.[39murl)[33m;[39m [36mconst[39m storeId [33m=[39m searchParams[33m.[39m[36mget[39m([32m"storeId"[39m)[33m;[39m [36mconst[39m service [33m=[39m searchParams[33m.[39m[36mget[39m([32m"service"[39m)[33m;[39m [36mif[39m ([33m![39mstoreId [33m||[39m [33m![39mservice) { [36mreturn[39m [33mNextResponse[39m[33m.[39mjson({ error[33m:[39m [32m"Missing required params"[39m }[33m,[39m { status[33m:[39m [35m400[39m })[33m;[39m } [36mtry[39m { [36mif[39m (service [33m===[39m [32m"SHOPIFY"[39m) { [36mconst[39m isConnected [33m=[39m [36mawait[39m hasActiveConnection(storeId[33m,[39m [32m"SHOPIFY"[39m)[33m;[39m [36mreturn[39m [33mNextResponse[39m[33m.[39mjson({ isConnected })[33m;[39m } [36mif[39m (service [33m===[39m [32m"META_ADS"[39m) { [36mconst[39m isConnected [33m=[39m [36mawait[39m hasActiveConnection(storeId[33m,[39m [32m"META"[39m)[33m;[39m [36mreturn[39m [33mNextResponse[39m[33m.[39mjson({ isConnected })[33m;[39m } [36mif[39m (service [33m===[39m [32m"BEEPING"[39m) { [36mconst[39m isConnected [33m=[39m [36mawait[39m hasActiveConnection(storeId[33m,[39m [32m"BEEPING"[39m)[33m;[39m [90m// Fallback for demo/testing until beeping integration is completely standardized return NextResponse.json({ isConnected: isConnected || true }); } return NextResponse.json({ isConnected: false }); } catch (error) { console.error("Connection Status API Error:", error); return NextResponse.json({ error: "Internal Error" }, { status: 500 }); }[39m
[31m[1m>[22m[39m[90m 4 |[39m }
 [90m   |[39m  [31m[1m^[22m[39m
 [90m 5 |[39m[0m

Expected a semicolon


./src/app/api/connections/test/route.ts:7:2
Parsing ecmascript source code failed
[0m [90m 5 |[39m [36mimport[39m { getConnectionSecret } [36mfrom[39m [32m"@/lib/server/connections"[39m[33m;[39m
 [90m 6 |[39m [36mimport[39m { [33mPROVIDER_REGISTRY[39m } [36mfrom[39m [32m"@/lib/providers/registry"[39m[33m;[39m [36mexport[39m [36masync[39m [36mfunction[39m [33mPOST[39m(req[33m:[39m [33mNextRequest[39m) { [36mconst[39m start [33m=[39m [33mDate[39m[33m.[39mnow()[33m;[39m [36mlet[39m providerId [33m=[39m [32m"UNKNOWN"[39m[33m;[39m [36mtry[39m { [36mconst[39m storeId [33m=[39m [36mawait[39m requireStoreIdNext()[33m;[39m [36mconst[39m body [33m=[39m [36mawait[39m req[33m.[39mjson()[33m;[39m [36mconst[39m { provider } [33m=[39m body[33m;[39m providerId [33m=[39m provider[33m;[39m [36mif[39m ([33m![39m[33mPROVIDER_REGISTRY[39m[provider]) { [36mreturn[39m [33mNextResponse[39m[33m.[39mjson({ provider[33m,[39m status[33m:[39m [32m"FAIL"[39m[33m,[39m message[33m:[39m [32m"Proveedor no válido o no registrado."[39m[33m,[39m latencyMs[33m:[39m [33mDate[39m[33m.[39mnow() [33m-[39m start }[33m,[39m { status[33m:[39m [35m400[39m })[33m;[39m } [36mconst[39m secret [33m=[39m [36mawait[39m getConnectionSecret(storeId[33m,[39m provider)[33m;[39m [36mlet[39m status [33m=[39m [32m"FAIL"[39m[33m;[39m [36mlet[39m message [33m=[39m [32m"No se encontraron credenciales."[39m[33m;[39m [90m// Simulation Logic (Phase 2 Stubbing) if (secret) { // In a real implementation, we would start the client and ping the API. // For now, we validate that we have the secret securely stored. if (['SHOPIFY', 'META', 'BEEPING'].includes(provider)) { status = "OK"; message = `Conexión verificada con ${provider}`; } else { status = "STUB"; message = "Simulación exitosa (Conector en desarrollo)"; } } else { status = "FAIL"; message = "Faltan credenciales. Configura la conexión primero."; } const latencyMs = Date.now() - start; const responsePayload = { provider, status, message, latencyMs }; // Audit Log await prisma.auditLog.create({ data: { storeId, action: "CONNECTION_TEST", entity: "CONNECTION", entityId: provider, actorType: "USER", newValue: JSON.stringify(responsePayload), } as any }); // Update Sync Status if OK if (status === "OK") { await prisma.connection.update({ where: { storeId_provider: { storeId, provider } }, data: { lastSyncedAt: new Date() } }); } return NextResponse.json(responsePayload); } catch (error: any) { console.error("[ConnectionTest] Error:", error); return NextResponse.json({ provider: providerId, status: "FAIL", message: error.message || "Error interno del servidor", latencyMs: Date.now() - start }, { status: 500 }); }[39m
[31m[1m>[22m[39m[90m 7 |[39m }
 [90m   |[39m  [31m[1m^[22m[39m
 [90m 8 |[39m[0m

Expected '}', got '<eof>'


./src/app/api/connections/test/route.ts:7:2
Parsing ecmascript source code failed
[0m [90m 5 |[39m [36mimport[39m { getConnectionSecret } [36mfrom[39m [32m"@/lib/server/connections"[39m[33m;[39m
 [90m 6 |[39m [36mimport[39m { [33mPROVIDER_REGISTRY[39m } [36mfrom[39m [32m"@/lib/providers/registry"[39m[33m;[39m [36mexport[39m [36masync[39m [36mfunction[39m [33mPOST[39m(req[33m:[39m [33mNextRequest[39m) { [36mconst[39m start [33m=[39m [33mDate[39m[33m.[39mnow()[33m;[39m [36mlet[39m providerId [33m=[39m [32m"UNKNOWN"[39m[33m;[39m [36mtry[39m { [36mconst[39m storeId [33m=[39m [36mawait[39m requireStoreIdNext()[33m;[39m [36mconst[39m body [33m=[39m [36mawait[39m req[33m.[39mjson()[33m;[39m [36mconst[39m { provider } [33m=[39m body[33m;[39m providerId [33m=[39m provider[33m;[39m [36mif[39m ([33m![39m[33mPROVIDER_REGISTRY[39m[provider]) { [36mreturn[39m [33mNextResponse[39m[33m.[39mjson({ provider[33m,[39m status[33m:[39m [32m"FAIL"[39m[33m,[39m message[33m:[39m [32m"Proveedor no válido o no registrado."[39m[33m,[39m latencyMs[33m:[39m [33mDate[39m[33m.[39mnow() [33m-[39m start }[33m,[39m { status[33m:[39m [35m400[39m })[33m;[39m } [36mconst[39m secret [33m=[39m [36mawait[39m getConnectionSecret(storeId[33m,[39m provider)[33m;[39m [36mlet[39m status [33m=[39m [32m"FAIL"[39m[33m;[39m [36mlet[39m message [33m=[39m [32m"No se encontraron credenciales."[39m[33m;[39m [90m// Simulation Logic (Phase 2 Stubbing) if (secret) { // In a real implementation, we would start the client and ping the API. // For now, we validate that we have the secret securely stored. if (['SHOPIFY', 'META', 'BEEPING'].includes(provider)) { status = "OK"; message = `Conexión verificada con ${provider}`; } else { status = "STUB"; message = "Simulación exitosa (Conector en desarrollo)"; } } else { status = "FAIL"; message = "Faltan credenciales. Configura la conexión primero."; } const latencyMs = Date.now() - start; const responsePayload = { provider, status, message, latencyMs }; // Audit Log await prisma.auditLog.create({ data: { storeId, action: "CONNECTION_TEST", entity: "CONNECTION", entityId: provider, actorType: "USER", newValue: JSON.stringify(responsePayload), } as any }); // Update Sync Status if OK if (status === "OK") { await prisma.connection.update({ where: { storeId_provider: { storeId, provider } }, data: { lastSyncedAt: new Date() } }); } return NextResponse.json(responsePayload); } catch (error: any) { console.error("[ConnectionTest] Error:", error); return NextResponse.json({ provider: providerId, status: "FAIL", message: error.message || "Error interno del servidor", latencyMs: Date.now() - start }, { status: 500 }); }[39m
[31m[1m>[22m[39m[90m 7 |[39m }
 [90m   |[39m  [31m[1m^[22m[39m
 [90m 8 |[39m[0m

Expected a semicolon


./src/app/api/copy/import/route.ts:4:2
Parsing ecmascript source code failed
[0m [90m 2 |[39m [36mimport[39m prisma [36mfrom[39m [32m"@/lib/prisma"[39m[33m;[39m
 [90m 3 |[39m [36mimport[39m { revalidatePath } [36mfrom[39m [32m"next/cache"[39m[33m;[39m [36mexport[39m [36masync[39m [36mfunction[39m [33mPOST[39m(req[33m:[39m [33mNextRequest[39m) { [36mtry[39m { [36mconst[39m body [33m=[39m [36mawait[39m req[33m.[39mjson()[33m;[39m [36mconst[39m { productId[33m,[39m type[33m,[39m resultText[33m,[39m jobId } [33m=[39m body[33m;[39m [36mif[39m ([33m![39mproductId [33m||[39m [33m![39mresultText) { [36mreturn[39m [33mNextResponse[39m[33m.[39mjson({ success[33m:[39m [36mfalse[39m[33m,[39m error[33m:[39m [32m"Missing required fields"[39m }[33m,[39m { status[33m:[39m [35m400[39m })[33m;[39m } [90m// Find current max version for this type const lastVersion = await (prisma as any).copyArtifact.findFirst({ where: { productId, type }, orderBy: { version: 'desc' } }); const newVersion = (lastVersion?.version || 0) + 1; const artifact = await (prisma as any).copyArtifact.create({ data: { productId, type: type || "General Copy", content: resultText, version: newVersion, source: "CLAUDE" } }); if (jobId) { await (prisma as any).copyJob.update({ where: { id: jobId }, data: { status: "COMPLETED" } }); await (prisma as any).copyConversationLink.create({ data: { jobId, artifactId: artifact.id, notes: "Importado vía extensión Bridge" } }); } revalidatePath('/marketing/research'); return NextResponse.json({ success: true, id: artifact.id, version: newVersion }); } catch (error: any) { console.error("Copy Import API Error:", error); return NextResponse.json({ success: false, error: error.message }, { status: 500 }); }[39m
[31m[1m>[22m[39m[90m 4 |[39m }
 [90m   |[39m  [31m[1m^[22m[39m
 [90m 5 |[39m[0m

Expected '}', got '<eof>'


./src/app/api/copy/import/route.ts:4:2
Parsing ecmascript source code failed
[0m [90m 2 |[39m [36mimport[39m prisma [36mfrom[39m [32m"@/lib/prisma"[39m[33m;[39m
 [90m 3 |[39m [36mimport[39m { revalidatePath } [36mfrom[39m [32m"next/cache"[39m[33m;[39m [36mexport[39m [36masync[39m [36mfunction[39m [33mPOST[39m(req[33m:[39m [33mNextRequest[39m) { [36mtry[39m { [36mconst[39m body [33m=[39m [36mawait[39m req[33m.[39mjson()[33m;[39m [36mconst[39m { productId[33m,[39m type[33m,[39m resultText[33m,[39m jobId } [33m=[39m body[33m;[39m [36mif[39m ([33m![39mproductId [33m||[39m [33m![39mresultText) { [36mreturn[39m [33mNextResponse[39m[33m.[39mjson({ success[33m:[39m [36mfalse[39m[33m,[39m error[33m:[39m [32m"Missing required fields"[39m }[33m,[39m { status[33m:[39m [35m400[39m })[33m;[39m } [90m// Find current max version for this type const lastVersion = await (prisma as any).copyArtifact.findFirst({ where: { productId, type }, orderBy: { version: 'desc' } }); const newVersion = (lastVersion?.version || 0) + 1; const artifact = await (prisma as any).copyArtifact.create({ data: { productId, type: type || "General Copy", content: resultText, version: newVersion, source: "CLAUDE" } }); if (jobId) { await (prisma as any).copyJob.update({ where: { id: jobId }, data: { status: "COMPLETED" } }); await (prisma as any).copyConversationLink.create({ data: { jobId, artifactId: artifact.id, notes: "Importado vía extensión Bridge" } }); } revalidatePath('/marketing/research'); return NextResponse.json({ success: true, id: artifact.id, version: newVersion }); } catch (error: any) { console.error("Copy Import API Error:", error); return NextResponse.json({ success: false, error: error.message }, { status: 500 }); }[39m
[31m[1m>[22m[39m[90m 4 |[39m }
 [90m   |[39m  [31m[1m^[22m[39m
 [90m 5 |[39m[0m

Expected a semicolon


./src/app/api/creative/add-captions/route.ts:6:1
Parsing ecmascript source code failed
[0m [90m 4 |[39m [36mexport[39m [36masync[39m [36mfunction[39m [33mPOST[39m(req[33m:[39m [33mNextRequest[39m) { [36mtry[39m { [36mconst[39m body [33m=[39m [36mawait[39m req[33m.[39mjson()[33m;[39m [36mconst[39m { videoUrl[33m,[39m audioUrl[33m,[39m style [33m=[39m [32m'bold'[39m[33m,[39m creativeId } [33m=[39m body[33m;[39m [36mif[39m ([33m![39mvideoUrl [33m||[39m [33m![39maudioUrl) { [36mreturn[39m [33mNextResponse[39m[33m.[39mjson( { success[33m:[39m [36mfalse[39m[33m,[39m error[33m:[39m [32m'videoUrl and audioUrl required'[39m }[33m,[39m { status[33m:[39m [35m400[39m } )[33m;[39m } console[33m.[39mlog([32m'[API] Adding captions:'[39m[33m,[39m { videoUrl[33m,[39m audioUrl[33m,[39m style })[33m;[39m [36mconst[39m generator [33m=[39m [36mnew[39m [33mCaptionGenerator[39m()[33m;[39m [36mconst[39m result [33m=[39m [36mawait[39m generator[33m.[39mgenerateAndAddCaptions( videoUrl[33m,[39m audioUrl[33m,[39m style )[33m;[39m console[33m.[39mlog([32m'[API] Captions added:'[39m[33m,[39m result[33m.[39mcaptionedVideoUrl)[33m;[39m [90m// Actualizar en DB si se proporcionó creativeId if (creativeId) { await CreativeStorageService.updateCaptionsUrl( creativeId, result.captionedVideoUrl ); console.log('[API] Updated creative in DB'); } return NextResponse.json({ success: true, captionedVideoUrl: result.captionedVideoUrl, segments: result.segments, segmentCount: result.segments.length }); } catch (error: any) { console.error('[API] Error adding captions:', error); return NextResponse.json( { success: false, error: error.message || 'Failed to add captions', details: error.stack }, { status: 500 } ); }[39m
 [90m 5 |[39m } [90m/** * POST /api/creative/batch-captions * * Agregar subtítulos a múltiples videos */[39m
[31m[1m>[22m[39m[90m 6 |[39m [36mexport[39m [36masync[39m [36mfunction[39m [33mPUT[39m(req[33m:[39m [33mNextRequest[39m) { [36mtry[39m { [36mconst[39m body [33m=[39m [36mawait[39m req[33m.[39mjson()[33m;[39m [36mconst[39m { videos[33m,[39m style [33m=[39m [32m'bold'[39m } [33m=[39m body[33m;[39m [36mif[39m ([33m![39mvideos [33m||[39m [33m![39m[33mArray[39m[33m.[39misArray(videos)) { [36mreturn[39m [33mNextResponse[39m[33m.[39mjson( { success[33m:[39m [36mfalse[39m[33m,[39m error[33m:[39m [32m'videos array required'[39m }[33m,[39m { status[33m:[39m [35m400[39m } )[33m;[39m } console[33m.[39mlog([32m'[API] Batch captions:'[39m[33m,[39m videos[33m.[39mlength)[33m;[39m [36mconst[39m generator [33m=[39m [36mnew[39m [33mCaptionGenerator[39m()[33m;[39m [36mconst[39m results [33m=[39m [36mawait[39m generator[33m.[39mbatchAddCaptions(videos[33m,[39m style)[33m;[39m console[33m.[39mlog([32m'[API] Batch complete:'[39m[33m,[39m results[33m.[39mlength)[33m;[39m [36mreturn[39m [33mNextResponse[39m[33m.[39mjson({ success[33m:[39m [36mtrue[39m[33m,[39m results[33m,[39m count[33m:[39m results[33m.[39mlength })[33m;[39m } [36mcatch[39m (error[33m:[39m any) { console[33m.[39merror([32m'[API] Error batch captions:'[39m[33m,[39m error)[33m;[39m [36mreturn[39m [33mNextResponse[39m[33m.[39mjson( { success[33m:[39m [36mfalse[39m[33m,[39m error[33m:[39m error[33m.[39mmessage [33m||[39m [32m'Failed to add batch captions'[39m }[33m,[39m { status[33m:[39m [35m500[39m } )[33m;[39m }
 [90m   |[39m [31m[1m^[22m[39m
 [90m 7 |[39m }
 [90m 8 |[39m[0m

Expected a semicolon


./src/app/api/creative/batch/route.ts:5:87
Parsing ecmascript source code failed
[0m [90m 3 |[39m [36mimport[39m { resolveModel } [36mfrom[39m [32m"@/lib/ai/model-registry"[39m[33m;[39m
 [90m 4 |[39m [36mimport[39m { createJob } [36mfrom[39m [32m"@/lib/worker"[39m[33m;[39m [90m/** * POST /api/creative/batch * Creates a mass generation batch and enqueues creative jobs. */[39m
[31m[1m>[22m[39m[90m 5 |[39m [36mexport[39m [36masync[39m [36mfunction[39m [33mPOST[39m(req[33m:[39m [33mRequest[39m) { [36mtry[39m { [36mconst[39m body [33m=[39m [36mawait[39m req[33m.[39mjson()[33m;[39m [36mconst[39m { productId[33m,[39m storeId [33m=[39m [32m'store-main'[39m[33m,[39m type[33m,[39m tier [33m=[39m [32m'balanced'[39m[33m,[39m quantity [33m=[39m [35m1[39m[33m,[39m budgetMax[33m,[39m specs [90m// Base spec for the jobs } = body; if (!type || !productId) { return NextResponse.json({ error: "Missing type or productId" }, { status: 400 }); } const model = resolveModel(type, tier); const costEstimate = (model.estimatedCost || 0) * quantity; // 1. Create Batch const db = prisma as any; const batch = await db.creativeBatch.create({ data: { productId, storeId, type, tier, quantity, budgetMax, costEstimate, status: 'PROCESSING', metadataJson: JSON.stringify(specs) } }); console.log(`[BatchAPI] Created Batch: ${batch.id} (${quantity} jobs)`); // 2. Create N Jobs const jobsData = Array.from({ length: quantity }).map(() => ({ batchId: batch.id, status: 'PENDING', payloadJson: JSON.stringify(specs), costEstimate: model.estimatedCost || 0 })); // Prisma batch create await db.creativeJob.createMany({ data: jobsData }); // Fetch the created jobs to get their IDs for enqueuing const createdJobs = await db.creativeJob.findMany({ where: { batchId: batch.id } }); // 3. Enqueue Jobs in the worker system for (const job of createdJobs) { await createJob('REPLICATE_CREATIVE', { jobId: job.id, batchId: batch.id, type, tier, inputSpec: specs }); } return NextResponse.json({ success: true, batchId: batch.id, jobCount: createdJobs.length, costEstimate }); } catch (error: any) { console.error("[BatchAPI] Error:", error); return NextResponse.json({ error: error.message }, { status: 500 }); }[39m
 [90m   |[39m                                                                                       [31m[1m^[22m[39m[31m[1m^[22m[39m[31m[1m^[22m[39m[31m[1m^[22m[39m[31m[1m^[22m[39m[31m[1m^[22m[39m[31m[1m^[22m[39m[31m[1m^[22m[39m[31m[1m^[22m[39m[31m[1m^[22m[39m[31m[1m^[22m[39m[31m[1m^[22m[39m[31m[1m^[22m[39m[31m[1m^[22m[39m[31m[1m^[22m[39m[31m[1m^[22m[39m[31m[1m^[22m[39m[31m[1m^[22m[39m[31m[1m^[22m[39m[31m[1m^[22m[39m[31m[1m^[22m[39m[31m[1m^[22m[39m[31m[1m^[22m[39m[31m[1m^[22m[39m[31m[1m^[22m[39m[31m[1m^[22m[39m[31m[1m^[22m[39m[31m[1m^[22m[39m[31m[1m^[22m[39m[31m[1m^[22m[39m[31m[1m^[22m[39m[31m[1m^[22m[39m[31m[1m^[22m[39m[31m[1m^[22m[39m[31m[1m^[22m[39m[31m[1m^[22m[39m[31m[1m^[22m[39m[31m[1m^[22m[39m[31m[1m^[22m[39m[31m[1m^[22m[39m[31m[1m^[22m[39m[31m[1m^[22m[39m[31m[1m^[22m[39m[31m[1m^[22m[39m[31m[1m^[22m[39m[31m[1m^[22m[39m[31m[1m^[22m[39m[31m[1m^[22m[39m[31m[1m^[22m[39m[31m[1m^[22m[39m[31m[1m^[22m[39m[31m[1m^[22m[39m[31m[1m^[22m[39m[31m[1m^[22m[39m[31m[1m^[22m[39m[31m[1m^[22m[39m[31m[1m^[22m[39m[31m[1m^[22m[39m[31m[1m^[22m[39m[31m[1m^[22m[39m[31m[1m^[22m[39m[31m[1m^[22m[39m[31m[1m^[22m[39m[31m[1m^[22m[39m[31m[1m^[22m[39m[31m[1m^[22m[39m[31m[1m^[22m[39m[31m[1m^[22m[39m[31m[1m^[22m[39m[31m[1m^[22m[39m[31m[1m^[22m[39m[31m[1m^[22m[39m[31m[1m^[22m[39m[31m[1m^[22m[39m[31m[1m^[22m[39m[31m[1m^[22m[39m[31m[1m^[22m[39m[31m[1m^[22m[39m[31m[1m^[22m[39m[31m[1m^[22m[39m[31m[1m^[22m[39m[31m[1m^[22m[39m[31m[1m^[22m[39m[31m[1m^[22m[39m[31m[1m^[22m[39m[31m[1m^[22m[39m[31m[1m^[22m[39m[31m[1m^[22m[39m[31m[1m^[22m[39m[31m[1m^[22m[39m[31m[1m^[22m[39m[31m[1m^[22m[39m[31m[1m^[22m[39m[31m[1m^[22m[39m[31m[1m^[22m[39m[31m[1m^[22m[39m[31m[1m^[22m[39m[31m[1m^[22m[39m[31m[1m^[22m[39m[31m[1m^[22m[39m[31m[1m^[22m[39m[31m[1m^[22m[39m[31m[1m^[22m[39m[31m[1m^[22m[39m[31m[1m^[22m[39m[31m[1m^[22m[39m[31m[1m^[22m[39m[31m[1m^[22m[39m[31m[1m^[22m[39m[31m[1m^[22m[39m[31m[1m^[22m[39m[31m[1m^[22m[39m[31m[1m^[22m[39m[31m[1m^[22m[39m[31m[1m^[22m[39m[31m[1m^[22m[39m[31m[1m^[22m[39m[31m[1m^[22m[39m[31m[1m^[22m[39m[31m[1m^[22m[39m[31m[1m^[22m[39m[31m[1m^[22m[39m[31m[1m^[22m[39m[31m[1m^[22m[39m[31m[1m^[22m[39m[31m[1m^[22m[39m[31m[1m^[22m[39m[31m[1m^[22m[39m[31m[1m^[22m[39m[31m[1m^[22m[39m[31m[1m^[22m[39m[31m[1m^[22m[39m[31m[1m^[22m[39m[31m[1m^[22m[39m[31m[1m^[22m[39m[31m[1m^[22m[39m[31m[1m^[22m[39m[31m[1m^[22m[39m[31m[1m^[22m[39m[31m[1m^[22m[39m[31m[1m^[22m[39m[31m[1m^[22m[39m[31m[1m^[22m[39m[31m[1m^[22m[39m[31m[1m^[22m[39m[31m[1m^[22m[39m[31m[1m^[22m[39m[31m[1m^[22m[39m[31m[1m^[22m[39m[31m[1m^[22m[39m[31m[1m^[22m[39m[31m[1m^[22m[39m[31m[1m^[22m[39m[31m[1m^[22m[39m[31m[1m^[22m[39m[31m[1m^[22m[39m[31m[1m^[22m[39m[31m[1m^[22m[39m[31m[1m^[22m[39m[31m[1m^[22m[39m[31m[1m^[22m[39m[31m[1m^[22m[39m[31m[1m^[22m[39m[31m[1m^[22m[39m[31m[1m^[22m[39m[31m[1m^[22m[39m[31m[1m^[22m[39m[31m[1m^[22m[39m[31m[1m^[22m[39m[31m[1m^[22m[39m[31m[1m^[22m[39m[31m[1m^[22m[39m[31m[1m^[22m[39m[31m[1m^[22m[39m[31m[1m^[22m[39m[31m[1m^[22m[39m[31m[1m^[22m[39m[31m[1m^[22m[39m[31m[1m^[22m[39m[31m[1m^[22m[39m[31m[1m^[22m[39m[31m[1m^[22m[39m[31m[1m^[22m[39m[31m[1m^[22m[39m[31m[1m^[22m[39m[31m[1m^[22m[39m[31m[1m^[22m[39m[31m[1m^[22m[39m[31m[1m^[22m[39m[31m[1m^[22m[39m[31m[1m^[22m[39m[31m[1m^[22m[39m[31m[1m^[22m[39m[31m[1m^[22m[39m[31m[1m^[22m[39m[31m[1m^[22m[39m[31m[1m^[22m[39m[31m[1m^[22m[39m[31m[1m^[22m[39m[31m[1m^[22m[39m[31m[1m^[22m[39m[31m[1m^[22m[39m[31m[1m^[22m[39m[31m[1m^[22m[39m[31m[1m^[22m[39m[31m[1m^[22m[39m[31m[1m^[22m[39m[31m[1m^[22m[39m[31m[1m^[22m[39m[31m[1m^[22m[39m[31m[1m^[22m[39m[31m[1m^[22m[39m[31m[1m^[22m[39m[31m[1m^[22m[39m[31m[1m^[22m[39m[31m[1m^[22m[39m[31m[1m^[22m[39m[31m[1m^[22m[39m[31m[1m^[22m[39m[31m[1m^[22m[39m[31m[1m^[22m[39m[31m[1m^[22m[39m[31m[1m^[22m[39m[31m[1m^[22m[39m[31m[1m^[22m[39m[31m[1m^[22m[39m[31m[1m^[22m[39m[31m[1m^[22m[39m[31m[1m^[22m[39m[31m[1m^[22m[39m[31m[1m^[22m[39m[31m[1m^[22m[39m[31m[1m^[22m[39m[31m[1m^[22m[39m[31m[1m^[22m[39m[31m[1m^[22m[39m[31m[1m^[22m[39m[31m[1m^[22m[39m[31m[1m^[22m[39m[31m[1m^[22m[39m[31m[1m^[22m[39m[31m[1m^[22m[39m[31m[1m^[22m[39m[31m[1m^[22m[39m[31m[1m^[22m[39m[31m[1m^[22m[39m[31m[1m^[22m[39m[31m[1m^[22m[39m[31m[1m^[22m[39m[31m[1m^[22m[39m[31m[1m^[22m[39m[31m[1m^[22m[39m[31m[1m^[22m[39m[31m[1m^[22m[39m[31m[1m^[22m[39m[31m[1m^[22m[39m[31m[1m^[22m[39m[31m[1m^[22m[39m[31m[1m^[22m[39m[31m[1m^[22m[39m[31m[1m^[22m[39m[31m[1m^[22m[39m[31m[1m^[22m[39m[31m[1m^[22m[39m[31m[1m^[22m[39m[31m[1m^[22m[39m[31m[1m^[22m[39m[31m[1m^[22m[39m[31m[1m^[22m[39m[31m[1m^[22m[39m[31m[1m^[22m[39m[31m[1m^[22m[39m[31m[1m^[22m[39m[31m[1m^[22m[39m[31m[1m^[22m[39m[31m[1m^[22m[39m[31m[1m^[22m[39m[31m[1m^[22m[39m[31m[1m^[22m[39m[31m[1m^[22m[39m[31m[1m^[22m[39m[31m[1m^[22m[39m[31m[1m^[22m[39m[31m[1m^[22m[39m[31m[1m^[22m[39m[31m[1m^[22m[39m[31m[1m^[22m[39m[31m[1m^[22m[39m[31m[1m^[22m[39m[31m[1m^[22m[39m[31m[1m^[22m[39m[31m[1m^[22m[39m[31m[1m^[22m[39m[31m[1m^[22m[39m[31m[1m^[22m[39m[31m[1m^[22m[39m[31m[1m^[22m[39m[31m[1m^[22m[39m[31m[1m^[22m[39m[31m[1m^[22m[39m[31m[1m^[22m[39m[31m[1m^[22m[39m[31m[1m^[22m[39m[31m[1m^[22m[39m[31m[1m^[22m[39m[31m[1m^[22m[39m[31m[1m^[22m[39m[31m[1m^[22m[39m[31m[1m^[22m[39m[31m[1m^[22m[39m[31m[1m^[22m[39m[31m[1m^[22m[39m[31m[1m^[22m[39m[31m[1m^[22m[39m[31m[1m^[22m[39m[31m[1m^[22m[39m[31m[1m^[22m[39m[31m[1m^[22m[39m[31m[1m^[22m[39m[31m[1m^[22m[39m[31m[1m^[22m[39m[31m[1m^[22m[39m[31m[1m^[22m[39m[31m[1m^[22m[39m[31m[1m^[22m[39m[31m[1m^[22m[39m[31m[1m^[22m[39m[31m[1m^[22m[39m[31m[1m^[22m[39m[31m[1m^[22m[39m[31m[1m^[22m[39m[31m[1m^[22m[39m[31m[1m^[22m[39m[31m[1m^[22m[39m[31m[1m^[22m[39m[31m[1m^[22m[39m[31m[1m^[22m[39m[31m[1m^[22m[39m[31m[1m^[22m[39m[31m[1m^[22m[39m[31m[1m^[22m[39m[31m[1m^[22m[39m[31m[1m^[22m[39m[31m[1m^[22m[39m[31m[1m^[22m[39m[31m[1m^[22m[39m[31m[1m^[22m[39m[31m[1m^[22m[39m[31m[1m^[22m[39m[31m[1m^[22m[39m[31m[1m^[22m[39m[31m[1m^[22m[39m[31m[1m^[22m[39m[31m[1m^[22m[39m[31m[1m^[22m[39m[31m[1m^[22m[39m[31m[1m^[22m[39m[31m[1m^[22m[39m[31m[1m^[22m[39m[31m[1m^[22m[39m[31m[1m^[22m[39m[31m[1m^[22m[39m[31m[1m^[22m[39m[31m[1m^[22m[39m[31m[1m^[22m[39m[31m[1m^[22m[39m[31m[1m^[22m[39m[31m[1m^[22m[39m[31m[1m^[22m[39m[31m[1m^[22m[39m[31m[1m^[22m[39m[31m[1m^[22m[39m[31m[1m^[22m[39m[31m[1m^[22m[39m[31m[1m^[22m[39m[31m[1m^[22m[39m[31m[1m^[22m[39m[31m[1m^[22m[39m[31m[1m^[22m[39m[31m[1m^[22m[39m[31m[1m^[22m[39m[31m[1m^[22m[39m[31m[1m^[22m[39m[31m[1m^[22m[39m[31m[1m^[22m[39m[31m[1m^[22m[39m[31m[1m^[22m[39m[31m[1m^[22m[39m[31m[1m^[22m[39m[31m[1m^[22m[39m[31m[1m^[22m[39m[31m[1m^[22m[39m[31m[1m^[22m[39m[31m[1m^[22m[39m[31m[1m^[22m[39m[31m[1m^[22m[39m[31m[1m^[22m[39m[31m[1m^[22m[39m[31m[1m^[22m[39m[31m[1m^[22m[39m[31m[1m^[22m[39m[31m[1m^[22m[39m[31m[1m^[22m[39m[31m[1m^[22m[39m[31m[1m^[22m[39m[31m[1m^[22m[39m[31m[1m^[22m[39m[31m[1m^[22m[39m[31m[1m^[22m[39m[31m[1m^[22m[39m[31m[1m^[22m[39m[31m[1m^[22m[39m[31m[1m^[22m[39m[31m[1m^[22m[39m[31m[1m^[22m[39m[31m[1m^[22m[39m[31m[1m^[22m[39m[31m[1m^[22m[39m[31m[1m^[22m[39m[31m[1m^[22m[39m[31m[1m^[22m[39m[31m[1m^[22m[39m[31m[1m^[22m[39m[31m[1m^[22m[39m[31m[1m^[22m[39m[31m[1m^[22m[39m[31m[1m^[22m[39m[31m[1m^[22m[39m[31m[1m^[22m[39m[31m[1m^[22m[39m[31m[1m^[22m[39m[31m[1m^[22m[39m[31m[1m^[22m[39m[31m[1m^[22m[39m[31m[1m^[22m[39m[31m[1m^[22m[39m[31m[1m^[22m[39m[31m[1m^[22m[39m[31m[1m^[22m[39m[31m[1m^[22m[39m[31m[1m^[22m[39m[31m[1m^[22m[39m[31m[1m^[22m[39m[31m[1m^[22m[39m[31m[1m^[22m[39m[31m[1m^[22m[39m[31m[1m^[22m[39m[31m[1m^[22m[39m[31m[1m^[22m[39m[31m[1m^[22m[39m[31m[1m^[22m[39m[31m[1m^[22m[39m[31m[1m^[22m[39m[31m[1m^[22m[39m[31m[1m^[22m[39m[31m[1m^[22m[39m[31m[1m^[22m[39m[31m[1m^[22m[39m[31m[1m^[22m[39m[31m[1m^[22m[39m[31m[1m^[22m[39m[31m[1m^[22m[39m[31m[1m^[22m[39m[31m[1m^[22m[39m[31m[1m^[22m[39m[31m[1m^[22m[39m[31m[1m^[22m[39m[31m[1m^[22m[39m[31m[1m^[22m[39m[31m[1m^[22m[39m[31m[1m^[22m[39m[31m[1m^[22m[39m[31m[1m^[22m[39m[31m[1m^[22m[39m[31m[1m^[22m[39m[31m[1m^[22m[39m[31m[1m^[22m[39m[31m[1m^[22m[39m[31m[1m^[22m[39m[31m[1m^[22m[39m[31m[1m^[22m[39m[31m[1m^[22m[39m[31m[1m^[22m[39m[31m[1m^[22m[39m[31m[1m^[22m[39m[31m[1m^[22m[39m[31m[1m^[22m[39m[31m[1m^[22m[39m[31m[1m^[22m[39m[31m[1m^[22m[39m[31m[1m^[22m[39m[31m[1m^[22m[39m[31m[1m^[22m[39m[31m[1m^[22m[39m[31m[1m^[22m[39m[31m[1m^[22m[39m[31m[1m^[22m[39m[31m[1m^[22m[39m[31m[1m^[22m[39m[31m[1m^[22m[39m[31m[1m^[22m[39m[31m[1m^[22m[39m[31m[1m^[22m[39m[31m[1m^[22m[39m[31m[1m^[22m[39m[31m[1m^[22m[39m[31m[1m^[22m[39m[31m[1m^[22m[39m[31m[1m^[22m[39m[31m[1m^[22m[39m[31m[1m^[22m[39m[31m[1m^[22m[39m[31m[1m^[22m[39m[31m[1m^[22m[39m[31m[1m^[22m[39m[31m[1m^[22m[39m[31m[1m^[22m[39m[31m[1m^[22m[39m[31m[1m^[22m[39m[31m[1m^[22m[39m[31m[1m^[22m[39m[31m[1m^[22m[39m[31m[1m^[22m[39m[31m[1m^[22m[39m[31m[1m^[22m[39m[31m[1m^[22m[39m[31m[1m^[22m[39m[31m[1m^[22m[39m[31m[1m^[22m[39m[31m[1m^[22m[39m[31m[1m^[22m[39m[31m[1m^[22m[39m[31m[1m^[22m[39m[31m[1m^[22m[39m[31m[1m^[22m[39m[31m[1m^[22m[39m[31m[1m^[22m[39m[31m[1m^[22m[39m[31m[1m^[22m[39m[31m[1m^[22m[39m[31m[1m^[22m[39m[31m[1m^[22m[39m[31m[1m^[22m[39m[31m[1m^[22m[39m[31m[1m^[22m[39m[31m[1m^[22m[39m[31m[1m^[22m[39m[31m[1m^[22m[39m[31m[1m^[22m[39m[31m[1m^[22m[39m[31m[1m^[22m[39m[31m[1m^[22m[39m[31m[1m^[22m[39m[31m[1m^[22m[39m[31m[1m^[22m[39m[31m[1m^[22m[39m[31m[1m^[22m[39m[31m[1m^[22m[39m[31m[1m^[22m[39m[31m[1m^[22m[39m[31m[1m^[22m[39m[31m[1m^[22m[39m[31m[1m^[22m[39m[31m[1m^[22m[39m[31m[1m^[22m[39m[31m[1m^[22m[39m[31m[1m^[22m[39m[31m[1m^[22m[39m[31m[1m^[22m[39m[31m[1m^[22m[39m[31m[1m^[22m[39m[31m[1m^[22m[39m[31m[1m^[22m[39m[31m[1m^[22m[39m[31m[1m^[22m[39m[31m[1m^[22m[39m[31m[1m^[22m[39m[31m[1m^[22m[39m[31m[1m^[22m[39m[31m[1m^[22m[39m[31m[1m^[22m[39m[31m[1m^[22m[39m[31m[1m^[22m[39m[31m[1m^[22m[39m[31m[1m^[22m[39m[31m[1m^[22m[39m[31m[1m^[22m[39m[31m[1m^[22m[39m[31m[1m^[22m[39m[31m[1m^[22m[39m[31m[1m^[22m[39m[31m[1m^[22m[39m[31m[1m^[22m[39m[31m[1m^[22m[39m[31m[1m^[22m[39m[31m[1m^[22m[39m[31m[1m^[22m[39m[31m[1m^[22m[39m[31m[1m^[22m[39m[31m[1m^[22m[39m[31m[1m^[22m[39m[31m[1m^[22m[39m[31m[1m^[22m[39m[31m[1m^[22m[39m[31m[1m^[22m[39m[31m[1m^[22m[39m[31m[1m^[22m[39m[31m[1m^[22m[39m[31m[1m^[22m[39m[31m[1m^[22m[39m[31m[1m^[22m[39m[31m[1m^[22m[39m[31m[1m^[22m[39m[31m[1m^[22m[39m[31m[1m^[22m[39m[31m[1m^[22m[39m[31m[1m^[22m[39m[31m[1m^[22m[39m[31m[1m^[22m[39m[31m[1m^[22m[39m[31m[1m^[22m[39m[31m[1m^[22m[39m[31m[1m^[22m[39m[31m[1m^[22m[39m[31m[1m^[22m[39m[31m[1m^[22m[39m[31m[1m^[22m[39m[31m[1m^[22m[39m[31m[1m^[22m[39m[31m[1m^[22m[39m[31m[1m^[22m[39m[31m[1m^[22m[39m[31m[1m^[22m[39m[31m[1m^[22m[39m[31m[1m^[22m[39m[31m[1m^[22m[39m[31m[1m^[22m[39m[31m[1m^[22m[39m[31m[1m^[22m[39m[31m[1m^[22m[39m[31m[1m^[22m[39m[31m[1m^[22m[39m[31m[1m^[22m[39m[31m[1m^[22m[39m[31m[1m^[22m[39m[31m[1m^[22m[39m[31m[1m^[22m[39m[31m[1m^[22m[39m[31m[1m^[22m[39m[31m[1m^[22m[39m[31m[1m^[22m[39m[31m[1m^[22m[39m[31m[1m^[22m[39m[31m[1m^[22m[39m[31m[1m^[22m[39m[31m[1m^[22m[39m[31m[1m^[22m[39m[31m[1m^[22m[39m[31m[1m^[22m[39m[31m[1m^[22m[39m[31m[1m^[22m[39m[31m[1m^[22m[39m[31m[1m^[22m[39m[31m[1m^[22m[39m[31m[1m^[22m[39m[31m[1m^[22m[39m[31m[1m^[22m[39m[31m[1m^[22m[39m[31m[1m^[22m[39m[31m[1m^[22m[39m[31m[1m^[22m[39m[31m[1m^[22m[39m[31m[1m^[22m[39m[31m[1m^[22m[39m[31m[1m^[22m[39m[31m[1m^[22m[39m[31m[1m^[22m[39m[31m[1m^[22m[39m[31m[1m^[22m[39m[31m[1m^[22m[39m[31m[1m^[22m[39m[31m[1m^[22m[39m[31m[1m^[22m[39m[31m[1m^[22m[39m[31m[1m^[22m[39m[31m[1m^[22m[39m[31m[1m^[22m[39m[31m[1m^[22m[39m[31m[1m^[22m[39m[31m[1m^[22m[39m[31m[1m^[22m[39m[31m[1m^[22m[39m[31m[1m^[22m[39m[31m[1m^[22m[39m[31m[1m^[22m[39m[31m[1m^[22m[39m[31m[1m^[22m[39m[31m[1m^[22m[39m[31m[1m^[22m[39m[31m[1m^[22m[39m[31m[1m^[22m[39m[31m[1m^[22m[39m[31m[1m^[22m[39m[31m[1m^[22m[39m[31m[1m^[22m[39m[31m[1m^[22m[39m[31m[1m^[22m[39m[31m[1m^[22m[39m[31m[1m^[22m[39m[31m[1m^[22m[39m[31m[1m^[22m[39m[31m[1m^[22m[39m[31m[1m^[22m[39m[31m[1m^[22m[39m[31m[1m^[22m[39m[31m[1m^[22m[39m[31m[1m^[22m[39m[31m[1m^[22m[39m[31m[1m^[22m[39m[31m[1m^[22m[39m[31m[1m^[22m[39m[31m[1m^[22m[39m[31m[1m^[22m[39m[31m[1m^[22m[39m[31m[1m^[22m[39m[31m[1m^[22m[39m[31m[1m^[22m[39m[31m[1m^[22m[39m[31m[1m^[22m[39m[31m[1m^[22m[39m[31m[1m^[22m[39m[31m[1m^[22m[39m[31m[1m^[22m[39m[31m[1m^[22m[39m[31m[1m^[22m[39m[31m[1m^[22m[39m[31m[1m^[22m[39m[31m[1m^[22m[39m[31m[1m^[22m[39m[31m[1m^[22m[39m[31m[1m^[22m[39m[31m[1m^[22m[39m[31m[1m^[22m[39m[31m[1m^[22m[39m[31m[1m^[22m[39m[31m[1m^[22m[39m[31m[1m^[22m[39m[31m[1m^[22m[39m[31m[1m^[22m[39m[31m[1m^[22m[39m[31m[1m^[22m[39m[31m[1m^[22m[39m[31m[1m^[22m[39m[31m[1m^[22m[39m[31m[1m^[22m[39m[31m[1m^[22m[39m[31m[1m^[22m[39m[31m[1m^[22m[39m[31m[1m^[22m[39m[31m[1m^[22m[39m[31m[1m^[22m[39m[31m[1m^[22m[39m[31m[1m^[22m[39m[31m[1m^[22m[39m[31m[1m^[22m[39m[31m[1m^[22m[39m[31m[1m^[22m[39m[31m[1m^[22m[39m[31m[1m^[22m[39m[31m[1m^[22m[39m[31m[1m^[22m[39m[31m[1m^[22m[39m[31m[1m^[22m[39m[31m[1m^[22m[39m[31m[1m^[22m[39m[31m[1m^[22m[39m[31m[1m^[22m[39m[31m[1m^[22m[39m[31m[1m^[22m[39m[31m[1m^[22m[39m[31m[1m^[22m[39m[31m[1m^[22m[39m[31m[1m^[22m[39m[31m[1m^[22m[39m[31m[1m^[22m[39m[31m[1m^[22m[39m[31m[1m^[22m[39m[31m[1m^[22m[39m[31m[1m^[22m[39m[31m[1m^[22m[39m[31m[1m^[22m[39m[31m[1m^[22m[39m[31m[1m^[22m[39m[31m[1m^[22m[39m[31m[1m^[22m[39m[31m[1m^[22m[39m[31m[1m^[22m[39m[31m[1m^[22m[39m[31m[1m^[22m[39m[31m[1m^[22m[39m[31m[1m^[22m[39m[31m[1m^[22m[39m[31m[1m^[22m[39m[31m[1m^[22m[39m[31m[1m^[22m[39m[31m[1m^[22m[39m[31m[1m^[22m[39m[31m[1m^[22m[39m[31m[1m^[22m[39m[31m[1m^[22m[39m[31m[1m^[22m[39m[31m[1m^[22m[39m[31m[1m^[22m[39m[31m[1m^[22m[39m[31m[1m^[22m[39m[31m[1m^[22m[39m[31m[1m^[22m[39m[31m[1m^[22m[39m[31m[1m^[22m[39m[31m[1m^[22m[39m[31m[1m^[22m[39m[31m[1m^[22m[39m[31m[1m^[22m[39m[31m[1m^[22m[39m[31m[1m^[22m[39m[31m[1m^[22m[39m[31m[1m^[22m[39m[31m[1m^[22m[39m[31m[1m^[22m[39m[31m[1m^[22m[39m[31m[1m^[22m[39m[31m[1m^[22m[39m[31m[1m^[22m[39m[31m[1m^[22m[39m[31m[1m^[22m[39m[31m[1m^[22m[39m[31m[1m^[22m[39m[31m[1m^[22m[39m[31m[1m^[22m[39m[31m[1m^[22m[39m[31m[1m^[22m[39m[31m[1m^[22m[39m[31m[1m^[22m[39m[31m[1m^[22m[39m[31m[1m^[22m[39m[31m[1m^[22m[39m[31m[1m^[22m[39m[31m[1m^[22m[39m[31m[1m^[22m[39m[31m[1m^[22m[39m[31m[1m^[22m[39m[31m[1m^[22m[39m[31m[1m^[22m[39m[31m[1m^[22m[39m[31m[1m^[22m[39m[31m[1m^[22m[39m[31m[1m^[22m[39m[31m[1m^[22m[39m[31m[1m^[22m[39m[31m[1m^[22m[39m[31m[1m^[22m[39m[31m[1m^[22m[39m[31m[1m^[22m[39m[31m[1m^[22m[39m[31m[1m^[22m[39m[31m[1m^[22m[39m[31m[1m^[22m[39m[31m[1m^[22m[39m[31m[1m^[22m[39m[31m[1m^[22m[39m[31m[1m^[22m[39m[31m[1m^[22m[39m[31m[1m^[22m[39m[31m[1m^[22m[39m[31m[1m^[22m[39m[31m[1m^[22m[39m[31m[1m^[22m[39m[31m[1m^[22m[39m[31m[1m^[22m[39m[31m[1m^[22m[39m[31m[1m^[22m[39m[31m[1m^[22m[39m[31m[1m^[22m[39m[31m[1m^[22m[39m[31m[1m^[22m[39m[31m[1m^[22m[39m[31m[1m^[22m[39m[31m[1m^[22m[39m[31m[1m^[22m[39m[31m[1m^[22m[39m[31m[1m^[22m[39m[31m[1m^[22m[39m[31m[1m^[22m[39m[31m[1m^[22m[39m[31m[1m^[22m[39m[31m[1m^[22m[39m[31m[1m^[22m[39m[31m[1m^[22m[39m[31m[1m^[22m[39m[31m[1m^[22m[39m[31m[1m^[22m[39m[31m[1m^[22m[39m[31m[1m^[22m[39m[31m[1m^[22m[39m[31m[1m^[22m[39m[31m[1m^[22m[39m[31m[1m^[22m[39m[31m[1m^[22m[39m[31m[1m^[22m[39m[31m[1m^[22m[39m[31m[1m^[22m[39m[31m[1m^[22m[39m[31m[1m^[22m[39m[31m[1m^[22m[39m[31m[1m^[22m[39m[31m[1m^[22m[39m[31m[1m^[22m[39m[31m[1m^[22m[39m[31m[1m^[22m[39m[31m[1m^[22m[39m[31m[1m^[22m[39m[31m[1m^[22m[39m[31m[1m^[22m[39m[31m[1m^[22m[39m[31m[1m^[22m[39m[31m[1m^[22m[39m[31m[1m^[22m[39m[31m[1m^[22m[39m[31m[1m^[22m[39m[31m[1m^[22m[39m[31m[1m^[22m[39m[31m[1m^[22m[39m[31m[1m^[22m[39m[31m[1m^[22m[39m[31m[1m^[22m[39m[31m[1m^[22m[39m[31m[1m^[22m[39m[31m[1m^[22m[39m[31m[1m^[22m[39m[31m[1m^[22m[39m[31m[1m^[22m[39m[31m[1m^[22m[39m[31m[1m^[22m[39m[31m[1m^[22m[39m[31m[1m^[22m[39m[31m[1m^[22m[39m[31m[1m^[22m[39m[31m[1m^[22m[39m[31m[1m^[22m[39m[31m[1m^[22m[39m[31m[1m^[22m[39m[31m[1m^[22m[39m[31m[1m^[22m[39m[31m[1m^[22m[39m[31m[1m^[22m[39m[31m[1m^[22m[39m[31m[1m^[22m[39m[31m[1m^[22m[39m[31m[1m^[22m[39m[31m[1m^[22m[39m[31m[1m^[22m[39m[31m[1m^[22m[39m[31m[1m^[22m[39m[31m[1m^[22m[39m[31m[1m^[22m[39m[31m[1m^[22m[39m[31m[1m^[22m[39m[31m[1m^[22m[39m[31m[1m^[22m[39m[31m[1m^[22m[39m[31m[1m^[22m[39m[31m[1m^[22m[39m[31m[1m^[22m[39m[31m[1m^[22m[39m[31m[1m^[22m[39m[31m[1m^[22m[39m[31m[1m^[22m[39m[31m[1m^[22m[39m[31m[1m^[22m[39m[31m[1m^[22m[39m[31m[1m^[22m[39m[31m[1m^[22m[39m[31m[1m^[22m[39m[31m[1m^[22m[39m[31m[1m^[22m[39m[31m[1m^[22m[39m[31m[1m^[22m[39m[31m[1m^[22m[39m[31m[1m^[22m[39m[31m[1m^[22m[39m[31m[1m^[22m[39m[31m[1m^[22m[39m[31m[1m^[22m[39m[31m[1m^[22m[39m[31m[1m^[22m[39m[31m[1m^[22m[39m[31m[1m^[22m[39m[31m[1m^[22m[39m[31m[1m^[22m[39m[31m[1m^[22m[39m[31m[1m^[22m[39m[31m[1m^[22m[39m[31m[1m^[22m[39m[31m[1m^[22m[39m[31m[1m^[22m[39m[31m[1m^[22m[39m[31m[1m^[22m[39m[31m[1m^[22m[39m[31m[1m^[22m[39m[31m[1m^[22m[39m[31m[1m^[22m[39m[31m[1m^[22m[39m[31m[1m^[22m[39m[31m[1m^[22m[39m[31m[1m^[22m[39m[31m[1m^[22m[39m[31m[1m^[22m[39m[31m[1m^[22m[39m[31m[1m^[22m[39m[31m[1m^[22m[39m[31m[1m^[22m[39m[31m[1m^[22m[39m[31m[1m^[22m[39m[31m[1m^[22m[39m[31m[1m^[22m[39m[31m[1m^[22m[39m[31m[1m^[22m[39m[31m[1m^[22m[39m[31m[1m^[22m[39m[31m[1m^[22m[39m[31m[1m^[22m[39m[31m[1m^[22m[39m[31m[1m^[22m[39m[31m[1m^[22m[39m[31m[1m^[22m[39m[31m[1m^[22m[39m[31m[1m^[22m[39m[31m[1m^[22m[39m[31m[1m^[22m[39m[31m[1m^[22m[39m[31m[1m^[22m[39m[31m[1m^[22m[39m[31m[1m^[22m[39m[31m[1m^[22m[39m[31m[1m^[22m[39m[31m[1m^[22m[39m[31m[1m^[22m[39m[31m[1m^[22m[39m[31m[1m^[22m[39m[31m[1m^[22m[39m[31m[1m^[22m[39m[31m[1m^[22m[39m[31m[1m^[22m[39m[31m[1m^[22m[39m[31m[1m^[22m[39m[31m[1m^[22m[39m[31m[1m^[22m[39m[31m[1m^[22m[39m[31m[1m^[22m[39m[31m[1m^[22m[39m[31m[1m^[22m[39m[31m[1m^[22m[39m[31m[1m^[22m[39m[31m[1m^[22m[39m[31m[1m^[22m[39m[31m[1m^[22m[39m[31m[1m^[22m[39m[31m[1m^[22m[39m[31m[1m^[22m[39m[31m[1m^[22m[39m[31m[1m^[22m[39m[31m[1m^[22m[39m[31m[1m^[22m[39m[31m[1m^[22m[39m[31m[1m^[22m[39m[31m[1m^[22m[39m[31m[1m^[22m[39m[31m[1m^[22m[39m[31m[1m^[22m[39m[31m[1m^[22m[39m[31m[1m^[22m[39m[31m[1m^[22m[39m[31m[1m^[22m[39m[31m[1m^[22m[39m[31m[1m^[22m[39m[31m[1m^[22m[39m[31m[1m^[22m[39m[31m[1m^[22m[39m[31m[1m^[22m[39m[31m[1m^[22m[39m[31m[1m^[22m[39m[31m[1m^[22m[39m[31m[1m^[22m[39m[31m[1m^[22m[39m[31m[1m^[22m[39m[31m[1m^[22m[39m[31m[1m^[22m[39m[31m[1m^[22m[39m[31m[1m^[22m[39m[31m[1m^[22m[39m[31m[1m^[22m[39m[31m[1m^[22m[39m[31m[1m^[22m[39m[31m[1m^[22m[39m[31m[1m^[22m[39m[31m[1m^[22m[39m[31m[1m^[22m[39m[31m[1m^[22m[39m[31m[1m^[22m[39m[31m[1m^[22m[39m[31m[1m^[22m[39m[31m[1m^[22m[39m[31m[1m^[22m[39m[31m[1m^[22m[39m[31m[1m^[22m[39m[31m[1m^[22m[39m[31m[1m^[22m[39m[31m[1m^[22m[39m[31m[1m^[22m[39m[31m[1m^[22m[39m[31m[1m^[22m[39m[31m[1m^[22m[39m[31m[1m^[22m[39m[31m[1m^[22m[39m[31m[1m^[22m[39m[31m[1m^[22m[39m[31m[1m^[22m[39m[31m[1m^[22m[39m[31m[1m^[22m[39m[31m[1m^[22m[39m[31m[1m^[22m[39m[31m[1m^[22m[39m[31m[1m^[22m[39m[31m[1m^[22m[39m[31m[1m^[22m[39m[31m[1m^[22m[39m[31m[1m^[22m[39m[31m[1m^[22m[39m[31m[1m^[22m[39m[31m[1m^[22m[39m[31m[1m^[22m[39m[31m[1m^[22m[39m[31m[1m^[22m[39m[31m[1m^[22m[39m[31m[1m^[22m[39m[31m[1m^[22m[39m[31m[1m^[22m[39m[31m[1m^[22m[39m[31m[1m^[22m[39m[31m[1m^[22m[39m[31m[1m^[22m[39m[31m[1m^[22m[39m[31m[1m^[22m[39m[31m[1m^[22m[39m[31m[1m^[22m[39m[31m[1m^[22m[39m[31m[1m^[22m[39m[31m[1m^[22m[39m[31m[1m^[22m[39m[31m[1m^[22m[39m[31m[1m^[22m[39m[31m[1m^[22m[39m[31m[1m^[22m[39m[31m[1m^[22m[39m[31m[1m^[22m[39m[31m[1m^[22m[39m[31m[1m^[22m[39m[31m[1m^[22m[39m[31m[1m^[22m[39m[31m[1m^[22m[39m[31m[1m^[22m[39m[31m[1m^[22m[39m[31m[1m^[22m[39m[31m[1m^[22m[39m[31m[1m^[22m[39m[31m[1m^[22m[39m[31m[1m^[22m[39m[31m[1m^[22m[39m[31m[1m^[22m[39m[31m[1m^[22m[39m[31m[1m^[22m[39m[31m[1m^[22m[39m[31m[1m^[22m[39m[31m[1m^[22m[39m[31m[1m^[22m[39m[31m[1m^[22m[39m[31m[1m^[22m[39m[31m[1m^[22m[39m[31m[1m^[22m[39m[31m[1m^[22m[39m[31m[1m^[22m[39m[31m[1m^[22m[39m[31m[1m^[22m[39m[31m[1m^[22m[39m[31m[1m^[22m[39m[31m[1m^[22m[39m[31m[1m^[22m[39m[31m[1m^[22m[39m[31m[1m^[22m[39m[31m[1m^[22m[39m[31m[1m^[22m[39m[31m[1m^[22m[39m[31m[1m^[22m[39m[31m[1m^[22m[39m[31m[1m^[22m[39m[31m[1m^[22m[39m[31m[1m^[22m[39m[31m[1m^[22m[39m[31m[1m^[22m[39m[31m[1m^[22m[39m[31m[1m^[22m[39m[31m[1m^[22m[39m[31m[1m^[22m[39m[31m[1m^[22m[39m[31m[1m^[22m[39m[31m[1m^[22m[39m[31m[1m^[22m[39m[31m[1m^[22m[39m[31m[1m^[22m[39m[31m[1m^[22m[39m[31m[1m^[22m[39m[31m[1m^[22m[39m[31m[1m^[22m[39m[31m[1m^[22m[39m[31m[1m^[22m[39m[31m[1m^[22m[39m[31m[1m^[22m[39m[31m[1m^[22m[39m[31m[1m^[22m[39m[31m[1m^[22m[39m[31m[1m^[22m[39m[31m[1m^[22m[39m[31m[1m^[22m[39m[31m[1m^[22m[39m[31m[1m^[22m[39m[31m[1m^[22m[39m[31m[1m^[22m[39m[31m[1m^[22m[39m[31m[1m^[22m[39m[31m[1m^[22m[39m[31m[1m^[22m[39m[31m[1m^[22m[39m[31m[1m^[22m[39m[31m[1m^[22m[39m[31m[1m^[22m[39m[31m[1m^[22m[39m[31m[1m^[22m[39m[31m[1m^[22m[39m[31m[1m^[22m[39m[31m[1m^[22m[39m[31m[1m^[22m[39m[31m[1m^[22m[39m[31m[1m^[22m[39m[31m[1m^[22m[39m[31m[1m^[22m[39m[31m[1m^[22m[39m[31m[1m^[22m[39m[31m[1m^[22m[39m[31m[1m^[22m[39m[31m[1m^[22m[39m[31m[1m^[22m[39m[31m[1m^[22m[39m[31m[1m^[22m[39m[31m[1m^[22m[39m[31m[1m^[22m[39m[31m[1m^[22m[39m[31m[1m^[22m[39m[31m[1m^[22m[39m[31m[1m^[22m[39m[31m[1m^[22m[39m[31m[1m^[22m[39m[31m[1m^[22m[39m[31m[1m^[22m[39m[31m[1m^[22m[39m[31m[1m^[22m[39m[31m[1m^[22m[39m[31m[1m^[22m[39m[31m[1m^[22m[39m[31m[1m^[22m[39m[31m[1m^[22m[39m[31m[1m^[22m[39m[31m[1m^[22m[39m[31m[1m^[22m[39m[31m[1m^[22m[39m[31m[1m^[22m[39m[31m[1m^[22m[39m[31m[1m^[22m[39m[31m[1m^[22m[39m[31m[1m^[22m[39m[31m[1m^[22m[39m[31m[1m^[22m[39m[31m[1m^[22m[39m[31m[1m^[22m[39m[31m[1m^[22m[39m[31m[1m^[22m[39m[31m[1m^[22m[39m[31m[1m^[22m[39m[31m[1m^[22m[39m[31m[1m^[22m[39m[31m[1m^[22m[39m[31m[1m^[22m[39m[31m[1m^[22m[39m[31m[1m^[22m[39m[31m[1m^[22m[39m[31m[1m^[22m[39m[31m[1m^[22m[39m[31m[1m^[22m[39m[31m[1m^[22m[39m[31m[1m^[22m[39m[31m[1m^[22m[39m[31m[1m^[22m[39m[31m[1m^[22m[39m[31m[1m^[22m[39m[31m[1m^[22m[39m[31m[1m^[22m[39m[31m[1m^[22m[39m[31m[1m^[22m[39m[31m[1m^[22m[39m[31m[1m^[22m[39m[31m[1m^[22m[39m[31m[1m^[22m[39m[31m[1m^[22m[39m[31m[1m^[22m[39m[31m[1m^[22m[39m[31m[1m^[22m[39m[31m[1m^[22m[39m[31m[1m^[22m[39m[31m[1m^[22m[39m[31m[1m^[22m[39m[31m[1m^[22m[39m[31m[1m^[22m[39m[31m[1m^[22m[39m[31m[1m^[22m[39m[31m[1m^[22m[39m[31m[1m^[22m[39m[31m[1m^[22m[39m[31m[1m^[22m[39m[31m[1m^[22m[39m[31m[1m^[22m[39m[31m[1m^[22m[39m[31m[1m^[22m[39m[31m[1m^[22m[39m[31m[1m^[22m[39m[31m[1m^[22m[39m[31m[1m^[22m[39m[31m[1m^[22m[39m[31m[1m^[22m[39m[31m[1m^[22m[39m[31m[1m^[22m[39m[31m[1m^[22m[39m[31m[1m^[22m[39m[31m[1m^[22m[39m[31m[1m^[22m[39m[31m[1m^[22m[39m[31m[1m^[22m[39m[31m[1m^[22m[39m[31m[1m^[22m[39m[31m[1m^[22m[39m[31m[1m^[22m[39m[31m[1m^[22m[39m[31m[1m^[22m[39m[31m[1m^[22m[39m[31m[1m^[22m[39m[31m[1m^[22m[39m[31m[1m^[22m[39m[31m[1m^[22m[39m[31m[1m^[22m[39m[31m[1m^[22m[39m[31m[1m^[22m[39m[31m[1m^[22m[39m[31m[1m^[22m[39m[31m[1m^[22m[39m[31m[1m^[22m[39m[31m[1m^[22m[39m[31m[1m^[22m[39m[31m[1m^[22m[39m[31m[1m^[22m[39m[31m[1m^[22m[39m[31m[1m^[22m[39m[31m[1m^[22m[39m[31m[1m^[22m[39m[31m[1m^[22m[39m[31m[1m^[22m[39m[31m[1m^[22m[39m[31m[1m^[22m[39m[31m[1m^[22m[39m[31m[1m^[22m[39m[31m[1m^[22m[39m[31m[1m^[22m[39m[31m[1m^[22m[39m[31m[1m^[22m[39m[31m[1m^[22m[39m[31m[1m^[22m[39m[31m[1m^[22m[39m[31m[1m^[22m[39m[31m[1m^[22m[39m[31m[1m^[22m[39m[31m[1m^[22m[39m[31m[1m^[22m[39m[31m[1m^[22m[39m[31m[1m^[22m[39m[31m[1m^[22m[39m[31m[1m^[22m[39m[31m[1m^[22m[39m[31m[1m^[22m[39m[31m[1m^[22m[39m[31m[1m^[22m[39m[31m[1m^[22m[39m[31m[1m^[22m[39m[31m[1m^[22m[39m[31m[1m^[22m[39m[31m[1m^[22m[39m[31m[1m^[22m[39m[31m[1m^[22m[39m[31m[1m^[22m[39m[31m[1m^[22m[39m[31m[1m^[22m[39m[31m[1m^[22m[39m[31m[1m^[22m[39m[31m[1m^[22m[39m[31m[1m^[22m[39m[31m[1m^[22m[39m[31m[1m^[22m[39m[31m[1m^[22m[39m[31m[1m^[22m[39m[31m[1m^[22m[39m[31m[1m^[22m[39m[31m[1m^[22m[39m[31m[1m^[22m[39m[31m[1m^[22m[39m[31m[1m^[22m[39m[31m[1m^[22m[39m[31m[1m^[22m[39m[31m[1m^[22m[39m[31m[1m^[22m[39m[31m[1m^[22m[39m[31m[1m^[22m[39m[31m[1m^[22m[39m[31m[1m^[22m[39m[31m[1m^[22m[39m[31m[1m^[22m[39m[31m[1m^[22m[39m[31m[1m^[22m[39m[31m[1m^[22m[39m[31m[1m^[22m[39m[31m[1m^[22m[39m[31m[1m^[22m[39m[31m[1m^[22m[39m[31m[1m^[22m[39m[31m[1m^[22m[39m[31m[1m^[22m[39m[31m[1m^[22m[39m[31m[1m^[22m[39m[31m[1m^[22m[39m[31m[1m^[22m[39m[31m[1m^[22m[39m[31m[1m^[22m[39m[31m[1m^[22m[39m[31m[1m^[22m[39m[31m[1m^[22m[39m[31m[1m^[22m[39m[31m[1m^[22m[39m[31m[1m^[22m[39m[31m[1m^[22m[39m[31m[1m^[22m[39m[31m[1m^[22m[39m[31m[1m^[22m[39m[31m[1m^[22m[39m[31m[1m^[22m[39m[31m[1m^[22m[39m[31m[1m^[22m[39m[31m[1m^[22m[39m[31m[1m^[22m[39m[31m[1m^[22m[39m[31m[1m^[22m[39m[31m[1m^[22m[39m[31m[1m^[22m[39m[31m[1m^[22m[39m[31m[1m^[22m[39m[31m[1m^[22m[39m[31m[1m^[22m[39m[31m[1m^[22m[39m[31m[1m^[22m[39m[31m[1m^[22m[39m[31m[1m^[22m[39m[31m[1m^[22m[39m[31m[1m^[22m[39m[31m[1m^[22m[39m[31m[1m^[22m[39m
[31m[1m>[22m[39m[90m 6 |[39m }
 [90m   |[39m [31m[1m^[22m[39m[31m[1m^[22m[39m
 [90m 7 |[39m[0m

'const' declarations must be initialized


./src/app/api/creative/batch/route.ts:6:2
Parsing ecmascript source code failed
[0m [90m 4 |[39m [36mimport[39m { createJob } [36mfrom[39m [32m"@/lib/worker"[39m[33m;[39m [90m/** * POST /api/creative/batch * Creates a mass generation batch and enqueues creative jobs. */[39m
 [90m 5 |[39m [36mexport[39m [36masync[39m [36mfunction[39m [33mPOST[39m(req[33m:[39m [33mRequest[39m) { [36mtry[39m { [36mconst[39m body [33m=[39m [36mawait[39m req[33m.[39mjson()[33m;[39m [36mconst[39m { productId[33m,[39m storeId [33m=[39m [32m'store-main'[39m[33m,[39m type[33m,[39m tier [33m=[39m [32m'balanced'[39m[33m,[39m quantity [33m=[39m [35m1[39m[33m,[39m budgetMax[33m,[39m specs [90m// Base spec for the jobs } = body; if (!type || !productId) { return NextResponse.json({ error: "Missing type or productId" }, { status: 400 }); } const model = resolveModel(type, tier); const costEstimate = (model.estimatedCost || 0) * quantity; // 1. Create Batch const db = prisma as any; const batch = await db.creativeBatch.create({ data: { productId, storeId, type, tier, quantity, budgetMax, costEstimate, status: 'PROCESSING', metadataJson: JSON.stringify(specs) } }); console.log(`[BatchAPI] Created Batch: ${batch.id} (${quantity} jobs)`); // 2. Create N Jobs const jobsData = Array.from({ length: quantity }).map(() => ({ batchId: batch.id, status: 'PENDING', payloadJson: JSON.stringify(specs), costEstimate: model.estimatedCost || 0 })); // Prisma batch create await db.creativeJob.createMany({ data: jobsData }); // Fetch the created jobs to get their IDs for enqueuing const createdJobs = await db.creativeJob.findMany({ where: { batchId: batch.id } }); // 3. Enqueue Jobs in the worker system for (const job of createdJobs) { await createJob('REPLICATE_CREATIVE', { jobId: job.id, batchId: batch.id, type, tier, inputSpec: specs }); } return NextResponse.json({ success: true, batchId: batch.id, jobCount: createdJobs.length, costEstimate }); } catch (error: any) { console.error("[BatchAPI] Error:", error); return NextResponse.json({ error: error.message }, { status: 500 }); }[39m
[31m[1m>[22m[39m[90m 6 |[39m }
 [90m   |[39m  [31m[1m^[22m[39m
 [90m 7 |[39m[0m

Expected '}', got '<eof>'


./src/app/api/creative/batch/route.ts:6:2
Parsing ecmascript source code failed
[0m [90m 4 |[39m [36mimport[39m { createJob } [36mfrom[39m [32m"@/lib/worker"[39m[33m;[39m [90m/** * POST /api/creative/batch * Creates a mass generation batch and enqueues creative jobs. */[39m
 [90m 5 |[39m [36mexport[39m [36masync[39m [36mfunction[39m [33mPOST[39m(req[33m:[39m [33mRequest[39m) { [36mtry[39m { [36mconst[39m body [33m=[39m [36mawait[39m req[33m.[39mjson()[33m;[39m [36mconst[39m { productId[33m,[39m storeId [33m=[39m [32m'store-main'[39m[33m,[39m type[33m,[39m tier [33m=[39m [32m'balanced'[39m[33m,[39m quantity [33m=[39m [35m1[39m[33m,[39m budgetMax[33m,[39m specs [90m// Base spec for the jobs } = body; if (!type || !productId) { return NextResponse.json({ error: "Missing type or productId" }, { status: 400 }); } const model = resolveModel(type, tier); const costEstimate = (model.estimatedCost || 0) * quantity; // 1. Create Batch const db = prisma as any; const batch = await db.creativeBatch.create({ data: { productId, storeId, type, tier, quantity, budgetMax, costEstimate, status: 'PROCESSING', metadataJson: JSON.stringify(specs) } }); console.log(`[BatchAPI] Created Batch: ${batch.id} (${quantity} jobs)`); // 2. Create N Jobs const jobsData = Array.from({ length: quantity }).map(() => ({ batchId: batch.id, status: 'PENDING', payloadJson: JSON.stringify(specs), costEstimate: model.estimatedCost || 0 })); // Prisma batch create await db.creativeJob.createMany({ data: jobsData }); // Fetch the created jobs to get their IDs for enqueuing const createdJobs = await db.creativeJob.findMany({ where: { batchId: batch.id } }); // 3. Enqueue Jobs in the worker system for (const job of createdJobs) { await createJob('REPLICATE_CREATIVE', { jobId: job.id, batchId: batch.id, type, tier, inputSpec: specs }); } return NextResponse.json({ success: true, batchId: batch.id, jobCount: createdJobs.length, costEstimate }); } catch (error: any) { console.error("[BatchAPI] Error:", error); return NextResponse.json({ error: error.message }, { status: 500 }); }[39m
[31m[1m>[22m[39m[90m 6 |[39m }
 [90m   |[39m  [31m[1m^[22m[39m
 [90m 7 |[39m[0m

Expected a semicolon


./src/app/api/creative/generate-funnel/route.ts:6:2
Parsing ecmascript source code failed
[0m [90m 4 |[39m [36mimport[39m { prisma } [36mfrom[39m [32m'@/lib/prisma'[39m[33m;[39m [90m/** * POST /api/creative/generate-funnel * * Generar videos para todas las etapas del funnel (COLD/WARM/HOT) * * Body: * { * productId: string, * stage?: 'COLD' | 'WARM' | 'HOT', // O generar todas * videosPerStage?: number // Default: 3 * } */[39m
 [90m 5 |[39m [36mexport[39m [36masync[39m [36mfunction[39m [33mPOST[39m(req[33m:[39m [33mNextRequest[39m) { [36mtry[39m { [36mconst[39m body [33m=[39m [36mawait[39m req[33m.[39mjson()[33m;[39m [36mconst[39m { productId[33m,[39m stage[33m,[39m videosPerStage [33m=[39m [35m3[39m } [33m=[39m body[33m;[39m [36mif[39m ([33m![39mproductId) { [36mreturn[39m [33mNextResponse[39m[33m.[39mjson( { success[33m:[39m [36mfalse[39m[33m,[39m error[33m:[39m [32m'productId required'[39m }[33m,[39m { status[33m:[39m [35m400[39m } )[33m;[39m } console[33m.[39mlog([32m'[API] Generate Funnel request:'[39m[33m,[39m { productId[33m,[39m stage[33m,[39m videosPerStage })[33m;[39m [90m// Obtener producto const product = await prisma.product.findUnique({ where: { id: productId } }); if (!product) { return NextResponse.json( { success: false, error: 'Product not found' }, { status: 404 } ); } // Obtener research (opcional) const research = await prisma.avatarResearch.findFirst({ where: { productId }, orderBy: { createdAt: 'desc' } }); const researchData = research ? { targetAudience: research.levelOfAwareness || 'público general', painPoints: research.desires ? JSON.parse(research.desires as string) : [], benefits: [] } : undefined; const orchestrator = new VideoAdOrchestrator(); const results: any = {}; if (stage) { // Generar solo para una etapa console.log(`[API] Generating for stage: ${stage}`); const configs = FunnelStageOptimizer.getConfigsForStage( stage, product, researchData ).slice(0, videosPerStage); results[stage.toLowerCase()] = await orchestrator.generateBatch(configs); } else { // Generar para todas las etapas console.log('[API] Generating full funnel...'); const fullFunnel = FunnelStageOptimizer.generateFullFunnel(product, researchData); for (const [stageKey, configs] of Object.entries(fullFunnel)) { console.log(`[API] Generating ${stageKey}...`); const selected = configs.slice(0, videosPerStage); results[stageKey] = await orchestrator.generateBatch(selected); } } // Calcular costo total const allVideos = Object.values(results).flat() as any[]; const totalCost = allVideos.reduce((sum, v) => sum + (v.cost?.total || 0), 0); console.log('[API] Funnel generation complete:', { stages: Object.keys(results), totalVideos: allVideos.length, totalCost }); return NextResponse.json({ success: true, results, totalVideos: allVideos.length, totalCost }); } catch (error: any) { console.error('[API] Error generating funnel:', error); return NextResponse.json( { success: false, error: error.message || 'Failed to generate funnel', details: error.stack }, { status: 500 } ); }[39m
[31m[1m>[22m[39m[90m 6 |[39m }
 [90m   |[39m  [31m[1m^[22m[39m
 [90m 7 |[39m[0m

Expected '}', got '<eof>'


./src/app/api/creative/generate-funnel/route.ts:6:2
Parsing ecmascript source code failed
[0m [90m 4 |[39m [36mimport[39m { prisma } [36mfrom[39m [32m'@/lib/prisma'[39m[33m;[39m [90m/** * POST /api/creative/generate-funnel * * Generar videos para todas las etapas del funnel (COLD/WARM/HOT) * * Body: * { * productId: string, * stage?: 'COLD' | 'WARM' | 'HOT', // O generar todas * videosPerStage?: number // Default: 3 * } */[39m
 [90m 5 |[39m [36mexport[39m [36masync[39m [36mfunction[39m [33mPOST[39m(req[33m:[39m [33mNextRequest[39m) { [36mtry[39m { [36mconst[39m body [33m=[39m [36mawait[39m req[33m.[39mjson()[33m;[39m [36mconst[39m { productId[33m,[39m stage[33m,[39m videosPerStage [33m=[39m [35m3[39m } [33m=[39m body[33m;[39m [36mif[39m ([33m![39mproductId) { [36mreturn[39m [33mNextResponse[39m[33m.[39mjson( { success[33m:[39m [36mfalse[39m[33m,[39m error[33m:[39m [32m'productId required'[39m }[33m,[39m { status[33m:[39m [35m400[39m } )[33m;[39m } console[33m.[39mlog([32m'[API] Generate Funnel request:'[39m[33m,[39m { productId[33m,[39m stage[33m,[39m videosPerStage })[33m;[39m [90m// Obtener producto const product = await prisma.product.findUnique({ where: { id: productId } }); if (!product) { return NextResponse.json( { success: false, error: 'Product not found' }, { status: 404 } ); } // Obtener research (opcional) const research = await prisma.avatarResearch.findFirst({ where: { productId }, orderBy: { createdAt: 'desc' } }); const researchData = research ? { targetAudience: research.levelOfAwareness || 'público general', painPoints: research.desires ? JSON.parse(research.desires as string) : [], benefits: [] } : undefined; const orchestrator = new VideoAdOrchestrator(); const results: any = {}; if (stage) { // Generar solo para una etapa console.log(`[API] Generating for stage: ${stage}`); const configs = FunnelStageOptimizer.getConfigsForStage( stage, product, researchData ).slice(0, videosPerStage); results[stage.toLowerCase()] = await orchestrator.generateBatch(configs); } else { // Generar para todas las etapas console.log('[API] Generating full funnel...'); const fullFunnel = FunnelStageOptimizer.generateFullFunnel(product, researchData); for (const [stageKey, configs] of Object.entries(fullFunnel)) { console.log(`[API] Generating ${stageKey}...`); const selected = configs.slice(0, videosPerStage); results[stageKey] = await orchestrator.generateBatch(selected); } } // Calcular costo total const allVideos = Object.values(results).flat() as any[]; const totalCost = allVideos.reduce((sum, v) => sum + (v.cost?.total || 0), 0); console.log('[API] Funnel generation complete:', { stages: Object.keys(results), totalVideos: allVideos.length, totalCost }); return NextResponse.json({ success: true, results, totalVideos: allVideos.length, totalCost }); } catch (error: any) { console.error('[API] Error generating funnel:', error); return NextResponse.json( { success: false, error: error.message || 'Failed to generate funnel', details: error.stack }, { status: 500 } ); }[39m
[31m[1m>[22m[39m[90m 6 |[39m }
 [90m   |[39m  [31m[1m^[22m[39m
 [90m 7 |[39m[0m

Expected a semicolon


./src/app/api/creative/generate-videos/route.ts:5:2
Parsing ecmascript source code failed
[0m [90m 3 |[39m [36mimport[39m { [33mResearchLabConnector[39m } [36mfrom[39m [32m'@/lib/creative/integration/research-lab-connector'[39m[33m;[39m [90m/** * POST /api/creative/generate-videos * * Generar videos batch desde Research Lab o configs custom * * Body: * { * productId?: string, // Opcional: usa research del producto * configs?: VideoAdConfig[], // Opcional: configs custom * maxVideos?: number // Default: 3 * } */[39m
 [90m 4 |[39m [36mexport[39m [36masync[39m [36mfunction[39m [33mPOST[39m(req[33m:[39m [33mNextRequest[39m) { [36mtry[39m { [36mconst[39m body [33m=[39m [36mawait[39m req[33m.[39mjson()[33m;[39m [36mconst[39m { productId[33m,[39m configs[33m:[39m customConfigs[33m,[39m maxVideos [33m=[39m [35m3[39m } [33m=[39m body[33m;[39m console[33m.[39mlog([32m'[API] Generate Videos request:'[39m[33m,[39m { productId[33m,[39m hasCustomConfigs[33m:[39m [33m![39m[33m![39mcustomConfigs[33m,[39m maxVideos })[33m;[39m [36mlet[39m configs[33m;[39m [90m// Opción 1: Usar configs custom if (customConfigs && Array.isArray(customConfigs)) { configs = customConfigs; console.log('[API] Using custom configs:', configs.length); } // Opción 2: Cargar desde Research Lab else if (productId) { console.log('[API] Loading configs from Research Lab for product:', productId); try { configs = await ResearchLabConnector.getVideoConfigsFromResearch(productId, maxVideos); console.log('[API] Loaded', configs.length, 'configs from research'); } catch (error) { console.warn('[API] No research found, using test configs'); configs = ResearchLabConnector.getTestConfigs(); } } // Opción 3: Usar configs de test else { console.log('[API] Using test configs'); configs = ResearchLabConnector.getTestConfigs(); } if (!configs || configs.length === 0) { return NextResponse.json( { success: false, error: 'No video configs available' }, { status: 400 } ); } // Generar videos console.log('[API] Generating', configs.length, 'videos...'); const orchestrator = new VideoAdOrchestrator(); const results = await orchestrator.generateBatch(configs); console.log('[API] Videos generated successfully:', results.length); return NextResponse.json({ success: true, videos: results, totalCost: results.reduce((sum, r) => sum + r.cost.total, 0) }); } catch (error: any) { console.error('[API] Error generating videos:', error); return NextResponse.json( { success: false, error: error.message || 'Failed to generate videos', details: error.stack }, { status: 500 } ); }[39m
[31m[1m>[22m[39m[90m 5 |[39m }
 [90m   |[39m  [31m[1m^[22m[39m
 [90m 6 |[39m[0m

Expected '}', got '<eof>'


./src/app/api/creative/generate-videos/route.ts:5:2
Parsing ecmascript source code failed
[0m [90m 3 |[39m [36mimport[39m { [33mResearchLabConnector[39m } [36mfrom[39m [32m'@/lib/creative/integration/research-lab-connector'[39m[33m;[39m [90m/** * POST /api/creative/generate-videos * * Generar videos batch desde Research Lab o configs custom * * Body: * { * productId?: string, // Opcional: usa research del producto * configs?: VideoAdConfig[], // Opcional: configs custom * maxVideos?: number // Default: 3 * } */[39m
 [90m 4 |[39m [36mexport[39m [36masync[39m [36mfunction[39m [33mPOST[39m(req[33m:[39m [33mNextRequest[39m) { [36mtry[39m { [36mconst[39m body [33m=[39m [36mawait[39m req[33m.[39mjson()[33m;[39m [36mconst[39m { productId[33m,[39m configs[33m:[39m customConfigs[33m,[39m maxVideos [33m=[39m [35m3[39m } [33m=[39m body[33m;[39m console[33m.[39mlog([32m'[API] Generate Videos request:'[39m[33m,[39m { productId[33m,[39m hasCustomConfigs[33m:[39m [33m![39m[33m![39mcustomConfigs[33m,[39m maxVideos })[33m;[39m [36mlet[39m configs[33m;[39m [90m// Opción 1: Usar configs custom if (customConfigs && Array.isArray(customConfigs)) { configs = customConfigs; console.log('[API] Using custom configs:', configs.length); } // Opción 2: Cargar desde Research Lab else if (productId) { console.log('[API] Loading configs from Research Lab for product:', productId); try { configs = await ResearchLabConnector.getVideoConfigsFromResearch(productId, maxVideos); console.log('[API] Loaded', configs.length, 'configs from research'); } catch (error) { console.warn('[API] No research found, using test configs'); configs = ResearchLabConnector.getTestConfigs(); } } // Opción 3: Usar configs de test else { console.log('[API] Using test configs'); configs = ResearchLabConnector.getTestConfigs(); } if (!configs || configs.length === 0) { return NextResponse.json( { success: false, error: 'No video configs available' }, { status: 400 } ); } // Generar videos console.log('[API] Generating', configs.length, 'videos...'); const orchestrator = new VideoAdOrchestrator(); const results = await orchestrator.generateBatch(configs); console.log('[API] Videos generated successfully:', results.length); return NextResponse.json({ success: true, videos: results, totalCost: results.reduce((sum, r) => sum + r.cost.total, 0) }); } catch (error: any) { console.error('[API] Error generating videos:', error); return NextResponse.json( { success: false, error: error.message || 'Failed to generate videos', details: error.stack }, { status: 500 } ); }[39m
[31m[1m>[22m[39m[90m 5 |[39m }
 [90m   |[39m  [31m[1m^[22m[39m
 [90m 6 |[39m[0m

Expected a semicolon


./src/app/api/creative/library/route.ts:5:1
Parsing ecmascript source code failed
[0m [90m 3 |[39m [36mexport[39m [36masync[39m [36mfunction[39m [33mGET[39m(req[33m:[39m [33mNextRequest[39m) { [36mtry[39m { [36mconst[39m { searchParams } [33m=[39m [36mnew[39m [33mURL[39m(req[33m.[39murl)[33m;[39m [36mconst[39m productId [33m=[39m searchParams[33m.[39m[36mget[39m([32m'productId'[39m)[33m;[39m [36mconst[39m type [33m=[39m searchParams[33m.[39m[36mget[39m([32m'type'[39m)[33m;[39m [36mconst[39m stage [33m=[39m searchParams[33m.[39m[36mget[39m([32m'stage'[39m) [36mas[39m [32m'COLD'[39m [33m|[39m [32m'WARM'[39m [33m|[39m [32m'HOT'[39m [33m|[39m [36mnull[39m[33m;[39m [36mconst[39m limit [33m=[39m parseInt(searchParams[33m.[39m[36mget[39m([32m'limit'[39m) [33m||[39m [32m'50'[39m)[33m;[39m [36mconst[39m topPerformers [33m=[39m searchParams[33m.[39m[36mget[39m([32m'topPerformers'[39m) [33m===[39m [32m'true'[39m[33m;[39m [36mlet[39m creatives[33m;[39m [36mif[39m (topPerformers) { creatives [33m=[39m [36mawait[39m [33mCreativeStorageService[39m[33m.[39mgetTopPerformers(limit[33m,[39m type [33m||[39m undefined)[33m;[39m } [36melse[39m [36mif[39m (stage) { creatives [33m=[39m [36mawait[39m [33mCreativeStorageService[39m[33m.[39mgetByStage(stage[33m,[39m productId [33m||[39m undefined)[33m;[39m } [36melse[39m [36mif[39m (productId) { creatives [33m=[39m [36mawait[39m [33mCreativeStorageService[39m[33m.[39mgetByProduct(productId[33m,[39m { type[33m:[39m type [33m||[39m undefined })[33m;[39m } [36melse[39m { [90m// Get all recent creatives creatives = await CreativeStorageService.getRecent(limit); } return NextResponse.json({ success: true, creatives, count: creatives.length }); } catch (error: any) { console.error('[API] Error fetching creatives:', error); return NextResponse.json( { success: false, error: error.message }, { status: 500 } ); }[39m
 [90m 4 |[39m } [90m/** * POST /api/creative/library * * Guardar creative */[39m
[31m[1m>[22m[39m[90m 5 |[39m [36mexport[39m [36masync[39m [36mfunction[39m [33mPOST[39m(req[33m:[39m [33mNextRequest[39m) { [36mtry[39m { [36mconst[39m body [33m=[39m [36mawait[39m req[33m.[39mjson()[33m;[39m [36mconst[39m creative [33m=[39m [36mawait[39m [33mCreativeStorageService[39m[33m.[39msaveVideo(body)[33m;[39m [36mreturn[39m [33mNextResponse[39m[33m.[39mjson({ success[33m:[39m [36mtrue[39m[33m,[39m creative })[33m;[39m } [36mcatch[39m (error[33m:[39m any) { console[33m.[39merror([32m'[API] Error saving creative:'[39m[33m,[39m error)[33m;[39m [36mreturn[39m [33mNextResponse[39m[33m.[39mjson( { success[33m:[39m [36mfalse[39m[33m,[39m error[33m:[39m error[33m.[39mmessage }[33m,[39m { status[33m:[39m [35m500[39m } )[33m;[39m }
 [90m   |[39m [31m[1m^[22m[39m[31m[1m^[22m[39m[31m[1m^[22m[39m[31m[1m^[22m[39m[31m[1m^[22m[39m[31m[1m^[22m[39m
 [90m 6 |[39m } [90m/** * PATCH /api/creative/library/:id * * Actualizar creative (rating, performance, etc) */[39m
 [90m 7 |[39m [36mexport[39m [36masync[39m [36mfunction[39m [33mPATCH[39m(req[33m:[39m [33mNextRequest[39m) { [36mtry[39m { [36mconst[39m body [33m=[39m [36mawait[39m req[33m.[39mjson()[33m;[39m [36mconst[39m { id[33m,[39m action[33m,[39m data } [33m=[39m body[33m;[39m [36mif[39m ([33m![39mid [33m||[39m [33m![39maction) { [36mreturn[39m [33mNextResponse[39m[33m.[39mjson( { success[33m:[39m [36mfalse[39m[33m,[39m error[33m:[39m [32m'id and action required'[39m }[33m,[39m { status[33m:[39m [35m400[39m } )[33m;[39m } [36mlet[39m result[33m;[39m [36mswitch[39m (action) { [36mcase[39m [32m'rate'[39m[33m:[39m result [33m=[39m [36mawait[39m [33mCreativeStorageService[39m[33m.[39mrate(id[33m,[39m data[33m.[39mrating)[33m;[39m [36mbreak[39m[33m;[39m [36mcase[39m [32m'approve'[39m[33m:[39m result [33m=[39m [36mawait[39m [33mCreativeStorageService[39m[33m.[39mapprove(id)[33m;[39m [36mbreak[39m[33m;[39m [36mcase[39m [32m'archive'[39m[33m:[39m result [33m=[39m [36mawait[39m [33mCreativeStorageService[39m[33m.[39marchive(id)[33m;[39m [36mbreak[39m[33m;[39m [36mcase[39m [32m'updatePerformance'[39m[33m:[39m result [33m=[39m [36mawait[39m [33mCreativeStorageService[39m[33m.[39mupdatePerformance(id[33m,[39m data)[33m;[39m [36mbreak[39m[33m;[39m [36mcase[39m [32m'setQualityScore'[39m[33m:[39m result [33m=[39m [36mawait[39m [33mCreativeStorageService[39m[33m.[39msetQualityScore(id[33m,[39m data[33m.[39mscore)[33m;[39m [36mbreak[39m[33m;[39m [36mdefault[39m[33m:[39m [36mreturn[39m [33mNextResponse[39m[33m.[39mjson( { success[33m:[39m [36mfalse[39m[33m,[39m error[33m:[39m [32m'Invalid action'[39m }[33m,[39m { status[33m:[39m [35m400[39m } )[33m;[39m } [36mreturn[39m [33mNextResponse[39m[33m.[39mjson({ success[33m:[39m [36mtrue[39m[33m,[39m creative[33m:[39m result })[33m;[39m } [36mcatch[39m (error[33m:[39m any) { console[33m.[39merror([32m'[API] Error updating creative:'[39m[33m,[39m error)[33m;[39m [36mreturn[39m [33mNextResponse[39m[33m.[39mjson( { success[33m:[39m [36mfalse[39m[33m,[39m error[33m:[39m error[33m.[39mmessage }[33m,[39m { status[33m:[39m [35m500[39m } )[33m;[39m }
 [90m 8 |[39m }[0m

'import', and 'export' cannot be used outside of module code


./src/app/api/creative/quick-variations/route.ts:3:312
Parsing ecmascript source code failed
[0m [90m 1 |[39m [36mimport[39m { [33mNextRequest[39m[33m,[39m [33mNextResponse[39m } [36mfrom[39m [32m'next/server'[39m[33m;[39m
 [90m 2 |[39m [36mimport[39m { [33mVideoVariationGenerator[39m } [36mfrom[39m [32m'@/lib/creative/generators/video-variation-generator'[39m[33m;[39m
[31m[1m>[22m[39m[90m 3 |[39m [36mimport[39m { [33mCreativeStorageService[39m } [36mfrom[39m [32m'@/lib/creative/services/creative-storage-service'[39m[33m;[39m [90m/** * Quick Video Variations API * POST /api/creative/quick-variations * * Genera 5 variaciones rápidas de un video existente */[39m [36mexport[39m [36masync[39m [36mfunction[39m [33mPOST[39m(req[33m:[39m [33mNextRequest[39m) { [36mtry[39m { [36mconst[39m body [33m=[39m [36mawait[39m req[33m.[39mjson()[33m;[39m [36mconst[39m { videoUrl[33m,[39m productId[33m,[39m type [33m=[39m [32m'BOTH'[39m[33m,[39m [90m// 'AVATAR_SWAP' | 'VOICE_CHANGE' | 'BOTH' count = 5, funnelStage } = body; if (!videoUrl) { return NextResponse.json( { success: false, error: 'videoUrl required' }, { status: 400 } ); } console.log('[QuickVariations] Starting:', { videoUrl, type, count }); const generator = new VideoVariationGenerator(); // Generate variations const variations = await generator.generateQuickVariations({ sourceVideoUrl: videoUrl, variationType: type, count: count, funnelStage: funnelStage }); console.log(`[QuickVariations] ✅ Generated ${variations.length} variations`); // Save to database if productId provided if (productId && variations.length > 0) { const saved = await CreativeStorageService.saveBatch( variations.map(v => ({ productId, type: 'VIDEO' as const, stage: funnelStage, videoUrl: v.videoUrl, avatarUrl: v.avatarUrl, audioUrl: v.audioUrl, concept: `Quick Variation - ${type}`, prompt: v.prompt || 'AI Generated Variation', generationCost: v.cost || 0, generatedBy: 'quick-variations' })) ); console.log(`[QuickVariations] 💾 Saved ${saved.length} to database`); } // Calculate total cost const totalCost = variations.reduce((sum, v) => sum + (v.cost || 0), 0); return NextResponse.json({ success: true, variations: variations.map(v => ({ videoUrl: v.videoUrl, avatarUrl: v.avatarUrl, audioUrl: v.audioUrl, voiceId: v.voiceId, cost: v.cost })), count: variations.length, totalCost: Number(totalCost.toFixed(2)) }); } catch (error: any) { console.error('[QuickVariations] Error:', error); return NextResponse.json( { success: false, error: error.message || 'Failed to generate variations', details: error.stack }, { status: 500 } ); }[39m
 [90m   |[39m                                                                                                                                                                                                                                                                                                                        [31m[1m^[22m[39m[31m[1m^[22m[39m[31m[1m^[22m[39m[31m[1m^[22m[39m[31m[1m^[22m[39m[31m[1m^[22m[39m[31m[1m^[22m[39m[31m[1m^[22m[39m[31m[1m^[22m[39m[31m[1m^[22m[39m[31m[1m^[22m[39m[31m[1m^[22m[39m[31m[1m^[22m[39m[31m[1m^[22m[39m[31m[1m^[22m[39m[31m[1m^[22m[39m[31m[1m^[22m[39m[31m[1m^[22m[39m[31m[1m^[22m[39m[31m[1m^[22m[39m[31m[1m^[22m[39m[31m[1m^[22m[39m[31m[1m^[22m[39m[31m[1m^[22m[39m[31m[1m^[22m[39m[31m[1m^[22m[39m[31m[1m^[22m[39m[31m[1m^[22m[39m[31m[1m^[22m[39m[31m[1m^[22m[39m[31m[1m^[22m[39m[31m[1m^[22m[39m[31m[1m^[22m[39m[31m[1m^[22m[39m[31m[1m^[22m[39m[31m[1m^[22m[39m[31m[1m^[22m[39m[31m[1m^[22m[39m[31m[1m^[22m[39m[31m[1m^[22m[39m[31m[1m^[22m[39m[31m[1m^[22m[39m[31m[1m^[22m[39m[31m[1m^[22m[39m[31m[1m^[22m[39m[31m[1m^[22m[39m[31m[1m^[22m[39m[31m[1m^[22m[39m[31m[1m^[22m[39m[31m[1m^[22m[39m[31m[1m^[22m[39m[31m[1m^[22m[39m[31m[1m^[22m[39m[31m[1m^[22m[39m[31m[1m^[22m[39m[31m[1m^[22m[39m[31m[1m^[22m[39m[31m[1m^[22m[39m[31m[1m^[22m[39m[31m[1m^[22m[39m[31m[1m^[22m[39m[31m[1m^[22m[39m[31m[1m^[22m[39m[31m[1m^[22m[39m[31m[1m^[22m[39m[31m[1m^[22m[39m[31m[1m^[22m[39m[31m[1m^[22m[39m[31m[1m^[22m[39m[31m[1m^[22m[39m[31m[1m^[22m[39m[31m[1m^[22m[39m[31m[1m^[22m[39m[31m[1m^[22m[39m[31m[1m^[22m[39m[31m[1m^[22m[39m[31m[1m^[22m[39m[31m[1m^[22m[39m[31m[1m^[22m[39m[31m[1m^[22m[39m[31m[1m^[22m[39m[31m[1m^[22m[39m[31m[1m^[22m[39m[31m[1m^[22m[39m[31m[1m^[22m[39m[31m[1m^[22m[39m[31m[1m^[22m[39m[31m[1m^[22m[39m[31m[1m^[22m[39m[31m[1m^[22m[39m[31m[1m^[22m[39m[31m[1m^[22m[39m[31m[1m^[22m[39m[31m[1m^[22m[39m[31m[1m^[22m[39m[31m[1m^[22m[39m[31m[1m^[22m[39m[31m[1m^[22m[39m[31m[1m^[22m[39m[31m[1m^[22m[39m[31m[1m^[22m[39m[31m[1m^[22m[39m[31m[1m^[22m[39m[31m[1m^[22m[39m[31m[1m^[22m[39m[31m[1m^[22m[39m[31m[1m^[22m[39m[31m[1m^[22m[39m[31m[1m^[22m[39m[31m[1m^[22m[39m[31m[1m^[22m[39m[31m[1m^[22m[39m[31m[1m^[22m[39m[31m[1m^[22m[39m[31m[1m^[22m[39m[31m[1m^[22m[39m[31m[1m^[22m[39m[31m[1m^[22m[39m[31m[1m^[22m[39m[31m[1m^[22m[39m[31m[1m^[22m[39m[31m[1m^[22m[39m[31m[1m^[22m[39m[31m[1m^[22m[39m[31m[1m^[22m[39m[31m[1m^[22m[39m[31m[1m^[22m[39m[31m[1m^[22m[39m[31m[1m^[22m[39m[31m[1m^[22m[39m[31m[1m^[22m[39m[31m[1m^[22m[39m[31m[1m^[22m[39m[31m[1m^[22m[39m[31m[1m^[22m[39m[31m[1m^[22m[39m[31m[1m^[22m[39m[31m[1m^[22m[39m[31m[1m^[22m[39m[31m[1m^[22m[39m[31m[1m^[22m[39m[31m[1m^[22m[39m[31m[1m^[22m[39m[31m[1m^[22m[39m[31m[1m^[22m[39m[31m[1m^[22m[39m[31m[1m^[22m[39m[31m[1m^[22m[39m[31m[1m^[22m[39m[31m[1m^[22m[39m[31m[1m^[22m[39m[31m[1m^[22m[39m[31m[1m^[22m[39m[31m[1m^[22m[39m[31m[1m^[22m[39m[31m[1m^[22m[39m[31m[1m^[22m[39m[31m[1m^[22m[39m[31m[1m^[22m[39m[31m[1m^[22m[39m[31m[1m^[22m[39m[31m[1m^[22m[39m[31m[1m^[22m[39m[31m[1m^[22m[39m[31m[1m^[22m[39m[31m[1m^[22m[39m[31m[1m^[22m[39m[31m[1m^[22m[39m[31m[1m^[22m[39m[31m[1m^[22m[39m[31m[1m^[22m[39m[31m[1m^[22m[39m[31m[1m^[22m[39m[31m[1m^[22m[39m[31m[1m^[22m[39m[31m[1m^[22m[39m[31m[1m^[22m[39m[31m[1m^[22m[39m[31m[1m^[22m[39m[31m[1m^[22m[39m[31m[1m^[22m[39m[31m[1m^[22m[39m[31m[1m^[22m[39m[31m[1m^[22m[39m[31m[1m^[22m[39m[31m[1m^[22m[39m[31m[1m^[22m[39m[31m[1m^[22m[39m[31m[1m^[22m[39m[31m[1m^[22m[39m[31m[1m^[22m[39m[31m[1m^[22m[39m[31m[1m^[22m[39m[31m[1m^[22m[39m[31m[1m^[22m[39m[31m[1m^[22m[39m[31m[1m^[22m[39m[31m[1m^[22m[39m[31m[1m^[22m[39m[31m[1m^[22m[39m[31m[1m^[22m[39m[31m[1m^[22m[39m[31m[1m^[22m[39m[31m[1m^[22m[39m[31m[1m^[22m[39m[31m[1m^[22m[39m[31m[1m^[22m[39m[31m[1m^[22m[39m[31m[1m^[22m[39m[31m[1m^[22m[39m[31m[1m^[22m[39m[31m[1m^[22m[39m[31m[1m^[22m[39m[31m[1m^[22m[39m[31m[1m^[22m[39m[31m[1m^[22m[39m[31m[1m^[22m[39m[31m[1m^[22m[39m[31m[1m^[22m[39m[31m[1m^[22m[39m[31m[1m^[22m[39m[31m[1m^[22m[39m[31m[1m^[22m[39m[31m[1m^[22m[39m[31m[1m^[22m[39m[31m[1m^[22m[39m[31m[1m^[22m[39m[31m[1m^[22m[39m[31m[1m^[22m[39m[31m[1m^[22m[39m[31m[1m^[22m[39m[31m[1m^[22m[39m[31m[1m^[22m[39m[31m[1m^[22m[39m[31m[1m^[22m[39m[31m[1m^[22m[39m[31m[1m^[22m[39m[31m[1m^[22m[39m[31m[1m^[22m[39m[31m[1m^[22m[39m[31m[1m^[22m[39m[31m[1m^[22m[39m[31m[1m^[22m[39m[31m[1m^[22m[39m[31m[1m^[22m[39m[31m[1m^[22m[39m[31m[1m^[22m[39m[31m[1m^[22m[39m[31m[1m^[22m[39m[31m[1m^[22m[39m[31m[1m^[22m[39m[31m[1m^[22m[39m[31m[1m^[22m[39m[31m[1m^[22m[39m[31m[1m^[22m[39m[31m[1m^[22m[39m[31m[1m^[22m[39m[31m[1m^[22m[39m[31m[1m^[22m[39m[31m[1m^[22m[39m[31m[1m^[22m[39m[31m[1m^[22m[39m[31m[1m^[22m[39m[31m[1m^[22m[39m[31m[1m^[22m[39m[31m[1m^[22m[39m[31m[1m^[22m[39m[31m[1m^[22m[39m[31m[1m^[22m[39m[31m[1m^[22m[39m[31m[1m^[22m[39m[31m[1m^[22m[39m[31m[1m^[22m[39m[31m[1m^[22m[39m[31m[1m^[22m[39m[31m[1m^[22m[39m[31m[1m^[22m[39m[31m[1m^[22m[39m[31m[1m^[22m[39m[31m[1m^[22m[39m[31m[1m^[22m[39m[31m[1m^[22m[39m[31m[1m^[22m[39m[31m[1m^[22m[39m[31m[1m^[22m[39m[31m[1m^[22m[39m[31m[1m^[22m[39m[31m[1m^[22m[39m[31m[1m^[22m[39m[31m[1m^[22m[39m[31m[1m^[22m[39m[31m[1m^[22m[39m[31m[1m^[22m[39m[31m[1m^[22m[39m[31m[1m^[22m[39m[31m[1m^[22m[39m[31m[1m^[22m[39m[31m[1m^[22m[39m[31m[1m^[22m[39m[31m[1m^[22m[39m[31m[1m^[22m[39m[31m[1m^[22m[39m[31m[1m^[22m[39m[31m[1m^[22m[39m[31m[1m^[22m[39m[31m[1m^[22m[39m[31m[1m^[22m[39m[31m[1m^[22m[39m[31m[1m^[22m[39m[31m[1m^[22m[39m[31m[1m^[22m[39m[31m[1m^[22m[39m[31m[1m^[22m[39m[31m[1m^[22m[39m[31m[1m^[22m[39m[31m[1m^[22m[39m[31m[1m^[22m[39m[31m[1m^[22m[39m[31m[1m^[22m[39m[31m[1m^[22m[39m[31m[1m^[22m[39m[31m[1m^[22m[39m[31m[1m^[22m[39m[31m[1m^[22m[39m[31m[1m^[22m[39m[31m[1m^[22m[39m[31m[1m^[22m[39m[31m[1m^[22m[39m[31m[1m^[22m[39m[31m[1m^[22m[39m[31m[1m^[22m[39m[31m[1m^[22m[39m[31m[1m^[22m[39m[31m[1m^[22m[39m[31m[1m^[22m[39m[31m[1m^[22m[39m[31m[1m^[22m[39m[31m[1m^[22m[39m[31m[1m^[22m[39m[31m[1m^[22m[39m[31m[1m^[22m[39m[31m[1m^[22m[39m[31m[1m^[22m[39m[31m[1m^[22m[39m[31m[1m^[22m[39m[31m[1m^[22m[39m[31m[1m^[22m[39m[31m[1m^[22m[39m[31m[1m^[22m[39m[31m[1m^[22m[39m[31m[1m^[22m[39m[31m[1m^[22m[39m[31m[1m^[22m[39m[31m[1m^[22m[39m[31m[1m^[22m[39m[31m[1m^[22m[39m[31m[1m^[22m[39m[31m[1m^[22m[39m[31m[1m^[22m[39m[31m[1m^[22m[39m[31m[1m^[22m[39m[31m[1m^[22m[39m[31m[1m^[22m[39m[31m[1m^[22m[39m[31m[1m^[22m[39m[31m[1m^[22m[39m[31m[1m^[22m[39m[31m[1m^[22m[39m[31m[1m^[22m[39m[31m[1m^[22m[39m[31m[1m^[22m[39m[31m[1m^[22m[39m[31m[1m^[22m[39m[31m[1m^[22m[39m[31m[1m^[22m[39m[31m[1m^[22m[39m[31m[1m^[22m[39m[31m[1m^[22m[39m[31m[1m^[22m[39m[31m[1m^[22m[39m[31m[1m^[22m[39m[31m[1m^[22m[39m[31m[1m^[22m[39m[31m[1m^[22m[39m[31m[1m^[22m[39m[31m[1m^[22m[39m[31m[1m^[22m[39m[31m[1m^[22m[39m[31m[1m^[22m[39m[31m[1m^[22m[39m[31m[1m^[22m[39m[31m[1m^[22m[39m[31m[1m^[22m[39m[31m[1m^[22m[39m[31m[1m^[22m[39m[31m[1m^[22m[39m[31m[1m^[22m[39m[31m[1m^[22m[39m[31m[1m^[22m[39m[31m[1m^[22m[39m[31m[1m^[22m[39m[31m[1m^[22m[39m[31m[1m^[22m[39m[31m[1m^[22m[39m[31m[1m^[22m[39m[31m[1m^[22m[39m[31m[1m^[22m[39m[31m[1m^[22m[39m[31m[1m^[22m[39m[31m[1m^[22m[39m[31m[1m^[22m[39m[31m[1m^[22m[39m[31m[1m^[22m[39m[31m[1m^[22m[39m[31m[1m^[22m[39m[31m[1m^[22m[39m[31m[1m^[22m[39m[31m[1m^[22m[39m[31m[1m^[22m[39m[31m[1m^[22m[39m[31m[1m^[22m[39m[31m[1m^[22m[39m[31m[1m^[22m[39m[31m[1m^[22m[39m[31m[1m^[22m[39m[31m[1m^[22m[39m[31m[1m^[22m[39m[31m[1m^[22m[39m[31m[1m^[22m[39m[31m[1m^[22m[39m[31m[1m^[22m[39m[31m[1m^[22m[39m[31m[1m^[22m[39m[31m[1m^[22m[39m[31m[1m^[22m[39m[31m[1m^[22m[39m[31m[1m^[22m[39m[31m[1m^[22m[39m[31m[1m^[22m[39m[31m[1m^[22m[39m[31m[1m^[22m[39m[31m[1m^[22m[39m[31m[1m^[22m[39m[31m[1m^[22m[39m[31m[1m^[22m[39m[31m[1m^[22m[39m[31m[1m^[22m[39m[31m[1m^[22m[39m[31m[1m^[22m[39m[31m[1m^[22m[39m[31m[1m^[22m[39m[31m[1m^[22m[39m[31m[1m^[22m[39m[31m[1m^[22m[39m[31m[1m^[22m[39m[31m[1m^[22m[39m[31m[1m^[22m[39m[31m[1m^[22m[39m[31m[1m^[22m[39m[31m[1m^[22m[39m[31m[1m^[22m[39m[31m[1m^[22m[39m[31m[1m^[22m[39m[31m[1m^[22m[39m[31m[1m^[22m[39m[31m[1m^[22m[39m[31m[1m^[22m[39m[31m[1m^[22m[39m[31m[1m^[22m[39m[31m[1m^[22m[39m[31m[1m^[22m[39m[31m[1m^[22m[39m[31m[1m^[22m[39m[31m[1m^[22m[39m[31m[1m^[22m[39m[31m[1m^[22m[39m[31m[1m^[22m[39m[31m[1m^[22m[39m[31m[1m^[22m[39m[31m[1m^[22m[39m[31m[1m^[22m[39m[31m[1m^[22m[39m[31m[1m^[22m[39m[31m[1m^[22m[39m[31m[1m^[22m[39m[31m[1m^[22m[39m[31m[1m^[22m[39m[31m[1m^[22m[39m[31m[1m^[22m[39m[31m[1m^[22m[39m[31m[1m^[22m[39m[31m[1m^[22m[39m[31m[1m^[22m[39m[31m[1m^[22m[39m[31m[1m^[22m[39m[31m[1m^[22m[39m[31m[1m^[22m[39m[31m[1m^[22m[39m[31m[1m^[22m[39m[31m[1m^[22m[39m[31m[1m^[22m[39m[31m[1m^[22m[39m[31m[1m^[22m[39m[31m[1m^[22m[39m[31m[1m^[22m[39m[31m[1m^[22m[39m[31m[1m^[22m[39m[31m[1m^[22m[39m[31m[1m^[22m[39m[31m[1m^[22m[39m[31m[1m^[22m[39m[31m[1m^[22m[39m[31m[1m^[22m[39m[31m[1m^[22m[39m[31m[1m^[22m[39m[31m[1m^[22m[39m[31m[1m^[22m[39m[31m[1m^[22m[39m[31m[1m^[22m[39m[31m[1m^[22m[39m[31m[1m^[22m[39m[31m[1m^[22m[39m[31m[1m^[22m[39m[31m[1m^[22m[39m[31m[1m^[22m[39m[31m[1m^[22m[39m[31m[1m^[22m[39m[31m[1m^[22m[39m[31m[1m^[22m[39m[31m[1m^[22m[39m[31m[1m^[22m[39m[31m[1m^[22m[39m[31m[1m^[22m[39m[31m[1m^[22m[39m[31m[1m^[22m[39m[31m[1m^[22m[39m[31m[1m^[22m[39m[31m[1m^[22m[39m[31m[1m^[22m[39m[31m[1m^[22m[39m[31m[1m^[22m[39m[31m[1m^[22m[39m[31m[1m^[22m[39m[31m[1m^[22m[39m[31m[1m^[22m[39m[31m[1m^[22m[39m[31m[1m^[22m[39m[31m[1m^[22m[39m[31m[1m^[22m[39m[31m[1m^[22m[39m[31m[1m^[22m[39m[31m[1m^[22m[39m[31m[1m^[22m[39m[31m[1m^[22m[39m[31m[1m^[22m[39m[31m[1m^[22m[39m[31m[1m^[22m[39m[31m[1m^[22m[39m[31m[1m^[22m[39m[31m[1m^[22m[39m[31m[1m^[22m[39m[31m[1m^[22m[39m[31m[1m^[22m[39m[31m[1m^[22m[39m[31m[1m^[22m[39m[31m[1m^[22m[39m[31m[1m^[22m[39m[31m[1m^[22m[39m[31m[1m^[22m[39m[31m[1m^[22m[39m[31m[1m^[22m[39m[31m[1m^[22m[39m[31m[1m^[22m[39m[31m[1m^[22m[39m[31m[1m^[22m[39m[31m[1m^[22m[39m[31m[1m^[22m[39m[31m[1m^[22m[39m[31m[1m^[22m[39m[31m[1m^[22m[39m[31m[1m^[22m[39m[31m[1m^[22m[39m[31m[1m^[22m[39m[31m[1m^[22m[39m[31m[1m^[22m[39m[31m[1m^[22m[39m[31m[1m^[22m[39m[31m[1m^[22m[39m[31m[1m^[22m[39m[31m[1m^[22m[39m[31m[1m^[22m[39m[31m[1m^[22m[39m[31m[1m^[22m[39m[31m[1m^[22m[39m[31m[1m^[22m[39m[31m[1m^[22m[39m[31m[1m^[22m[39m[31m[1m^[22m[39m[31m[1m^[22m[39m[31m[1m^[22m[39m[31m[1m^[22m[39m[31m[1m^[22m[39m[31m[1m^[22m[39m[31m[1m^[22m[39m[31m[1m^[22m[39m[31m[1m^[22m[39m[31m[1m^[22m[39m[31m[1m^[22m[39m[31m[1m^[22m[39m[31m[1m^[22m[39m[31m[1m^[22m[39m[31m[1m^[22m[39m[31m[1m^[22m[39m[31m[1m^[22m[39m[31m[1m^[22m[39m[31m[1m^[22m[39m[31m[1m^[22m[39m[31m[1m^[22m[39m[31m[1m^[22m[39m[31m[1m^[22m[39m[31m[1m^[22m[39m[31m[1m^[22m[39m[31m[1m^[22m[39m[31m[1m^[22m[39m[31m[1m^[22m[39m[31m[1m^[22m[39m[31m[1m^[22m[39m[31m[1m^[22m[39m[31m[1m^[22m[39m[31m[1m^[22m[39m[31m[1m^[22m[39m[31m[1m^[22m[39m[31m[1m^[22m[39m[31m[1m^[22m[39m[31m[1m^[22m[39m[31m[1m^[22m[39m[31m[1m^[22m[39m[31m[1m^[22m[39m[31m[1m^[22m[39m[31m[1m^[22m[39m[31m[1m^[22m[39m[31m[1m^[22m[39m[31m[1m^[22m[39m[31m[1m^[22m[39m[31m[1m^[22m[39m[31m[1m^[22m[39m[31m[1m^[22m[39m[31m[1m^[22m[39m[31m[1m^[22m[39m[31m[1m^[22m[39m[31m[1m^[22m[39m[31m[1m^[22m[39m[31m[1m^[22m[39m[31m[1m^[22m[39m[31m[1m^[22m[39m[31m[1m^[22m[39m[31m[1m^[22m[39m[31m[1m^[22m[39m[31m[1m^[22m[39m[31m[1m^[22m[39m[31m[1m^[22m[39m[31m[1m^[22m[39m[31m[1m^[22m[39m[31m[1m^[22m[39m[31m[1m^[22m[39m[31m[1m^[22m[39m[31m[1m^[22m[39m[31m[1m^[22m[39m[31m[1m^[22m[39m[31m[1m^[22m[39m[31m[1m^[22m[39m[31m[1m^[22m[39m[31m[1m^[22m[39m[31m[1m^[22m[39m[31m[1m^[22m[39m[31m[1m^[22m[39m[31m[1m^[22m[39m[31m[1m^[22m[39m[31m[1m^[22m[39m[31m[1m^[22m[39m[31m[1m^[22m[39m[31m[1m^[22m[39m[31m[1m^[22m[39m[31m[1m^[22m[39m[31m[1m^[22m[39m[31m[1m^[22m[39m[31m[1m^[22m[39m[31m[1m^[22m[39m[31m[1m^[22m[39m[31m[1m^[22m[39m[31m[1m^[22m[39m[31m[1m^[22m[39m[31m[1m^[22m[39m[31m[1m^[22m[39m[31m[1m^[22m[39m[31m[1m^[22m[39m[31m[1m^[22m[39m[31m[1m^[22m[39m[31m[1m^[22m[39m[31m[1m^[22m[39m[31m[1m^[22m[39m[31m[1m^[22m[39m[31m[1m^[22m[39m[31m[1m^[22m[39m[31m[1m^[22m[39m[31m[1m^[22m[39m[31m[1m^[22m[39m[31m[1m^[22m[39m[31m[1m^[22m[39m[31m[1m^[22m[39m[31m[1m^[22m[39m[31m[1m^[22m[39m[31m[1m^[22m[39m[31m[1m^[22m[39m[31m[1m^[22m[39m[31m[1m^[22m[39m[31m[1m^[22m[39m[31m[1m^[22m[39m[31m[1m^[22m[39m[31m[1m^[22m[39m[31m[1m^[22m[39m[31m[1m^[22m[39m[31m[1m^[22m[39m[31m[1m^[22m[39m[31m[1m^[22m[39m[31m[1m^[22m[39m[31m[1m^[22m[39m[31m[1m^[22m[39m[31m[1m^[22m[39m[31m[1m^[22m[39m[31m[1m^[22m[39m[31m[1m^[22m[39m[31m[1m^[22m[39m[31m[1m^[22m[39m[31m[1m^[22m[39m[31m[1m^[22m[39m[31m[1m^[22m[39m[31m[1m^[22m[39m[31m[1m^[22m[39m[31m[1m^[22m[39m[31m[1m^[22m[39m[31m[1m^[22m[39m[31m[1m^[22m[39m[31m[1m^[22m[39m[31m[1m^[22m[39m[31m[1m^[22m[39m[31m[1m^[22m[39m[31m[1m^[22m[39m[31m[1m^[22m[39m[31m[1m^[22m[39m[31m[1m^[22m[39m[31m[1m^[22m[39m[31m[1m^[22m[39m[31m[1m^[22m[39m[31m[1m^[22m[39m[31m[1m^[22m[39m[31m[1m^[22m[39m[31m[1m^[22m[39m[31m[1m^[22m[39m[31m[1m^[22m[39m[31m[1m^[22m[39m[31m[1m^[22m[39m[31m[1m^[22m[39m[31m[1m^[22m[39m[31m[1m^[22m[39m[31m[1m^[22m[39m[31m[1m^[22m[39m[31m[1m^[22m[39m[31m[1m^[22m[39m[31m[1m^[22m[39m[31m[1m^[22m[39m[31m[1m^[22m[39m[31m[1m^[22m[39m[31m[1m^[22m[39m[31m[1m^[22m[39m[31m[1m^[22m[39m[31m[1m^[22m[39m[31m[1m^[22m[39m[31m[1m^[22m[39m[31m[1m^[22m[39m[31m[1m^[22m[39m[31m[1m^[22m[39m[31m[1m^[22m[39m[31m[1m^[22m[39m[31m[1m^[22m[39m[31m[1m^[22m[39m[31m[1m^[22m[39m[31m[1m^[22m[39m[31m[1m^[22m[39m[31m[1m^[22m[39m[31m[1m^[22m[39m[31m[1m^[22m[39m[31m[1m^[22m[39m[31m[1m^[22m[39m[31m[1m^[22m[39m[31m[1m^[22m[39m[31m[1m^[22m[39m[31m[1m^[22m[39m[31m[1m^[22m[39m[31m[1m^[22m[39m[31m[1m^[22m[39m[31m[1m^[22m[39m[31m[1m^[22m[39m[31m[1m^[22m[39m[31m[1m^[22m[39m[31m[1m^[22m[39m[31m[1m^[22m[39m[31m[1m^[22m[39m[31m[1m^[22m[39m[31m[1m^[22m[39m[31m[1m^[22m[39m[31m[1m^[22m[39m[31m[1m^[22m[39m[31m[1m^[22m[39m[31m[1m^[22m[39m[31m[1m^[22m[39m[31m[1m^[22m[39m[31m[1m^[22m[39m[31m[1m^[22m[39m[31m[1m^[22m[39m[31m[1m^[22m[39m[31m[1m^[22m[39m[31m[1m^[22m[39m[31m[1m^[22m[39m[31m[1m^[22m[39m[31m[1m^[22m[39m[31m[1m^[22m[39m[31m[1m^[22m[39m[31m[1m^[22m[39m[31m[1m^[22m[39m[31m[1m^[22m[39m[31m[1m^[22m[39m[31m[1m^[22m[39m[31m[1m^[22m[39m[31m[1m^[22m[39m[31m[1m^[22m[39m[31m[1m^[22m[39m[31m[1m^[22m[39m[31m[1m^[22m[39m[31m[1m^[22m[39m[31m[1m^[22m[39m[31m[1m^[22m[39m[31m[1m^[22m[39m[31m[1m^[22m[39m[31m[1m^[22m[39m[31m[1m^[22m[39m[31m[1m^[22m[39m[31m[1m^[22m[39m[31m[1m^[22m[39m[31m[1m^[22m[39m[31m[1m^[22m[39m[31m[1m^[22m[39m[31m[1m^[22m[39m[31m[1m^[22m[39m[31m[1m^[22m[39m[31m[1m^[22m[39m[31m[1m^[22m[39m[31m[1m^[22m[39m[31m[1m^[22m[39m[31m[1m^[22m[39m[31m[1m^[22m[39m[31m[1m^[22m[39m[31m[1m^[22m[39m[31m[1m^[22m[39m[31m[1m^[22m[39m[31m[1m^[22m[39m[31m[1m^[22m[39m[31m[1m^[22m[39m[31m[1m^[22m[39m[31m[1m^[22m[39m[31m[1m^[22m[39m[31m[1m^[22m[39m[31m[1m^[22m[39m[31m[1m^[22m[39m[31m[1m^[22m[39m[31m[1m^[22m[39m[31m[1m^[22m[39m[31m[1m^[22m[39m[31m[1m^[22m[39m[31m[1m^[22m[39m[31m[1m^[22m[39m[31m[1m^[22m[39m[31m[1m^[22m[39m[31m[1m^[22m[39m[31m[1m^[22m[39m[31m[1m^[22m[39m[31m[1m^[22m[39m[31m[1m^[22m[39m[31m[1m^[22m[39m[31m[1m^[22m[39m[31m[1m^[22m[39m[31m[1m^[22m[39m[31m[1m^[22m[39m[31m[1m^[22m[39m[31m[1m^[22m[39m[31m[1m^[22m[39m[31m[1m^[22m[39m[31m[1m^[22m[39m[31m[1m^[22m[39m[31m[1m^[22m[39m[31m[1m^[22m[39m[31m[1m^[22m[39m[31m[1m^[22m[39m[31m[1m^[22m[39m[31m[1m^[22m[39m[31m[1m^[22m[39m[31m[1m^[22m[39m[31m[1m^[22m[39m[31m[1m^[22m[39m[31m[1m^[22m[39m[31m[1m^[22m[39m[31m[1m^[22m[39m[31m[1m^[22m[39m[31m[1m^[22m[39m[31m[1m^[22m[39m[31m[1m^[22m[39m[31m[1m^[22m[39m[31m[1m^[22m[39m[31m[1m^[22m[39m[31m[1m^[22m[39m[31m[1m^[22m[39m[31m[1m^[22m[39m[31m[1m^[22m[39m[31m[1m^[22m[39m[31m[1m^[22m[39m[31m[1m^[22m[39m[31m[1m^[22m[39m[31m[1m^[22m[39m[31m[1m^[22m[39m[31m[1m^[22m[39m[31m[1m^[22m[39m[31m[1m^[22m[39m[31m[1m^[22m[39m[31m[1m^[22m[39m[31m[1m^[22m[39m[31m[1m^[22m[39m[31m[1m^[22m[39m[31m[1m^[22m[39m[31m[1m^[22m[39m[31m[1m^[22m[39m[31m[1m^[22m[39m[31m[1m^[22m[39m[31m[1m^[22m[39m[31m[1m^[22m[39m[31m[1m^[22m[39m[31m[1m^[22m[39m[31m[1m^[22m[39m[31m[1m^[22m[39m[31m[1m^[22m[39m[31m[1m^[22m[39m[31m[1m^[22m[39m[31m[1m^[22m[39m[31m[1m^[22m[39m[31m[1m^[22m[39m[31m[1m^[22m[39m[31m[1m^[22m[39m[31m[1m^[22m[39m[31m[1m^[22m[39m[31m[1m^[22m[39m[31m[1m^[22m[39m[31m[1m^[22m[39m[31m[1m^[22m[39m[31m[1m^[22m[39m[31m[1m^[22m[39m[31m[1m^[22m[39m[31m[1m^[22m[39m[31m[1m^[22m[39m[31m[1m^[22m[39m[31m[1m^[22m[39m[31m[1m^[22m[39m[31m[1m^[22m[39m[31m[1m^[22m[39m[31m[1m^[22m[39m[31m[1m^[22m[39m[31m[1m^[22m[39m[31m[1m^[22m[39m[31m[1m^[22m[39m[31m[1m^[22m[39m[31m[1m^[22m[39m[31m[1m^[22m[39m[31m[1m^[22m[39m[31m[1m^[22m[39m[31m[1m^[22m[39m[31m[1m^[22m[39m[31m[1m^[22m[39m[31m[1m^[22m[39m[31m[1m^[22m[39m[31m[1m^[22m[39m[31m[1m^[22m[39m[31m[1m^[22m[39m[31m[1m^[22m[39m[31m[1m^[22m[39m[31m[1m^[22m[39m[31m[1m^[22m[39m[31m[1m^[22m[39m[31m[1m^[22m[39m[31m[1m^[22m[39m[31m[1m^[22m[39m[31m[1m^[22m[39m[31m[1m^[22m[39m[31m[1m^[22m[39m[31m[1m^[22m[39m[31m[1m^[22m[39m[31m[1m^[22m[39m[31m[1m^[22m[39m[31m[1m^[22m[39m[31m[1m^[22m[39m[31m[1m^[22m[39m[31m[1m^[22m[39m[31m[1m^[22m[39m[31m[1m^[22m[39m[31m[1m^[22m[39m[31m[1m^[22m[39m[31m[1m^[22m[39m[31m[1m^[22m[39m[31m[1m^[22m[39m[31m[1m^[22m[39m[31m[1m^[22m[39m[31m[1m^[22m[39m[31m[1m^[22m[39m[31m[1m^[22m[39m[31m[1m^[22m[39m[31m[1m^[22m[39m[31m[1m^[22m[39m[31m[1m^[22m[39m[31m[1m^[22m[39m[31m[1m^[22m[39m[31m[1m^[22m[39m[31m[1m^[22m[39m[31m[1m^[22m[39m[31m[1m^[22m[39m[31m[1m^[22m[39m[31m[1m^[22m[39m[31m[1m^[22m[39m[31m[1m^[22m[39m[31m[1m^[22m[39m[31m[1m^[22m[39m[31m[1m^[22m[39m[31m[1m^[22m[39m[31m[1m^[22m[39m[31m[1m^[22m[39m[31m[1m^[22m[39m[31m[1m^[22m[39m[31m[1m^[22m[39m[31m[1m^[22m[39m[31m[1m^[22m[39m[31m[1m^[22m[39m[31m[1m^[22m[39m[31m[1m^[22m[39m[31m[1m^[22m[39m[31m[1m^[22m[39m[31m[1m^[22m[39m[31m[1m^[22m[39m[31m[1m^[22m[39m[31m[1m^[22m[39m[31m[1m^[22m[39m[31m[1m^[22m[39m[31m[1m^[22m[39m[31m[1m^[22m[39m[31m[1m^[22m[39m[31m[1m^[22m[39m[31m[1m^[22m[39m[31m[1m^[22m[39m[31m[1m^[22m[39m[31m[1m^[22m[39m[31m[1m^[22m[39m[31m[1m^[22m[39m[31m[1m^[22m[39m[31m[1m^[22m[39m[31m[1m^[22m[39m[31m[1m^[22m[39m[31m[1m^[22m[39m[31m[1m^[22m[39m[31m[1m^[22m[39m[31m[1m^[22m[39m[31m[1m^[22m[39m[31m[1m^[22m[39m[31m[1m^[22m[39m[31m[1m^[22m[39m[31m[1m^[22m[39m[31m[1m^[22m[39m[31m[1m^[22m[39m[31m[1m^[22m[39m[31m[1m^[22m[39m[31m[1m^[22m[39m[31m[1m^[22m[39m[31m[1m^[22m[39m[31m[1m^[22m[39m[31m[1m^[22m[39m[31m[1m^[22m[39m[31m[1m^[22m[39m[31m[1m^[22m[39m[31m[1m^[22m[39m[31m[1m^[22m[39m[31m[1m^[22m[39m[31m[1m^[22m[39m[31m[1m^[22m[39m[31m[1m^[22m[39m[31m[1m^[22m[39m[31m[1m^[22m[39m[31m[1m^[22m[39m[31m[1m^[22m[39m[31m[1m^[22m[39m[31m[1m^[22m[39m[31m[1m^[22m[39m[31m[1m^[22m[39m[31m[1m^[22m[39m[31m[1m^[22m[39m[31m[1m^[22m[39m[31m[1m^[22m[39m[31m[1m^[22m[39m[31m[1m^[22m[39m[31m[1m^[22m[39m[31m[1m^[22m[39m[31m[1m^[22m[39m[31m[1m^[22m[39m[31m[1m^[22m[39m[31m[1m^[22m[39m[31m[1m^[22m[39m[31m[1m^[22m[39m[31m[1m^[22m[39m[31m[1m^[22m[39m[31m[1m^[22m[39m[31m[1m^[22m[39m[31m[1m^[22m[39m[31m[1m^[22m[39m[31m[1m^[22m[39m[31m[1m^[22m[39m[31m[1m^[22m[39m[31m[1m^[22m[39m[31m[1m^[22m[39m[31m[1m^[22m[39m[31m[1m^[22m[39m[31m[1m^[22m[39m[31m[1m^[22m[39m[31m[1m^[22m[39m[31m[1m^[22m[39m[31m[1m^[22m[39m[31m[1m^[22m[39m[31m[1m^[22m[39m[31m[1m^[22m[39m[31m[1m^[22m[39m[31m[1m^[22m[39m[31m[1m^[22m[39m[31m[1m^[22m[39m[31m[1m^[22m[39m[31m[1m^[22m[39m[31m[1m^[22m[39m[31m[1m^[22m[39m[31m[1m^[22m[39m[31m[1m^[22m[39m[31m[1m^[22m[39m[31m[1m^[22m[39m[31m[1m^[22m[39m[31m[1m^[22m[39m[31m[1m^[22m[39m[31m[1m^[22m[39m[31m[1m^[22m[39m[31m[1m^[22m[39m[31m[1m^[22m[39m[31m[1m^[22m[39m[31m[1m^[22m[39m[31m[1m^[22m[39m[31m[1m^[22m[39m[31m[1m^[22m[39m[31m[1m^[22m[39m[31m[1m^[22m[39m[31m[1m^[22m[39m[31m[1m^[22m[39m[31m[1m^[22m[39m[31m[1m^[22m[39m[31m[1m^[22m[39m[31m[1m^[22m[39m[31m[1m^[22m[39m[31m[1m^[22m[39m[31m[1m^[22m[39m[31m[1m^[22m[39m[31m[1m^[22m[39m[31m[1m^[22m[39m[31m[1m^[22m[39m[31m[1m^[22m[39m[31m[1m^[22m[39m[31m[1m^[22m[39m[31m[1m^[22m[39m[31m[1m^[22m[39m[31m[1m^[22m[39m[31m[1m^[22m[39m[31m[1m^[22m[39m[31m[1m^[22m[39m[31m[1m^[22m[39m[31m[1m^[22m[39m[31m[1m^[22m[39m[31m[1m^[22m[39m[31m[1m^[22m[39m[31m[1m^[22m[39m[31m[1m^[22m[39m[31m[1m^[22m[39m[31m[1m^[22m[39m[31m[1m^[22m[39m[31m[1m^[22m[39m[31m[1m^[22m[39m[31m[1m^[22m[39m[31m[1m^[22m[39m[31m[1m^[22m[39m[31m[1m^[22m[39m[31m[1m^[22m[39m[31m[1m^[22m[39m[31m[1m^[22m[39m[31m[1m^[22m[39m[31m[1m^[22m[39m[31m[1m^[22m[39m[31m[1m^[22m[39m[31m[1m^[22m[39m[31m[1m^[22m[39m[31m[1m^[22m[39m[31m[1m^[22m[39m[31m[1m^[22m[39m[31m[1m^[22m[39m[31m[1m^[22m[39m[31m[1m^[22m[39m[31m[1m^[22m[39m[31m[1m^[22m[39m[31m[1m^[22m[39m[31m[1m^[22m[39m[31m[1m^[22m[39m[31m[1m^[22m[39m[31m[1m^[22m[39m[31m[1m^[22m[39m[31m[1m^[22m[39m[31m[1m^[22m[39m[31m[1m^[22m[39m[31m[1m^[22m[39m[31m[1m^[22m[39m[31m[1m^[22m[39m[31m[1m^[22m[39m[31m[1m^[22m[39m[31m[1m^[22m[39m[31m[1m^[22m[39m[31m[1m^[22m[39m[31m[1m^[22m[39m[31m[1m^[22m[39m[31m[1m^[22m[39m[31m[1m^[22m[39m[31m[1m^[22m[39m[31m[1m^[22m[39m[31m[1m^[22m[39m[31m[1m^[22m[39m[31m[1m^[22m[39m[31m[1m^[22m[39m[31m[1m^[22m[39m[31m[1m^[22m[39m[31m[1m^[22m[39m[31m[1m^[22m[39m[31m[1m^[22m[39m[31m[1m^[22m[39m[31m[1m^[22m[39m[31m[1m^[22m[39m[31m[1m^[22m[39m[31m[1m^[22m[39m[31m[1m^[22m[39m[31m[1m^[22m[39m[31m[1m^[22m[39m[31m[1m^[22m[39m[31m[1m^[22m[39m[31m[1m^[22m[39m[31m[1m^[22m[39m[31m[1m^[22m[39m[31m[1m^[22m[39m[31m[1m^[22m[39m[31m[1m^[22m[39m[31m[1m^[22m[39m[31m[1m^[22m[39m[31m[1m^[22m[39m[31m[1m^[22m[39m[31m[1m^[22m[39m[31m[1m^[22m[39m[31m[1m^[22m[39m[31m[1m^[22m[39m[31m[1m^[22m[39m[31m[1m^[22m[39m[31m[1m^[22m[39m[31m[1m^[22m[39m[31m[1m^[22m[39m[31m[1m^[22m[39m[31m[1m^[22m[39m[31m[1m^[22m[39m[31m[1m^[22m[39m[31m[1m^[22m[39m[31m[1m^[22m[39m[31m[1m^[22m[39m[31m[1m^[22m[39m[31m[1m^[22m[39m[31m[1m^[22m[39m[31m[1m^[22m[39m[31m[1m^[22m[39m[31m[1m^[22m[39m[31m[1m^[22m[39m[31m[1m^[22m[39m[31m[1m^[22m[39m[31m[1m^[22m[39m[31m[1m^[22m[39m[31m[1m^[22m[39m[31m[1m^[22m[39m[31m[1m^[22m[39m[31m[1m^[22m[39m[31m[1m^[22m[39m[31m[1m^[22m[39m[31m[1m^[22m[39m[31m[1m^[22m[39m[31m[1m^[22m[39m[31m[1m^[22m[39m[31m[1m^[22m[39m[31m[1m^[22m[39m[31m[1m^[22m[39m[31m[1m^[22m[39m[31m[1m^[22m[39m[31m[1m^[22m[39m[31m[1m^[22m[39m[31m[1m^[22m[39m[31m[1m^[22m[39m[31m[1m^[22m[39m[31m[1m^[22m[39m[31m[1m^[22m[39m[31m[1m^[22m[39m[31m[1m^[22m[39m[31m[1m^[22m[39m[31m[1m^[22m[39m[31m[1m^[22m[39m[31m[1m^[22m[39m[31m[1m^[22m[39m[31m[1m^[22m[39m[31m[1m^[22m[39m[31m[1m^[22m[39m[31m[1m^[22m[39m[31m[1m^[22m[39m[31m[1m^[22m[39m[31m[1m^[22m[39m[31m[1m^[22m[39m[31m[1m^[22m[39m[31m[1m^[22m[39m[31m[1m^[22m[39m[31m[1m^[22m[39m[31m[1m^[22m[39m[31m[1m^[22m[39m[31m[1m^[22m[39m[31m[1m^[22m[39m[31m[1m^[22m[39m[31m[1m^[22m[39m[31m[1m^[22m[39m[31m[1m^[22m[39m[31m[1m^[22m[39m[31m[1m^[22m[39m[31m[1m^[22m[39m[31m[1m^[22m[39m[31m[1m^[22m[39m[31m[1m^[22m[39m[31m[1m^[22m[39m[31m[1m^[22m[39m[31m[1m^[22m[39m[31m[1m^[22m[39m[31m[1m^[22m[39m[31m[1m^[22m[39m[31m[1m^[22m[39m[31m[1m^[22m[39m[31m[1m^[22m[39m[31m[1m^[22m[39m[31m[1m^[22m[39m[31m[1m^[22m[39m[31m[1m^[22m[39m[31m[1m^[22m[39m[31m[1m^[22m[39m[31m[1m^[22m[39m[31m[1m^[22m[39m[31m[1m^[22m[39m[31m[1m^[22m[39m[31m[1m^[22m[39m[31m[1m^[22m[39m[31m[1m^[22m[39m[31m[1m^[22m[39m[31m[1m^[22m[39m[31m[1m^[22m[39m[31m[1m^[22m[39m[31m[1m^[22m[39m[31m[1m^[22m[39m[31m[1m^[22m[39m[31m[1m^[22m[39m[31m[1m^[22m[39m[31m[1m^[22m[39m[31m[1m^[22m[39m[31m[1m^[22m[39m[31m[1m^[22m[39m[31m[1m^[22m[39m[31m[1m^[22m[39m[31m[1m^[22m[39m[31m[1m^[22m[39m[31m[1m^[22m[39m[31m[1m^[22m[39m[31m[1m^[22m[39m[31m[1m^[22m[39m[31m[1m^[22m[39m[31m[1m^[22m[39m[31m[1m^[22m[39m[31m[1m^[22m[39m[31m[1m^[22m[39m[31m[1m^[22m[39m[31m[1m^[22m[39m[31m[1m^[22m[39m[31m[1m^[22m[39m[31m[1m^[22m[39m[31m[1m^[22m[39m[31m[1m^[22m[39m[31m[1m^[22m[39m[31m[1m^[22m[39m[31m[1m^[22m[39m[31m[1m^[22m[39m[31m[1m^[22m[39m[31m[1m^[22m[39m[31m[1m^[22m[39m[31m[1m^[22m[39m[31m[1m^[22m[39m[31m[1m^[22m[39m[31m[1m^[22m[39m[31m[1m^[22m[39m[31m[1m^[22m[39m[31m[1m^[22m[39m[31m[1m^[22m[39m[31m[1m^[22m[39m[31m[1m^[22m[39m[31m[1m^[22m[39m[31m[1m^[22m[39m[31m[1m^[22m[39m[31m[1m^[22m[39m[31m[1m^[22m[39m[31m[1m^[22m[39m[31m[1m^[22m[39m[31m[1m^[22m[39m[31m[1m^[22m[39m[31m[1m^[22m[39m[31m[1m^[22m[39m[31m[1m^[22m[39m[31m[1m^[22m[39m[31m[1m^[22m[39m[31m[1m^[22m[39m[31m[1m^[22m[39m[31m[1m^[22m[39m[31m[1m^[22m[39m[31m[1m^[22m[39m[31m[1m^[22m[39m[31m[1m^[22m[39m[31m[1m^[22m[39m[31m[1m^[22m[39m[31m[1m^[22m[39m[31m[1m^[22m[39m[31m[1m^[22m[39m[31m[1m^[22m[39m[31m[1m^[22m[39m[31m[1m^[22m[39m[31m[1m^[22m[39m[31m[1m^[22m[39m[31m[1m^[22m[39m[31m[1m^[22m[39m[31m[1m^[22m[39m[31m[1m^[22m[39m[31m[1m^[22m[39m[31m[1m^[22m[39m[31m[1m^[22m[39m[31m[1m^[22m[39m[31m[1m^[22m[39m[31m[1m^[22m[39m[31m[1m^[22m[39m[31m[1m^[22m[39m[31m[1m^[22m[39m[31m[1m^[22m[39m[31m[1m^[22m[39m[31m[1m^[22m[39m[31m[1m^[22m[39m[31m[1m^[22m[39m[31m[1m^[22m[39m[31m[1m^[22m[39m[31m[1m^[22m[39m[31m[1m^[22m[39m[31m[1m^[22m[39m[31m[1m^[22m[39m[31m[1m^[22m[39m[31m[1m^[22m[39m[31m[1m^[22m[39m[31m[1m^[22m[39m[31m[1m^[22m[39m[31m[1m^[22m[39m[31m[1m^[22m[39m[31m[1m^[22m[39m[31m[1m^[22m[39m[31m[1m^[22m[39m[31m[1m^[22m[39m[31m[1m^[22m[39m[31m[1m^[22m[39m[31m[1m^[22m[39m[31m[1m^[22m[39m[31m[1m^[22m[39m[31m[1m^[22m[39m[31m[1m^[22m[39m[31m[1m^[22m[39m[31m[1m^[22m[39m[31m[1m^[22m[39m[31m[1m^[22m[39m[31m[1m^[22m[39m[31m[1m^[22m[39m[31m[1m^[22m[39m[31m[1m^[22m[39m[31m[1m^[22m[39m[31m[1m^[22m[39m[31m[1m^[22m[39m[31m[1m^[22m[39m[31m[1m^[22m[39m[31m[1m^[22m[39m[31m[1m^[22m[39m[31m[1m^[22m[39m[31m[1m^[22m[39m[31m[1m^[22m[39m[31m[1m^[22m[39m[31m[1m^[22m[39m[31m[1m^[22m[39m[31m[1m^[22m[39m[31m[1m^[22m[39m[31m[1m^[22m[39m[31m[1m^[22m[39m[31m[1m^[22m[39m[31m[1m^[22m[39m[31m[1m^[22m[39m[31m[1m^[22m[39m[31m[1m^[22m[39m[31m[1m^[22m[39m[31m[1m^[22m[39m[31m[1m^[22m[39m[31m[1m^[22m[39m[31m[1m^[22m[39m[31m[1m^[22m[39m[31m[1m^[22m[39m[31m[1m^[22m[39m[31m[1m^[22m[39m[31m[1m^[22m[39m[31m[1m^[22m[39m[31m[1m^[22m[39m[31m[1m^[22m[39m[31m[1m^[22m[39m[31m[1m^[22m[39m[31m[1m^[22m[39m[31m[1m^[22m[39m[31m[1m^[22m[39m[31m[1m^[22m[39m[31m[1m^[22m[39m[31m[1m^[22m[39m[31m[1m^[22m[39m[31m[1m^[22m[39m[31m[1m^[22m[39m[31m[1m^[22m[39m[31m[1m^[22m[39m[31m[1m^[22m[39m[31m[1m^[22m[39m[31m[1m^[22m[39m[31m[1m^[22m[39m[31m[1m^[22m[39m[31m[1m^[22m[39m[31m[1m^[22m[39m[31m[1m^[22m[39m[31m[1m^[22m[39m[31m[1m^[22m[39m[31m[1m^[22m[39m[31m[1m^[22m[39m[31m[1m^[22m[39m[31m[1m^[22m[39m[31m[1m^[22m[39m[31m[1m^[22m[39m[31m[1m^[22m[39m[31m[1m^[22m[39m[31m[1m^[22m[39m[31m[1m^[22m[39m[31m[1m^[22m[39m[31m[1m^[22m[39m[31m[1m^[22m[39m[31m[1m^[22m[39m[31m[1m^[22m[39m[31m[1m^[22m[39m[31m[1m^[22m[39m[31m[1m^[22m[39m[31m[1m^[22m[39m[31m[1m^[22m[39m[31m[1m^[22m[39m[31m[1m^[22m[39m[31m[1m^[22m[39m[31m[1m^[22m[39m[31m[1m^[22m[39m[31m[1m^[22m[39m[31m[1m^[22m[39m[31m[1m^[22m[39m[31m[1m^[22m[39m[31m[1m^[22m[39m[31m[1m^[22m[39m[31m[1m^[22m[39m[31m[1m^[22m[39m[31m[1m^[22m[39m[31m[1m^[22m[39m[31m[1m^[22m[39m[31m[1m^[22m[39m[31m[1m^[22m[39m[31m[1m^[22m[39m[31m[1m^[22m[39m[31m[1m^[22m[39m[31m[1m^[22m[39m[31m[1m^[22m[39m[31m[1m^[22m[39m[31m[1m^[22m[39m[31m[1m^[22m[39m[31m[1m^[22m[39m[31m[1m^[22m[39m[31m[1m^[22m[39m[31m[1m^[22m[39m[31m[1m^[22m[39m[31m[1m^[22m[39m[31m[1m^[22m[39m[31m[1m^[22m[39m[31m[1m^[22m[39m[31m[1m^[22m[39m[31m[1m^[22m[39m[31m[1m^[22m[39m[31m[1m^[22m[39m[31m[1m^[22m[39m[31m[1m^[22m[39m[31m[1m^[22m[39m[31m[1m^[22m[39m[31m[1m^[22m[39m[31m[1m^[22m[39m[31m[1m^[22m[39m[31m[1m^[22m[39m[31m[1m^[22m[39m[31m[1m^[22m[39m[31m[1m^[22m[39m[31m[1m^[22m[39m[31m[1m^[22m[39m[31m[1m^[22m[39m[31m[1m^[22m[39m[31m[1m^[22m[39m[31m[1m^[22m[39m[31m[1m^[22m[39m[31m[1m^[22m[39m[31m[1m^[22m[39m[31m[1m^[22m[39m[31m[1m^[22m[39m[31m[1m^[22m[39m[31m[1m^[22m[39m[31m[1m^[22m[39m[31m[1m^[22m[39m[31m[1m^[22m[39m[31m[1m^[22m[39m[31m[1m^[22m[39m[31m[1m^[22m[39m[31m[1m^[22m[39m[31m[1m^[22m[39m[31m[1m^[22m[39m[31m[1m^[22m[39m[31m[1m^[22m[39m[31m[1m^[22m[39m[31m[1m^[22m[39m[31m[1m^[22m[39m[31m[1m^[22m[39m[31m[1m^[22m[39m[31m[1m^[22m[39m[31m[1m^[22m[39m[31m[1m^[22m[39m[31m[1m^[22m[39m[31m[1m^[22m[39m[31m[1m^[22m[39m[31m[1m^[22m[39m[31m[1m^[22m[39m
[31m[1m>[22m[39m[90m 4 |[39m } [90m/** * GET - List all variations for a product */[39m
 [90m   |[39m [31m[1m^[22m[39m[31m[1m^[22m[39m
 [90m 5 |[39m [36mexport[39m [36masync[39m [36mfunction[39m [33mGET[39m(req[33m:[39m [33mNextRequest[39m) { [36mtry[39m { [36mconst[39m { searchParams } [33m=[39m [36mnew[39m [33mURL[39m(req[33m.[39murl)[33m;[39m [36mconst[39m productId [33m=[39m searchParams[33m.[39m[36mget[39m([32m'productId'[39m)[33m;[39m [36mif[39m ([33m![39mproductId) { [36mreturn[39m [33mNextResponse[39m[33m.[39mjson( { success[33m:[39m [36mfalse[39m[33m,[39m error[33m:[39m [32m'productId required'[39m }[33m,[39m { status[33m:[39m [35m400[39m } )[33m;[39m } [36mconst[39m variations [33m=[39m [36mawait[39m [33mCreativeStorageService[39m[33m.[39mgetByProduct(productId[33m,[39m { generatedBy[33m:[39m [32m'quick-variations'[39m[33m,[39m limit[33m:[39m [35m50[39m })[33m;[39m [36mreturn[39m [33mNextResponse[39m[33m.[39mjson({ success[33m:[39m [36mtrue[39m[33m,[39m variations[33m,[39m count[33m:[39m variations[33m.[39mlength })[33m;[39m } [36mcatch[39m (error[33m:[39m any) { console[33m.[39merror([32m'[QuickVariations GET] Error:'[39m[33m,[39m error)[33m;[39m [36mreturn[39m [33mNextResponse[39m[33m.[39mjson( { success[33m:[39m [36mfalse[39m[33m,[39m error[33m:[39m error[33m.[39mmessage }[33m,[39m { status[33m:[39m [35m500[39m } )[33m;[39m }
 [90m 6 |[39m }
 [90m 7 |[39m[0m

'const' declarations must be initialized


./src/app/api/creative/specs/route.ts:3:2
Parsing ecmascript source code failed
[0m [90m 1 |[39m [36mimport[39m { [33mNextResponse[39m } [36mfrom[39m [32m"next/server"[39m[33m;[39m
 [90m 2 |[39m [36mimport[39m { prisma } [36mfrom[39m [32m"@/lib/prisma"[39m[33m;[39m [36mexport[39m [36masync[39m [36mfunction[39m [33mGET[39m(req[33m:[39m [33mRequest[39m) { [36mtry[39m { [36mconst[39m { searchParams } [33m=[39m [36mnew[39m [33mURL[39m(req[33m.[39murl)[33m;[39m [36mconst[39m productId [33m=[39m searchParams[33m.[39m[36mget[39m([32m"productId"[39m)[33m;[39m [36mif[39m ([33m![39mproductId) { [36mreturn[39m [33mNextResponse[39m[33m.[39mjson({ error[33m:[39m [32m"Missing productId"[39m }[33m,[39m { status[33m:[39m [35m400[39m })[33m;[39m } [36mconst[39m product [33m=[39m [36mawait[39m prisma[33m.[39mproduct[33m.[39mfindUnique({ where[33m:[39m { id[33m:[39m productId }[33m,[39m include[33m:[39m { avatarResearches[33m:[39m { orderBy[33m:[39m { createdAt[33m:[39m [32m'desc'[39m }[33m,[39m take[33m:[39m [35m1[39m }[33m,[39m angles[33m:[39m { where[33m:[39m { isWinner[33m:[39m [36mtrue[39m }[33m,[39m take[33m:[39m [35m3[39m } } })[33m;[39m [36mif[39m ([33m![39mproduct) { [36mreturn[39m [33mNextResponse[39m[33m.[39mjson({ error[33m:[39m [32m"Product not found"[39m }[33m,[39m { status[33m:[39m [35m404[39m })[33m;[39m } [36mconst[39m research [33m=[39m product[33m.[39mavatarResearches[[35m0[39m] [33m||[39m {}[33m;[39m [36mconst[39m angles [33m=[39m product[33m.[39mangles[33m.[39mlength [33m>[39m [35m0[39m [33m?[39m product[33m.[39mangles [33m:[39m [][33m;[39m [90m// Build strategic context const context = { productName: product.title, description: product.description, angles: angles.map(a => ({ title: a.title, hook: a.hook, benefit: a.benefit })), targetAvatar: { desires: research.desires, fears: research.fears, mainDesire: research.mainDesire }, compliance: { safeMode: !!searchParams.get("safeMode") // Default to store preference if needed } }; // Standardized prompt builders const specs = { STATIC_AD: { prompt: `High-end commercial photography for ${product.title}. Aesthetic: Premium, clean, minimal. Narrative hook: ${angles[0]?.hook || 'Unbeatable value'}. Target emotions: ${research.desires || 'Satisfaction'}.`, aspect_ratio: "1:1" }, IMAGE_TO_VIDEO: { prompt: `A dynamic UGC-style video showcasing ${product.title}. The person looks ${research.howTheyTalk || 'happy and relatable'}. Action: Unboxing and testing. Hook: ${angles[0]?.benefit || 'Saves time'}.`, aspect_ratio: "9:16" }, AVATAR_LIPSYNC: { prompt: `A professional spokesperson presenting ${product.title}. Script focus: ${research.whyItSells || 'Key product features'}. Tone: Persuasive but natural.`, aspect_ratio: "9:16" }, COPYWRITING: { prompt: `Write a high-converting Facebook Ad copy for ${product.title}. Angle: ${angles[0]?.title || 'Direct Response'}. Focus on: ${research.mainDesire || 'Primary benefit'}. Include a strong Hook and CTA.`, format: "AD_STATIC" } }; return NextResponse.json({ success: true, context, specs }); } catch (error: any) { return NextResponse.json({ error: error.message }, { status: 500 }); }[39m
[31m[1m>[22m[39m[90m 3 |[39m }
 [90m   |[39m  [31m[1m^[22m[39m
 [90m 4 |[39m[0m

Expected '}', got '<eof>'


./src/app/api/creative/specs/route.ts:3:2
Parsing ecmascript source code failed
[0m [90m 1 |[39m [36mimport[39m { [33mNextResponse[39m } [36mfrom[39m [32m"next/server"[39m[33m;[39m
 [90m 2 |[39m [36mimport[39m { prisma } [36mfrom[39m [32m"@/lib/prisma"[39m[33m;[39m [36mexport[39m [36masync[39m [36mfunction[39m [33mGET[39m(req[33m:[39m [33mRequest[39m) { [36mtry[39m { [36mconst[39m { searchParams } [33m=[39m [36mnew[39m [33mURL[39m(req[33m.[39murl)[33m;[39m [36mconst[39m productId [33m=[39m searchParams[33m.[39m[36mget[39m([32m"productId"[39m)[33m;[39m [36mif[39m ([33m![39mproductId) { [36mreturn[39m [33mNextResponse[39m[33m.[39mjson({ error[33m:[39m [32m"Missing productId"[39m }[33m,[39m { status[33m:[39m [35m400[39m })[33m;[39m } [36mconst[39m product [33m=[39m [36mawait[39m prisma[33m.[39mproduct[33m.[39mfindUnique({ where[33m:[39m { id[33m:[39m productId }[33m,[39m include[33m:[39m { avatarResearches[33m:[39m { orderBy[33m:[39m { createdAt[33m:[39m [32m'desc'[39m }[33m,[39m take[33m:[39m [35m1[39m }[33m,[39m angles[33m:[39m { where[33m:[39m { isWinner[33m:[39m [36mtrue[39m }[33m,[39m take[33m:[39m [35m3[39m } } })[33m;[39m [36mif[39m ([33m![39mproduct) { [36mreturn[39m [33mNextResponse[39m[33m.[39mjson({ error[33m:[39m [32m"Product not found"[39m }[33m,[39m { status[33m:[39m [35m404[39m })[33m;[39m } [36mconst[39m research [33m=[39m product[33m.[39mavatarResearches[[35m0[39m] [33m||[39m {}[33m;[39m [36mconst[39m angles [33m=[39m product[33m.[39mangles[33m.[39mlength [33m>[39m [35m0[39m [33m?[39m product[33m.[39mangles [33m:[39m [][33m;[39m [90m// Build strategic context const context = { productName: product.title, description: product.description, angles: angles.map(a => ({ title: a.title, hook: a.hook, benefit: a.benefit })), targetAvatar: { desires: research.desires, fears: research.fears, mainDesire: research.mainDesire }, compliance: { safeMode: !!searchParams.get("safeMode") // Default to store preference if needed } }; // Standardized prompt builders const specs = { STATIC_AD: { prompt: `High-end commercial photography for ${product.title}. Aesthetic: Premium, clean, minimal. Narrative hook: ${angles[0]?.hook || 'Unbeatable value'}. Target emotions: ${research.desires || 'Satisfaction'}.`, aspect_ratio: "1:1" }, IMAGE_TO_VIDEO: { prompt: `A dynamic UGC-style video showcasing ${product.title}. The person looks ${research.howTheyTalk || 'happy and relatable'}. Action: Unboxing and testing. Hook: ${angles[0]?.benefit || 'Saves time'}.`, aspect_ratio: "9:16" }, AVATAR_LIPSYNC: { prompt: `A professional spokesperson presenting ${product.title}. Script focus: ${research.whyItSells || 'Key product features'}. Tone: Persuasive but natural.`, aspect_ratio: "9:16" }, COPYWRITING: { prompt: `Write a high-converting Facebook Ad copy for ${product.title}. Angle: ${angles[0]?.title || 'Direct Response'}. Focus on: ${research.mainDesire || 'Primary benefit'}. Include a strong Hook and CTA.`, format: "AD_STATIC" } }; return NextResponse.json({ success: true, context, specs }); } catch (error: any) { return NextResponse.json({ error: error.message }, { status: 500 }); }[39m
[31m[1m>[22m[39m[90m 3 |[39m }
 [90m   |[39m  [31m[1m^[22m[39m
 [90m 4 |[39m[0m

Expected a semicolon


./src/app/api/debug/ads/route.ts:5:2
Parsing ecmascript source code failed
[0m [90m 3 |[39m [36mimport[39m { prisma } [36mfrom[39m [32m'@/lib/prisma'[39m[33m;[39m
 [90m 4 |[39m [36mimport[39m { getMetaAdsService } [36mfrom[39m [32m'@/lib/marketing/meta-ads'[39m[33m;[39m [36mexport[39m [36masync[39m [36mfunction[39m [33mGET[39m() { [36mtry[39m { [36mconst[39m store [33m=[39m [36mawait[39m prisma[33m.[39mstore[33m.[39mfindFirst()[33m;[39m [36mif[39m ([33m![39mstore) [36mreturn[39m [33mNextResponse[39m[33m.[39mjson({ error[33m:[39m [32m"No store found"[39m }[33m,[39m { status[33m:[39m [35m404[39m })[33m;[39m [36mconst[39m service [33m=[39m [36mawait[39m getMetaAdsService(prisma[33m,[39m store[33m.[39mid)[33m;[39m [90m// 1. Fetch Accounts from Meta const metaAccounts = await service.getAdAccounts(); // 2. Fetch DB Metrics for Today const today = new Date(); today.setHours(0, 0, 0, 0); const dbMetrics = await prisma.adMetricDaily.findMany({ where: { storeId: store.id, date: { gte: today } }, select: { level: true, platform: true, externalId: true, name: true, metricsNorm: true } }); // 3. Analyze DB Data const dbSummary: any = {}; dbMetrics.forEach((m: any) => { const norm = typeof m.metricsNorm === 'string' ? JSON.parse(m.metricsNorm) : m.metricsNorm; const accId = norm.account_id || 'UNKNOWN'; if (!dbSummary[accId]) dbSummary[accId] = { count: 0, campaigns: [] }; dbSummary[accId].count++; if (m.level === 'CAMPAIGN') dbSummary[accId].campaigns.push(m.name); }); return NextResponse.json({ success: true, meta_accounts: metaAccounts.map((a: any) => ({ id: a.id, name: a.name, status: a.account_status })), db_summary: dbSummary, total_db_records: dbMetrics.length }); } catch (error: any) { return NextResponse.json({ success: false, error: error.message, stack: error.stack }, { status: 500 }); }[39m
[31m[1m>[22m[39m[90m 5 |[39m }
 [90m   |[39m  [31m[1m^[22m[39m
 [90m 6 |[39m[0m

Expected '}', got '<eof>'


./src/app/api/debug/ads/route.ts:5:2
Parsing ecmascript source code failed
[0m [90m 3 |[39m [36mimport[39m { prisma } [36mfrom[39m [32m'@/lib/prisma'[39m[33m;[39m
 [90m 4 |[39m [36mimport[39m { getMetaAdsService } [36mfrom[39m [32m'@/lib/marketing/meta-ads'[39m[33m;[39m [36mexport[39m [36masync[39m [36mfunction[39m [33mGET[39m() { [36mtry[39m { [36mconst[39m store [33m=[39m [36mawait[39m prisma[33m.[39mstore[33m.[39mfindFirst()[33m;[39m [36mif[39m ([33m![39mstore) [36mreturn[39m [33mNextResponse[39m[33m.[39mjson({ error[33m:[39m [32m"No store found"[39m }[33m,[39m { status[33m:[39m [35m404[39m })[33m;[39m [36mconst[39m service [33m=[39m [36mawait[39m getMetaAdsService(prisma[33m,[39m store[33m.[39mid)[33m;[39m [90m// 1. Fetch Accounts from Meta const metaAccounts = await service.getAdAccounts(); // 2. Fetch DB Metrics for Today const today = new Date(); today.setHours(0, 0, 0, 0); const dbMetrics = await prisma.adMetricDaily.findMany({ where: { storeId: store.id, date: { gte: today } }, select: { level: true, platform: true, externalId: true, name: true, metricsNorm: true } }); // 3. Analyze DB Data const dbSummary: any = {}; dbMetrics.forEach((m: any) => { const norm = typeof m.metricsNorm === 'string' ? JSON.parse(m.metricsNorm) : m.metricsNorm; const accId = norm.account_id || 'UNKNOWN'; if (!dbSummary[accId]) dbSummary[accId] = { count: 0, campaigns: [] }; dbSummary[accId].count++; if (m.level === 'CAMPAIGN') dbSummary[accId].campaigns.push(m.name); }); return NextResponse.json({ success: true, meta_accounts: metaAccounts.map((a: any) => ({ id: a.id, name: a.name, status: a.account_status })), db_summary: dbSummary, total_db_records: dbMetrics.length }); } catch (error: any) { return NextResponse.json({ success: false, error: error.message, stack: error.stack }, { status: 500 }); }[39m
[31m[1m>[22m[39m[90m 5 |[39m }
 [90m   |[39m  [31m[1m^[22m[39m
 [90m 6 |[39m[0m

Expected a semicolon


./src/app/api/debug/check-data/route.ts:4:2
Parsing ecmascript source code failed
[0m [90m 2 |[39m [36mimport[39m { [33mNextResponse[39m } [36mfrom[39m [32m"next/server"[39m[33m;[39m
 [90m 3 |[39m [36mimport[39m { prisma } [36mfrom[39m [32m"@/lib/prisma"[39m[33m;[39m [36mexport[39m [36masync[39m [36mfunction[39m [33mGET[39m() { [36mtry[39m { [36mconst[39m now [33m=[39m [36mnew[39m [33mDate[39m()[33m;[39m [36mconst[39m todayStr [33m=[39m now[33m.[39mtoISOString()[33m.[39msplit([32m'T'[39m)[[35m0[39m][33m;[39m [36mconst[39m count [33m=[39m [36mawait[39m prisma[33m.[39madMetricDaily[33m.[39mcount()[33m;[39m [36mconst[39m todayCount [33m=[39m [36mawait[39m prisma[33m.[39madMetricDaily[33m.[39mcount({ where[33m:[39m { date[33m:[39m { gte[33m:[39m [36mnew[39m [33mDate[39m(todayStr) } } })[33m;[39m [36mlet[39m sample [33m=[39m [36mnull[39m[33m;[39m [36mif[39m (todayCount [33m>[39m [35m0[39m) { sample [33m=[39m [36mawait[39m prisma[33m.[39madMetricDaily[33m.[39mfindFirst({ where[33m:[39m { date[33m:[39m { gte[33m:[39m [36mnew[39m [33mDate[39m(todayStr) } } })[33m;[39m } [36melse[39m { [90m// Get last record to see when it stopped sample = await prisma.adMetricDaily.findFirst({ orderBy: { date: 'desc' } }); } return NextResponse.json({ success: true, totalRows: count, todayRows: todayCount, dateChecked: todayStr, sampleOrLastRecord: sample }); } catch (e: any) { return NextResponse.json({ error: e.message }, { status: 500 }); }[39m
[31m[1m>[22m[39m[90m 4 |[39m }
 [90m   |[39m  [31m[1m^[22m[39m
 [90m 5 |[39m[0m

Expected '}', got '<eof>'


./src/app/api/debug/check-data/route.ts:4:2
Parsing ecmascript source code failed
[0m [90m 2 |[39m [36mimport[39m { [33mNextResponse[39m } [36mfrom[39m [32m"next/server"[39m[33m;[39m
 [90m 3 |[39m [36mimport[39m { prisma } [36mfrom[39m [32m"@/lib/prisma"[39m[33m;[39m [36mexport[39m [36masync[39m [36mfunction[39m [33mGET[39m() { [36mtry[39m { [36mconst[39m now [33m=[39m [36mnew[39m [33mDate[39m()[33m;[39m [36mconst[39m todayStr [33m=[39m now[33m.[39mtoISOString()[33m.[39msplit([32m'T'[39m)[[35m0[39m][33m;[39m [36mconst[39m count [33m=[39m [36mawait[39m prisma[33m.[39madMetricDaily[33m.[39mcount()[33m;[39m [36mconst[39m todayCount [33m=[39m [36mawait[39m prisma[33m.[39madMetricDaily[33m.[39mcount({ where[33m:[39m { date[33m:[39m { gte[33m:[39m [36mnew[39m [33mDate[39m(todayStr) } } })[33m;[39m [36mlet[39m sample [33m=[39m [36mnull[39m[33m;[39m [36mif[39m (todayCount [33m>[39m [35m0[39m) { sample [33m=[39m [36mawait[39m prisma[33m.[39madMetricDaily[33m.[39mfindFirst({ where[33m:[39m { date[33m:[39m { gte[33m:[39m [36mnew[39m [33mDate[39m(todayStr) } } })[33m;[39m } [36melse[39m { [90m// Get last record to see when it stopped sample = await prisma.adMetricDaily.findFirst({ orderBy: { date: 'desc' } }); } return NextResponse.json({ success: true, totalRows: count, todayRows: todayCount, dateChecked: todayStr, sampleOrLastRecord: sample }); } catch (e: any) { return NextResponse.json({ error: e.message }, { status: 500 }); }[39m
[31m[1m>[22m[39m[90m 4 |[39m }
 [90m   |[39m  [31m[1m^[22m[39m
 [90m 5 |[39m[0m

Expected a semicolon


./src/app/api/diag-sync/route.ts:3:2
Parsing ecmascript source code failed
[0m [90m 1 |[39m [36mimport[39m { [33mNextRequest[39m[33m,[39m [33mNextResponse[39m } [36mfrom[39m [32m"next/server"[39m[33m;[39m
 [90m 2 |[39m [36mimport[39m { getConnectionSecret[33m,[39m getConnectionMeta } [36mfrom[39m [32m"@/lib/server/connections"[39m[33m;[39m [36mexport[39m [36masync[39m [36mfunction[39m [33mGET[39m(request[33m:[39m [33mNextRequest[39m) { [36mtry[39m { [36mconst[39m storeId [33m=[39m [32m'cmlxrad5405b826d99j9kpgyy'[39m[33m;[39m [90m// AleCare Shop const provider = 'SHOPIFY'; console.log(`[API] Testing Connection Fetches for ${storeId} - ${provider}`); const secret = await getConnectionSecret(storeId, provider); const meta = await getConnectionMeta(storeId, provider); return NextResponse.json({ success: true, secretIsDefined: !!secret, secretValuePreview: secret ? secret.substring(0, 5) + '...' : null, metaIsDefined: !!meta, extraConfigIsDefined: !!meta?.extraConfig, extraConfigPreview: meta?.extraConfig, }); } catch (e: any) { return NextResponse.json({ success: false, error: e.message, raw: String(e) }); }[39m
[31m[1m>[22m[39m[90m 3 |[39m }
 [90m   |[39m  [31m[1m^[22m[39m
 [90m 4 |[39m[0m

Expected '}', got '<eof>'


./src/app/api/diag-sync/route.ts:3:2
Parsing ecmascript source code failed
[0m [90m 1 |[39m [36mimport[39m { [33mNextRequest[39m[33m,[39m [33mNextResponse[39m } [36mfrom[39m [32m"next/server"[39m[33m;[39m
 [90m 2 |[39m [36mimport[39m { getConnectionSecret[33m,[39m getConnectionMeta } [36mfrom[39m [32m"@/lib/server/connections"[39m[33m;[39m [36mexport[39m [36masync[39m [36mfunction[39m [33mGET[39m(request[33m:[39m [33mNextRequest[39m) { [36mtry[39m { [36mconst[39m storeId [33m=[39m [32m'cmlxrad5405b826d99j9kpgyy'[39m[33m;[39m [90m// AleCare Shop const provider = 'SHOPIFY'; console.log(`[API] Testing Connection Fetches for ${storeId} - ${provider}`); const secret = await getConnectionSecret(storeId, provider); const meta = await getConnectionMeta(storeId, provider); return NextResponse.json({ success: true, secretIsDefined: !!secret, secretValuePreview: secret ? secret.substring(0, 5) + '...' : null, metaIsDefined: !!meta, extraConfigIsDefined: !!meta?.extraConfig, extraConfigPreview: meta?.extraConfig, }); } catch (e: any) { return NextResponse.json({ success: false, error: e.message, raw: String(e) }); }[39m
[31m[1m>[22m[39m[90m 3 |[39m }
 [90m   |[39m  [31m[1m^[22m[39m
 [90m 4 |[39m[0m

Expected a semicolon


./src/app/api/drive/organize/route.ts:5:1
Parsing ecmascript source code failed
[0m [90m 3 |[39m [36mimport[39m { prisma } [36mfrom[39m [32m'@/lib/prisma'[39m[33m;[39m [90m/** * API for auto-organizing Drive assets */[39m [36mexport[39m [36masync[39m [36mfunction[39m [33mPOST[39m(req[33m:[39m [33mNextRequest[39m) { [36mtry[39m { [36mconst[39m body [33m=[39m [36mawait[39m req[33m.[39mjson()[33m;[39m [36mconst[39m { action[33m,[39m productId[33m,[39m fileId[33m,[39m fileName } [33m=[39m body[33m;[39m [36mconst[39m organizer [33m=[39m [36mnew[39m [33mAssetOrganizer[39m()[33m;[39m [90m// Action: Organize single file if (action === 'organize_file') { if (!fileId || !fileName || !productId) { return NextResponse.json( { success: false, error: 'Missing required fields' }, { status: 400 } ); } const result = await organizer.organizeFile(fileId, fileName, productId); return NextResponse.json(result); } // Action: Organize all unorganized files for product if (action === 'organize_all') { if (!productId) { return NextResponse.json( { success: false, error: 'Missing productId' }, { status: 400 } ); } const stats = await organizer.organizeAllUnorganized(productId); return NextResponse.json({ success: true, stats }); } return NextResponse.json( { success: false, error: 'Invalid action' }, { status: 400 } ); } catch (error: any) { console.error('[Organize API] Error:', error); return NextResponse.json( { success: false, error: error.message }, { status: 500 } ); }[39m
 [90m 4 |[39m } [90m/** * GET - List unorganized assets */[39m
[31m[1m>[22m[39m[90m 5 |[39m [36mexport[39m [36masync[39m [36mfunction[39m [33mGET[39m(req[33m:[39m [33mNextRequest[39m) { [36mtry[39m { [36mconst[39m { searchParams } [33m=[39m [36mnew[39m [33mURL[39m(req[33m.[39murl)[33m;[39m [36mconst[39m productId [33m=[39m searchParams[33m.[39m[36mget[39m([32m'productId'[39m)[33m;[39m [36mif[39m ([33m![39mproductId) { [36mreturn[39m [33mNextResponse[39m[33m.[39mjson( { success[33m:[39m [36mfalse[39m[33m,[39m error[33m:[39m [32m'Missing productId'[39m }[33m,[39m { status[33m:[39m [35m400[39m } )[33m;[39m } [36mconst[39m unorganized [33m=[39m [36mawait[39m prisma[33m.[39mdriveAsset[33m.[39mfindMany({ where[33m:[39m { productId[33m,[39m organized[33m:[39m [36mfalse[39m }[33m,[39m orderBy[33m:[39m { createdAt[33m:[39m [32m'desc'[39m } })[33m;[39m [36mreturn[39m [33mNextResponse[39m[33m.[39mjson({ success[33m:[39m [36mtrue[39m[33m,[39m total[33m:[39m unorganized[33m.[39mlength[33m,[39m assets[33m:[39m unorganized })[33m;[39m } [36mcatch[39m (error[33m:[39m any) { console[33m.[39merror([32m'[Organize API] Error:'[39m[33m,[39m error)[33m;[39m [36mreturn[39m [33mNextResponse[39m[33m.[39mjson( { success[33m:[39m [36mfalse[39m[33m,[39m error[33m:[39m error[33m.[39mmessage }[33m,[39m { status[33m:[39m [35m500[39m } )[33m;[39m }
 [90m   |[39m [31m[1m^[22m[39m
 [90m 6 |[39m }
 [90m 7 |[39m[0m

Expected a semicolon


./src/app/api/ext/capture/route.ts:5:2
Parsing ecmascript source code failed
[0m [90m 3 |[39m [36mimport[39m { ensureProductDrive } [36mfrom[39m [32m"@/lib/drive/schema"[39m[33m;[39m [90m// Helper for Extension to upload scraped data directly to Product Drive[39m
 [90m 4 |[39m [36mexport[39m [36masync[39m [36mfunction[39m [33mPOST[39m(req[33m:[39m [33mNextRequest[39m) { [36mtry[39m { [36mconst[39m body [33m=[39m [36mawait[39m req[33m.[39mjson()[33m;[39m [36mconst[39m { userId[33m,[39m storeId[33m,[39m productId[33m,[39m type[33m,[39m url[33m,[39m metadata } [33m=[39m body[33m;[39m [36mif[39m ([33m![39muserId [33m||[39m [33m![39mstoreId [33m||[39m [33m![39mproductId [33m||[39m [33m![39mtype) { [36mreturn[39m [33mNextResponse[39m[33m.[39mjson({ error[33m:[39m [32m"Missing required params (userId, storeId, productId, type)"[39m }[33m,[39m { status[33m:[39m [35m400[39m })[33m;[39m } [90m// 1. Ensure Product Drive Structure await ensureProductDrive(storeId, productId); // 2. Identify Type (AD_SPY, COMPETITOR_IMAGE, LANDING_SNAPSHOT) let saveResult; if (type === "AD_SPY") { saveResult = await (prisma as any).adSpyCapture.create({ data: { type: "VIDEO_AD", platform: "META", url: url || "", metadata: JSON.stringify(metadata) } }); } else if (type === "COMPETITOR_IMAGE") { saveResult = await (prisma as any).driveAsset.create({ data: { productId, driveFileId: "ext_" + Date.now(), // Real implementation uses Google Drive API push drivePath: `Store/${storeId}/Products/${productId}/Assets_Competencia/`, assetType: "IMAGE", sourceUrl: url, category: "Competitor", createdBy: userId } }); } else if (type === "LANDING_SNAPSHOT") { saveResult = await (prisma as any).competitorLanding.create({ data: { productId, url, type: "SALES_PAGE", structureJson: JSON.stringify(metadata), status: "DETECTED" } }); } return NextResponse.json({ success: true, message: `Captured and saved to Drive schema`, data: saveResult }); } catch (err: any) { console.error("Ext Capture Error:", err); return NextResponse.json({ error: "Failed to process capture" }, { status: 500 }); }[39m
[31m[1m>[22m[39m[90m 5 |[39m }
 [90m   |[39m  [31m[1m^[22m[39m
 [90m 6 |[39m[0m

Expected '}', got '<eof>'


./src/app/api/ext/capture/route.ts:5:2
Parsing ecmascript source code failed
[0m [90m 3 |[39m [36mimport[39m { ensureProductDrive } [36mfrom[39m [32m"@/lib/drive/schema"[39m[33m;[39m [90m// Helper for Extension to upload scraped data directly to Product Drive[39m
 [90m 4 |[39m [36mexport[39m [36masync[39m [36mfunction[39m [33mPOST[39m(req[33m:[39m [33mNextRequest[39m) { [36mtry[39m { [36mconst[39m body [33m=[39m [36mawait[39m req[33m.[39mjson()[33m;[39m [36mconst[39m { userId[33m,[39m storeId[33m,[39m productId[33m,[39m type[33m,[39m url[33m,[39m metadata } [33m=[39m body[33m;[39m [36mif[39m ([33m![39muserId [33m||[39m [33m![39mstoreId [33m||[39m [33m![39mproductId [33m||[39m [33m![39mtype) { [36mreturn[39m [33mNextResponse[39m[33m.[39mjson({ error[33m:[39m [32m"Missing required params (userId, storeId, productId, type)"[39m }[33m,[39m { status[33m:[39m [35m400[39m })[33m;[39m } [90m// 1. Ensure Product Drive Structure await ensureProductDrive(storeId, productId); // 2. Identify Type (AD_SPY, COMPETITOR_IMAGE, LANDING_SNAPSHOT) let saveResult; if (type === "AD_SPY") { saveResult = await (prisma as any).adSpyCapture.create({ data: { type: "VIDEO_AD", platform: "META", url: url || "", metadata: JSON.stringify(metadata) } }); } else if (type === "COMPETITOR_IMAGE") { saveResult = await (prisma as any).driveAsset.create({ data: { productId, driveFileId: "ext_" + Date.now(), // Real implementation uses Google Drive API push drivePath: `Store/${storeId}/Products/${productId}/Assets_Competencia/`, assetType: "IMAGE", sourceUrl: url, category: "Competitor", createdBy: userId } }); } else if (type === "LANDING_SNAPSHOT") { saveResult = await (prisma as any).competitorLanding.create({ data: { productId, url, type: "SALES_PAGE", structureJson: JSON.stringify(metadata), status: "DETECTED" } }); } return NextResponse.json({ success: true, message: `Captured and saved to Drive schema`, data: saveResult }); } catch (err: any) { console.error("Ext Capture Error:", err); return NextResponse.json({ error: "Failed to process capture" }, { status: 500 }); }[39m
[31m[1m>[22m[39m[90m 5 |[39m }
 [90m   |[39m  [31m[1m^[22m[39m
 [90m 6 |[39m[0m

Expected a semicolon


./src/app/api/finances/accounting/route.ts:7:2
Parsing ecmascript source code failed
[0m [90m 5 |[39m [36mimport[39m { [33mFinancialAdviser[39m } [36mfrom[39m [32m"@/lib/services/financial-adviser"[39m[33m;[39m
 [90m 6 |[39m [36mimport[39m { [33mThresholdService[39m } [36mfrom[39m [32m"@/lib/threshold-service"[39m[33m;[39m [36mexport[39m [36masync[39m [36mfunction[39m [33mGET[39m(request[33m:[39m [33mRequest[39m) { [36mconst[39m { searchParams } [33m=[39m [36mnew[39m [33mURL[39m(request[33m.[39murl)[33m;[39m [36mconst[39m storeId [33m=[39m searchParams[33m.[39m[36mget[39m([32m'storeId'[39m)[33m;[39m [36mconst[39m month [33m=[39m parseInt(searchParams[33m.[39m[36mget[39m([32m'month'[39m) [33m||[39m format([36mnew[39m [33mDate[39m()[33m,[39m [32m'M'[39m))[33m;[39m [36mconst[39m year [33m=[39m parseInt(searchParams[33m.[39m[36mget[39m([32m'year'[39m) [33m||[39m format([36mnew[39m [33mDate[39m()[33m,[39m [32m'yyyy'[39m))[33m;[39m [36mconst[39m productId [33m=[39m searchParams[33m.[39m[36mget[39m([32m'productId'[39m)[33m;[39m [36mif[39m ([33m![39mstoreId) { [36mreturn[39m [33mResponse[39m[33m.[39mjson({ error[33m:[39m [32m"Store ID is required"[39m }[33m,[39m { status[33m:[39m [35m400[39m })[33m;[39m } [36mtry[39m { [90m// --- PREFERRED PATH: SNAPSHOTS (Global Store View) --- if (!productId || productId === 'GLOBAL') { console.log(`[Accounting API] Loading SNAPSHOT summary for store ${storeId} (${month}/${year})`); const summary = await MetricsSnapshotService.getMonthlySummary(storeId, month, year); const thresholds = await ThresholdService.getActiveThreshold(storeId); // Re-run AI analysis on the summary days const insights = await FinancialAdviser.analyzePerformance(summary.days as any, thresholds); // Fetch Monthly Goal const goal = await prisma.monthlyGoal.findUnique({ where: { storeId_month_year: { storeId, month, year } } }); return Response.json({ ...summary, goal, insights }); } // --- FALLBACK: DYNAMIC CALCULATION (Product Filtered View) --- // TODO: Implement Product-level snapshots in Task 8 if needed. // For now, keeping original logic for product filtering. const { startOfMonth, endOfMonth, eachDayOfInterval } = require("date-fns"); const startDate = startOfMonth(new Date(year, month - 1)); const endDate = endOfMonth(startDate); const orderWhere: any = { storeId, createdAt: { gte: startDate, lte: endDate }, status: { notIn: ['CANCELLED', 'ABANDONED'] }, items: { some: { productId } } }; const orders = await prisma.order.findMany({ where: orderWhere, include: { items: true } }); // Ad Spend by Product (Matching Campaign) let adSpendByDate = new Map<string, number>(); const metaConfig = await prisma.metaConfig.findUnique({ where: { productId }, select: { campaignId: true } }); if (metaConfig?.campaignId) { const adMetrics = await prisma.adMetricDaily.findMany({ where: { storeId, date: { gte: startDate, lte: endDate }, level: 'CAMPAIGN', externalId: metaConfig.campaignId } }); adMetrics.forEach(m => { const dateKey = format(m.date, 'yyyy-MM-dd'); try { const norm = JSON.parse(m.metricsNorm || '{}'); adSpendByDate.set(dateKey, (adSpendByDate.get(dateKey) || 0) + (norm.spend || 0)); } catch (e) { } }); } const revenueByDate = new Map<string, number>(); const costsByDate = new Map<string, number>(); orders.forEach(o => { const dKey = format(o.createdAt, 'yyyy-MM-dd'); const rev = o.totalPrice || 0; const productCost = o.items .filter(i => i.productId === productId) .reduce((acc, i) => acc + ((i.unitCost || 0) * (i.quantity || 1)), 0); revenueByDate.set(dKey, (revenueByDate.get(dKey) || 0) + rev); costsByDate.set(dKey, (costsByDate.get(dKey) || 0) + productCost + (o.estimatedLogisticsCost || 0)); }); const allDays = eachDayOfInterval({ start: startDate, end: endDate }); const days = allDays.map((day: Date) => { const key = format(day, 'yyyy-MM-dd'); const revenue = revenueByDate.get(key) || 0; const costs = costsByDate.get(key) || 0; const spendAds = adSpendByDate.get(key) || 0; return { date: day, spendAds, revenueReal: revenue, costsReal: costs, netProfit: revenue - costs - spendAds, roasReal: spendAds > 0 ? (revenue / spendAds) : 0, status: "NEUTRAL", isComplete: true }; }); const totals = { spendAds: days.reduce((s: number, d: any) => s + d.spendAds, 0), revenueReal: days.reduce((s: number, d: any) => s + d.revenueReal, 0), costsReal: days.reduce((s: number, d: any) => s + d.costsReal, 0), netProfit: days.reduce((s: number, d: any) => s + d.netProfit, 0), roasReal: 0 }; totals.roasReal = totals.spendAds > 0 ? totals.revenueReal / totals.spendAds : 0; return Response.json({ days, totals, goal: null, insights: [] }); } catch (error: any) { console.error("Accounting API Error:", error); return Response.json({ error: error.message }, { status: 500 }); }[39m
[31m[1m>[22m[39m[90m 7 |[39m }
 [90m   |[39m  [31m[1m^[22m[39m
 [90m 8 |[39m[0m

Expected '}', got '<eof>'


./src/app/api/finances/accounting/route.ts:7:2
Parsing ecmascript source code failed
[0m [90m 5 |[39m [36mimport[39m { [33mFinancialAdviser[39m } [36mfrom[39m [32m"@/lib/services/financial-adviser"[39m[33m;[39m
 [90m 6 |[39m [36mimport[39m { [33mThresholdService[39m } [36mfrom[39m [32m"@/lib/threshold-service"[39m[33m;[39m [36mexport[39m [36masync[39m [36mfunction[39m [33mGET[39m(request[33m:[39m [33mRequest[39m) { [36mconst[39m { searchParams } [33m=[39m [36mnew[39m [33mURL[39m(request[33m.[39murl)[33m;[39m [36mconst[39m storeId [33m=[39m searchParams[33m.[39m[36mget[39m([32m'storeId'[39m)[33m;[39m [36mconst[39m month [33m=[39m parseInt(searchParams[33m.[39m[36mget[39m([32m'month'[39m) [33m||[39m format([36mnew[39m [33mDate[39m()[33m,[39m [32m'M'[39m))[33m;[39m [36mconst[39m year [33m=[39m parseInt(searchParams[33m.[39m[36mget[39m([32m'year'[39m) [33m||[39m format([36mnew[39m [33mDate[39m()[33m,[39m [32m'yyyy'[39m))[33m;[39m [36mconst[39m productId [33m=[39m searchParams[33m.[39m[36mget[39m([32m'productId'[39m)[33m;[39m [36mif[39m ([33m![39mstoreId) { [36mreturn[39m [33mResponse[39m[33m.[39mjson({ error[33m:[39m [32m"Store ID is required"[39m }[33m,[39m { status[33m:[39m [35m400[39m })[33m;[39m } [36mtry[39m { [90m// --- PREFERRED PATH: SNAPSHOTS (Global Store View) --- if (!productId || productId === 'GLOBAL') { console.log(`[Accounting API] Loading SNAPSHOT summary for store ${storeId} (${month}/${year})`); const summary = await MetricsSnapshotService.getMonthlySummary(storeId, month, year); const thresholds = await ThresholdService.getActiveThreshold(storeId); // Re-run AI analysis on the summary days const insights = await FinancialAdviser.analyzePerformance(summary.days as any, thresholds); // Fetch Monthly Goal const goal = await prisma.monthlyGoal.findUnique({ where: { storeId_month_year: { storeId, month, year } } }); return Response.json({ ...summary, goal, insights }); } // --- FALLBACK: DYNAMIC CALCULATION (Product Filtered View) --- // TODO: Implement Product-level snapshots in Task 8 if needed. // For now, keeping original logic for product filtering. const { startOfMonth, endOfMonth, eachDayOfInterval } = require("date-fns"); const startDate = startOfMonth(new Date(year, month - 1)); const endDate = endOfMonth(startDate); const orderWhere: any = { storeId, createdAt: { gte: startDate, lte: endDate }, status: { notIn: ['CANCELLED', 'ABANDONED'] }, items: { some: { productId } } }; const orders = await prisma.order.findMany({ where: orderWhere, include: { items: true } }); // Ad Spend by Product (Matching Campaign) let adSpendByDate = new Map<string, number>(); const metaConfig = await prisma.metaConfig.findUnique({ where: { productId }, select: { campaignId: true } }); if (metaConfig?.campaignId) { const adMetrics = await prisma.adMetricDaily.findMany({ where: { storeId, date: { gte: startDate, lte: endDate }, level: 'CAMPAIGN', externalId: metaConfig.campaignId } }); adMetrics.forEach(m => { const dateKey = format(m.date, 'yyyy-MM-dd'); try { const norm = JSON.parse(m.metricsNorm || '{}'); adSpendByDate.set(dateKey, (adSpendByDate.get(dateKey) || 0) + (norm.spend || 0)); } catch (e) { } }); } const revenueByDate = new Map<string, number>(); const costsByDate = new Map<string, number>(); orders.forEach(o => { const dKey = format(o.createdAt, 'yyyy-MM-dd'); const rev = o.totalPrice || 0; const productCost = o.items .filter(i => i.productId === productId) .reduce((acc, i) => acc + ((i.unitCost || 0) * (i.quantity || 1)), 0); revenueByDate.set(dKey, (revenueByDate.get(dKey) || 0) + rev); costsByDate.set(dKey, (costsByDate.get(dKey) || 0) + productCost + (o.estimatedLogisticsCost || 0)); }); const allDays = eachDayOfInterval({ start: startDate, end: endDate }); const days = allDays.map((day: Date) => { const key = format(day, 'yyyy-MM-dd'); const revenue = revenueByDate.get(key) || 0; const costs = costsByDate.get(key) || 0; const spendAds = adSpendByDate.get(key) || 0; return { date: day, spendAds, revenueReal: revenue, costsReal: costs, netProfit: revenue - costs - spendAds, roasReal: spendAds > 0 ? (revenue / spendAds) : 0, status: "NEUTRAL", isComplete: true }; }); const totals = { spendAds: days.reduce((s: number, d: any) => s + d.spendAds, 0), revenueReal: days.reduce((s: number, d: any) => s + d.revenueReal, 0), costsReal: days.reduce((s: number, d: any) => s + d.costsReal, 0), netProfit: days.reduce((s: number, d: any) => s + d.netProfit, 0), roasReal: 0 }; totals.roasReal = totals.spendAds > 0 ? totals.revenueReal / totals.spendAds : 0; return Response.json({ days, totals, goal: null, insights: [] }); } catch (error: any) { console.error("Accounting API Error:", error); return Response.json({ error: error.message }, { status: 500 }); }[39m
[31m[1m>[22m[39m[90m 7 |[39m }
 [90m   |[39m  [31m[1m^[22m[39m
 [90m 8 |[39m[0m

Expected a semicolon


./src/app/api/finances/expenses/route.ts:10:2
Parsing ecmascript source code failed
[0m [90m  8 |[39m } [90m// DELETE - Remove expense by ID[39m
 [90m  9 |[39m [36mexport[39m [36masync[39m [36mfunction[39m [33mDELETE[39m(request[33m:[39m [33mNextRequest[39m) { [36mtry[39m { [36mawait[39m requireStoreIdNext()[33m;[39m [90m// Solo validación de contexto const { searchParams } = new URL(request.url); const id = searchParams.get('id'); if (!id) { return NextResponse.json({ error: "Expense ID is required" }, { status: 400 }); } await prisma.expense.delete({ where: { id } }); return NextResponse.json({ success: true }); } catch (error: any) { return NextResponse.json({ error: error.message }, { status: error.message === "UNAUTHORIZED_STORE_CONTEXT" ? 401 : 500 }); }[39m
[31m[1m>[22m[39m[90m 10 |[39m }
 [90m    |[39m  [31m[1m^[22m[39m
 [90m 11 |[39m[0m

Expected '}', got '<eof>'


./src/app/api/finances/expenses/route.ts:10:2
Parsing ecmascript source code failed
[0m [90m  8 |[39m } [90m// DELETE - Remove expense by ID[39m
 [90m  9 |[39m [36mexport[39m [36masync[39m [36mfunction[39m [33mDELETE[39m(request[33m:[39m [33mNextRequest[39m) { [36mtry[39m { [36mawait[39m requireStoreIdNext()[33m;[39m [90m// Solo validación de contexto const { searchParams } = new URL(request.url); const id = searchParams.get('id'); if (!id) { return NextResponse.json({ error: "Expense ID is required" }, { status: 400 }); } await prisma.expense.delete({ where: { id } }); return NextResponse.json({ success: true }); } catch (error: any) { return NextResponse.json({ error: error.message }, { status: error.message === "UNAUTHORIZED_STORE_CONTEXT" ? 401 : 500 }); }[39m
[31m[1m>[22m[39m[90m 10 |[39m }
 [90m    |[39m  [31m[1m^[22m[39m
 [90m 11 |[39m[0m

Expected a semicolon


./src/app/api/finances/rules/route.ts:4:3
Parsing ecmascript source code failed
[0m [90m 2 |[39m [36mimport[39m { [33mNextResponse[39m } [36mfrom[39m [32m"next/server"[39m[33m;[39m
 [90m 3 |[39m [36mimport[39m prisma [36mfrom[39m [32m"@/lib/prisma"[39m[33m;[39m [36mexport[39m [36masync[39m [36mfunction[39m [33mGET[39m() { [36mtry[39m { [36mconst[39m db [33m=[39m prisma [36mas[39m any[33m;[39m [36mconst[39m rules [33m=[39m [36mawait[39m db[33m.[39mfulfillmentRule[33m.[39mfindMany()[33m;[39m [90m// Seed if empty if (rules.length === 0) { const seed = [ { provider: 'BEEPING', country: 'ES', baseShippingCost: 6.5, codFeeFixed: 1.5, codFeePercent: 3, taxPercent: 21 }, { provider: 'DROPEA', country: 'ES', baseShippingCost: 5.9, codFeeFixed: 1.0, codFeePercent: 2, taxPercent: 21 }, ]; await db.fulfillmentRule.createMany({ data: seed }); return NextResponse.json(seed); } return NextResponse.json(rules); } catch (e: any) { return NextResponse.json({ error: e.message }, { status: 500 }); }[39m
[31m[1m>[22m[39m[90m 4 |[39m } [36mexport[39m [36masync[39m [36mfunction[39m [33mPOST[39m(req[33m:[39m [33mRequest[39m) { [36mtry[39m { [36mconst[39m data [33m=[39m [36mawait[39m req[33m.[39mjson()[33m;[39m [36mconst[39m db [33m=[39m prisma [36mas[39m any[33m;[39m [36mconst[39m rule [33m=[39m [36mawait[39m db[33m.[39mfulfillmentRule[33m.[39mupsert({ where[33m:[39m { id[33m:[39m data[33m.[39mid [33m||[39m [32m'new'[39m }[33m,[39m update[33m:[39m data[33m,[39m create[33m:[39m { [33m...[39mdata[33m,[39m storeId[33m:[39m ([36mawait[39m prisma[33m.[39mstore[33m.[39mfindFirst())[33m?[39m[33m.[39mid } })[33m;[39m [36mreturn[39m [33mNextResponse[39m[33m.[39mjson(rule)[33m;[39m } [36mcatch[39m (e[33m:[39m any) { [36mreturn[39m [33mNextResponse[39m[33m.[39mjson({ error[33m:[39m e[33m.[39mmessage }[33m,[39m { status[33m:[39m [35m500[39m })[33m;[39m }
 [90m   |[39m   [31m[1m^[22m[39m
 [90m 5 |[39m }
 [90m 6 |[39m[0m

Expected a semicolon


./src/app/api/finances/sync-today/route.ts:4:2
Parsing ecmascript source code failed
[0m [90m 2 |[39m [36mimport[39m { [33mMetricsSnapshotService[39m } [36mfrom[39m [32m"@/lib/services/metrics-snapshot-service"[39m[33m;[39m
 [90m 3 |[39m [36mimport[39m { requireStoreIdNext } [36mfrom[39m [32m"@/lib/server/store-context"[39m[33m;[39m [36mexport[39m [36masync[39m [36mfunction[39m [33mGET[39m(request[33m:[39m [33mNextRequest[39m) { [36mtry[39m { [36mconst[39m storeId [33m=[39m [36mawait[39m requireStoreIdNext()[33m;[39m [90m// Sincronizar los últimos 120 días para cubrir histórico (Oct, Nov, Dic, Ene, Feb) const today = new Date(); const startPath = new Date(); startPath.setDate(today.getDate() - 120); console.log(`[sync-today] Triggering backfill from ${startPath.toISOString()} to ${today.toISOString()}`); // Ejecutamos en segundo plano para no bloquear al usuario MetricsSnapshotService.generateRangeSnapshots(storeId, startPath, today) .then(() => console.log(`[sync-today] Full backfill completed`)) .catch(e => console.error(`[sync-today] Full backfill failed:`, e)); return NextResponse.json({ success: true, message: "Sincronización histórica iniciada", date: today.toISOString() }); } catch (error: any) { console.error("[sync-today] Error:", error); return NextResponse.json({ error: error.message }, { status: 500 }); }[39m
[31m[1m>[22m[39m[90m 4 |[39m }
 [90m   |[39m  [31m[1m^[22m[39m
 [90m 5 |[39m[0m

Expected '}', got '<eof>'


./src/app/api/finances/sync-today/route.ts:4:2
Parsing ecmascript source code failed
[0m [90m 2 |[39m [36mimport[39m { [33mMetricsSnapshotService[39m } [36mfrom[39m [32m"@/lib/services/metrics-snapshot-service"[39m[33m;[39m
 [90m 3 |[39m [36mimport[39m { requireStoreIdNext } [36mfrom[39m [32m"@/lib/server/store-context"[39m[33m;[39m [36mexport[39m [36masync[39m [36mfunction[39m [33mGET[39m(request[33m:[39m [33mNextRequest[39m) { [36mtry[39m { [36mconst[39m storeId [33m=[39m [36mawait[39m requireStoreIdNext()[33m;[39m [90m// Sincronizar los últimos 120 días para cubrir histórico (Oct, Nov, Dic, Ene, Feb) const today = new Date(); const startPath = new Date(); startPath.setDate(today.getDate() - 120); console.log(`[sync-today] Triggering backfill from ${startPath.toISOString()} to ${today.toISOString()}`); // Ejecutamos en segundo plano para no bloquear al usuario MetricsSnapshotService.generateRangeSnapshots(storeId, startPath, today) .then(() => console.log(`[sync-today] Full backfill completed`)) .catch(e => console.error(`[sync-today] Full backfill failed:`, e)); return NextResponse.json({ success: true, message: "Sincronización histórica iniciada", date: today.toISOString() }); } catch (error: any) { console.error("[sync-today] Error:", error); return NextResponse.json({ error: error.message }, { status: 500 }); }[39m
[31m[1m>[22m[39m[90m 4 |[39m }
 [90m   |[39m  [31m[1m^[22m[39m
 [90m 5 |[39m[0m

Expected a semicolon


./src/app/api/maintenance/rebuild-snapshots/route.ts:6:2
Parsing ecmascript source code failed
[0m [90m 4 |[39m [36mimport[39m { prisma } [36mfrom[39m [32m"@/lib/prisma"[39m[33m;[39m
 [90m 5 |[39m [36mimport[39m { startOfMonth[33m,[39m subMonths } [36mfrom[39m [32m"date-fns"[39m[33m;[39m [36mexport[39m [36masync[39m [36mfunction[39m [33mPOST[39m(req[33m:[39m [33mRequest[39m) { [36mtry[39m { [36mconst[39m { storeId[33m,[39m months [33m=[39m [35m1[39m } [33m=[39m [36mawait[39m req[33m.[39mjson()[33m;[39m [36mif[39m ([33m![39mstoreId) { [36mreturn[39m [33mNextResponse[39m[33m.[39mjson({ error[33m:[39m [32m"Store ID is required"[39m }[33m,[39m { status[33m:[39m [35m400[39m })[33m;[39m } console[33m.[39mlog([32m`[Maintenance] Starting Snapshot Rebuild for store ${storeId} (last ${months} months)`[39m)[33m;[39m [90m// Rebuild from the start of the specified number of months ago const startDate = startOfMonth(subMonths(new Date(), months - 1)); // This is a long-running task, ideally it should be a job // For now, we run it for the current month for speed in the API response await MetricsSnapshotService.generateRangeSnapshots( storeId, startDate, new Date() ); return NextResponse.json({ success: true, message: `Rebuild triggered for ${storeId} from ${startDate.toISOString()}` }); } catch (e: any) { return NextResponse.json({ error: e.message }, { status: 500 }); }[39m
[31m[1m>[22m[39m[90m 6 |[39m }
 [90m   |[39m  [31m[1m^[22m[39m
 [90m 7 |[39m[0m

Expected '}', got '<eof>'


./src/app/api/maintenance/rebuild-snapshots/route.ts:6:2
Parsing ecmascript source code failed
[0m [90m 4 |[39m [36mimport[39m { prisma } [36mfrom[39m [32m"@/lib/prisma"[39m[33m;[39m
 [90m 5 |[39m [36mimport[39m { startOfMonth[33m,[39m subMonths } [36mfrom[39m [32m"date-fns"[39m[33m;[39m [36mexport[39m [36masync[39m [36mfunction[39m [33mPOST[39m(req[33m:[39m [33mRequest[39m) { [36mtry[39m { [36mconst[39m { storeId[33m,[39m months [33m=[39m [35m1[39m } [33m=[39m [36mawait[39m req[33m.[39mjson()[33m;[39m [36mif[39m ([33m![39mstoreId) { [36mreturn[39m [33mNextResponse[39m[33m.[39mjson({ error[33m:[39m [32m"Store ID is required"[39m }[33m,[39m { status[33m:[39m [35m400[39m })[33m;[39m } console[33m.[39mlog([32m`[Maintenance] Starting Snapshot Rebuild for store ${storeId} (last ${months} months)`[39m)[33m;[39m [90m// Rebuild from the start of the specified number of months ago const startDate = startOfMonth(subMonths(new Date(), months - 1)); // This is a long-running task, ideally it should be a job // For now, we run it for the current month for speed in the API response await MetricsSnapshotService.generateRangeSnapshots( storeId, startDate, new Date() ); return NextResponse.json({ success: true, message: `Rebuild triggered for ${storeId} from ${startDate.toISOString()}` }); } catch (e: any) { return NextResponse.json({ error: e.message }, { status: 500 }); }[39m
[31m[1m>[22m[39m[90m 6 |[39m }
 [90m   |[39m  [31m[1m^[22m[39m
 [90m 7 |[39m[0m

Expected a semicolon


./src/app/api/marketing/performance/route.ts:5:2
Parsing ecmascript source code failed
[0m [90m 3 |[39m [36mimport[39m prisma [36mfrom[39m [32m"@/lib/prisma"[39m[33m;[39m
 [90m 4 |[39m [36mimport[39m { normalizeMarketingMetrics[33m,[39m calculateMarketingKPIs } [36mfrom[39m [32m"@/lib/marketing/metrics"[39m[33m;[39m [36mexport[39m [36masync[39m [36mfunction[39m [33mGET[39m(request[33m:[39m [33mRequest[39m) { [36mtry[39m { [36mconst[39m { searchParams } [33m=[39m [36mnew[39m [33mURL[39m(request[33m.[39murl)[33m;[39m [36mconst[39m level [33m=[39m searchParams[33m.[39m[36mget[39m([32m'level'[39m) [33m||[39m [32m'CAMPAIGN'[39m[33m;[39m [36mconst[39m period [33m=[39m searchParams[33m.[39m[36mget[39m([32m'period'[39m) [33m||[39m [32m'today'[39m[33m;[39m [36mconst[39m window [33m=[39m searchParams[33m.[39m[36mget[39m([32m'window'[39m) [33m||[39m [32m'DAY'[39m[33m;[39m [36mconst[39m [36mfrom[39m [33m=[39m searchParams[33m.[39m[36mget[39m([32m'from'[39m)[33m;[39m [36mconst[39m to [33m=[39m searchParams[33m.[39m[36mget[39m([32m'to'[39m)[33m;[39m [36mconst[39m idsParam [33m=[39m searchParams[33m.[39m[36mget[39m([32m'ids'[39m)[33m;[39m [36mconst[39m campaignIdsParam [33m=[39m searchParams[33m.[39m[36mget[39m([32m'campaign_ids'[39m)[33m;[39m [36mconst[39m adsetIdsParam [33m=[39m searchParams[33m.[39m[36mget[39m([32m'adset_ids'[39m)[33m;[39m [36mconst[39m selectedIds [33m=[39m idsParam [33m?[39m idsParam[33m.[39msplit([32m','[39m) [33m:[39m [][33m;[39m [36mconst[39m campaignIds [33m=[39m campaignIdsParam [33m?[39m campaignIdsParam[33m.[39msplit([32m','[39m) [33m:[39m [][33m;[39m [36mconst[39m adsetIds [33m=[39m adsetIdsParam [33m?[39m adsetIdsParam[33m.[39msplit([32m','[39m) [33m:[39m [][33m;[39m console[33m.[39mlog([32m`[API Performance] Request: Level=${level}, Period=${period}, Window=${window}, From=${from}, To=${to}`[39m)[33m;[39m [36mconst[39m store [33m=[39m [36mawait[39m prisma[33m.[39mstore[33m.[39mfindFirst()[33m;[39m [36mif[39m ([33m![39mstore) [36mreturn[39m [33mNextResponse[39m[33m.[39mjson({ rows[33m:[39m [][33m,[39m insights[33m:[39m [] })[33m;[39m [90m// Build Date Filter let dateFilter: any = {}; const today = new Date(); today.setHours(0, 0, 0, 0); const now = new Date(); const startOfToday = new Date(now.getFullYear(), now.getMonth(), now.getDate()); const startOfTomorrow = new Date(startOfToday); startOfTomorrow.setDate(startOfToday.getDate() + 1); const startOfYesterday = new Date(startOfToday); startOfYesterday.setDate(startOfToday.getDate() - 1); if (from || to) { dateFilter = {}; if (from) dateFilter.gte = new Date(from); if (to) dateFilter.lte = new Date(to); } else if (period === 'today') { // Strict Today dateFilter = { gte: startOfToday, lt: startOfTomorrow }; } else if (period === 'yesterday') { // Strict Yesterday dateFilter = { gte: startOfYesterday, lt: startOfToday }; } else if (period === 'last_3d' || period === '3d') { const startOf3d = new Date(startOfToday); startOf3d.setDate(startOfToday.getDate() - 3); dateFilter = { gte: startOf3d, lt: startOfTomorrow }; } else if (period === 'last_7d' || period === '7d') { const startOf7d = new Date(startOfToday); startOf7d.setDate(startOfToday.getDate() - 7); dateFilter = { gte: startOf7d, lt: startOfTomorrow }; } else if (period === 'last_30d' || period === '30d') { const startOf30d = new Date(startOfToday); startOf30d.setDate(startOfToday.getDate() - 30); dateFilter = { gte: startOf30d, lt: startOfTomorrow }; } else if (period === 'lifetime' || period === 'total') { // No date filter for lifetime - get all data dateFilter = {}; } console.log(`[API Performance] Filter: Level=${level}, Period=${period}, DateRange=${JSON.stringify(dateFilter)}`); const where: any = { storeId: store.id, level: level, ...(Object.keys(dateFilter).length > 0 && { date: dateFilter }), window: 'DAY' // Always use DAY window and aggregate in code }; const platform = searchParams.get('platform') || 'ALL'; if (platform !== 'ALL') where.platform = platform; const accountParam = searchParams.get('account'); if (accountParam && accountParam !== 'ALL') { const cleanId = accountParam.replace('act_', ''); where.metricsNorm = { contains: cleanId }; // Match ID regardless of act_ prefix or JSON positioning } // Add ID filter to where clause if present if (selectedIds.length > 0) { where.externalId = { in: selectedIds }; } // Parent Filtering (Hierarchical Drill-Down) - Multi-selection support using OR if (level === 'ADSET' && campaignIds.length > 0) { where.OR = campaignIds.map(id => ({ metricsNorm: { contains: id.replace('act_', '') } })); } if (level === 'AD') { if (adsetIds.length > 0) { where.OR = adsetIds.map(id => ({ metricsNorm: { contains: id.replace('act_', '') } })); } else if (campaignIds.length > 0) { where.OR = campaignIds.map(id => ({ metricsNorm: { contains: id.replace('act_', '') } })); } } console.log(`[API Performance] Prisma Where Clause:`, JSON.stringify(where)); const snapshots = await prisma.adMetricDaily.findMany({ where, orderBy: { date: 'desc' }, take: 10000 // Increased limit to ensure all entities (active & paused) are returned }); console.log(`[API Performance] Fetched ${snapshots.length} snapshots.`); if (snapshots.length > 0) { console.log(`[API Performance] First snapshot window: ${snapshots[0].window}, date: ${snapshots[0].date.toISOString()}`); } // Group by externalId to get totals for the period const grouped = snapshots.reduce((acc: any, curr: any) => { const id = `${curr.platform}_${curr.externalId}`; if (!acc[id]) { acc[id] = { id: curr.externalId, entity_id: curr.externalId, name: curr.name, platform: curr.platform, level: curr.level, metricsNorm: {} as any, // These top-level fields will be derived from metricsNorm later spend: 0, impressions: 0, clicks: 0, roas: 0 }; } // Parse metricsNorm const norm = typeof curr.metricsNorm === 'string' ? JSON.parse(curr.metricsNorm) : (curr.metricsNorm || {}); const completeness = curr.completeness ? JSON.parse(curr.completeness) : { spend: true, attribution: true }; if (!acc[id].account_id) { acc[id].account_id = norm.account_id; acc[id].account_name = norm.account_name; acc[id].last_active = curr.date; } else if (new Date(curr.date) > new Date(acc[id].last_active)) { acc[id].last_active = curr.date; } // Initialize norm accumulator if empty or if new keys appear if (Object.keys(acc[id].metricsNorm).length === 0) { // Clone initial keys and set numeric values to 0 for summing Object.keys(norm).forEach(k => { if (typeof norm[k] === 'number') { acc[id].metricsNorm[k] = 0; } else { acc[id].metricsNorm[k] = norm[k]; // Copy non-numeric values like names } }); } console.log(`[Grouping ${id}] Prev Spend: ${acc[id].spend}, Adding: ${norm.gasto || norm.spend || 0}`); // Deep Sum metricsNorm Object.keys(norm).forEach(key => { if (typeof norm[key] === 'number') { acc[id].metricsNorm[key] = (acc[id].metricsNorm[key] || 0) + norm[key]; } else if (!acc[id].metricsNorm[key]) { acc[id].metricsNorm[key] = norm[key]; } }); // Compatibility/Aggregated fields for main table acc[id].spend += (norm.gasto || norm.spend || 0); acc[id].impressions += (norm.impresiones || norm.impressions || 0); acc[id].clicks += (norm.clics || norm.clicks || 0); acc[id].video_3s_views += (norm.vistas_3seg || norm.video_3s_views || 0); acc[id].video_thruplay += (norm.vistas_thruplay || norm.video_thruplay || 0); acc[id].landing_page_views += (norm.vistas_landing || norm.landing_page_views || 0); acc[id].add_to_cart += (norm.anadir_carrito || norm.add_to_cart || 0); acc[id].initiate_checkout += (norm.iniciar_pago || norm.initiate_checkout || 0); acc[id].purchases += (norm.compras || norm.purchases || 0); acc[id].revenue += (norm.valor_compras || norm.revenue || 0); // Pass through status acc[id].isActive = curr.isActive; acc[id].completeness = completeness; return acc; }, {}); // Fetch Real Delivery Data from Orders (UTM Matching) const orders = await prisma.order.findMany({ where: { storeId: store.id, status: { not: 'CANCELLED' }, createdAt: dateFilter }, include: { items: true // Needed for COGS } }); const rows = Object.values(grouped).map((m: any) => { const kpis = calculateMarketingKPIs(m); // --- STRICT ATTRIBUTION MATCHING (ID ONLY) --- const matchedOrders = orders.filter(o => { const mid = (m.id || '').toLowerCase().trim(); if (!mid) return false; if (m.level === 'AD') { return (o.adId?.toLowerCase() === mid) || (o.term?.toLowerCase() === mid) || (o.content?.toLowerCase() === mid); } if (m.level === 'ADSET') { return (o.adsetId?.toLowerCase() === mid) || (o.content?.toLowerCase() === mid) || (o.campaign?.toLowerCase() === mid); // Adsets sometimes in campaign UTM } if (m.level === 'CAMPAIGN') { return (o.campaign?.toLowerCase() === mid); } return false; }); // Calc Real Metrics const delivered = matchedOrders.filter(o => o.logisticsStatus === 'DELIVERED').length; const revenueReal = matchedOrders.reduce((sum, o) => sum + (o.totalPrice || 0), 0); const totalSpend = m.spend || 0; // COGS: sum(unitCost * quantity) const cogsReal = matchedOrders.reduce((sum, o) => { const orderCogs = o.items.reduce((iSum, item) => iSum + ((item.unitCost || 0) * (item.quantity || 1)), 0); return sum + orderCogs; }, 0); // Logistics: sum(shippingCost) const logisticsReal = matchedOrders.reduce((sum, o) => sum + (o.shippingCost || o.estimatedLogisticsCost || 0), 0); // Fees: Standard 3% fallback for now (Card + COD average) const feesReal = revenueReal * 0.03; const marginReal = revenueReal - cogsReal - logisticsReal - feesReal; const netProfit = marginReal - totalSpend; return { ...kpis, metricsNorm: m.metricsNorm, isActive: m.isActive, // Mandatory 6 Real Columns purchases_real: matchedOrders.length, revenue_real: revenueReal, cpa_real: matchedOrders.length > 0 ? totalSpend / matchedOrders.length : 0, roas_real: totalSpend > 0 ? revenueReal / totalSpend : 0, margin_real: revenueReal > 0 ? (marginReal / revenueReal) : 0, // as percentage net_profit: netProfit, // Extra metadata real_purchases: matchedOrders.length, // legacy compat delivered_orders: delivered, delivery_rate: matchedOrders.length > 0 ? (delivered / matchedOrders.length) : 0, name: m.name, entity_id: m.id, account_id: m.account_id, account_name: m.account_name, last_active: m.last_active }; }).sort((a, b) => { // Sort by Meta ID (entity_id) - Descending (Newest First, like Ads Manager) const idA = BigInt(a.entity_id || '0'); const idB = BigInt(b.entity_id || '0'); if (idB > idA) return 1; if (idB < idA) return -1; return 0; }); // Global Totals const globalDelivered = orders.filter(o => o.logisticsStatus === 'DELIVERED').length; const globalRevenue = orders.reduce((sum, o) => sum + (o.totalPrice || 0), 0); const globalPurchases = orders.length; return NextResponse.json({ success: true, data: rows, totals: { revenue: globalRevenue, purchases: globalPurchases, delivered: globalDelivered, spend: rows.reduce((sum, r) => sum + (r.spend || 0), 0) } }); } catch (e: any) { return NextResponse.json({ error: e.message }, { status: 500 }); }[39m
[31m[1m>[22m[39m[90m 5 |[39m }
 [90m   |[39m  [31m[1m^[22m[39m
 [90m 6 |[39m[0m

Expected '}', got '<eof>'


./src/app/api/marketing/performance/route.ts:5:2
Parsing ecmascript source code failed
[0m [90m 3 |[39m [36mimport[39m prisma [36mfrom[39m [32m"@/lib/prisma"[39m[33m;[39m
 [90m 4 |[39m [36mimport[39m { normalizeMarketingMetrics[33m,[39m calculateMarketingKPIs } [36mfrom[39m [32m"@/lib/marketing/metrics"[39m[33m;[39m [36mexport[39m [36masync[39m [36mfunction[39m [33mGET[39m(request[33m:[39m [33mRequest[39m) { [36mtry[39m { [36mconst[39m { searchParams } [33m=[39m [36mnew[39m [33mURL[39m(request[33m.[39murl)[33m;[39m [36mconst[39m level [33m=[39m searchParams[33m.[39m[36mget[39m([32m'level'[39m) [33m||[39m [32m'CAMPAIGN'[39m[33m;[39m [36mconst[39m period [33m=[39m searchParams[33m.[39m[36mget[39m([32m'period'[39m) [33m||[39m [32m'today'[39m[33m;[39m [36mconst[39m window [33m=[39m searchParams[33m.[39m[36mget[39m([32m'window'[39m) [33m||[39m [32m'DAY'[39m[33m;[39m [36mconst[39m [36mfrom[39m [33m=[39m searchParams[33m.[39m[36mget[39m([32m'from'[39m)[33m;[39m [36mconst[39m to [33m=[39m searchParams[33m.[39m[36mget[39m([32m'to'[39m)[33m;[39m [36mconst[39m idsParam [33m=[39m searchParams[33m.[39m[36mget[39m([32m'ids'[39m)[33m;[39m [36mconst[39m campaignIdsParam [33m=[39m searchParams[33m.[39m[36mget[39m([32m'campaign_ids'[39m)[33m;[39m [36mconst[39m adsetIdsParam [33m=[39m searchParams[33m.[39m[36mget[39m([32m'adset_ids'[39m)[33m;[39m [36mconst[39m selectedIds [33m=[39m idsParam [33m?[39m idsParam[33m.[39msplit([32m','[39m) [33m:[39m [][33m;[39m [36mconst[39m campaignIds [33m=[39m campaignIdsParam [33m?[39m campaignIdsParam[33m.[39msplit([32m','[39m) [33m:[39m [][33m;[39m [36mconst[39m adsetIds [33m=[39m adsetIdsParam [33m?[39m adsetIdsParam[33m.[39msplit([32m','[39m) [33m:[39m [][33m;[39m console[33m.[39mlog([32m`[API Performance] Request: Level=${level}, Period=${period}, Window=${window}, From=${from}, To=${to}`[39m)[33m;[39m [36mconst[39m store [33m=[39m [36mawait[39m prisma[33m.[39mstore[33m.[39mfindFirst()[33m;[39m [36mif[39m ([33m![39mstore) [36mreturn[39m [33mNextResponse[39m[33m.[39mjson({ rows[33m:[39m [][33m,[39m insights[33m:[39m [] })[33m;[39m [90m// Build Date Filter let dateFilter: any = {}; const today = new Date(); today.setHours(0, 0, 0, 0); const now = new Date(); const startOfToday = new Date(now.getFullYear(), now.getMonth(), now.getDate()); const startOfTomorrow = new Date(startOfToday); startOfTomorrow.setDate(startOfToday.getDate() + 1); const startOfYesterday = new Date(startOfToday); startOfYesterday.setDate(startOfToday.getDate() - 1); if (from || to) { dateFilter = {}; if (from) dateFilter.gte = new Date(from); if (to) dateFilter.lte = new Date(to); } else if (period === 'today') { // Strict Today dateFilter = { gte: startOfToday, lt: startOfTomorrow }; } else if (period === 'yesterday') { // Strict Yesterday dateFilter = { gte: startOfYesterday, lt: startOfToday }; } else if (period === 'last_3d' || period === '3d') { const startOf3d = new Date(startOfToday); startOf3d.setDate(startOfToday.getDate() - 3); dateFilter = { gte: startOf3d, lt: startOfTomorrow }; } else if (period === 'last_7d' || period === '7d') { const startOf7d = new Date(startOfToday); startOf7d.setDate(startOfToday.getDate() - 7); dateFilter = { gte: startOf7d, lt: startOfTomorrow }; } else if (period === 'last_30d' || period === '30d') { const startOf30d = new Date(startOfToday); startOf30d.setDate(startOfToday.getDate() - 30); dateFilter = { gte: startOf30d, lt: startOfTomorrow }; } else if (period === 'lifetime' || period === 'total') { // No date filter for lifetime - get all data dateFilter = {}; } console.log(`[API Performance] Filter: Level=${level}, Period=${period}, DateRange=${JSON.stringify(dateFilter)}`); const where: any = { storeId: store.id, level: level, ...(Object.keys(dateFilter).length > 0 && { date: dateFilter }), window: 'DAY' // Always use DAY window and aggregate in code }; const platform = searchParams.get('platform') || 'ALL'; if (platform !== 'ALL') where.platform = platform; const accountParam = searchParams.get('account'); if (accountParam && accountParam !== 'ALL') { const cleanId = accountParam.replace('act_', ''); where.metricsNorm = { contains: cleanId }; // Match ID regardless of act_ prefix or JSON positioning } // Add ID filter to where clause if present if (selectedIds.length > 0) { where.externalId = { in: selectedIds }; } // Parent Filtering (Hierarchical Drill-Down) - Multi-selection support using OR if (level === 'ADSET' && campaignIds.length > 0) { where.OR = campaignIds.map(id => ({ metricsNorm: { contains: id.replace('act_', '') } })); } if (level === 'AD') { if (adsetIds.length > 0) { where.OR = adsetIds.map(id => ({ metricsNorm: { contains: id.replace('act_', '') } })); } else if (campaignIds.length > 0) { where.OR = campaignIds.map(id => ({ metricsNorm: { contains: id.replace('act_', '') } })); } } console.log(`[API Performance] Prisma Where Clause:`, JSON.stringify(where)); const snapshots = await prisma.adMetricDaily.findMany({ where, orderBy: { date: 'desc' }, take: 10000 // Increased limit to ensure all entities (active & paused) are returned }); console.log(`[API Performance] Fetched ${snapshots.length} snapshots.`); if (snapshots.length > 0) { console.log(`[API Performance] First snapshot window: ${snapshots[0].window}, date: ${snapshots[0].date.toISOString()}`); } // Group by externalId to get totals for the period const grouped = snapshots.reduce((acc: any, curr: any) => { const id = `${curr.platform}_${curr.externalId}`; if (!acc[id]) { acc[id] = { id: curr.externalId, entity_id: curr.externalId, name: curr.name, platform: curr.platform, level: curr.level, metricsNorm: {} as any, // These top-level fields will be derived from metricsNorm later spend: 0, impressions: 0, clicks: 0, roas: 0 }; } // Parse metricsNorm const norm = typeof curr.metricsNorm === 'string' ? JSON.parse(curr.metricsNorm) : (curr.metricsNorm || {}); const completeness = curr.completeness ? JSON.parse(curr.completeness) : { spend: true, attribution: true }; if (!acc[id].account_id) { acc[id].account_id = norm.account_id; acc[id].account_name = norm.account_name; acc[id].last_active = curr.date; } else if (new Date(curr.date) > new Date(acc[id].last_active)) { acc[id].last_active = curr.date; } // Initialize norm accumulator if empty or if new keys appear if (Object.keys(acc[id].metricsNorm).length === 0) { // Clone initial keys and set numeric values to 0 for summing Object.keys(norm).forEach(k => { if (typeof norm[k] === 'number') { acc[id].metricsNorm[k] = 0; } else { acc[id].metricsNorm[k] = norm[k]; // Copy non-numeric values like names } }); } console.log(`[Grouping ${id}] Prev Spend: ${acc[id].spend}, Adding: ${norm.gasto || norm.spend || 0}`); // Deep Sum metricsNorm Object.keys(norm).forEach(key => { if (typeof norm[key] === 'number') { acc[id].metricsNorm[key] = (acc[id].metricsNorm[key] || 0) + norm[key]; } else if (!acc[id].metricsNorm[key]) { acc[id].metricsNorm[key] = norm[key]; } }); // Compatibility/Aggregated fields for main table acc[id].spend += (norm.gasto || norm.spend || 0); acc[id].impressions += (norm.impresiones || norm.impressions || 0); acc[id].clicks += (norm.clics || norm.clicks || 0); acc[id].video_3s_views += (norm.vistas_3seg || norm.video_3s_views || 0); acc[id].video_thruplay += (norm.vistas_thruplay || norm.video_thruplay || 0); acc[id].landing_page_views += (norm.vistas_landing || norm.landing_page_views || 0); acc[id].add_to_cart += (norm.anadir_carrito || norm.add_to_cart || 0); acc[id].initiate_checkout += (norm.iniciar_pago || norm.initiate_checkout || 0); acc[id].purchases += (norm.compras || norm.purchases || 0); acc[id].revenue += (norm.valor_compras || norm.revenue || 0); // Pass through status acc[id].isActive = curr.isActive; acc[id].completeness = completeness; return acc; }, {}); // Fetch Real Delivery Data from Orders (UTM Matching) const orders = await prisma.order.findMany({ where: { storeId: store.id, status: { not: 'CANCELLED' }, createdAt: dateFilter }, include: { items: true // Needed for COGS } }); const rows = Object.values(grouped).map((m: any) => { const kpis = calculateMarketingKPIs(m); // --- STRICT ATTRIBUTION MATCHING (ID ONLY) --- const matchedOrders = orders.filter(o => { const mid = (m.id || '').toLowerCase().trim(); if (!mid) return false; if (m.level === 'AD') { return (o.adId?.toLowerCase() === mid) || (o.term?.toLowerCase() === mid) || (o.content?.toLowerCase() === mid); } if (m.level === 'ADSET') { return (o.adsetId?.toLowerCase() === mid) || (o.content?.toLowerCase() === mid) || (o.campaign?.toLowerCase() === mid); // Adsets sometimes in campaign UTM } if (m.level === 'CAMPAIGN') { return (o.campaign?.toLowerCase() === mid); } return false; }); // Calc Real Metrics const delivered = matchedOrders.filter(o => o.logisticsStatus === 'DELIVERED').length; const revenueReal = matchedOrders.reduce((sum, o) => sum + (o.totalPrice || 0), 0); const totalSpend = m.spend || 0; // COGS: sum(unitCost * quantity) const cogsReal = matchedOrders.reduce((sum, o) => { const orderCogs = o.items.reduce((iSum, item) => iSum + ((item.unitCost || 0) * (item.quantity || 1)), 0); return sum + orderCogs; }, 0); // Logistics: sum(shippingCost) const logisticsReal = matchedOrders.reduce((sum, o) => sum + (o.shippingCost || o.estimatedLogisticsCost || 0), 0); // Fees: Standard 3% fallback for now (Card + COD average) const feesReal = revenueReal * 0.03; const marginReal = revenueReal - cogsReal - logisticsReal - feesReal; const netProfit = marginReal - totalSpend; return { ...kpis, metricsNorm: m.metricsNorm, isActive: m.isActive, // Mandatory 6 Real Columns purchases_real: matchedOrders.length, revenue_real: revenueReal, cpa_real: matchedOrders.length > 0 ? totalSpend / matchedOrders.length : 0, roas_real: totalSpend > 0 ? revenueReal / totalSpend : 0, margin_real: revenueReal > 0 ? (marginReal / revenueReal) : 0, // as percentage net_profit: netProfit, // Extra metadata real_purchases: matchedOrders.length, // legacy compat delivered_orders: delivered, delivery_rate: matchedOrders.length > 0 ? (delivered / matchedOrders.length) : 0, name: m.name, entity_id: m.id, account_id: m.account_id, account_name: m.account_name, last_active: m.last_active }; }).sort((a, b) => { // Sort by Meta ID (entity_id) - Descending (Newest First, like Ads Manager) const idA = BigInt(a.entity_id || '0'); const idB = BigInt(b.entity_id || '0'); if (idB > idA) return 1; if (idB < idA) return -1; return 0; }); // Global Totals const globalDelivered = orders.filter(o => o.logisticsStatus === 'DELIVERED').length; const globalRevenue = orders.reduce((sum, o) => sum + (o.totalPrice || 0), 0); const globalPurchases = orders.length; return NextResponse.json({ success: true, data: rows, totals: { revenue: globalRevenue, purchases: globalPurchases, delivered: globalDelivered, spend: rows.reduce((sum, r) => sum + (r.spend || 0), 0) } }); } catch (e: any) { return NextResponse.json({ error: e.message }, { status: 500 }); }[39m
[31m[1m>[22m[39m[90m 5 |[39m }
 [90m   |[39m  [31m[1m^[22m[39m
 [90m 6 |[39m[0m

Expected a semicolon


./src/app/api/marketing/sync/route.ts:4:2
Parsing ecmascript source code failed
[0m [90m 2 |[39m [36mimport[39m { [33mIntradaySyncService[39m } [36mfrom[39m [32m"@/lib/services/intraday-service"[39m[33m;[39m
 [90m 3 |[39m [36mimport[39m { requireStoreIdNext } [36mfrom[39m [32m"@/lib/server/store-context"[39m[33m;[39m [36mexport[39m [36masync[39m [36mfunction[39m [33mPOST[39m(request[33m:[39m [33mRequest[39m) { [36mtry[39m { [36mconst[39m { searchParams } [33m=[39m [36mnew[39m [33mURL[39m(request[33m.[39murl)[33m;[39m [36mconst[39m storeId [33m=[39m [36mawait[39m requireStoreIdNext()[33m;[39m [36mconst[39m win [33m=[39m (searchParams[33m.[39m[36mget[39m([32m'window'[39m) [33m||[39m [32m'DAY'[39m) [36mas[39m any[33m;[39m [36mconst[39m days [33m=[39m parseInt(searchParams[33m.[39m[36mget[39m([32m'days'[39m) [33m||[39m [32m'1'[39m)[33m;[39m [36mconst[39m force [33m=[39m searchParams[33m.[39m[36mget[39m([32m'force'[39m) [33m===[39m [32m'true'[39m[33m;[39m [36mconst[39m safeDays [33m=[39m force [33m?[39m [33mMath[39m[33m.[39mmin(days[33m,[39m [35m90[39m) [33m:[39m [33mMath[39m[33m.[39mmin(days[33m,[39m [35m14[39m)[33m;[39m console[33m.[39mlog([32m`[Marketing Sync] Triggering sync for store ${storeId}, window: ${win}, days: ${safeDays} (force: ${force})`[39m)[33m;[39m [36mlet[39m totalSynced [33m=[39m [35m0[39m[33m;[39m [36mconst[39m logs[33m:[39m string[] [33m=[39m [][33m;[39m [90m// Backfill loop for historical data for (let i = 0; i < safeDays; i++) { const targetDate = new Date(); targetDate.setDate(targetDate.getDate() - i); const res = await IntradaySyncService.syncWindow(storeId, win, targetDate); if (res.success) { totalSynced += res.synced || 0; logs.push(...(res.logs || [])); } // Small pause between days if multi-day sync if (safeDays > 1 && i < safeDays - 1) { await new Promise(r => setTimeout(r, 1000)); } } return NextResponse.json({ success: true, synced: totalSynced, debugLogs: logs }); } catch (e: any) { return NextResponse.json({ error: e.message, stack: e.stack, type: e.constructor.name }, { status: 500 }); }[39m
[31m[1m>[22m[39m[90m 4 |[39m }
 [90m   |[39m  [31m[1m^[22m[39m
 [90m 5 |[39m[0m

Expected '}', got '<eof>'


./src/app/api/marketing/sync/route.ts:4:2
Parsing ecmascript source code failed
[0m [90m 2 |[39m [36mimport[39m { [33mIntradaySyncService[39m } [36mfrom[39m [32m"@/lib/services/intraday-service"[39m[33m;[39m
 [90m 3 |[39m [36mimport[39m { requireStoreIdNext } [36mfrom[39m [32m"@/lib/server/store-context"[39m[33m;[39m [36mexport[39m [36masync[39m [36mfunction[39m [33mPOST[39m(request[33m:[39m [33mRequest[39m) { [36mtry[39m { [36mconst[39m { searchParams } [33m=[39m [36mnew[39m [33mURL[39m(request[33m.[39murl)[33m;[39m [36mconst[39m storeId [33m=[39m [36mawait[39m requireStoreIdNext()[33m;[39m [36mconst[39m win [33m=[39m (searchParams[33m.[39m[36mget[39m([32m'window'[39m) [33m||[39m [32m'DAY'[39m) [36mas[39m any[33m;[39m [36mconst[39m days [33m=[39m parseInt(searchParams[33m.[39m[36mget[39m([32m'days'[39m) [33m||[39m [32m'1'[39m)[33m;[39m [36mconst[39m force [33m=[39m searchParams[33m.[39m[36mget[39m([32m'force'[39m) [33m===[39m [32m'true'[39m[33m;[39m [36mconst[39m safeDays [33m=[39m force [33m?[39m [33mMath[39m[33m.[39mmin(days[33m,[39m [35m90[39m) [33m:[39m [33mMath[39m[33m.[39mmin(days[33m,[39m [35m14[39m)[33m;[39m console[33m.[39mlog([32m`[Marketing Sync] Triggering sync for store ${storeId}, window: ${win}, days: ${safeDays} (force: ${force})`[39m)[33m;[39m [36mlet[39m totalSynced [33m=[39m [35m0[39m[33m;[39m [36mconst[39m logs[33m:[39m string[] [33m=[39m [][33m;[39m [90m// Backfill loop for historical data for (let i = 0; i < safeDays; i++) { const targetDate = new Date(); targetDate.setDate(targetDate.getDate() - i); const res = await IntradaySyncService.syncWindow(storeId, win, targetDate); if (res.success) { totalSynced += res.synced || 0; logs.push(...(res.logs || [])); } // Small pause between days if multi-day sync if (safeDays > 1 && i < safeDays - 1) { await new Promise(r => setTimeout(r, 1000)); } } return NextResponse.json({ success: true, synced: totalSynced, debugLogs: logs }); } catch (e: any) { return NextResponse.json({ error: e.message, stack: e.stack, type: e.constructor.name }, { status: 500 }); }[39m
[31m[1m>[22m[39m[90m 4 |[39m }
 [90m   |[39m  [31m[1m^[22m[39m
 [90m 5 |[39m[0m

Expected a semicolon


./src/app/api/orders/route.ts:3:2
Parsing ecmascript source code failed
[0m [90m 1 |[39m [36mimport[39m { [33mNextRequest[39m[33m,[39m [33mNextResponse[39m } [36mfrom[39m [32m'next/server'[39m[33m;[39m
 [90m 2 |[39m [36mimport[39m { prisma } [36mfrom[39m [32m'@/lib/prisma'[39m[33m;[39m [36mexport[39m [36masync[39m [36mfunction[39m [33mGET[39m(request[33m:[39m [33mNextRequest[39m) { [36mtry[39m { [36mconst[39m { searchParams } [33m=[39m [36mnew[39m [33mURL[39m(request[33m.[39murl)[33m;[39m [36mconst[39m productId [33m=[39m searchParams[33m.[39m[36mget[39m([32m'productId'[39m)[33m;[39m [36mconst[39m status [33m=[39m searchParams[33m.[39m[36mget[39m([32m'status'[39m)[33m;[39m [36mconst[39m page [33m=[39m parseInt(searchParams[33m.[39m[36mget[39m([32m'page'[39m) [33m||[39m [32m'1'[39m)[33m;[39m [36mconst[39m pageSize [33m=[39m parseInt(searchParams[33m.[39m[36mget[39m([32m'pageSize'[39m) [33m||[39m [32m'25'[39m)[33m;[39m [36mconst[39m storeId [33m=[39m request[33m.[39mheaders[33m.[39m[36mget[39m([32m'X-Store-Id'[39m)[33m;[39m [36mconst[39m where[33m:[39m any [33m=[39m {}[33m;[39m [36mif[39m (storeId) where[33m.[39mstoreId [33m=[39m storeId[33m;[39m [90m// Global vs Product Filtering if (productId && productId !== 'GLOBAL' && productId !== 'ALL') { where.items = { some: { productId: productId } }; } // Status Filtering (Normalized EcomBoom states) if (status && status !== 'ALL') { if (status === 'FRAUD') { where.OR = [ { riskLevel: 'HIGH' }, { riskScore: { gt: 80 } } ]; } else if (status === 'DRAFT') { where.orderType = { in: ['DRAFT', 'ABANDONED'] }; } else if (status === 'INCIDENCE') { where.logisticsStatus = { in: ['INCIDENCE', 'ERROR', 'INCIDENCIA', 'SINIESTRO'] }; } else if (status === 'PROCESSING') { where.logisticsStatus = { in: ['PROCESSING', 'PREPARACION', 'PREPARANDO'] }; } else if (status === 'IN_TRANSIT') { where.logisticsStatus = { in: ['IN_TRANSIT', 'SHIPPED', 'EN TRANSITO', 'ENVIADO'] }; } else if (status === 'OUT_FOR_DELIVERY') { where.logisticsStatus = { in: ['OUT_FOR_DELIVERY', 'EN REPARTO'] }; } else if (status === 'DELIVERED') { where.logisticsStatus = { in: ['DELIVERED', 'ENTREGADO'] }; } else if (status === 'RETURNED' || status === 'RETURN_TO_SENDER') { where.logisticsStatus = { in: ['RETURNED', 'DEVUELTO', 'RETURN_TO_SENDER', 'RETORNO'] }; } else if (status === 'CANCELLED') { where.status = 'CANCELLED'; } else if (status === 'PENDING') { where.status = 'PENDING'; where.logisticsStatus = { notIn: ['CANCELLED', 'RETURNED', 'DELIVERED'] }; } else { where.status = status; } } const [orders, total] = await Promise.all([ prisma.order.findMany({ where, include: { items: true, attribution: true }, orderBy: { createdAt: 'desc' }, skip: (page - 1) * pageSize, take: pageSize }), prisma.order.count({ where }) ]); return NextResponse.json({ success: true, data: { orders, pagination: { total, page, pageSize, totalPages: Math.ceil(total / pageSize) } } }); } catch (error) { console.error('[API] Error fetching unified orders:', error); return NextResponse.json( { success: false, error: 'Failed to fetch orders' }, { status: 500 } ); }[39m
[31m[1m>[22m[39m[90m 3 |[39m }
 [90m   |[39m  [31m[1m^[22m[39m
 [90m 4 |[39m[0m

Expected '}', got '<eof>'


./src/app/api/orders/route.ts:3:2
Parsing ecmascript source code failed
[0m [90m 1 |[39m [36mimport[39m { [33mNextRequest[39m[33m,[39m [33mNextResponse[39m } [36mfrom[39m [32m'next/server'[39m[33m;[39m
 [90m 2 |[39m [36mimport[39m { prisma } [36mfrom[39m [32m'@/lib/prisma'[39m[33m;[39m [36mexport[39m [36masync[39m [36mfunction[39m [33mGET[39m(request[33m:[39m [33mNextRequest[39m) { [36mtry[39m { [36mconst[39m { searchParams } [33m=[39m [36mnew[39m [33mURL[39m(request[33m.[39murl)[33m;[39m [36mconst[39m productId [33m=[39m searchParams[33m.[39m[36mget[39m([32m'productId'[39m)[33m;[39m [36mconst[39m status [33m=[39m searchParams[33m.[39m[36mget[39m([32m'status'[39m)[33m;[39m [36mconst[39m page [33m=[39m parseInt(searchParams[33m.[39m[36mget[39m([32m'page'[39m) [33m||[39m [32m'1'[39m)[33m;[39m [36mconst[39m pageSize [33m=[39m parseInt(searchParams[33m.[39m[36mget[39m([32m'pageSize'[39m) [33m||[39m [32m'25'[39m)[33m;[39m [36mconst[39m storeId [33m=[39m request[33m.[39mheaders[33m.[39m[36mget[39m([32m'X-Store-Id'[39m)[33m;[39m [36mconst[39m where[33m:[39m any [33m=[39m {}[33m;[39m [36mif[39m (storeId) where[33m.[39mstoreId [33m=[39m storeId[33m;[39m [90m// Global vs Product Filtering if (productId && productId !== 'GLOBAL' && productId !== 'ALL') { where.items = { some: { productId: productId } }; } // Status Filtering (Normalized EcomBoom states) if (status && status !== 'ALL') { if (status === 'FRAUD') { where.OR = [ { riskLevel: 'HIGH' }, { riskScore: { gt: 80 } } ]; } else if (status === 'DRAFT') { where.orderType = { in: ['DRAFT', 'ABANDONED'] }; } else if (status === 'INCIDENCE') { where.logisticsStatus = { in: ['INCIDENCE', 'ERROR', 'INCIDENCIA', 'SINIESTRO'] }; } else if (status === 'PROCESSING') { where.logisticsStatus = { in: ['PROCESSING', 'PREPARACION', 'PREPARANDO'] }; } else if (status === 'IN_TRANSIT') { where.logisticsStatus = { in: ['IN_TRANSIT', 'SHIPPED', 'EN TRANSITO', 'ENVIADO'] }; } else if (status === 'OUT_FOR_DELIVERY') { where.logisticsStatus = { in: ['OUT_FOR_DELIVERY', 'EN REPARTO'] }; } else if (status === 'DELIVERED') { where.logisticsStatus = { in: ['DELIVERED', 'ENTREGADO'] }; } else if (status === 'RETURNED' || status === 'RETURN_TO_SENDER') { where.logisticsStatus = { in: ['RETURNED', 'DEVUELTO', 'RETURN_TO_SENDER', 'RETORNO'] }; } else if (status === 'CANCELLED') { where.status = 'CANCELLED'; } else if (status === 'PENDING') { where.status = 'PENDING'; where.logisticsStatus = { notIn: ['CANCELLED', 'RETURNED', 'DELIVERED'] }; } else { where.status = status; } } const [orders, total] = await Promise.all([ prisma.order.findMany({ where, include: { items: true, attribution: true }, orderBy: { createdAt: 'desc' }, skip: (page - 1) * pageSize, take: pageSize }), prisma.order.count({ where }) ]); return NextResponse.json({ success: true, data: { orders, pagination: { total, page, pageSize, totalPages: Math.ceil(total / pageSize) } } }); } catch (error) { console.error('[API] Error fetching unified orders:', error); return NextResponse.json( { success: false, error: 'Failed to fetch orders' }, { status: 500 } ); }[39m
[31m[1m>[22m[39m[90m 3 |[39m }
 [90m   |[39m  [31m[1m^[22m[39m
 [90m 4 |[39m[0m

Expected a semicolon


./src/app/api/productos/[id]/diagnostico/route.ts:7:2
Parsing ecmascript source code failed
[0m [90m 5 |[39m } [36mexport[39m [36masync[39m [36mfunction[39m [33mPOST[39m( req[33m:[39m [33mNextRequest[39m[33m,[39m { params }[33m:[39m { params[33m:[39m [33mPromise[39m[33m<[39m{ id[33m:[39m string }[33m>[39m }
 [90m 6 |[39m ) { [36mconst[39m { id } [33m=[39m [36mawait[39m params[33m;[39m [36mtry[39m { [36mconst[39m { action[33m,[39m data } [33m=[39m [36mawait[39m req[33m.[39mjson()[33m;[39m [36mconst[39m product [33m=[39m [36mawait[39m prisma[33m.[39mproduct[33m.[39mfindUnique({ where[33m:[39m { id }[33m,[39m include[33m:[39m { store[33m:[39m [36mtrue[39m }[33m,[39m })[33m;[39m [36mif[39m ([33m![39mproduct) { [36mreturn[39m [33mNextResponse[39m[33m.[39mjson({ error[33m:[39m [32m"Producto no encontrado"[39m }[33m,[39m { status[33m:[39m [35m404[39m })[33m;[39m } [36mconst[39m storeId [33m=[39m product[33m.[39mstoreId[33m;[39m [36mlet[39m result[33m:[39m any [33m=[39m { status[33m:[39m [32m"OK"[39m }[33m;[39m [36mswitch[39m (action) { [36mcase[39m [32m"SAVE_COMPETITOR_LINKS"[39m[33m:[39m { [36mconst[39m links [33m=[39m data[33m.[39mlinks [33m||[39m [][33m;[39m [90m// Delete old links for this product and recreate await prisma.competitorLink.deleteMany({ where: { productId: id } }); for (const link of links) { await prisma.competitorLink.create({ data: { productId: id, type: link.type, url: link.url, notes: link.notes || null, }, }); } await logAudit({ storeId, action: "DIAG_LINKS_SAVED", entity: "DIAGNOSTICO", entityId: id, newValue: { count: links.length, links }, }); result = { status: "OK", message: `${links.length} enlaces guardados`, count: links.length }; break; } case "GENERATE_NOMENCLATURE": { const template = product.store?.nomenclatureTemplate || "[PROD]_[CONC]_[VAR]_[LANG]"; const nomenclature = template .replace("[PROD]", (product.handle || "PROD").substring(0, 3).toUpperCase()) .replace("[CONC]", "C1") .replace("[VAR]", "V1") .replace("[LANG]", "ES"); await logAudit({ storeId, action: "DIAG_NOMENCLATURE", entity: "DIAGNOSTICO", entityId: id, newValue: { nomenclature, template }, }); result = { status: "OK", message: `Nomenclatura generada: ${nomenclature}`, nomenclature }; break; } case "CREATE_DRIVE_FOLDER": { // Check if Google Service Account is available const hasServiceAccount = !!process.env.GOOGLE_SERVICE_ACCOUNT_KEY; if (!hasServiceAccount) { await logAudit({ storeId, action: "DIAG_DRIVE_FOLDER", entity: "DIAGNOSTICO", entityId: id, newValue: { status: "STUB", reason: "Cuenta de servicio de Google no configurada" }, }); result = { status: "STUB", message: "STUB: Drive no disponible. Falta configurar cuenta de servicio de Google." }; } else { // Real implementation would call Google Drive API const folderId = `PLACEHOLDER_${Date.now()}`; await prisma.product.update({ where: { id }, data: { driveFolderId: folderId }, }); await logAudit({ storeId, action: "DIAG_DRIVE_FOLDER", entity: "DIAGNOSTICO", entityId: id, newValue: { status: "STUB", folderId, reason: "Service Account disponible pero creación real de carpeta deshabilitada en Fase 0" }, }); result = { status: "STUB", message: `STUB: Carpeta placeholder creada (${folderId}). Creación real pendiente.`, folderId }; } break; } case "UPLOAD_ASSET": { await logAudit({ storeId, action: "DIAG_ASSET_UPLOAD", entity: "DIAGNOSTICO", entityId: id, newValue: { status: "STUB", reason: "Upload de assets no implementado en Fase 0" }, }); result = { status: "STUB", message: "STUB: Upload de assets pendiente de implementación." }; break; } default: result = { status: "FAIL", message: `Acción desconocida: ${action}` }; } return NextResponse.json(result); } catch (error: any) { return NextResponse.json({ error: error.message }, { status: 500 }); }[39m
[31m[1m>[22m[39m[90m 7 |[39m }
 [90m   |[39m  [31m[1m^[22m[39m
 [90m 8 |[39m[0m

Expression expected


./src/app/api/products/[id]/creative/route.ts:4:3
Parsing ecmascript source code failed
[0m [90m 2 |[39m [36mimport[39m { prisma } [36mfrom[39m [32m'@/lib/prisma'[39m[33m;[39m [36mexport[39m [36masync[39m [36mfunction[39m [33mGET[39m( request[33m:[39m [33mNextRequest[39m[33m,[39m { params }[33m:[39m { params[33m:[39m [33mPromise[39m[33m<[39m{ id[33m:[39m string }[33m>[39m }
 [90m 3 |[39m ) { [36mtry[39m { [36mconst[39m { id[33m:[39m productId } [33m=[39m [36mawait[39m params[33m;[39m [36mconst[39m assets [33m=[39m [36mawait[39m prisma[33m.[39mcreativeAsset[33m.[39mfindMany({ where[33m:[39m { productId }[33m,[39m orderBy[33m:[39m { createdAt[33m:[39m [32m'desc'[39m } })[33m;[39m [36mconst[39m projects [33m=[39m [36mawait[39m prisma[33m.[39mcreativeProject[33m.[39mfindMany({ where[33m:[39m { productId }[33m,[39m orderBy[33m:[39m { updatedAt[33m:[39m [32m'desc'[39m }[33m,[39m take[33m:[39m [35m10[39m })[33m;[39m [90m// Calculate some basic stats const totalSpend = assets.reduce((sum, a) => sum + (a.spend || 0), 0); const totalRevenue = assets.reduce((sum, a) => sum + (a.revenue || 0), 0); const avgCtr = assets.length > 0 ? assets.reduce((sum, a) => sum + (a.ctr || 0), 0) / assets.length : 0; return NextResponse.json({ success: true, data: { assets, projects, stats: { totalSpend, totalRevenue, avgCtr, count: assets.length } } }); } catch (error) { console.error('[API] Error fetching creative data:', error); return NextResponse.json( { success: false, error: 'Failed to fetch creative details' }, { status: 500 } ); }[39m
[31m[1m>[22m[39m[90m 4 |[39m } [36mexport[39m [36masync[39m [36mfunction[39m [33mPOST[39m( request[33m:[39m [33mNextRequest[39m[33m,[39m { params }[33m:[39m { params[33m:[39m [33mPromise[39m[33m<[39m{ id[33m:[39m string }[33m>[39m }
 [90m   |[39m   [31m[1m^[22m[39m
 [90m 5 |[39m ) { [36mtry[39m { [36mconst[39m { id[33m:[39m productId } [33m=[39m [36mawait[39m params[33m;[39m [36mconst[39m body [33m=[39m [36mawait[39m request[33m.[39mjson()[33m;[39m [36mconst[39m { action[33m,[39m payload } [33m=[39m body[33m;[39m [36mswitch[39m (action) { [36mcase[39m [32m'AUDIT'[39m[33m:[39m [90m// Placeholder for real audit logic (calling runMasterAudit) return NextResponse.json({ success: true, message: "Audit triggered" }); case 'CLIP': // Placeholder for real clipping logic return NextResponse.json({ success: true, message: "Clipping triggered" }); case 'BATCH_NAME': // Placeholder for batch naming logic return NextResponse.json({ success: true, message: "Batch naming triggered" }); default: return NextResponse.json({ success: false, error: "Invalid action" }, { status: 400 }); } } catch (error) { console.error('[API] Error performing creative action:', error); return NextResponse.json( { success: false, error: 'Operation failed' }, { status: 500 } ); }[39m
 [90m 6 |[39m }
 [90m 7 |[39m[0m

Expected a semicolon


./src/app/api/products/[id]/financials/route.ts:6:2
Parsing ecmascript source code failed
[0m [90m 4 |[39m [36mimport[39m { startOfMonth[33m,[39m endOfMonth[33m,[39m eachDayOfInterval[33m,[39m format[33m,[39m startOfDay } [36mfrom[39m [32m'date-fns'[39m[33m;[39m [36mexport[39m [36masync[39m [36mfunction[39m [33mGET[39m( request[33m:[39m [33mNextRequest[39m[33m,[39m context[33m:[39m { params[33m:[39m [33mPromise[39m[33m<[39m{ id[33m:[39m string }[33m>[39m }
 [90m 5 |[39m ) { [36mtry[39m { [36mconst[39m { id[33m:[39m productId } [33m=[39m [36mawait[39m context[33m.[39mparams[33m;[39m [36mconst[39m { searchParams } [33m=[39m [36mnew[39m [33mURL[39m(request[33m.[39murl)[33m;[39m [90m// Default to current month if no dates provided const now = new Date(); const start = searchParams.get('start') ? new Date(searchParams.get('start')!) : startOfMonth(now); const end = searchParams.get('end') ? new Date(searchParams.get('end')!) : endOfMonth(now); // 1. Fetch Product Finance Base const product = await prisma.product.findUnique({ where: { id: productId }, include: { finance: true } }); if (!product) { return NextResponse.json({ success: false, error: 'Product not found' }, { status: 404 }); } // 2. Fetch Order Items for this product in range const orderItems = await prisma.orderItem.findMany({ where: { productId, order: { createdAt: { gte: start, lte: end }, status: { notIn: ['CANCELLED', 'ABANDONED'] } } }, include: { order: true } }); // 3. Aggregate Monthly/Daily Stats const stats = orderItems.reduce((acc: any, item) => { const day = format(item.order.createdAt, 'yyyy-MM-dd'); if (!acc[day]) { acc[day] = { revenue: 0, units: 0, orders: new Set() }; } acc[day].revenue += item.totalPrice || 0; acc[day].units += item.quantity || 0; acc[day].orders.add(item.orderId); return acc; }, {}); // 4. Calculate Unit Economics const finance = product.finance || { unitCost: 0, sellingPrice: 0, shippingCost: 0, returnCost: 0 }; const summary = { totalRevenue: orderItems.reduce((sum, i) => sum + (i.totalPrice || 0), 0), totalUnits: orderItems.reduce((sum, i) => sum + (i.quantity || 0), 0), totalOrders: new Set(orderItems.map(i => i.orderId)).size, cogs: orderItems.reduce((sum, i) => sum + ((i.unitCost || finance.unitCost || 0) * (i.quantity || 0)), 0), unitEconomics: finance }; // 5. Fetch Ad Spend for this product if tracked (CreativeAsset usually keeps it) const creativeAssets = await prisma.creativeAsset.findMany({ where: { productId } }); const totalAdSpend = creativeAssets.reduce((sum, a) => sum + (a.spend || 0), 0); return NextResponse.json({ success: true, data: { summary: { ...summary, adSpend: totalAdSpend, netProfit: summary.totalRevenue - summary.cogs - totalAdSpend // Simplified for now }, dailyStats: Object.entries(stats).map(([date, data]: [string, any]) => ({ date, revenue: data.revenue, units: data.units, orderCount: data.orders.size })) } }); } catch (error) { console.error('[API] Error fetching product financials:', error); return NextResponse.json( { success: false, error: 'Failed to fetch financials' }, { status: 500 } ); }[39m
[31m[1m>[22m[39m[90m 6 |[39m }
 [90m   |[39m  [31m[1m^[22m[39m
 [90m 7 |[39m[0m

Expected '}', got '<eof>'


./src/app/api/products/[id]/financials/route.ts:6:2
Parsing ecmascript source code failed
[0m [90m 4 |[39m [36mimport[39m { startOfMonth[33m,[39m endOfMonth[33m,[39m eachDayOfInterval[33m,[39m format[33m,[39m startOfDay } [36mfrom[39m [32m'date-fns'[39m[33m;[39m [36mexport[39m [36masync[39m [36mfunction[39m [33mGET[39m( request[33m:[39m [33mNextRequest[39m[33m,[39m context[33m:[39m { params[33m:[39m [33mPromise[39m[33m<[39m{ id[33m:[39m string }[33m>[39m }
 [90m 5 |[39m ) { [36mtry[39m { [36mconst[39m { id[33m:[39m productId } [33m=[39m [36mawait[39m context[33m.[39mparams[33m;[39m [36mconst[39m { searchParams } [33m=[39m [36mnew[39m [33mURL[39m(request[33m.[39murl)[33m;[39m [90m// Default to current month if no dates provided const now = new Date(); const start = searchParams.get('start') ? new Date(searchParams.get('start')!) : startOfMonth(now); const end = searchParams.get('end') ? new Date(searchParams.get('end')!) : endOfMonth(now); // 1. Fetch Product Finance Base const product = await prisma.product.findUnique({ where: { id: productId }, include: { finance: true } }); if (!product) { return NextResponse.json({ success: false, error: 'Product not found' }, { status: 404 }); } // 2. Fetch Order Items for this product in range const orderItems = await prisma.orderItem.findMany({ where: { productId, order: { createdAt: { gte: start, lte: end }, status: { notIn: ['CANCELLED', 'ABANDONED'] } } }, include: { order: true } }); // 3. Aggregate Monthly/Daily Stats const stats = orderItems.reduce((acc: any, item) => { const day = format(item.order.createdAt, 'yyyy-MM-dd'); if (!acc[day]) { acc[day] = { revenue: 0, units: 0, orders: new Set() }; } acc[day].revenue += item.totalPrice || 0; acc[day].units += item.quantity || 0; acc[day].orders.add(item.orderId); return acc; }, {}); // 4. Calculate Unit Economics const finance = product.finance || { unitCost: 0, sellingPrice: 0, shippingCost: 0, returnCost: 0 }; const summary = { totalRevenue: orderItems.reduce((sum, i) => sum + (i.totalPrice || 0), 0), totalUnits: orderItems.reduce((sum, i) => sum + (i.quantity || 0), 0), totalOrders: new Set(orderItems.map(i => i.orderId)).size, cogs: orderItems.reduce((sum, i) => sum + ((i.unitCost || finance.unitCost || 0) * (i.quantity || 0)), 0), unitEconomics: finance }; // 5. Fetch Ad Spend for this product if tracked (CreativeAsset usually keeps it) const creativeAssets = await prisma.creativeAsset.findMany({ where: { productId } }); const totalAdSpend = creativeAssets.reduce((sum, a) => sum + (a.spend || 0), 0); return NextResponse.json({ success: true, data: { summary: { ...summary, adSpend: totalAdSpend, netProfit: summary.totalRevenue - summary.cogs - totalAdSpend // Simplified for now }, dailyStats: Object.entries(stats).map(([date, data]: [string, any]) => ({ date, revenue: data.revenue, units: data.units, orderCount: data.orders.size })) } }); } catch (error) { console.error('[API] Error fetching product financials:', error); return NextResponse.json( { success: false, error: 'Failed to fetch financials' }, { status: 500 } ); }[39m
[31m[1m>[22m[39m[90m 6 |[39m }
 [90m   |[39m  [31m[1m^[22m[39m
 [90m 7 |[39m[0m

Expected a semicolon


./src/app/api/products/[id]/orders/route.ts:4:2
Parsing ecmascript source code failed
[0m [90m 2 |[39m [36mimport[39m { prisma } [36mfrom[39m [32m'@/lib/prisma'[39m[33m;[39m [36mexport[39m [36masync[39m [36mfunction[39m [33mGET[39m( request[33m:[39m [33mNextRequest[39m[33m,[39m context[33m:[39m { params[33m:[39m [33mPromise[39m[33m<[39m{ id[33m:[39m string }[33m>[39m }
 [90m 3 |[39m ) { [36mtry[39m { [36mconst[39m { id[33m:[39m productId } [33m=[39m [36mawait[39m context[33m.[39mparams[33m;[39m [36mconst[39m { searchParams } [33m=[39m [36mnew[39m [33mURL[39m(request[33m.[39murl)[33m;[39m [36mconst[39m status [33m=[39m searchParams[33m.[39m[36mget[39m([32m'status'[39m)[33m;[39m [36mconst[39m page [33m=[39m parseInt(searchParams[33m.[39m[36mget[39m([32m'page'[39m) [33m||[39m [32m'1'[39m)[33m;[39m [36mconst[39m pageSize [33m=[39m parseInt(searchParams[33m.[39m[36mget[39m([32m'pageSize'[39m) [33m||[39m [32m'10'[39m)[33m;[39m [36mconst[39m where[33m:[39m any [33m=[39m {}[33m;[39m [90m// Contexto Global Support (Priority 1 fix) if (productId && productId !== 'ALL') { where.items = { some: { productId: productId } }; } if (status && status !== 'ALL') { if (status === 'FRAUD') { where.riskLevel = 'HIGH'; } else if (status === 'DRAFT') { where.orderType = { in: ['DRAFT', 'ABANDONED'] }; } else { where.status = status; } } const [orders, total] = await Promise.all([ prisma.order.findMany({ where, include: { items: true }, orderBy: { createdAt: 'desc' }, skip: (page - 1) * pageSize, take: pageSize }), prisma.order.count({ where }) ]); return NextResponse.json({ success: true, data: { orders, pagination: { total, page, pageSize, totalPages: Math.ceil(total / pageSize) } } }); } catch (error) { console.error('[API] Error fetching product orders:', error); return NextResponse.json( { success: false, error: 'Failed to fetch orders' }, { status: 500 } ); }[39m
[31m[1m>[22m[39m[90m 4 |[39m }
 [90m   |[39m  [31m[1m^[22m[39m
 [90m 5 |[39m[0m

Expected '}', got '<eof>'


./src/app/api/products/[id]/orders/route.ts:4:2
Parsing ecmascript source code failed
[0m [90m 2 |[39m [36mimport[39m { prisma } [36mfrom[39m [32m'@/lib/prisma'[39m[33m;[39m [36mexport[39m [36masync[39m [36mfunction[39m [33mGET[39m( request[33m:[39m [33mNextRequest[39m[33m,[39m context[33m:[39m { params[33m:[39m [33mPromise[39m[33m<[39m{ id[33m:[39m string }[33m>[39m }
 [90m 3 |[39m ) { [36mtry[39m { [36mconst[39m { id[33m:[39m productId } [33m=[39m [36mawait[39m context[33m.[39mparams[33m;[39m [36mconst[39m { searchParams } [33m=[39m [36mnew[39m [33mURL[39m(request[33m.[39murl)[33m;[39m [36mconst[39m status [33m=[39m searchParams[33m.[39m[36mget[39m([32m'status'[39m)[33m;[39m [36mconst[39m page [33m=[39m parseInt(searchParams[33m.[39m[36mget[39m([32m'page'[39m) [33m||[39m [32m'1'[39m)[33m;[39m [36mconst[39m pageSize [33m=[39m parseInt(searchParams[33m.[39m[36mget[39m([32m'pageSize'[39m) [33m||[39m [32m'10'[39m)[33m;[39m [36mconst[39m where[33m:[39m any [33m=[39m {}[33m;[39m [90m// Contexto Global Support (Priority 1 fix) if (productId && productId !== 'ALL') { where.items = { some: { productId: productId } }; } if (status && status !== 'ALL') { if (status === 'FRAUD') { where.riskLevel = 'HIGH'; } else if (status === 'DRAFT') { where.orderType = { in: ['DRAFT', 'ABANDONED'] }; } else { where.status = status; } } const [orders, total] = await Promise.all([ prisma.order.findMany({ where, include: { items: true }, orderBy: { createdAt: 'desc' }, skip: (page - 1) * pageSize, take: pageSize }), prisma.order.count({ where }) ]); return NextResponse.json({ success: true, data: { orders, pagination: { total, page, pageSize, totalPages: Math.ceil(total / pageSize) } } }); } catch (error) { console.error('[API] Error fetching product orders:', error); return NextResponse.json( { success: false, error: 'Failed to fetch orders' }, { status: 500 } ); }[39m
[31m[1m>[22m[39m[90m 4 |[39m }
 [90m   |[39m  [31m[1m^[22m[39m
 [90m 5 |[39m[0m

Expected a semicolon


./src/app/api/products/route.ts:4:2
Parsing ecmascript source code failed
[0m [90m 2 |[39m [36mimport[39m { prisma } [36mfrom[39m [32m'@/lib/prisma'[39m[33m;[39m [36mexport[39m [36masync[39m [36mfunction[39m [33mGET[39m(request[33m:[39m [33mNextRequest[39m) { [36mtry[39m { [36mconst[39m storeId [33m=[39m request[33m.[39mheaders[33m.[39m[36mget[39m([32m'X-Store-Id'[39m)[33m;[39m [36mconst[39m products [33m=[39m [36mawait[39m prisma[33m.[39mproduct[33m.[39mfindMany({ where[33m:[39m storeId [33m?[39m { storeId } [33m:[39m {}[33m,[39m select[33m:[39m { id[33m:[39m [36mtrue[39m[33m,[39m title[33m:[39m [36mtrue[39m[33m,[39m status[33m:[39m [36mtrue[39m[33m,[39m imageUrl[33m:[39m [36mtrue[39m[33m,[39m productFamily[33m:[39m [36mtrue[39m[33m,[39m createdAt[33m:[39m [36mtrue[39m }[33m,[39m orderBy[33m:[39m { createdAt[33m:[39m [32m'desc'[39m } })[33m;[39m [36mreturn[39m [33mNextResponse[39m[33m.[39mjson({ success[33m:[39m [36mtrue[39m[33m,[39m products[33m:[39m products[33m.[39mmap(p [33m=>[39m ({ id[33m:[39m p[33m.[39mid[33m,[39m title[33m:[39m p[33m.[39mtitle[33m,[39m status[33m:[39m p[33m.[39mstatus[33m,[39m imageUrl[33m:[39m p[33m.[39mimageUrl[33m,[39m productFamily[33m:[39m p[33m.[39mproductFamily })) })[33m;[39m } [36mcatch[39m (error) { console[33m.[39merror([32m'[API] Error fetching products:'[39m[33m,[39m error)[33m;[39m [36mreturn[39m [33mNextResponse[39m[33m.[39mjson( { success[33m:[39m [36mfalse[39m[33m,[39m error[33m:[39m [32m'Failed to fetch products'[39m }[33m,[39m { status[33m:[39m [35m500[39m } )[33m;[39m }
 [90m 3 |[39m } [36mexport[39m [36masync[39m [36mfunction[39m [33mPOST[39m(request[33m:[39m [33mNextRequest[39m) { [36mtry[39m { [36mconst[39m storeId [33m=[39m request[33m.[39mheaders[33m.[39m[36mget[39m([32m'X-Store-Id'[39m)[33m;[39m [36mif[39m ([33m![39mstoreId) { [36mreturn[39m [33mNextResponse[39m[33m.[39mjson({ success[33m:[39m [36mfalse[39m[33m,[39m error[33m:[39m [32m'Store ID required'[39m }[33m,[39m { status[33m:[39m [35m400[39m })[33m;[39m } [36mconst[39m body [33m=[39m [36mawait[39m request[33m.[39mjson()[33m;[39m [36mconst[39m { title[33m,[39m category[33m,[39m imageUrl[33m,[39m description[33m,[39m unitCost[33m,[39m shippingCost[33m,[39m sellingPrice[33m,[39m market[33m,[39m language[33m,[39m amazonLinks[33m,[39m competitorLinks[33m,[39m forceTranslation } [33m=[39m body[33m;[39m [36mif[39m ([33m![39mtitle) { [36mreturn[39m [33mNextResponse[39m[33m.[39mjson({ success[33m:[39m [36mfalse[39m[33m,[39m error[33m:[39m [32m'Title is required'[39m }[33m,[39m { status[33m:[39m [35m400[39m })[33m;[39m } [90m// Basic AI calculations (mocked or real logic depending on environment) // BE ROAS = Sale Price / (Sale Price - (Unit Cost + Shipping Cost)) const totalCost = (Number(unitCost) || 0) + (Number(shippingCost) || 0); const salePrice = Number(sellingPrice) || 0; let breakevenROAS = 0; let maxCPA = 0; if (salePrice > totalCost) { maxCPA = salePrice - totalCost; breakevenROAS = salePrice / maxCPA; } const newProduct = await prisma.product.create({ data: { storeId, title, productFamily: category, imageUrl, description, unitCost: Number(unitCost) || 0, shippingCost: Number(shippingCost) || 0, price: salePrice, breakevenROAS, breakevenCPC: maxCPA > 0 ? maxCPA * 0.05 : 0, country: market || 'ES', tags: language, status: 'ACTIVE', amazonLinks: amazonLinks && amazonLinks.length > 0 ? JSON.stringify(amazonLinks) : null, competitorLinks: competitorLinks && competitorLinks.length > 0 ? { create: competitorLinks.map((url: string) => ({ url, type: 'COMPETITOR_LIBRARY' })) } : undefined } }); // Trigger background drive sync try { fetch(`${request.headers.get('origin') || 'http://localhost:3000'}/api/drive/organize`, { method: 'POST', headers: { 'Content-Type': 'application/json' }, body: JSON.stringify({ action: 'organize_all', productId: newProduct.id }) }).catch(e => console.error("Drive sync error:", e)); } catch (e) { console.error("Failed to trigger drive sync:", e); } return NextResponse.json({ success: true, product: newProduct }); } catch (error) { console.error('[API] Error creating product:', error); return NextResponse.json( { success: false, error: 'Failed to create product' }, { status: 500 } ); }[39m
[31m[1m>[22m[39m[90m 4 |[39m }
 [90m   |[39m  [31m[1m^[22m[39m
 [90m 5 |[39m[0m

Expected '}', got '<eof>'


./src/app/api/products/route.ts:4:2
Parsing ecmascript source code failed
[0m [90m 2 |[39m [36mimport[39m { prisma } [36mfrom[39m [32m'@/lib/prisma'[39m[33m;[39m [36mexport[39m [36masync[39m [36mfunction[39m [33mGET[39m(request[33m:[39m [33mNextRequest[39m) { [36mtry[39m { [36mconst[39m storeId [33m=[39m request[33m.[39mheaders[33m.[39m[36mget[39m([32m'X-Store-Id'[39m)[33m;[39m [36mconst[39m products [33m=[39m [36mawait[39m prisma[33m.[39mproduct[33m.[39mfindMany({ where[33m:[39m storeId [33m?[39m { storeId } [33m:[39m {}[33m,[39m select[33m:[39m { id[33m:[39m [36mtrue[39m[33m,[39m title[33m:[39m [36mtrue[39m[33m,[39m status[33m:[39m [36mtrue[39m[33m,[39m imageUrl[33m:[39m [36mtrue[39m[33m,[39m productFamily[33m:[39m [36mtrue[39m[33m,[39m createdAt[33m:[39m [36mtrue[39m }[33m,[39m orderBy[33m:[39m { createdAt[33m:[39m [32m'desc'[39m } })[33m;[39m [36mreturn[39m [33mNextResponse[39m[33m.[39mjson({ success[33m:[39m [36mtrue[39m[33m,[39m products[33m:[39m products[33m.[39mmap(p [33m=>[39m ({ id[33m:[39m p[33m.[39mid[33m,[39m title[33m:[39m p[33m.[39mtitle[33m,[39m status[33m:[39m p[33m.[39mstatus[33m,[39m imageUrl[33m:[39m p[33m.[39mimageUrl[33m,[39m productFamily[33m:[39m p[33m.[39mproductFamily })) })[33m;[39m } [36mcatch[39m (error) { console[33m.[39merror([32m'[API] Error fetching products:'[39m[33m,[39m error)[33m;[39m [36mreturn[39m [33mNextResponse[39m[33m.[39mjson( { success[33m:[39m [36mfalse[39m[33m,[39m error[33m:[39m [32m'Failed to fetch products'[39m }[33m,[39m { status[33m:[39m [35m500[39m } )[33m;[39m }
 [90m 3 |[39m } [36mexport[39m [36masync[39m [36mfunction[39m [33mPOST[39m(request[33m:[39m [33mNextRequest[39m) { [36mtry[39m { [36mconst[39m storeId [33m=[39m request[33m.[39mheaders[33m.[39m[36mget[39m([32m'X-Store-Id'[39m)[33m;[39m [36mif[39m ([33m![39mstoreId) { [36mreturn[39m [33mNextResponse[39m[33m.[39mjson({ success[33m:[39m [36mfalse[39m[33m,[39m error[33m:[39m [32m'Store ID required'[39m }[33m,[39m { status[33m:[39m [35m400[39m })[33m;[39m } [36mconst[39m body [33m=[39m [36mawait[39m request[33m.[39mjson()[33m;[39m [36mconst[39m { title[33m,[39m category[33m,[39m imageUrl[33m,[39m description[33m,[39m unitCost[33m,[39m shippingCost[33m,[39m sellingPrice[33m,[39m market[33m,[39m language[33m,[39m amazonLinks[33m,[39m competitorLinks[33m,[39m forceTranslation } [33m=[39m body[33m;[39m [36mif[39m ([33m![39mtitle) { [36mreturn[39m [33mNextResponse[39m[33m.[39mjson({ success[33m:[39m [36mfalse[39m[33m,[39m error[33m:[39m [32m'Title is required'[39m }[33m,[39m { status[33m:[39m [35m400[39m })[33m;[39m } [90m// Basic AI calculations (mocked or real logic depending on environment) // BE ROAS = Sale Price / (Sale Price - (Unit Cost + Shipping Cost)) const totalCost = (Number(unitCost) || 0) + (Number(shippingCost) || 0); const salePrice = Number(sellingPrice) || 0; let breakevenROAS = 0; let maxCPA = 0; if (salePrice > totalCost) { maxCPA = salePrice - totalCost; breakevenROAS = salePrice / maxCPA; } const newProduct = await prisma.product.create({ data: { storeId, title, productFamily: category, imageUrl, description, unitCost: Number(unitCost) || 0, shippingCost: Number(shippingCost) || 0, price: salePrice, breakevenROAS, breakevenCPC: maxCPA > 0 ? maxCPA * 0.05 : 0, country: market || 'ES', tags: language, status: 'ACTIVE', amazonLinks: amazonLinks && amazonLinks.length > 0 ? JSON.stringify(amazonLinks) : null, competitorLinks: competitorLinks && competitorLinks.length > 0 ? { create: competitorLinks.map((url: string) => ({ url, type: 'COMPETITOR_LIBRARY' })) } : undefined } }); // Trigger background drive sync try { fetch(`${request.headers.get('origin') || 'http://localhost:3000'}/api/drive/organize`, { method: 'POST', headers: { 'Content-Type': 'application/json' }, body: JSON.stringify({ action: 'organize_all', productId: newProduct.id }) }).catch(e => console.error("Drive sync error:", e)); } catch (e) { console.error("Failed to trigger drive sync:", e); } return NextResponse.json({ success: true, product: newProduct }); } catch (error) { console.error('[API] Error creating product:', error); return NextResponse.json( { success: false, error: 'Failed to create product' }, { status: 500 } ); }[39m
[31m[1m>[22m[39m[90m 4 |[39m }
 [90m   |[39m  [31m[1m^[22m[39m
 [90m 5 |[39m[0m

Expected a semicolon


./src/app/api/research/snapshot/route.ts:7:1
Parsing ecmascript source code failed
[0m [90m 5 |[39m [36mexport[39m [36masync[39m [36mfunction[39m [33mGET[39m(req[33m:[39m [33mNextRequest[39m) { [36mtry[39m { [36mconst[39m { searchParams } [33m=[39m [36mnew[39m [33mURL[39m(req[33m.[39murl)[33m;[39m [36mconst[39m productId [33m=[39m searchParams[33m.[39m[36mget[39m([32m'productId'[39m)[33m;[39m [36mconst[39m version1 [33m=[39m searchParams[33m.[39m[36mget[39m([32m'version1'[39m)[33m;[39m [36mconst[39m version2 [33m=[39m searchParams[33m.[39m[36mget[39m([32m'version2'[39m)[33m;[39m [36mconst[39m action [33m=[39m searchParams[33m.[39m[36mget[39m([32m'action'[39m)[33m;[39m [90m// 'history' | 'compare' | 'latest' if (!productId) { return NextResponse.json( { success: false, error: 'productId required' }, { status: 400 } ); } if (action === 'compare' && version1 && version2) { const comparison = await ResearchMetricsSnapshotService.compare( productId, parseInt(version1), parseInt(version2) ); return NextResponse.json({ success: true, comparison }); } if (action === 'latest') { const snapshot = await ResearchMetricsSnapshotService.getLatest(productId); return NextResponse.json({ success: true, snapshot }); } // Default: return history const limit = parseInt(searchParams.get('limit') || '10'); const history = await ResearchMetricsSnapshotService.getHistory(productId, limit); return NextResponse.json({ success: true, history, count: history.length }); } catch (error: any) { console.error('[Snapshot GET] Error:', error); return NextResponse.json( { success: false, error: error.message }, { status: 500 } ); }[39m
 [90m 6 |[39m } [90m/** * PUT - Rollback to version */[39m
[31m[1m>[22m[39m[90m 7 |[39m [36mexport[39m [36masync[39m [36mfunction[39m [33mPUT[39m(req[33m:[39m [33mNextRequest[39m) { [36mtry[39m { [36mconst[39m body [33m=[39m [36mawait[39m req[33m.[39mjson()[33m;[39m [36mconst[39m { productId[33m,[39m targetVersion } [33m=[39m body[33m;[39m [36mif[39m ([33m![39mproductId [33m||[39m [33m![39mtargetVersion) { [36mreturn[39m [33mNextResponse[39m[33m.[39mjson( { success[33m:[39m [36mfalse[39m[33m,[39m error[33m:[39m [32m'productId and targetVersion required'[39m }[33m,[39m { status[33m:[39m [35m400[39m } )[33m;[39m } [36mconst[39m newSnapshot [33m=[39m [36mawait[39m [33mResearchMetricsSnapshotService[39m[33m.[39mrollback( productId[33m,[39m targetVersion )[33m;[39m [36mreturn[39m [33mNextResponse[39m[33m.[39mjson({ success[33m:[39m [36mtrue[39m[33m,[39m message[33m:[39m [32m`Rolled back to version ${targetVersion}`[39m[33m,[39m newVersion[33m:[39m newSnapshot[33m.[39mversion })[33m;[39m } [36mcatch[39m (error[33m:[39m any) { console[33m.[39merror([32m'[Snapshot PUT] Error:'[39m[33m,[39m error)[33m;[39m [36mreturn[39m [33mNextResponse[39m[33m.[39mjson( { success[33m:[39m [36mfalse[39m[33m,[39m error[33m:[39m error[33m.[39mmessage }[33m,[39m { status[33m:[39m [35m500[39m } )[33m;[39m }
 [90m   |[39m [31m[1m^[22m[39m
 [90m 8 |[39m }
 [90m 9 |[39m[0m

Expected a semicolon


./src/app/api/stores/route.ts:4:2
Parsing ecmascript source code failed
[0m [90m 2 |[39m [36mimport[39m prisma [36mfrom[39m [32m"@/lib/prisma"[39m[33m;[39m [36mexport[39m [36masync[39m [36mfunction[39m [33mGET[39m() { [36mtry[39m { [36mconst[39m stores [33m=[39m [36mawait[39m prisma[33m.[39mstore[33m.[39mfindMany({ select[33m:[39m { id[33m:[39m [36mtrue[39m[33m,[39m name[33m:[39m [36mtrue[39m[33m,[39m domain[33m:[39m [36mtrue[39m[33m,[39m currency[33m:[39m [36mtrue[39m[33m,[39m }[33m,[39m orderBy[33m:[39m { name[33m:[39m [32m"asc"[39m }[33m,[39m })[33m;[39m [36mreturn[39m [33mNextResponse[39m[33m.[39mjson({ stores })[33m;[39m } [36mcatch[39m (error[33m:[39m any) { console[33m.[39merror([32m"[API /stores] Error:"[39m[33m,[39m error)[33m;[39m [36mreturn[39m [33mNextResponse[39m[33m.[39mjson( { error[33m:[39m [32m"Error al cargar tiendas"[39m }[33m,[39m { status[33m:[39m [35m500[39m } )[33m;[39m }
 [90m 3 |[39m } [36mexport[39m [36masync[39m [36mfunction[39m [33mPOST[39m(request[33m:[39m [33mRequest[39m) { [36mtry[39m { [36mconst[39m body [33m=[39m [36mawait[39m request[33m.[39mjson()[33m;[39m [36mconst[39m { name[33m,[39m domain[33m,[39m currency } [33m=[39m body[33m;[39m [36mif[39m ([33m![39mname [33m||[39m [36mtypeof[39m name [33m!==[39m [32m"string"[39m [33m||[39m name[33m.[39mtrim()[33m.[39mlength [33m<[39m [35m2[39m) { [36mreturn[39m [33mNextResponse[39m[33m.[39mjson( { error[33m:[39m [32m"El nombre de la tienda es obligatorio (mín. 2 caracteres)"[39m }[33m,[39m { status[33m:[39m [35m400[39m } )[33m;[39m } [36mconst[39m store [33m=[39m [36mawait[39m prisma[33m.[39mstore[33m.[39mcreate({ data[33m:[39m { name[33m:[39m name[33m.[39mtrim()[33m,[39m domain[33m:[39m domain [33m||[39m [36mnull[39m[33m,[39m currency[33m:[39m currency [33m||[39m [32m"EUR"[39m[33m,[39m }[33m,[39m select[33m:[39m { id[33m:[39m [36mtrue[39m[33m,[39m name[33m:[39m [36mtrue[39m[33m,[39m domain[33m:[39m [36mtrue[39m[33m,[39m currency[33m:[39m [36mtrue[39m[33m,[39m }[33m,[39m })[33m;[39m [90m// Registrar en AuditLog await prisma.auditLog.create({ data: { action: "STORE_CREATED", entity: "STORE", entityId: store.id, storeId: store.id, actorType: "HUMAN", newValue: JSON.stringify({ name: store.name, domain: store.domain }), }, }); return NextResponse.json({ store }, { status: 201 }); } catch (error: any) { console.error("[API /stores] Error creating store:", error); return NextResponse.json( { error: "Error al crear tienda" }, { status: 500 } ); }[39m
[31m[1m>[22m[39m[90m 4 |[39m }
 [90m   |[39m  [31m[1m^[22m[39m
 [90m 5 |[39m[0m

Expected '}', got '<eof>'


./src/app/api/stores/route.ts:4:2
Parsing ecmascript source code failed
[0m [90m 2 |[39m [36mimport[39m prisma [36mfrom[39m [32m"@/lib/prisma"[39m[33m;[39m [36mexport[39m [36masync[39m [36mfunction[39m [33mGET[39m() { [36mtry[39m { [36mconst[39m stores [33m=[39m [36mawait[39m prisma[33m.[39mstore[33m.[39mfindMany({ select[33m:[39m { id[33m:[39m [36mtrue[39m[33m,[39m name[33m:[39m [36mtrue[39m[33m,[39m domain[33m:[39m [36mtrue[39m[33m,[39m currency[33m:[39m [36mtrue[39m[33m,[39m }[33m,[39m orderBy[33m:[39m { name[33m:[39m [32m"asc"[39m }[33m,[39m })[33m;[39m [36mreturn[39m [33mNextResponse[39m[33m.[39mjson({ stores })[33m;[39m } [36mcatch[39m (error[33m:[39m any) { console[33m.[39merror([32m"[API /stores] Error:"[39m[33m,[39m error)[33m;[39m [36mreturn[39m [33mNextResponse[39m[33m.[39mjson( { error[33m:[39m [32m"Error al cargar tiendas"[39m }[33m,[39m { status[33m:[39m [35m500[39m } )[33m;[39m }
 [90m 3 |[39m } [36mexport[39m [36masync[39m [36mfunction[39m [33mPOST[39m(request[33m:[39m [33mRequest[39m) { [36mtry[39m { [36mconst[39m body [33m=[39m [36mawait[39m request[33m.[39mjson()[33m;[39m [36mconst[39m { name[33m,[39m domain[33m,[39m currency } [33m=[39m body[33m;[39m [36mif[39m ([33m![39mname [33m||[39m [36mtypeof[39m name [33m!==[39m [32m"string"[39m [33m||[39m name[33m.[39mtrim()[33m.[39mlength [33m<[39m [35m2[39m) { [36mreturn[39m [33mNextResponse[39m[33m.[39mjson( { error[33m:[39m [32m"El nombre de la tienda es obligatorio (mín. 2 caracteres)"[39m }[33m,[39m { status[33m:[39m [35m400[39m } )[33m;[39m } [36mconst[39m store [33m=[39m [36mawait[39m prisma[33m.[39mstore[33m.[39mcreate({ data[33m:[39m { name[33m:[39m name[33m.[39mtrim()[33m,[39m domain[33m:[39m domain [33m||[39m [36mnull[39m[33m,[39m currency[33m:[39m currency [33m||[39m [32m"EUR"[39m[33m,[39m }[33m,[39m select[33m:[39m { id[33m:[39m [36mtrue[39m[33m,[39m name[33m:[39m [36mtrue[39m[33m,[39m domain[33m:[39m [36mtrue[39m[33m,[39m currency[33m:[39m [36mtrue[39m[33m,[39m }[33m,[39m })[33m;[39m [90m// Registrar en AuditLog await prisma.auditLog.create({ data: { action: "STORE_CREATED", entity: "STORE", entityId: store.id, storeId: store.id, actorType: "HUMAN", newValue: JSON.stringify({ name: store.name, domain: store.domain }), }, }); return NextResponse.json({ store }, { status: 201 }); } catch (error: any) { console.error("[API /stores] Error creating store:", error); return NextResponse.json( { error: "Error al crear tienda" }, { status: 500 } ); }[39m
[31m[1m>[22m[39m[90m 4 |[39m }
 [90m   |[39m  [31m[1m^[22m[39m
 [90m 5 |[39m[0m

Expected a semicolon


./src/app/api/system/full-sync/route.ts:6:2
Parsing ecmascript source code failed
[0m [90m 4 |[39m [36mimport[39m { [33mMetricsSnapshotService[39m } [36mfrom[39m [32m"@/lib/services/metrics-snapshot-service"[39m[33m;[39m
 [90m 5 |[39m [36mimport[39m { subDays } [36mfrom[39m [32m"date-fns"[39m[33m;[39m [36mexport[39m [36masync[39m [36mfunction[39m [33mGET[39m(req[33m:[39m [33mNextRequest[39m) { [36mtry[39m { [36mconst[39m authHeader [33m=[39m req[33m.[39mheaders[33m.[39m[36mget[39m([32m"authorization"[39m)[33m;[39m [90m// Simple security check if needed, otherwise allow internal cron console.log("🚀 [FullSync] Starting Unified Automated Sync..."); const store = await (prisma as any).store.findFirst(); if (!store) throw new Error("No store found"); // 1. Shopify Recent Sync (Fetch new orders) console.log("📦 [FullSync] Syncing recent Shopify orders..."); await syncShopifyHistory(store.id); // 2. Beeping Status Sync (Fetch logistics updates) console.log("🚚 [FullSync] Syncing Beeping statuses..."); await syncBeepingStatuses(0); // 3. Regenerate Snapshots (Today & Yesterday) // This also triggers Meta Ads sync inside MetricsSnapshotService console.log("📊 [FullSync] Regenerating snapshots (Today & Yesterday)..."); const today = new Date(); const yesterday = subDays(today, 1); await MetricsSnapshotService.generateDailySnapshot(store.id, yesterday, true); await MetricsSnapshotService.generateDailySnapshot(store.id, today, true); return NextResponse.json({ success: true, message: "Sincronización completa finalizada con éxito.", timestamp: new Date().toISOString() }); } catch (error: any) { console.error("❌ [FullSync] Failed:", error); return NextResponse.json({ success: false, error: error.message }, { status: 500 }); }[39m
[31m[1m>[22m[39m[90m 6 |[39m }
 [90m   |[39m  [31m[1m^[22m[39m
 [90m 7 |[39m[0m

Expected '}', got '<eof>'


./src/app/api/system/full-sync/route.ts:6:2
Parsing ecmascript source code failed
[0m [90m 4 |[39m [36mimport[39m { [33mMetricsSnapshotService[39m } [36mfrom[39m [32m"@/lib/services/metrics-snapshot-service"[39m[33m;[39m
 [90m 5 |[39m [36mimport[39m { subDays } [36mfrom[39m [32m"date-fns"[39m[33m;[39m [36mexport[39m [36masync[39m [36mfunction[39m [33mGET[39m(req[33m:[39m [33mNextRequest[39m) { [36mtry[39m { [36mconst[39m authHeader [33m=[39m req[33m.[39mheaders[33m.[39m[36mget[39m([32m"authorization"[39m)[33m;[39m [90m// Simple security check if needed, otherwise allow internal cron console.log("🚀 [FullSync] Starting Unified Automated Sync..."); const store = await (prisma as any).store.findFirst(); if (!store) throw new Error("No store found"); // 1. Shopify Recent Sync (Fetch new orders) console.log("📦 [FullSync] Syncing recent Shopify orders..."); await syncShopifyHistory(store.id); // 2. Beeping Status Sync (Fetch logistics updates) console.log("🚚 [FullSync] Syncing Beeping statuses..."); await syncBeepingStatuses(0); // 3. Regenerate Snapshots (Today & Yesterday) // This also triggers Meta Ads sync inside MetricsSnapshotService console.log("📊 [FullSync] Regenerating snapshots (Today & Yesterday)..."); const today = new Date(); const yesterday = subDays(today, 1); await MetricsSnapshotService.generateDailySnapshot(store.id, yesterday, true); await MetricsSnapshotService.generateDailySnapshot(store.id, today, true); return NextResponse.json({ success: true, message: "Sincronización completa finalizada con éxito.", timestamp: new Date().toISOString() }); } catch (error: any) { console.error("❌ [FullSync] Failed:", error); return NextResponse.json({ success: false, error: error.message }, { status: 500 }); }[39m
[31m[1m>[22m[39m[90m 6 |[39m }
 [90m   |[39m  [31m[1m^[22m[39m
 [90m 7 |[39m[0m

Expected a semicolon


./src/app/api/system/verify-phase-3/route.ts:8:2
Parsing ecmascript source code failed
[0m [90m 6 |[39m [36mimport[39m fs [36mfrom[39m [32m"fs"[39m[33m;[39m
 [90m 7 |[39m [36mimport[39m path [36mfrom[39m [32m"path"[39m[33m;[39m [36mexport[39m [36masync[39m [36mfunction[39m [33mGET[39m() { [36mtry[39m { [36mconst[39m results[33m:[39m any [33m=[39m {}[33m;[39m [36mconst[39m db [33m=[39m prisma [36mas[39m any[33m;[39m [90m// 1. Profit Test const store = await db.store.findFirst(); const p = await db.product.create({ data: { title: "Test verification", storeId: store.id, finance: { create: { unitCost: 10 } } } }); const o = await db.order.create({ data: { storeId: store.id, status: 'DELIVERED', logisticsProvider: 'BEEPING', country: 'ES', items: { create: { product: { connect: { id: p.id } }, title: 'Test', quantity: 1, price: 50 } } } }); const r = await db.fulfillmentRule.create({ data: { provider: 'BEEPING', country: 'ES', baseShippingCost: 5, storeId: store.id } }); const v1 = await calculateOrderProfit(o.id); await db.fulfillmentRule.update({ where: { id: r.id }, data: { baseShippingCost: 20 } }); const v2 = await calculateOrderProfit(o.id); results.profit_recalculation = v1.netProfit !== v2.netProfit; results.v1 = v1.netProfit; results.v2 = v2.netProfit; // 2. Maintenance Safety Test const uploadsDir = path.join(process.cwd(), "public/uploads"); const safeFile = "safe_v.mp4"; fs.writeFileSync(path.join(uploadsDir, safeFile), "safe"); await db.adSpyCapture.create({ data: { type: 'VIDEO', platform: 'TIKTOK', url: safeFile } }); await maintenanceHandler.handle({}, async () => { }, "test-job-id"); results.maintenance_safety = fs.existsSync(path.join(uploadsDir, safeFile)); // Cleanup await db.order.delete({ where: { id: o.id } }); await db.product.delete({ where: { id: p.id } }); await db.fulfillmentRule.delete({ where: { id: r.id } }); await db.adSpyCapture.deleteMany({ where: { url: safeFile } }); if (fs.existsSync(path.join(uploadsDir, safeFile))) fs.unlinkSync(path.join(uploadsDir, safeFile)); return NextResponse.json(results); } catch (e: any) { return NextResponse.json({ error: e.message }, { status: 500 }); }[39m
[31m[1m>[22m[39m[90m 8 |[39m }
 [90m   |[39m  [31m[1m^[22m[39m
 [90m 9 |[39m[0m

Expected '}', got '<eof>'


./src/app/api/system/verify-phase-3/route.ts:8:2
Parsing ecmascript source code failed
[0m [90m 6 |[39m [36mimport[39m fs [36mfrom[39m [32m"fs"[39m[33m;[39m
 [90m 7 |[39m [36mimport[39m path [36mfrom[39m [32m"path"[39m[33m;[39m [36mexport[39m [36masync[39m [36mfunction[39m [33mGET[39m() { [36mtry[39m { [36mconst[39m results[33m:[39m any [33m=[39m {}[33m;[39m [36mconst[39m db [33m=[39m prisma [36mas[39m any[33m;[39m [90m// 1. Profit Test const store = await db.store.findFirst(); const p = await db.product.create({ data: { title: "Test verification", storeId: store.id, finance: { create: { unitCost: 10 } } } }); const o = await db.order.create({ data: { storeId: store.id, status: 'DELIVERED', logisticsProvider: 'BEEPING', country: 'ES', items: { create: { product: { connect: { id: p.id } }, title: 'Test', quantity: 1, price: 50 } } } }); const r = await db.fulfillmentRule.create({ data: { provider: 'BEEPING', country: 'ES', baseShippingCost: 5, storeId: store.id } }); const v1 = await calculateOrderProfit(o.id); await db.fulfillmentRule.update({ where: { id: r.id }, data: { baseShippingCost: 20 } }); const v2 = await calculateOrderProfit(o.id); results.profit_recalculation = v1.netProfit !== v2.netProfit; results.v1 = v1.netProfit; results.v2 = v2.netProfit; // 2. Maintenance Safety Test const uploadsDir = path.join(process.cwd(), "public/uploads"); const safeFile = "safe_v.mp4"; fs.writeFileSync(path.join(uploadsDir, safeFile), "safe"); await db.adSpyCapture.create({ data: { type: 'VIDEO', platform: 'TIKTOK', url: safeFile } }); await maintenanceHandler.handle({}, async () => { }, "test-job-id"); results.maintenance_safety = fs.existsSync(path.join(uploadsDir, safeFile)); // Cleanup await db.order.delete({ where: { id: o.id } }); await db.product.delete({ where: { id: p.id } }); await db.fulfillmentRule.delete({ where: { id: r.id } }); await db.adSpyCapture.deleteMany({ where: { url: safeFile } }); if (fs.existsSync(path.join(uploadsDir, safeFile))) fs.unlinkSync(path.join(uploadsDir, safeFile)); return NextResponse.json(results); } catch (e: any) { return NextResponse.json({ error: e.message }, { status: 500 }); }[39m
[31m[1m>[22m[39m[90m 8 |[39m }
 [90m   |[39m  [31m[1m^[22m[39m
 [90m 9 |[39m[0m

Expected a semicolon


./src/app/api/test-agents/route.ts:3:2
Parsing ecmascript source code failed
[0m [90m 1 |[39m [36mimport[39m { [33mNextResponse[39m } [36mfrom[39m [32m'next/server'[39m[33m;[39m
 [90m 2 |[39m [36mimport[39m { [33mCopywriterAgent[39m[33m,[39m [33mScriptWriterAgent[39m[33m,[39m [33mForensicResearcherAgent[39m } [36mfrom[39m [32m'@/lib/ai/agents/specialist-agents'[39m[33m;[39m [36mconst[39m sleep [33m=[39m (ms[33m:[39m number) [33m=>[39m [36mnew[39m [33mPromise[39m(resolve [33m=>[39m setTimeout(resolve[33m,[39m ms))[33m;[39m [36mexport[39m [36masync[39m [36mfunction[39m [33mGET[39m() { [36mtry[39m { console[33m.[39mlog([32m"🚀 Starting Specialist Agents Test..."[39m)[33m;[39m [36mconst[39m storeId [33m=[39m [32m"test-store-id"[39m[33m;[39m [90m// 1. Test Forensic Researcher console.log("Testing ForensicResearcherAgent..."); const research = await ForensicResearcherAgent.executeDeepAnalysis( storeId, "Suplemento de NAD+ Antienvejecimiento", "Suplemento de alta pureza, enfoque en longevidad y energía celular." ); console.log("✅ Research Complete. Waiting 5s for rate limits..."); await sleep(5000); // 2. Test Copywriter console.log("Testing CopywriterAgent..."); const copy = await CopywriterAgent.generateSalesLetter( storeId, research.text, { name: "Executive over 40", pain: "Low energy, aging markers" } ); return NextResponse.json({ success: true, research: research.text.substring(0, 500) + "...", copy: copy.text.substring(0, 500) + "...", provider: "REPLICATE/CLAUDE-3.7" }); } catch (error: any) { console.error("❌ Test Failed:", error); const isRateLimit = error.message?.includes("429") || JSON.stringify(error).includes("429"); return NextResponse.json({ success: false, error: error.message, isRateLimit, suggestion: isRateLimit ? "Replicate está limitando la tasa. Tu cuenta tiene dinero, pero puede haber límites de ráfaga (burst) o el modelo tiene alta demanda. Los 5s de espera deberían ayudar." : "Revisa tu token de Replicate.", raw: error }, { status: isRateLimit ? 429 : 500 }); }[39m
[31m[1m>[22m[39m[90m 3 |[39m }
 [90m   |[39m  [31m[1m^[22m[39m
 [90m 4 |[39m[0m

Expected '}', got '<eof>'


./src/app/api/test-agents/route.ts:3:2
Parsing ecmascript source code failed
[0m [90m 1 |[39m [36mimport[39m { [33mNextResponse[39m } [36mfrom[39m [32m'next/server'[39m[33m;[39m
 [90m 2 |[39m [36mimport[39m { [33mCopywriterAgent[39m[33m,[39m [33mScriptWriterAgent[39m[33m,[39m [33mForensicResearcherAgent[39m } [36mfrom[39m [32m'@/lib/ai/agents/specialist-agents'[39m[33m;[39m [36mconst[39m sleep [33m=[39m (ms[33m:[39m number) [33m=>[39m [36mnew[39m [33mPromise[39m(resolve [33m=>[39m setTimeout(resolve[33m,[39m ms))[33m;[39m [36mexport[39m [36masync[39m [36mfunction[39m [33mGET[39m() { [36mtry[39m { console[33m.[39mlog([32m"🚀 Starting Specialist Agents Test..."[39m)[33m;[39m [36mconst[39m storeId [33m=[39m [32m"test-store-id"[39m[33m;[39m [90m// 1. Test Forensic Researcher console.log("Testing ForensicResearcherAgent..."); const research = await ForensicResearcherAgent.executeDeepAnalysis( storeId, "Suplemento de NAD+ Antienvejecimiento", "Suplemento de alta pureza, enfoque en longevidad y energía celular." ); console.log("✅ Research Complete. Waiting 5s for rate limits..."); await sleep(5000); // 2. Test Copywriter console.log("Testing CopywriterAgent..."); const copy = await CopywriterAgent.generateSalesLetter( storeId, research.text, { name: "Executive over 40", pain: "Low energy, aging markers" } ); return NextResponse.json({ success: true, research: research.text.substring(0, 500) + "...", copy: copy.text.substring(0, 500) + "...", provider: "REPLICATE/CLAUDE-3.7" }); } catch (error: any) { console.error("❌ Test Failed:", error); const isRateLimit = error.message?.includes("429") || JSON.stringify(error).includes("429"); return NextResponse.json({ success: false, error: error.message, isRateLimit, suggestion: isRateLimit ? "Replicate está limitando la tasa. Tu cuenta tiene dinero, pero puede haber límites de ráfaga (burst) o el modelo tiene alta demanda. Los 5s de espera deberían ayudar." : "Revisa tu token de Replicate.", raw: error }, { status: isRateLimit ? 429 : 500 }); }[39m
[31m[1m>[22m[39m[90m 3 |[39m }
 [90m   |[39m  [31m[1m^[22m[39m
 [90m 4 |[39m[0m

Expected a semicolon


./src/app/api/upload/route.ts:5:2
Parsing ecmascript source code failed
[0m [90m 3 |[39m [36mimport[39m { join } [36mfrom[39m [32m"path"[39m[33m;[39m
 [90m 4 |[39m [36mimport[39m { v4 [36mas[39m uuidv4 } [36mfrom[39m [32m"uuid"[39m[33m;[39m [36mexport[39m [36masync[39m [36mfunction[39m [33mPOST[39m(request[33m:[39m [33mNextRequest[39m) { [36mtry[39m { [36mconst[39m formData [33m=[39m [36mawait[39m request[33m.[39mformData()[33m;[39m [36mconst[39m file [33m=[39m formData[33m.[39m[36mget[39m([32m"file"[39m) [36mas[39m [33mFile[39m [33m|[39m [36mnull[39m[33m;[39m [36mif[39m ([33m![39mfile) { [36mreturn[39m [33mNextResponse[39m[33m.[39mjson( { success[33m:[39m [36mfalse[39m[33m,[39m error[33m:[39m [32m"No file uploaded"[39m }[33m,[39m { status[33m:[39m [35m400[39m } )[33m;[39m } [36mconst[39m bytes [33m=[39m [36mawait[39m file[33m.[39marrayBuffer()[33m;[39m [36mconst[39m buffer [33m=[39m [33mBuffer[39m[33m.[39m[36mfrom[39m(bytes)[33m;[39m [90m// Ensure directory exists const uploadDir = join(process.cwd(), "public", "uploads", "products"); try { await mkdir(uploadDir, { recursive: true }); } catch (error) { // Ignore if directory already exists } const ext = file.name.split('.').pop() || 'tmp'; const filename = `${uuidv4()}.${ext}`; const path = join(uploadDir, filename); await writeFile(path, buffer); // Return the public URL const fileUrl = `/uploads/products/${filename}`; return NextResponse.json({ success: true, url: fileUrl }); } catch (error: any) { console.error("[Upload API] Error:", error); return NextResponse.json( { success: false, error: error.message || "Upload failed" }, { status: 500 } ); }[39m
[31m[1m>[22m[39m[90m 5 |[39m }
 [90m   |[39m  [31m[1m^[22m[39m
 [90m 6 |[39m[0m

Expected '}', got '<eof>'


./src/app/api/upload/route.ts:5:2
Parsing ecmascript source code failed
[0m [90m 3 |[39m [36mimport[39m { join } [36mfrom[39m [32m"path"[39m[33m;[39m
 [90m 4 |[39m [36mimport[39m { v4 [36mas[39m uuidv4 } [36mfrom[39m [32m"uuid"[39m[33m;[39m [36mexport[39m [36masync[39m [36mfunction[39m [33mPOST[39m(request[33m:[39m [33mNextRequest[39m) { [36mtry[39m { [36mconst[39m formData [33m=[39m [36mawait[39m request[33m.[39mformData()[33m;[39m [36mconst[39m file [33m=[39m formData[33m.[39m[36mget[39m([32m"file"[39m) [36mas[39m [33mFile[39m [33m|[39m [36mnull[39m[33m;[39m [36mif[39m ([33m![39mfile) { [36mreturn[39m [33mNextResponse[39m[33m.[39mjson( { success[33m:[39m [36mfalse[39m[33m,[39m error[33m:[39m [32m"No file uploaded"[39m }[33m,[39m { status[33m:[39m [35m400[39m } )[33m;[39m } [36mconst[39m bytes [33m=[39m [36mawait[39m file[33m.[39marrayBuffer()[33m;[39m [36mconst[39m buffer [33m=[39m [33mBuffer[39m[33m.[39m[36mfrom[39m(bytes)[33m;[39m [90m// Ensure directory exists const uploadDir = join(process.cwd(), "public", "uploads", "products"); try { await mkdir(uploadDir, { recursive: true }); } catch (error) { // Ignore if directory already exists } const ext = file.name.split('.').pop() || 'tmp'; const filename = `${uuidv4()}.${ext}`; const path = join(uploadDir, filename); await writeFile(path, buffer); // Return the public URL const fileUrl = `/uploads/products/${filename}`; return NextResponse.json({ success: true, url: fileUrl }); } catch (error: any) { console.error("[Upload API] Error:", error); return NextResponse.json( { success: false, error: error.message || "Upload failed" }, { status: 500 } ); }[39m
[31m[1m>[22m[39m[90m 5 |[39m }
 [90m   |[39m  [31m[1m^[22m[39m
 [90m 6 |[39m[0m

Expected a semicolon


./src/app/api/usage/summary/route.ts:5:1
Parsing ecmascript source code failed
[0m [90m 3 |[39m [36mexport[39m [36masync[39m [36mfunction[39m [33mGET[39m(req[33m:[39m [33mNextRequest[39m) { [36mtry[39m { [36mconst[39m { searchParams } [33m=[39m [36mnew[39m [33mURL[39m(req[33m.[39murl)[33m;[39m [36mconst[39m storeId [33m=[39m searchParams[33m.[39m[36mget[39m([32m'storeId'[39m)[33m;[39m [36mconst[39m days [33m=[39m parseInt(searchParams[33m.[39m[36mget[39m([32m'days'[39m) [33m||[39m [32m'30'[39m)[33m;[39m [36mconst[39m startDate [33m=[39m [36mnew[39m [33mDate[39m()[33m;[39m startDate[33m.[39msetDate(startDate[33m.[39mgetDate() [33m-[39m days)[33m;[39m [90m// Obtener logs de uso de AI const usageLogs = await prisma.aiUsageLog.findMany({ where: { ...(storeId && { storeId }), createdAt: { gte: startDate } }, orderBy: { createdAt: 'desc' } }); // Agrupar por modelo/servicio const byModel: Record<string, { count: number; totalTokens: number; totalCost: number; }> = {}; usageLogs.forEach(log => { const model = log.model || 'unknown'; if (!byModel[model]) { byModel[model] = { count: 0, totalTokens: 0, totalCost: 0 }; } byModel[model].count += 1; byModel[model].totalTokens += (log.inputTokens || 0) + (log.outputTokens || 0); byModel[model].totalCost += log.estimatedCostEur || 0; }); // Calcular totales const totalCost = Object.values(byModel).reduce((sum, m) => sum + m.totalCost, 0); const totalCalls = usageLogs.length; // Agrupar por día para gráfico const byDay: Record<string, number> = {}; usageLogs.forEach(log => { const day = log.createdAt.toISOString().split('T')[0]; byDay[day] = (byDay[day] || 0) + (log.estimatedCostEur || 0); }); return NextResponse.json({ success: true, summary: { totalCost, totalCalls, period: `${days} days`, byModel, byDay } }); } catch (error: any) { console.error('[API] Error fetching usage:', error); return NextResponse.json( { success: false, error: error.message }, { status: 500 } ); }[39m
 [90m 4 |[39m } [90m/** * POST /api/usage/log * * Registrar uso de API */[39m
[31m[1m>[22m[39m[90m 5 |[39m [36mexport[39m [36masync[39m [36mfunction[39m [33mPOST[39m(req[33m:[39m [33mNextRequest[39m) { [36mtry[39m { [36mconst[39m body [33m=[39m [36mawait[39m req[33m.[39mjson()[33m;[39m [36mconst[39m { storeId[33m,[39m model[33m,[39m feature[33m,[39m tokensUsed[33m,[39m cost[33m,[39m provider } [33m=[39m body[33m;[39m [36mawait[39m prisma[33m.[39maiUsageLog[33m.[39mcreate({ data[33m:[39m { storeId[33m:[39m storeId [33m||[39m [36mnull[39m[33m,[39m model[33m,[39m taskType[33m:[39m feature [33m||[39m [32m'unknown'[39m[33m,[39m provider[33m:[39m provider [33m||[39m [32m'unknown'[39m[33m,[39m inputTokens[33m:[39m tokensUsed [33m||[39m body[33m.[39minputTokens [33m||[39m [35m0[39m[33m,[39m outputTokens[33m:[39m body[33m.[39moutputTokens [33m||[39m [35m0[39m[33m,[39m estimatedCostEur[33m:[39m cost [33m||[39m body[33m.[39mestimatedCostEur [33m||[39m [35m0[39m[33m,[39m status[33m:[39m [32m'COMPLETED'[39m } })[33m;[39m [36mreturn[39m [33mNextResponse[39m[33m.[39mjson({ success[33m:[39m [36mtrue[39m })[33m;[39m } [36mcatch[39m (error[33m:[39m any) { console[33m.[39merror([32m'[API] Error logging usage:'[39m[33m,[39m error)[33m;[39m [36mreturn[39m [33mNextResponse[39m[33m.[39mjson( { success[33m:[39m [36mfalse[39m[33m,[39m error[33m:[39m error[33m.[39mmessage }[33m,[39m { status[33m:[39m [35m500[39m } )[33m;[39m }
 [90m   |[39m [31m[1m^[22m[39m
 [90m 6 |[39m }
 [90m 7 |[39m[0m

Expected a semicolon


./src/app/api/video-lab/clean-metadata/route.ts:5:2
Parsing ecmascript source code failed
[0m [90m 3 |[39m [36mimport[39m { google } [36mfrom[39m [32m"googleapis"[39m[33m;[39m [90m/** * POST /api/video-lab/clean-metadata * Remove all metadata from a video file in Drive */[39m
 [90m 4 |[39m [36mexport[39m [36masync[39m [36mfunction[39m [33mPOST[39m(req[33m:[39m [33mNextRequest[39m) { [36mtry[39m { [36mconst[39m { fileId } [33m=[39m [36mawait[39m req[33m.[39mjson()[33m;[39m [36mif[39m ([33m![39mfileId) { [36mreturn[39m [33mNextResponse[39m[33m.[39mjson({ error[33m:[39m [32m"fileId required"[39m }[33m,[39m { status[33m:[39m [35m400[39m })[33m;[39m } console[33m.[39mlog([32m"[API] Cleaning metadata for file:"[39m[33m,[39m fileId)[33m;[39m [90m// Setup Google Drive API const auth = new google.auth.GoogleAuth({ credentials: JSON.parse(process.env.GOOGLE_SERVICE_ACCOUNT_KEY || "{}"), scopes: ["https://www.googleapis.com/auth/drive"] }); const drive = google.drive({ version: "v3", auth }); // 1. Download file from Drive const file = await drive.files.get({ fileId, alt: "media" }, { responseType: "arraybuffer" }); const buffer = Buffer.from(file.data as ArrayBuffer); // 2. Get original filename const metadata = await drive.files.get({ fileId, fields: "name" }); const originalName = metadata.data.name || "video.mp4"; // 3. Remove metadata using FFmpeg const result = await removeVideoMetadata(buffer, originalName); if (!result.success) { return NextResponse.json({ error: result.error }, { status: 500 }); } console.log("[API] ✅ Metadata cleaned:", { originalSize: result.originalSize, cleanSize: result.cleanSize, savings: result.originalSize! - result.cleanSize! }); // 4. Upload clean file back to Drive (replace original) // TODO: Implement re-upload if needed // For now just return success return NextResponse.json({ success: true, originalSize: result.originalSize, cleanSize: result.cleanSize, duration: result.duration, resolution: result.resolution }); } catch (error: any) { console.error("[API] Error cleaning metadata:", error); return NextResponse.json({ error: error.message }, { status: 500 }); }[39m
[31m[1m>[22m[39m[90m 5 |[39m }
 [90m   |[39m  [31m[1m^[22m[39m
 [90m 6 |[39m[0m

Expected '}', got '<eof>'


./src/app/api/video-lab/clean-metadata/route.ts:5:2
Parsing ecmascript source code failed
[0m [90m 3 |[39m [36mimport[39m { google } [36mfrom[39m [32m"googleapis"[39m[33m;[39m [90m/** * POST /api/video-lab/clean-metadata * Remove all metadata from a video file in Drive */[39m
 [90m 4 |[39m [36mexport[39m [36masync[39m [36mfunction[39m [33mPOST[39m(req[33m:[39m [33mNextRequest[39m) { [36mtry[39m { [36mconst[39m { fileId } [33m=[39m [36mawait[39m req[33m.[39mjson()[33m;[39m [36mif[39m ([33m![39mfileId) { [36mreturn[39m [33mNextResponse[39m[33m.[39mjson({ error[33m:[39m [32m"fileId required"[39m }[33m,[39m { status[33m:[39m [35m400[39m })[33m;[39m } console[33m.[39mlog([32m"[API] Cleaning metadata for file:"[39m[33m,[39m fileId)[33m;[39m [90m// Setup Google Drive API const auth = new google.auth.GoogleAuth({ credentials: JSON.parse(process.env.GOOGLE_SERVICE_ACCOUNT_KEY || "{}"), scopes: ["https://www.googleapis.com/auth/drive"] }); const drive = google.drive({ version: "v3", auth }); // 1. Download file from Drive const file = await drive.files.get({ fileId, alt: "media" }, { responseType: "arraybuffer" }); const buffer = Buffer.from(file.data as ArrayBuffer); // 2. Get original filename const metadata = await drive.files.get({ fileId, fields: "name" }); const originalName = metadata.data.name || "video.mp4"; // 3. Remove metadata using FFmpeg const result = await removeVideoMetadata(buffer, originalName); if (!result.success) { return NextResponse.json({ error: result.error }, { status: 500 }); } console.log("[API] ✅ Metadata cleaned:", { originalSize: result.originalSize, cleanSize: result.cleanSize, savings: result.originalSize! - result.cleanSize! }); // 4. Upload clean file back to Drive (replace original) // TODO: Implement re-upload if needed // For now just return success return NextResponse.json({ success: true, originalSize: result.originalSize, cleanSize: result.cleanSize, duration: result.duration, resolution: result.resolution }); } catch (error: any) { console.error("[API] Error cleaning metadata:", error); return NextResponse.json({ error: error.message }, { status: 500 }); }[39m
[31m[1m>[22m[39m[90m 5 |[39m }
 [90m   |[39m  [31m[1m^[22m[39m
 [90m 6 |[39m[0m

Expected a semicolon


./src/app/api/video-lab/drive-files/route.ts:6:2
Parsing ecmascript source code failed
[0m [90m 4 |[39m [36mexport[39m [36masync[39m [36mfunction[39m [33mGET[39m(req[33m:[39m [33mNextRequest[39m) { [36mtry[39m { [36mconst[39m { searchParams } [33m=[39m [36mnew[39m [33mURL[39m(req[33m.[39murl)[33m;[39m [36mconst[39m productId [33m=[39m searchParams[33m.[39m[36mget[39m([32m"productId"[39m)[33m;[39m [36mconst[39m folderId [33m=[39m searchParams[33m.[39m[36mget[39m([32m"folderId"[39m)[33m;[39m [36mif[39m ([33m![39mproductId) { [36mreturn[39m [33mNextResponse[39m[33m.[39mjson({ error[33m:[39m [32m"productId required"[39m }[33m,[39m { status[33m:[39m [35m400[39m })[33m;[39m } [90m// Get product's Drive folder ID if folderId not provided const product = await prisma.product.findUnique({ where: { id: productId }, select: { driveFolderId: true, title: true } }); if (!product || !product.driveFolderId) { return NextResponse.json({ error: "Product has no Drive folder configured" }, { status: 404 }); } const targetFolderId = folderId || product.driveFolderId; // Setup Google Drive API const auth = new google.auth.GoogleAuth({ credentials: JSON.parse(process.env.GOOGLE_SERVICE_ACCOUNT_KEY || "{}"), scopes: ["https://www.googleapis.com/auth/drive.readonly"] }); const drive = google.drive({ version: "v3", auth }); console.log(`[API] Listing Drive files for folder: ${targetFolderId}`); // Optimization: Fetch storage and files in parallel const [filesRes, aboutRes] = await Promise.all([ drive.files.list({ q: `'${targetFolderId}' in parents and trashed=false`, fields: "files(id, name, mimeType, createdTime, webViewLink, thumbnailLink)", pageSize: 100, orderBy: "folder,name" }), drive.about.get({ fields: "storageQuota,user" }) ]).catch(err => { console.error("[API] Drive API Promise.all Error:", err); throw err; }); const storage = aboutRes.data.storageQuota; console.log(`[API] Storage Quota fetched:`, storage); console.log(`[API] Account:`, aboutRes.data.user?.emailAddress); const files = (filesRes.data.files || []).map(file => ({ id: file.id, name: file.name, mimeType: file.mimeType, type: getAssetType(file.mimeType || ""), isFolder: file.mimeType === "application/vnd.google-apps.folder", createdTime: file.createdTime, webViewLink: file.webViewLink, thumbnailLink: file.thumbnailLink, })); // Get breadcrumbs/parent info if we are in a subfolder let parentInfo = null; if (folderId && folderId !== product.driveFolderId) { try { const parentRes = await drive.files.get({ fileId: folderId, fields: "id, name, parents" }); parentInfo = { id: parentRes.data.id, name: parentRes.data.name, parentId: parentRes.data.parents?.[0] || product.driveFolderId }; } catch (e) { console.warn("Could not fetch parent info", e); } } return NextResponse.json({ files, count: files.length, product: product.title, currentFolderId: targetFolderId, parentInfo, storage: { limit: storage?.limit || "0", usageInDrive: storage?.usageInDrive || "0", usage: storage?.usage || "0" } }); } catch (error: any) { console.error("[API] Error listing Drive files:", error); return NextResponse.json({ error: error.message }, { status: 500 }); }[39m
 [90m 5 |[39m } [36mfunction[39m getAssetType(mimeType[33m:[39m string)[33m:[39m string { [36mif[39m (mimeType[33m.[39mstartsWith([32m"video/"[39m)) [36mreturn[39m [32m"video"[39m[33m;[39m [36mif[39m (mimeType[33m.[39mstartsWith([32m"image/"[39m)) [36mreturn[39m [32m"image"[39m[33m;[39m [36mif[39m (mimeType[33m.[39mincludes([32m"pdf"[39m) [33m||[39m mimeType[33m.[39mincludes([32m"document"[39m)) [36mreturn[39m [32m"document"[39m[33m;[39m [36mreturn[39m [32m"other"[39m[33m;[39m
[31m[1m>[22m[39m[90m 6 |[39m }
 [90m   |[39m  [31m[1m^[22m[39m
 [90m 7 |[39m[0m

Expected '}', got '<eof>'


./src/app/api/video-lab/drive-files/route.ts:5:3
Parsing ecmascript source code failed
[0m [90m 3 |[39m [36mimport[39m { prisma } [36mfrom[39m [32m"@/lib/prisma"[39m[33m;[39m [90m/** * GET /api/video-lab/drive-files * List actual files from product's Google Drive folder */[39m
 [90m 4 |[39m [36mexport[39m [36masync[39m [36mfunction[39m [33mGET[39m(req[33m:[39m [33mNextRequest[39m) { [36mtry[39m { [36mconst[39m { searchParams } [33m=[39m [36mnew[39m [33mURL[39m(req[33m.[39murl)[33m;[39m [36mconst[39m productId [33m=[39m searchParams[33m.[39m[36mget[39m([32m"productId"[39m)[33m;[39m [36mconst[39m folderId [33m=[39m searchParams[33m.[39m[36mget[39m([32m"folderId"[39m)[33m;[39m [36mif[39m ([33m![39mproductId) { [36mreturn[39m [33mNextResponse[39m[33m.[39mjson({ error[33m:[39m [32m"productId required"[39m }[33m,[39m { status[33m:[39m [35m400[39m })[33m;[39m } [90m// Get product's Drive folder ID if folderId not provided const product = await prisma.product.findUnique({ where: { id: productId }, select: { driveFolderId: true, title: true } }); if (!product || !product.driveFolderId) { return NextResponse.json({ error: "Product has no Drive folder configured" }, { status: 404 }); } const targetFolderId = folderId || product.driveFolderId; // Setup Google Drive API const auth = new google.auth.GoogleAuth({ credentials: JSON.parse(process.env.GOOGLE_SERVICE_ACCOUNT_KEY || "{}"), scopes: ["https://www.googleapis.com/auth/drive.readonly"] }); const drive = google.drive({ version: "v3", auth }); console.log(`[API] Listing Drive files for folder: ${targetFolderId}`); // Optimization: Fetch storage and files in parallel const [filesRes, aboutRes] = await Promise.all([ drive.files.list({ q: `'${targetFolderId}' in parents and trashed=false`, fields: "files(id, name, mimeType, createdTime, webViewLink, thumbnailLink)", pageSize: 100, orderBy: "folder,name" }), drive.about.get({ fields: "storageQuota,user" }) ]).catch(err => { console.error("[API] Drive API Promise.all Error:", err); throw err; }); const storage = aboutRes.data.storageQuota; console.log(`[API] Storage Quota fetched:`, storage); console.log(`[API] Account:`, aboutRes.data.user?.emailAddress); const files = (filesRes.data.files || []).map(file => ({ id: file.id, name: file.name, mimeType: file.mimeType, type: getAssetType(file.mimeType || ""), isFolder: file.mimeType === "application/vnd.google-apps.folder", createdTime: file.createdTime, webViewLink: file.webViewLink, thumbnailLink: file.thumbnailLink, })); // Get breadcrumbs/parent info if we are in a subfolder let parentInfo = null; if (folderId && folderId !== product.driveFolderId) { try { const parentRes = await drive.files.get({ fileId: folderId, fields: "id, name, parents" }); parentInfo = { id: parentRes.data.id, name: parentRes.data.name, parentId: parentRes.data.parents?.[0] || product.driveFolderId }; } catch (e) { console.warn("Could not fetch parent info", e); } } return NextResponse.json({ files, count: files.length, product: product.title, currentFolderId: targetFolderId, parentInfo, storage: { limit: storage?.limit || "0", usageInDrive: storage?.usageInDrive || "0", usage: storage?.usage || "0" } }); } catch (error: any) { console.error("[API] Error listing Drive files:", error); return NextResponse.json({ error: error.message }, { status: 500 }); }[39m
[31m[1m>[22m[39m[90m 5 |[39m } [36mfunction[39m getAssetType(mimeType[33m:[39m string)[33m:[39m string { [36mif[39m (mimeType[33m.[39mstartsWith([32m"video/"[39m)) [36mreturn[39m [32m"video"[39m[33m;[39m [36mif[39m (mimeType[33m.[39mstartsWith([32m"image/"[39m)) [36mreturn[39m [32m"image"[39m[33m;[39m [36mif[39m (mimeType[33m.[39mincludes([32m"pdf"[39m) [33m||[39m mimeType[33m.[39mincludes([32m"document"[39m)) [36mreturn[39m [32m"document"[39m[33m;[39m [36mreturn[39m [32m"other"[39m[33m;[39m
 [90m   |[39m   [31m[1m^[22m[39m
 [90m 6 |[39m }
 [90m 7 |[39m[0m

Expected a semicolon


./src/app/api/video-lab/extract-script/route.ts:4:2
Parsing ecmascript source code failed
[0m [90m 2 |[39m [36mimport[39m [33mReplicate[39m [36mfrom[39m [32m"replicate"[39m[33m;[39m [90m/** * Extract script/transcript from video using Replicate Whisper */[39m
 [90m 3 |[39m [36mexport[39m [36masync[39m [36mfunction[39m [33mPOST[39m(req[33m:[39m [33mNextRequest[39m) { [36mtry[39m { [36mconst[39m { driveFileId[33m,[39m videoUrl } [33m=[39m [36mawait[39m req[33m.[39mjson()[33m;[39m [36mif[39m ([33m![39mvideoUrl [33m&&[39m [33m![39mdriveFileId) { [36mreturn[39m [33mNextResponse[39m[33m.[39mjson( { error[33m:[39m [32m"videoUrl or driveFileId required"[39m }[33m,[39m { status[33m:[39m [35m400[39m } )[33m;[39m } [36mconst[39m replicateToken [33m=[39m process[33m.[39menv[33m.[39m[33mREPLICATE_API_TOKEN[39m[33m;[39m [36mif[39m ([33m![39mreplicateToken) { [36mreturn[39m [33mNextResponse[39m[33m.[39mjson( { error[33m:[39m [32m"REPLICATE_API_TOKEN not configured"[39m }[33m,[39m { status[33m:[39m [35m500[39m } )[33m;[39m } [36mconst[39m replicate [33m=[39m [36mnew[39m [33mReplicate[39m({ auth[33m:[39m replicateToken })[33m;[39m console[33m.[39mlog([32m"[ExtractScript] Starting transcription with Replicate Whisper..."[39m)[33m;[39m [90m// Use Whisper model for transcription const output = await replicate.run( "openai/whisper:4d50797290df275329f202e48c76360b3f22b08d28c196cbc54600319435f8d2", { input: { audio: videoUrl, model: "large-v3", translate: false, temperature: 0, transcription: "plain text", suppress_tokens: "-1", logprob_threshold: -1.0, no_speech_threshold: 0.6, condition_on_previous_text: true, compression_ratio_threshold: 2.4, temperature_increment_on_fallback: 0.2 } } ) as any; const transcript = output?.transcription || output?.text || String(output); console.log("[ExtractScript] ✅ Transcription complete"); return NextResponse.json({ success: true, script: transcript, provider: "replicate-whisper" }); } catch (error: any) { console.error("[ExtractScript] Error:", error); return NextResponse.json( { error: error.message || "Transcription failed" }, { status: 500 } ); }[39m
[31m[1m>[22m[39m[90m 4 |[39m }
 [90m   |[39m  [31m[1m^[22m[39m
 [90m 5 |[39m[0m

Expected '}', got '<eof>'


./src/app/api/video-lab/extract-script/route.ts:4:2
Parsing ecmascript source code failed
[0m [90m 2 |[39m [36mimport[39m [33mReplicate[39m [36mfrom[39m [32m"replicate"[39m[33m;[39m [90m/** * Extract script/transcript from video using Replicate Whisper */[39m
 [90m 3 |[39m [36mexport[39m [36masync[39m [36mfunction[39m [33mPOST[39m(req[33m:[39m [33mNextRequest[39m) { [36mtry[39m { [36mconst[39m { driveFileId[33m,[39m videoUrl } [33m=[39m [36mawait[39m req[33m.[39mjson()[33m;[39m [36mif[39m ([33m![39mvideoUrl [33m&&[39m [33m![39mdriveFileId) { [36mreturn[39m [33mNextResponse[39m[33m.[39mjson( { error[33m:[39m [32m"videoUrl or driveFileId required"[39m }[33m,[39m { status[33m:[39m [35m400[39m } )[33m;[39m } [36mconst[39m replicateToken [33m=[39m process[33m.[39menv[33m.[39m[33mREPLICATE_API_TOKEN[39m[33m;[39m [36mif[39m ([33m![39mreplicateToken) { [36mreturn[39m [33mNextResponse[39m[33m.[39mjson( { error[33m:[39m [32m"REPLICATE_API_TOKEN not configured"[39m }[33m,[39m { status[33m:[39m [35m500[39m } )[33m;[39m } [36mconst[39m replicate [33m=[39m [36mnew[39m [33mReplicate[39m({ auth[33m:[39m replicateToken })[33m;[39m console[33m.[39mlog([32m"[ExtractScript] Starting transcription with Replicate Whisper..."[39m)[33m;[39m [90m// Use Whisper model for transcription const output = await replicate.run( "openai/whisper:4d50797290df275329f202e48c76360b3f22b08d28c196cbc54600319435f8d2", { input: { audio: videoUrl, model: "large-v3", translate: false, temperature: 0, transcription: "plain text", suppress_tokens: "-1", logprob_threshold: -1.0, no_speech_threshold: 0.6, condition_on_previous_text: true, compression_ratio_threshold: 2.4, temperature_increment_on_fallback: 0.2 } } ) as any; const transcript = output?.transcription || output?.text || String(output); console.log("[ExtractScript] ✅ Transcription complete"); return NextResponse.json({ success: true, script: transcript, provider: "replicate-whisper" }); } catch (error: any) { console.error("[ExtractScript] Error:", error); return NextResponse.json( { error: error.message || "Transcription failed" }, { status: 500 } ); }[39m
[31m[1m>[22m[39m[90m 4 |[39m }
 [90m   |[39m  [31m[1m^[22m[39m
 [90m 5 |[39m[0m

Expected a semicolon


./src/app/api/video-lab/replace-audio/route.ts:9:2
Parsing ecmascript source code failed
[0m [90m  7 |[39m [36mimport[39m { randomBytes } [36mfrom[39m [32m"crypto"[39m[33m;[39m [90m/** * Replace audio in video with new TTS audio from ElevenLabs */[39m
 [90m  8 |[39m [36mexport[39m [36masync[39m [36mfunction[39m [33mPOST[39m(req[33m:[39m [33mNextRequest[39m) { [36mtry[39m { [36mconst[39m { videoUrl[33m,[39m newScript[33m,[39m voiceId } [33m=[39m [36mawait[39m req[33m.[39mjson()[33m;[39m [36mif[39m ([33m![39mvideoUrl [33m||[39m [33m![39mnewScript) { [36mreturn[39m [33mNextResponse[39m[33m.[39mjson( { error[33m:[39m [32m"videoUrl and newScript required"[39m }[33m,[39m { status[33m:[39m [35m400[39m } )[33m;[39m } console[33m.[39mlog([32m"[ReplaceAudio] Step 1: Generating audio with ElevenLabs..."[39m)[33m;[39m [90m// Generate new audio with ElevenLabs const voice = voiceId || process.env.ELEVENLABS_VOICE_FEMALE || "EXAVITQu4vr4xnSDxMaL"; const audioResult = await elevenLabs.textToSpeech(newScript, voice); if (!audioResult.success || !audioResult.blob) { throw new Error("Failed to generate audio: " + audioResult.error); } console.log("[ReplaceAudio] Step 2: Downloading video..."); // Download video const videoResponse = await fetch(videoUrl); if (!videoResponse.ok) { throw new Error("Failed to download video"); } const videoBuffer = Buffer.from(await videoResponse.arrayBuffer()); // Save to temp files const tempVideoPath = join(tmpdir(), `video_${randomBytes(8).toString('hex')}.mp4`); const tempAudioPath = join(tmpdir(), `audio_${randomBytes(8).toString('hex')}.mp3`); const outputVideoPath = join(tmpdir(), `output_${randomBytes(8).toString('hex')}.mp4`); await writeFile(tempVideoPath, videoBuffer); await writeFile(tempAudioPath, Buffer.from(await audioResult.blob.arrayBuffer())); console.log("[ReplaceAudio] Step 3: Replacing audio with FFmpeg..."); // Replace audio with FFmpeg await new Promise<void>((resolve, reject) => { const ffmpeg = spawn("ffmpeg", [ "-i", tempVideoPath, // Input video "-i", tempAudioPath, // Input audio "-c:v", "copy", // Copy video codec (no re-encode) "-map", "0:v:0", // Use video from first input "-map", "1:a:0", // Use audio from second input "-shortest", // Match shortest duration "-y", // Overwrite output outputVideoPath ]); let stderr = ""; ffmpeg.stderr.on("data", (data) => { stderr += data.toString(); }); ffmpeg.on("close", (code) => { if (code === 0) { resolve(); } else { reject(new Error(`FFmpeg failed: ${stderr}`)); } }); ffmpeg.on("error", reject); }); console.log("[ReplaceAudio] Step 4: Reading output video..."); // Read output video const fs = require("fs"); const outputBuffer = fs.readFileSync(outputVideoPath); // Cleanup temp files await Promise.all([ unlink(tempVideoPath).catch(() => { }), unlink(tempAudioPath).catch(() => { }), unlink(outputVideoPath).catch(() => { }) ]); // Return as base64 for now (in production, upload to Drive) const outputBase64 = outputBuffer.toString('base64'); console.log("[ReplaceAudio] ✅ Complete"); return NextResponse.json({ success: true, message: "Audio replaced successfully", videoBase64: outputBase64, size: outputBuffer.length }); } catch (error: any) { console.error("[ReplaceAudio] Error:", error); return NextResponse.json( { error: error.message || "Failed to replace audio" }, { status: 500 } ); }[39m
[31m[1m>[22m[39m[90m  9 |[39m }
 [90m    |[39m  [31m[1m^[22m[39m
 [90m 10 |[39m[0m

Expected '}', got '<eof>'


./src/app/api/video-lab/replace-audio/route.ts:9:2
Parsing ecmascript source code failed
[0m [90m  7 |[39m [36mimport[39m { randomBytes } [36mfrom[39m [32m"crypto"[39m[33m;[39m [90m/** * Replace audio in video with new TTS audio from ElevenLabs */[39m
 [90m  8 |[39m [36mexport[39m [36masync[39m [36mfunction[39m [33mPOST[39m(req[33m:[39m [33mNextRequest[39m) { [36mtry[39m { [36mconst[39m { videoUrl[33m,[39m newScript[33m,[39m voiceId } [33m=[39m [36mawait[39m req[33m.[39mjson()[33m;[39m [36mif[39m ([33m![39mvideoUrl [33m||[39m [33m![39mnewScript) { [36mreturn[39m [33mNextResponse[39m[33m.[39mjson( { error[33m:[39m [32m"videoUrl and newScript required"[39m }[33m,[39m { status[33m:[39m [35m400[39m } )[33m;[39m } console[33m.[39mlog([32m"[ReplaceAudio] Step 1: Generating audio with ElevenLabs..."[39m)[33m;[39m [90m// Generate new audio with ElevenLabs const voice = voiceId || process.env.ELEVENLABS_VOICE_FEMALE || "EXAVITQu4vr4xnSDxMaL"; const audioResult = await elevenLabs.textToSpeech(newScript, voice); if (!audioResult.success || !audioResult.blob) { throw new Error("Failed to generate audio: " + audioResult.error); } console.log("[ReplaceAudio] Step 2: Downloading video..."); // Download video const videoResponse = await fetch(videoUrl); if (!videoResponse.ok) { throw new Error("Failed to download video"); } const videoBuffer = Buffer.from(await videoResponse.arrayBuffer()); // Save to temp files const tempVideoPath = join(tmpdir(), `video_${randomBytes(8).toString('hex')}.mp4`); const tempAudioPath = join(tmpdir(), `audio_${randomBytes(8).toString('hex')}.mp3`); const outputVideoPath = join(tmpdir(), `output_${randomBytes(8).toString('hex')}.mp4`); await writeFile(tempVideoPath, videoBuffer); await writeFile(tempAudioPath, Buffer.from(await audioResult.blob.arrayBuffer())); console.log("[ReplaceAudio] Step 3: Replacing audio with FFmpeg..."); // Replace audio with FFmpeg await new Promise<void>((resolve, reject) => { const ffmpeg = spawn("ffmpeg", [ "-i", tempVideoPath, // Input video "-i", tempAudioPath, // Input audio "-c:v", "copy", // Copy video codec (no re-encode) "-map", "0:v:0", // Use video from first input "-map", "1:a:0", // Use audio from second input "-shortest", // Match shortest duration "-y", // Overwrite output outputVideoPath ]); let stderr = ""; ffmpeg.stderr.on("data", (data) => { stderr += data.toString(); }); ffmpeg.on("close", (code) => { if (code === 0) { resolve(); } else { reject(new Error(`FFmpeg failed: ${stderr}`)); } }); ffmpeg.on("error", reject); }); console.log("[ReplaceAudio] Step 4: Reading output video..."); // Read output video const fs = require("fs"); const outputBuffer = fs.readFileSync(outputVideoPath); // Cleanup temp files await Promise.all([ unlink(tempVideoPath).catch(() => { }), unlink(tempAudioPath).catch(() => { }), unlink(outputVideoPath).catch(() => { }) ]); // Return as base64 for now (in production, upload to Drive) const outputBase64 = outputBuffer.toString('base64'); console.log("[ReplaceAudio] ✅ Complete"); return NextResponse.json({ success: true, message: "Audio replaced successfully", videoBase64: outputBase64, size: outputBuffer.length }); } catch (error: any) { console.error("[ReplaceAudio] Error:", error); return NextResponse.json( { error: error.message || "Failed to replace audio" }, { status: 500 } ); }[39m
[31m[1m>[22m[39m[90m  9 |[39m }
 [90m    |[39m  [31m[1m^[22m[39m
 [90m 10 |[39m[0m

Expected a semicolon


./src/app/api/video/upload/route.ts:5:1
Parsing ecmascript source code failed
[0m [90m 3 |[39m [36mimport[39m { [33mVideoProcessingPipeline[39m } [36mfrom[39m [32m'@/lib/video/processing-pipeline'[39m[33m;[39m [36mexport[39m [36masync[39m [36mfunction[39m [33mPOST[39m(req[33m:[39m [33mNextRequest[39m) { [36mtry[39m { [36mconst[39m formData [33m=[39m [36mawait[39m req[33m.[39mformData()[33m;[39m [90m// Support 'file' (generic) or 'video' (legacy) keys const file = (formData.get('file') || formData.get('video')) as File; const productId = formData.get('productId') as string; const storeId = formData.get('storeId') as string; const isCompetitor = formData.get('isCompetitor') === 'true'; if (!file || !productId || !storeId) { return NextResponse.json( { success: false, error: 'Missing file, productId or storeId' }, { status: 400 } ); } console.log(`[Upload API] Incoming file: ${file.name} for product ${productId} (store: ${storeId})`); const arrayBuffer = await file.arrayBuffer(); const buffer = Buffer.from(arrayBuffer); // Run through the specialized Spencer pipeline const result = await BulkUploadPipeline.processFile({ buffer, fileName: file.name, productId, storeId, isCompetitor }); if (!result.success) { return NextResponse.json( { success: false, error: result.error }, { status: 500 } ); } return NextResponse.json(result); } catch (error: any) { console.error('[Upload API] Error:', error); return NextResponse.json( { success: false, error: error.message }, { status: 500 } ); }[39m
 [90m 4 |[39m } [90m/** * Batch upload multiple videos */[39m
[31m[1m>[22m[39m[90m 5 |[39m [36mexport[39m [36masync[39m [36mfunction[39m [33mPUT[39m(req[33m:[39m [33mNextRequest[39m) { [36mtry[39m { [36mconst[39m formData [33m=[39m [36mawait[39m req[33m.[39mformData()[33m;[39m [36mconst[39m productId [33m=[39m formData[33m.[39m[36mget[39m([32m'productId'[39m) [36mas[39m string[33m;[39m [36mif[39m ([33m![39mproductId) { [36mreturn[39m [33mNextResponse[39m[33m.[39mjson( { success[33m:[39m [36mfalse[39m[33m,[39m error[33m:[39m [32m'No productId provided'[39m }[33m,[39m { status[33m:[39m [35m400[39m } )[33m;[39m } [90m// Get all video files const videos: Array<{ buffer: Buffer; fileName: string }> = []; for (let i = 0; formData.has(`video_${i}`); i++) { const file = formData.get(`video_${i}`) as File; const arrayBuffer = await file.arrayBuffer(); videos.push({ buffer: Buffer.from(arrayBuffer), fileName: file.name }); } if (videos.length === 0) { return NextResponse.json( { success: false, error: 'No videos provided' }, { status: 400 } ); } console.log(`[Upload API] Batch processing: ${videos.length} videos`); const results = await VideoProcessingPipeline.processBatch(videos, productId); const successful = results.filter((r: any) => r.success); return NextResponse.json({ success: true, total: results.length, successful: successful.length, failed: results.length - successful.length, videos: successful.map((r: any) => ({ id: r.videoId, path: r.finalPath, concept: r.concept })) }); } catch (error: any) { console.error('[Upload API] Batch error:', error); return NextResponse.json( { success: false, error: error.message }, { status: 500 } ); }[39m
 [90m   |[39m [31m[1m^[22m[39m
 [90m 6 |[39m }
 [90m 7 |[39m[0m

Expected a semicolon


./src/app/api/webhooks/beeping/route.ts:7:2
Parsing ecmascript source code failed
[0m [90m 5 |[39m [36mimport[39m { recordOrderEvent } [36mfrom[39m [32m"@/lib/logistics-engine"[39m[33m;[39m
 [90m 6 |[39m [36mimport[39m { revalidatePath } [36mfrom[39m [32m"next/cache"[39m[33m;[39m [36mexport[39m [36masync[39m [36mfunction[39m [33mPOST[39m(req[33m:[39m [33mNextRequest[39m) { [36mtry[39m { [36mconst[39m payload [33m=[39m [36mawait[39m req[33m.[39mjson()[33m;[39m [90m// Beeping typically sends: { event: "order_updated", data: { ...order_details... } } // Or sometimes just the order object depending on config. // Let's assume standard payload. const data = payload.data || payload; const shopifyId = data.external_id || data.order_id; // Beeping maps Shopify ID to external_id usually if (!shopifyId) { return NextResponse.json({ success: false, message: "No external_id found" }, { status: 400 }); } console.log(`[Beeping Webhook] Received update for ${shopifyId}`); // Find Order const order = await prisma.order.findUnique({ where: { shopifyId: shopifyId.toString() } }); if (!order) { console.warn(`[Beeping Webhook] Order ${shopifyId} not found locally.`); return NextResponse.json({ success: true, message: "Order not found, ignored" }); } // Map Status const mappedStatus = BeepingClient.mapStatus(data); const trackingCode = data.tracking_number || data.tracking_code; const trackingUrl = data.tracking_url; // Update DB const updatedOrder = await prisma.order.update({ where: { id: order.id }, data: { logisticsStatus: mappedStatus, ...(trackingCode ? { trackingCode } : {}), ...(trackingUrl ? { trackingUrl } : {}), // Accounting fields from Beeping Webhook shippingCost: data.shipping_cost ? parseFloat(data.shipping_cost) : order.shippingCost, // capturing more fields if available finalStatus: (mappedStatus === 'DELIVERED' || mappedStatus === 'RETURNED' || mappedStatus === 'RETURN_TO_SENDER') ? mappedStatus : order.finalStatus, // If delivered, set dates ...(mappedStatus === 'DELIVERED' ? { deliveredAt: new Date() } : {}), ...(mappedStatus === 'RETURNED' || mappedStatus === 'RETURN_TO_SENDER' ? { returnedAt: new Date() } : {}) } }); // Recalculate profit for accounting (Imported from logistics-engine below) const { calculateOrderProfit } = await import("@/lib/logistics-engine"); await calculateOrderProfit(updatedOrder.id); // [FASE 5] Trigger Content Delivery Automations const { DeliveryEngine } = await import("@/lib/marketing/contents/delivery-engine"); await DeliveryEngine.onOrderStatusChange(order.id, mappedStatus); // Record Event await recordOrderEvent({ orderId: order.id, source: 'BEEPING', type: 'WEBHOOK_UPDATE', externalEventId: `hook-${Date.now()}`, description: `Actualización automática Beeping: ${mappedStatus}`, payload: payload }); revalidatePath("/pedidos"); revalidatePath("/logistics/dashboard"); return NextResponse.json({ success: true }); } catch (e: any) { console.error("[Beeping Webhook Error]", e); return NextResponse.json({ success: false, error: e.message }, { status: 500 }); }[39m
[31m[1m>[22m[39m[90m 7 |[39m }
 [90m   |[39m  [31m[1m^[22m[39m
 [90m 8 |[39m[0m

Expected '}', got '<eof>'


./src/app/api/webhooks/beeping/route.ts:7:2
Parsing ecmascript source code failed
[0m [90m 5 |[39m [36mimport[39m { recordOrderEvent } [36mfrom[39m [32m"@/lib/logistics-engine"[39m[33m;[39m
 [90m 6 |[39m [36mimport[39m { revalidatePath } [36mfrom[39m [32m"next/cache"[39m[33m;[39m [36mexport[39m [36masync[39m [36mfunction[39m [33mPOST[39m(req[33m:[39m [33mNextRequest[39m) { [36mtry[39m { [36mconst[39m payload [33m=[39m [36mawait[39m req[33m.[39mjson()[33m;[39m [90m// Beeping typically sends: { event: "order_updated", data: { ...order_details... } } // Or sometimes just the order object depending on config. // Let's assume standard payload. const data = payload.data || payload; const shopifyId = data.external_id || data.order_id; // Beeping maps Shopify ID to external_id usually if (!shopifyId) { return NextResponse.json({ success: false, message: "No external_id found" }, { status: 400 }); } console.log(`[Beeping Webhook] Received update for ${shopifyId}`); // Find Order const order = await prisma.order.findUnique({ where: { shopifyId: shopifyId.toString() } }); if (!order) { console.warn(`[Beeping Webhook] Order ${shopifyId} not found locally.`); return NextResponse.json({ success: true, message: "Order not found, ignored" }); } // Map Status const mappedStatus = BeepingClient.mapStatus(data); const trackingCode = data.tracking_number || data.tracking_code; const trackingUrl = data.tracking_url; // Update DB const updatedOrder = await prisma.order.update({ where: { id: order.id }, data: { logisticsStatus: mappedStatus, ...(trackingCode ? { trackingCode } : {}), ...(trackingUrl ? { trackingUrl } : {}), // Accounting fields from Beeping Webhook shippingCost: data.shipping_cost ? parseFloat(data.shipping_cost) : order.shippingCost, // capturing more fields if available finalStatus: (mappedStatus === 'DELIVERED' || mappedStatus === 'RETURNED' || mappedStatus === 'RETURN_TO_SENDER') ? mappedStatus : order.finalStatus, // If delivered, set dates ...(mappedStatus === 'DELIVERED' ? { deliveredAt: new Date() } : {}), ...(mappedStatus === 'RETURNED' || mappedStatus === 'RETURN_TO_SENDER' ? { returnedAt: new Date() } : {}) } }); // Recalculate profit for accounting (Imported from logistics-engine below) const { calculateOrderProfit } = await import("@/lib/logistics-engine"); await calculateOrderProfit(updatedOrder.id); // [FASE 5] Trigger Content Delivery Automations const { DeliveryEngine } = await import("@/lib/marketing/contents/delivery-engine"); await DeliveryEngine.onOrderStatusChange(order.id, mappedStatus); // Record Event await recordOrderEvent({ orderId: order.id, source: 'BEEPING', type: 'WEBHOOK_UPDATE', externalEventId: `hook-${Date.now()}`, description: `Actualización automática Beeping: ${mappedStatus}`, payload: payload }); revalidatePath("/pedidos"); revalidatePath("/logistics/dashboard"); return NextResponse.json({ success: true }); } catch (e: any) { console.error("[Beeping Webhook Error]", e); return NextResponse.json({ success: false, error: e.message }, { status: 500 }); }[39m
[31m[1m>[22m[39m[90m 7 |[39m }
 [90m   |[39m  [31m[1m^[22m[39m
 [90m 8 |[39m[0m

Expected a semicolon


./src/app/api/webhooks/generic-logistics/route.ts:7:2
Parsing ecmascript source code failed
[0m [90m 5 |[39m [36mimport[39m { [33mDroppiClient[39m } [36mfrom[39m [32m"@/lib/dropi"[39m[33m;[39m
 [90m 6 |[39m [36mimport[39m { recordOrderEvent } [36mfrom[39m [32m"@/lib/logistics-engine"[39m[33m;[39m [36mexport[39m [36masync[39m [36mfunction[39m [33mPOST[39m(req[33m:[39m [33mNextRequest[39m) { [36mtry[39m { [36mconst[39m payload [33m=[39m [36mawait[39m req[33m.[39mjson()[33m;[39m [36mconst[39m provider [33m=[39m req[33m.[39mnextUrl[33m.[39msearchParams[33m.[39m[36mget[39m([32m"provider"[39m)[33m?[39m[33m.[39mtoUpperCase()[33m;[39m [90m// ?provider=DROPEA if (!provider || !['DROPEA', 'DROPPI'].includes(provider)) { return NextResponse.json({ success: false, message: "Invalid provider param" }, { status: 400 }); } console.log(`[${provider} Webhook] Received payload`, payload); // Hypothetical Payload Mapping // Dropea/Droppi usually send: { order_id, status, tracking... } const externalId = payload.order_id || payload.id; const statusRaw = payload.status; if (!externalId) return NextResponse.json({ success: false, message: "No ID found" }); // Search by ShopifyId (if mapped) or matching external implementation if we stored it // For now, assuming they send back the Shopify Order ID or we search by matching tracking const order = await prisma.order.findFirst({ where: { OR: [ { shopifyId: externalId.toString() }, { trackingCode: payload.tracking_number } ] } }); if (!order) return NextResponse.json({ success: true, message: "Order not found locally" }); let mappedStatus = 'PENDING'; if (provider === 'DROPEA') mappedStatus = DropeaClient.mapStatus(statusRaw); if (provider === 'DROPPI') mappedStatus = DroppiClient.mapStatus(statusRaw); await prisma.order.update({ where: { id: order.id }, data: { logisticsStatus: mappedStatus, ...(payload.tracking_number ? { trackingCode: payload.tracking_number } : {}), ...(payload.tracking_url ? { trackingUrl: payload.tracking_url } : {}), ...(mappedStatus === 'DELIVERED' ? { deliveredAt: new Date() } : {}), ...(mappedStatus === 'RETURNED' ? { returnedAt: new Date() } : {}) } }); await recordOrderEvent({ orderId: order.id, source: provider as "DROPPI", // Type assertion is safe due to check above type: 'WEBHOOK_UPDATE', externalEventId: `hook-${Date.now()}`, description: `Actualización ${provider}: ${mappedStatus}`, payload: payload }); return NextResponse.json({ success: true }); } catch (e: any) { return NextResponse.json({ success: false, error: e.message }, { status: 500 }); }[39m
[31m[1m>[22m[39m[90m 7 |[39m }
 [90m   |[39m  [31m[1m^[22m[39m
 [90m 8 |[39m[0m

Expected '}', got '<eof>'


./src/app/api/webhooks/generic-logistics/route.ts:7:2
Parsing ecmascript source code failed
[0m [90m 5 |[39m [36mimport[39m { [33mDroppiClient[39m } [36mfrom[39m [32m"@/lib/dropi"[39m[33m;[39m
 [90m 6 |[39m [36mimport[39m { recordOrderEvent } [36mfrom[39m [32m"@/lib/logistics-engine"[39m[33m;[39m [36mexport[39m [36masync[39m [36mfunction[39m [33mPOST[39m(req[33m:[39m [33mNextRequest[39m) { [36mtry[39m { [36mconst[39m payload [33m=[39m [36mawait[39m req[33m.[39mjson()[33m;[39m [36mconst[39m provider [33m=[39m req[33m.[39mnextUrl[33m.[39msearchParams[33m.[39m[36mget[39m([32m"provider"[39m)[33m?[39m[33m.[39mtoUpperCase()[33m;[39m [90m// ?provider=DROPEA if (!provider || !['DROPEA', 'DROPPI'].includes(provider)) { return NextResponse.json({ success: false, message: "Invalid provider param" }, { status: 400 }); } console.log(`[${provider} Webhook] Received payload`, payload); // Hypothetical Payload Mapping // Dropea/Droppi usually send: { order_id, status, tracking... } const externalId = payload.order_id || payload.id; const statusRaw = payload.status; if (!externalId) return NextResponse.json({ success: false, message: "No ID found" }); // Search by ShopifyId (if mapped) or matching external implementation if we stored it // For now, assuming they send back the Shopify Order ID or we search by matching tracking const order = await prisma.order.findFirst({ where: { OR: [ { shopifyId: externalId.toString() }, { trackingCode: payload.tracking_number } ] } }); if (!order) return NextResponse.json({ success: true, message: "Order not found locally" }); let mappedStatus = 'PENDING'; if (provider === 'DROPEA') mappedStatus = DropeaClient.mapStatus(statusRaw); if (provider === 'DROPPI') mappedStatus = DroppiClient.mapStatus(statusRaw); await prisma.order.update({ where: { id: order.id }, data: { logisticsStatus: mappedStatus, ...(payload.tracking_number ? { trackingCode: payload.tracking_number } : {}), ...(payload.tracking_url ? { trackingUrl: payload.tracking_url } : {}), ...(mappedStatus === 'DELIVERED' ? { deliveredAt: new Date() } : {}), ...(mappedStatus === 'RETURNED' ? { returnedAt: new Date() } : {}) } }); await recordOrderEvent({ orderId: order.id, source: provider as "DROPPI", // Type assertion is safe due to check above type: 'WEBHOOK_UPDATE', externalEventId: `hook-${Date.now()}`, description: `Actualización ${provider}: ${mappedStatus}`, payload: payload }); return NextResponse.json({ success: true }); } catch (e: any) { return NextResponse.json({ success: false, error: e.message }, { status: 500 }); }[39m
[31m[1m>[22m[39m[90m 7 |[39m }
 [90m   |[39m  [31m[1m^[22m[39m
 [90m 8 |[39m[0m

Expected a semicolon


./src/app/api/webhooks/master-listener/route.ts:7:2
Parsing ecmascript source code failed
[0m [90m 5 |[39m } [36masync[39m [36mfunction[39m handleBeepingWebhook(data[33m:[39m any) { console[33m.[39mlog([32m`[Beeping Webhook] Order Update:`[39m[33m,[39m data)[33m;[39m [36mconst[39m externalId [33m=[39m data[33m.[39mexternal_id [33m||[39m data[33m.[39mshopify_id[33m;[39m [36mif[39m ([33m![39mexternalId) [36mreturn[39m[33m;[39m [36mconst[39m order [33m=[39m [36mawait[39m prisma[33m.[39morder[33m.[39mfindUnique({ where[33m:[39m { shopifyId[33m:[39m externalId[33m.[39mtoString() } })[33m;[39m [36mif[39m ([33m![39morder) [36mreturn[39m[33m;[39m [36mconst[39m { syncSingleOrderBeeping } [33m=[39m [36mawait[39m [36mimport[39m([32m"@/app/pedidos/actions"[39m)[33m;[39m [36mawait[39m syncSingleOrderBeeping(order[33m.[39mid)[33m;[39m
 [90m 6 |[39m } [36masync[39m [36mfunction[39m handleDropiWebhook(data[33m:[39m any) { [90m// Logic for dropshipping sync[39m
[31m[1m>[22m[39m[90m 7 |[39m }
 [90m   |[39m  [31m[1m^[22m[39m
 [90m 8 |[39m[0m

Expected '}', got '<eof>'


./src/app/api/webhooks/master-listener/route.ts:4:1
Parsing ecmascript source code failed
[0m [90m 2 |[39m [36mimport[39m prisma [36mfrom[39m [32m"@/lib/prisma"[39m[33m;[39m [36mexport[39m [36masync[39m [36mfunction[39m [33mPOST[39m(req[33m:[39m [33mNextRequest[39m) { [36mtry[39m { [36mconst[39m body [33m=[39m [36mawait[39m req[33m.[39mjson()[33m;[39m [36mconst[39m headers [33m=[39m req[33m.[39mheaders[33m;[39m [90m// Identify Provider const userAgent = headers.get("user-agent")?.toLowerCase() || ""; const shopifyTopic = headers.get("x-shopify-topic"); const beepingSignature = headers.get("x-beeping-signature"); let provider = "UNKNOWN"; if (shopifyTopic) provider = "SHOPIFY"; else if (beepingSignature) provider = "BEEPING"; else if (body.event_type && body.data) provider = "DROPI"; // Common webhook pattern for Dropi console.log(`[Webhook] Received from ${provider}:`, body); // Business Logic based on Provider switch (provider) { case "SHOPIFY": await handleShopifyWebhook(shopifyTopic!, body); break; case "BEEPING": await handleBeepingWebhook(body); break; case "DROPI": await handleDropiWebhook(body); break; default: // Generic handler or logging break; } return NextResponse.json({ status: "success", provider }); } catch (error) { console.error("[Webhook Error]:", error); return NextResponse.json({ status: "error", message: "Failed to process webhook" }, { status: 500 }); }[39m
 [90m 3 |[39m } [90m// Handler Logic[39m
[31m[1m>[22m[39m[90m 4 |[39m [36masync[39m [36mfunction[39m handleShopifyWebhook(topic[33m:[39m string[33m,[39m data[33m:[39m any) { console[33m.[39mlog([32m`[Shopify Webhook] Processing topic: ${topic}`[39m)[33m;[39m [36mif[39m (topic [33m===[39m [32m"orders/create"[39m [33m||[39m topic [33m===[39m [32m"orders/updated"[39m) { [36mconst[39m shopifyId [33m=[39m data[33m.[39mid[33m.[39mtoString()[33m;[39m [36mconst[39m connection [33m=[39m [36mawait[39m prisma[33m.[39mconnection[33m.[39mfindFirst({ where[33m:[39m { provider[33m:[39m [32m"SHOPIFY"[39m } })[33m;[39m [36mif[39m ([33m![39mconnection) [36mreturn[39m[33m;[39m [90m// Determine Store ID robustly let storeId = connection.storeId; const storeExists = await prisma.store.findUnique({ where: { id: storeId } }); if (!storeExists) { console.error(`[Webhook] Target store ${storeId} not found for provider SHOPIFY`); return; } // Detect Logistics Provider (Priority: Line Item Service > Fulfillment Company > Manual) let detectedProvider = "MANUAL"; const firstLine = data.line_items?.[0]; const service = firstLine?.fulfillment_service; if (service) { const s = service.toLowerCase(); if (s.includes('beeping')) detectedProvider = "BEEPING"; else if (s.includes('dropea')) detectedProvider = "DROPEA"; else if (s.includes('dropi')) detectedProvider = "DROPI"; else if (s.includes('amazon')) detectedProvider = "AMAZON"; else if (s !== "manual") detectedProvider = service.toUpperCase(); } // UTM Extraction Logic const extractUtms = (data: any) => { const utms: any = {}; // 1. From landing_site (Typical for Ads) if (data.landing_site) { try { const url = new URL(data.landing_site, "http://placeholder.com"); const params = url.searchParams; utms.source = params.get('utm_source') || params.get('source'); utms.medium = params.get('utm_medium') || params.get('medium'); utms.campaign = params.get('utm_campaign') || params.get('campaign'); utms.content = params.get('utm_content') || params.get('content'); // Often Ad ID or name utms.term = params.get('utm_term') || params.get('term'); // Often AdSet ID or name utms.adId = params.get('utm_id') || params.get('ad_id'); } catch (e) { } } // 2. From note_attributes (Backup - some themes capture these) if (data.note_attributes) { data.note_attributes.forEach((attr: any) => { const name = attr.name.toLowerCase(); if (name.includes('utm_source')) utms.source = utms.source || attr.value; if (name.includes('utm_medium')) utms.medium = utms.medium || attr.value; if (name.includes('utm_campaign')) utms.campaign = utms.campaign || attr.value; if (name.includes('utm_content')) utms.content = utms.content || attr.value; if (name.includes('utm_term')) utms.term = utms.term || attr.value; if (name.includes('ad_id')) utms.adId = utms.adId || attr.value; }); } return utms; }; const utms = extractUtms(data); // Upsert order in our DB const order = await prisma.order.upsert({ where: { shopifyId }, update: { totalPrice: parseFloat(data.total_price), financialStatus: data.financial_status, logisticsProvider: detectedProvider, customerPhone: data.customer?.phone || data.shipping_address?.phone, customerEmail: data.customer?.email || data.contact_email, addressLine1: data.shipping_address?.address1, city: data.shipping_address?.city, zip: data.shipping_address?.zip, province: data.shipping_address?.province, rawJson: JSON.stringify(data), status: (data.financial_status === "paid" || detectedProvider === "BEEPING") ? "CONFIRMED" : "PENDING", // Attribution Mapping source: utms.source, medium: utms.medium, campaign: utms.campaign, content: utms.content, term: utms.term, adId: utms.adId, adsetId: utms.term // Map term to adsetId as fallback }, create: { storeId: storeId, shopifyId, orderNumber: data.name, customerName: `${data.customer?.first_name || ""} ${data.customer?.last_name || ""}`.trim(), customerEmail: data.customer?.email || data.contact_email, customerPhone: data.customer?.phone || data.shipping_address?.phone, totalPrice: parseFloat(data.total_price), addressLine1: data.shipping_address?.address1 || "", city: data.shipping_address?.city || "", province: data.shipping_address?.province || "", zip: data.shipping_address?.zip || "", country: data.shipping_address?.country || "", status: (data.financial_status === "paid" || detectedProvider === "BEEPING") ? "CONFIRMED" : "PENDING", logisticsProvider: detectedProvider, rawJson: JSON.stringify(data), // Attribution Mapping source: utms.source, medium: utms.medium, campaign: utms.campaign, content: utms.content, term: utms.term, adId: utms.adId, adsetId: utms.term } }); // Automatic Geocoding & Address Validation const { autoGeocodeOrder } = await import("@/lib/geocoding"); await autoGeocodeOrder(order.id); // IMMEDIATE DISPATCH TO BEEPING (Regardless of Payment Status) if (detectedProvider === "BEEPING") { try { const { pushOrderToBeeping } = await import("@/app/pedidos/actions"); console.log(`[Webhook] Auto-dispatching Order ${order.orderNumber} to BEEPING...`); await pushOrderToBeeping(order.id); } catch (dispatchErr) { console.error("[Webhook] Failed to auto-dispatch to Beeping:", dispatchErr); } } // CRITICAL FIX: Sync Line Items for Statistics const { syncOrderItemsAndProducts } = await import("@/app/pedidos/actions"); await syncOrderItemsAndProducts(data, order.id, storeId); }[39m
 [90m   |[39m [31m[1m^[22m[39m
 [90m 5 |[39m } [36masync[39m [36mfunction[39m handleBeepingWebhook(data[33m:[39m any) { console[33m.[39mlog([32m`[Beeping Webhook] Order Update:`[39m[33m,[39m data)[33m;[39m [36mconst[39m externalId [33m=[39m data[33m.[39mexternal_id [33m||[39m data[33m.[39mshopify_id[33m;[39m [36mif[39m ([33m![39mexternalId) [36mreturn[39m[33m;[39m [36mconst[39m order [33m=[39m [36mawait[39m prisma[33m.[39morder[33m.[39mfindUnique({ where[33m:[39m { shopifyId[33m:[39m externalId[33m.[39mtoString() } })[33m;[39m [36mif[39m ([33m![39morder) [36mreturn[39m[33m;[39m [36mconst[39m { syncSingleOrderBeeping } [33m=[39m [36mawait[39m [36mimport[39m([32m"@/app/pedidos/actions"[39m)[33m;[39m [36mawait[39m syncSingleOrderBeeping(order[33m.[39mid)[33m;[39m
 [90m 6 |[39m } [36masync[39m [36mfunction[39m handleDropiWebhook(data[33m:[39m any) { [90m// Logic for dropshipping sync[39m
 [90m 7 |[39m }[0m

Expected a semicolon


./src/app/connections/page.tsx:15:3541
Parsing ecmascript source code failed
[0m [90m 13 |[39m [36mimport[39m { saveConnection[33m,[39m deleteConnection } [36mfrom[39m [32m"./actions"[39m[33m;[39m
 [90m 14 |[39m [36mimport[39m { cn } [36mfrom[39m [32m"@/lib/utils"[39m[33m;[39m
[31m[1m>[22m[39m[90m 15 |[39m [36mimport[39m { [33mPROVIDER_REGISTRY[39m } [36mfrom[39m [32m"@/lib/providers/registry"[39m[33m;[39m [36mfunction[39m [33mConnectionsContent[39m() { [36mconst[39m [activeConnections[33m,[39m setActiveConnections] [33m=[39m useState[33m<[39m[33many[39m[][33m>[39m([])[33m;[39m [36mconst[39m [loading[33m,[39m setLoading] [33m=[39m useState([36mtrue[39m)[33m;[39m [36mconst[39m [configOpen[33m,[39m setConfigOpen] [33m=[39m useState[33m<[39m[33mboolean[39m[33m>[39m([36mfalse[39m)[33m;[39m [36mconst[39m [selectedProviderId[33m,[39m setSelectedProviderId] [33m=[39m useState[33m<[39m[33mstring[39m[33m>[39m([32m""[39m)[33m;[39m [36mconst[39m [testingProvider[33m,[39m setTestingProvider] [33m=[39m useState[33m<[39m[33mstring[39m [33m|[39m [36mnull[39m[33m>[39m([36mnull[39m)[33m;[39m [36mconst[39m [revealSecrets[33m,[39m setRevealSecrets] [33m=[39m useState[33m<[39m[33mRecord[39m[33m<[39m[33mstring[39m[33m,[39m boolean[33m>>[39m({})[33m;[39m [36mconst[39m searchParams [33m=[39m useSearchParams()[33m;[39m [36mconst[39m fetchConnections [33m=[39m [36masync[39m () [33m=>[39m { setLoading([36mtrue[39m)[33m;[39m [36mtry[39m { [36mconst[39m res [33m=[39m [36mawait[39m fetch([32m"/api/connections?reveal=true"[39m)[33m;[39m [36mif[39m (res[33m.[39mok) { [36mconst[39m data [33m=[39m [36mawait[39m res[33m.[39mjson()[33m;[39m setActiveConnections(data [33m||[39m [])[33m;[39m } } [36mcatch[39m (e) { console[33m.[39merror(e)[33m;[39m } [36mfinally[39m { setLoading([36mfalse[39m)[33m;[39m } }[33m;[39m useEffect(() [33m=>[39m { fetchConnections()[33m;[39m }[33m,[39m [searchParams])[33m;[39m [36mconst[39m handleDelete [33m=[39m [36masync[39m (id[33m:[39m string[33m,[39m name[33m:[39m string) [33m=>[39m { [36mif[39m ([33m![39mconfirm([32m`¿Desvincular servicio ${name}?`[39m)) [36mreturn[39m[33m;[39m [36mconst[39m res [33m=[39m [36mawait[39m deleteConnection(id)[33m;[39m [36mif[39m (res[33m.[39msuccess) { toast[33m.[39msuccess([32m"Servicio desconectado"[39m)[33m;[39m fetchConnections()[33m;[39m } }[33m;[39m [36mconst[39m toggleSecret [33m=[39m (idKey[33m:[39m string) [33m=>[39m { setRevealSecrets(prev [33m=>[39m ({ [33m...[39mprev[33m,[39m [idKey][33m:[39m [33m![39mprev[idKey] }))[33m;[39m }[33m;[39m [36mconst[39m copyToClipboard [33m=[39m (text[33m:[39m string) [33m=>[39m { [36mif[39m ([33m![39mtext) [36mreturn[39m[33m;[39m navigator[33m.[39mclipboard[33m.[39mwriteText(text)[33m;[39m toast[33m.[39minfo([32m"Copiado al portapapeles"[39m[33m,[39m { duration[33m:[39m [35m1500[39m })[33m;[39m }[33m;[39m [36mconst[39m testConnection [33m=[39m [36masync[39m (providerId[33m:[39m string) [33m=>[39m { setTestingProvider(providerId)[33m;[39m [36mtry[39m { [36mconst[39m res [33m=[39m [36mawait[39m fetch([32m"/api/connections/test"[39m[33m,[39m { method[33m:[39m [32m"POST"[39m[33m,[39m headers[33m:[39m { [32m"Content-Type"[39m[33m:[39m [32m"application/json"[39m }[33m,[39m body[33m:[39m [33mJSON[39m[33m.[39mstringify({ provider[33m:[39m providerId })[33m,[39m })[33m;[39m [36mconst[39m result [33m=[39m [36mawait[39m res[33m.[39mjson()[33m;[39m [36mif[39m (result[33m.[39mstatus [33m===[39m [32m"OK"[39m) toast[33m.[39msuccess([32m"Enlace Óptimo"[39m)[33m;[39m [36melse[39m toast[33m.[39merror(result[33m.[39mmessage [33m||[39m [32m"Fallo de respuesta"[39m)[33m;[39m } [36mcatch[39m (e) { toast[33m.[39merror([32m"Error de conexión"[39m)[33m;[39m } setTestingProvider([36mnull[39m)[33m;[39m }[33m;[39m [36mconst[39m providers [33m=[39m [33mObject[39m[33m.[39mvalues([33mPROVIDER_REGISTRY[39m)[33m;[39m [36mconst[39m selectedProviderConfig [33m=[39m [33mPROVIDER_REGISTRY[39m[selectedProviderId][33m;[39m [36mreturn[39m ( [33m<[39m[33mdiv[39m className[33m=[39m[32m"flex flex-col w-full h-full min-h-screen bg-white font-sans selection:bg-rose-100 selection:text-rose-900"[39m[33m>[39m {[90m/* ── HEADER ZERO-WASTE V10.0 ── */[39m} [33m<[39m[33mheader[39m className[33m=[39m[32m"flex items-center justify-between px-5 py-2.5 border-b border-slate-100 bg-white/80 sticky top-0 z-[60]"[39m[33m>[39m [33m<[39m[33mdiv[39m className[33m=[39m[32m"flex items-center gap-2.5"[39m[33m>[39m [33m<[39m[33mdiv[39m className[33m=[39m[32m"w-8 h-8 rounded-lg bg-rose-500 flex items-center justify-center shadow-sm"[39m[33m>[39m [33m<[39m[33mZap[39m className[33m=[39m[32m"w-4 h-4 text-white fill-white"[39m [33m/[39m[33m>[39m [33m<[39m[33m/[39m[33mdiv[39m[33m>[39m [33m<[39m[33mdiv[39m[33m>[39m [33m<[39m[33mh1[39m className[33m=[39m[32m"text-[11px] font-black uppercase tracking-tight text-slate-900 leading-none"[39m[33m>[39m[33mCanales[39m e [33mInfraestructura[39m[33m<[39m[33m/[39m[33mh1[39m[33m>[39m [33m<[39m[33mp[39m className[33m=[39m[32m"text-[7px] font-black text-rose-500 uppercase tracking-widest mt-0.5"[39m[33m>[39m[33mESTATUS[39m [33mCENTRAL[39m [33mV10[39m[35m.0[39m[33m<[39m[33m/[39m[33mp[39m[33m>[39m [33m<[39m[33m/[39m[33mdiv[39m[33m>[39m [33m<[39m[35m/div> <div className="flex items-center gap-1.5"> <button onClick={fetchConnections} className="p-1.5 text-slate-400 hover:text-rose-500 transition-colors rounded-lg hover:bg-slate-50" > <RefreshCw className={cn("w-3.5 h-3.5", loading && "animate-spin")} /[39m[33m>[39m [33m<[39m[35m/button> <Dialog open={configOpen} onOpenChange={setConfigOpen}> <DialogTrigger asChild> <Button className="h-8 px-4 bg-rose-500 hover:bg-black text-[9px] font-black uppercase tracking-widest rounded-lg transition-all border-none shadow-sm"> <Plus className="w-3.5 h-3.5 mr-1.5" /[39m[33m>[39m [33mVincular[39m [33mNodo[39m [33m<[39m[33m/[39m[33mButton[39m[33m>[39m [33m<[39m[33m/[39m[33mDialogTrigger[39m[33m>[39m [33m<[39m[33mDialogContent[39m className[33m=[39m[32m"sm:max-w-[360px] rounded-[2.5rem] p-7 border-none shadow-[0_32px_80px_-16px_rgba(0,0,0,0.18)] z-[100] !overflow-visible bg-white/95 xl> <DialogHeader className="[39mpb[33m-[39m[35m2[39m border[33m-[39mb border[33m-[39mslate[33m-[39m[35m50[39m[32m"> <DialogTitle className="[39mtext[33m-[39m[[35m11[39mpx] font[33m-[39mblack uppercase tracking[33m-[39m[[35m0.2[39mem] text[33m-[39mslate[33m-[39m[35m900[39m[32m"> {selectedProviderConfig?.name || "[39m[33mVincular[39m [33mNodo[39m[32m"} </DialogTitle> </DialogHeader> <form action={async (formData) => { const res = await saveConnection(formData); if (res.success) { setConfigOpen(false); toast.success("[39m[33mEnlace[39m [33mEstablecido[39m[32m"); fetchConnections(); } else { toast.error(res.message || "[39m[33mError[39m al establecer enlace[32m"); } }} className="[39mspace[33m-[39my[33m-[39m[35m4[39m pt[33m-[39m[35m4[39m[32m"> <div className="[39mspace[33m-[39my[33m-[39m[35m1.5[39m relative[32m"> <Label className="[39mtext[33m-[39m[[35m8[39mpx] font[33m-[39mblack uppercase text[33m-[39mslate[33m-[39m[35m400[39m ml[33m-[39m[35m1[39m tracking[33m-[39mwidest[32m">Proveedor Oficial</Label> <Select name="[39mprovider[32m" value={selectedProviderId} onValueChange={setSelectedProviderId} required> <SelectTrigger className="[39mh[33m-[39m[35m12[39m border[33m-[39mslate[33m-[39m[35m100[39m bg[33m-[39mslate[33m-[39m[35m50[39m[33m/[39m[35m50[39m rounded[33m-[39m[35m2[39mxl text[33m-[39m[[35m13[39mpx] font[33m-[39mbold tracking[33m-[39mtight focus[33m:[39mring[33m-[39m[35m2[39m focus[33m:[39mring[33m-[39mrose[33m-[39m[35m500[39m[35m/10 transition-all border shadow-sm"> <SelectValue placeholder="Seleccionar..." /[39m[33m>[39m [33m<[39m[35m/SelectTrigger> <SelectContent position="popper" sideOffset={4} className="rounded-2xl border-slate-100 shadow-sm z-[200] bg-white w-[var(--radix-select-trigger-width)] max-h-[220px] overflow-x-hidden overflow-y-auto p-1.5" > <div className="space-y-0.5"> {providers.map(p => ( <SelectItem key={p.id} value={p.id} className="text-[11px] font-bold py-2.5 px-3 rounded-xl cursor-pointer hover:bg-rose-50 focus:bg-rose-50 transition-colors"> <div className="flex items-center gap-3"> <p.icon className="w-4 h-4" style={{ color: p.color }} /[39m[33m>[39m {p[33m.[39mname} [33m<[39m[33m/[39m[33mdiv[39m[33m>[39m [33m<[39m[33m/[39m[33mSelectItem[39m[33m>[39m ))} [33m<[39m[33m/[39m[33mdiv[39m[33m>[39m [33m<[39m[33m/[39m[33mSelectContent[39m[33m>[39m [33m<[39m[33m/[39m[33mSelect[39m[33m>[39m [33m<[39m[33m/[39m[33mdiv[39m[33m>[39m [33m<[39m[33mAnimatePresence[39m mode[33m=[39m[32m"wait"[39m[33m>[39m {selectedProviderConfig [33m&&[39m ( [33m<[39m[33mmotion[39m[33m.[39mdiv key[33m=[39m{selectedProviderConfig[33m.[39mid} initial[33m=[39m{{ opacity[33m:[39m [35m0[39m[33m,[39m y[33m:[39m [35m10[39m }} animate[33m=[39m{{ opacity[33m:[39m [35m1[39m[33m,[39m y[33m:[39m [35m0[39m }} className[33m=[39m[32m"space-y-3"[39m [33m>[39m {selectedProviderConfig[33m.[39mfields[33m.[39mmap(f [33m=>[39m ( [33m<[39m[33mdiv[39m key[33m=[39m{f[33m.[39mkey} className[33m=[39m[32m"space-y-1.5"[39m[33m>[39m [33m<[39m[33mLabel[39m className[33m=[39m[32m"text-[8px] font-black uppercase text-slate-400 ml-1 tracking-widest"[39m[33m>[39m{f[33m.[39mlabel}[33m<[39m[33m/[39m[33mLabel[39m[33m>[39m [33m<[39m[33mInput[39m name[33m=[39m{f[33m.[39mkey} type[33m=[39m{f[33m.[39mtype [33m===[39m [32m'password'[39m [33m?[39m [32m'text'[39m [33m:[39m f[33m.[39mtype} required[33m=[39m{f[33m.[39mrequired} className[33m=[39m[32m"h-12 border-slate-100 bg-slate-50/50 rounded-2xl text-[12px] font-medium focus:border-rose-500/50 transition-all shadow-none placeholder:text-slate-300"[39m [33m/[39m[33m>[39m [33m<[39m[33m/[39m[33mdiv[39m[33m>[39m ))} [33m<[39m[33m/[39m[33mmotion[39m[33m.[39mdiv[33m>[39m )} [33m<[39m[33m/[39m[33mAnimatePresence[39m[33m>[39m [33m<[39m[33mButton[39m type[33m=[39m[32m"submit"[39m className[33m=[39m[32m"w-full h-12 bg-rose-500 hover:bg-black text-white font-black text-[10px] uppercase tracking-[0.25em] rounded-2xl mt-2 shadow-sm active:scale-[0.98] transition-all"[39m[33m>[39m [33mGuardar[39m [33mConfiguración[39m [33m<[39m[33m/[39m[33mButton[39m[33m>[39m [33m<[39m[33m/[39m[33mform[39m[33m>[39m [33m<[39m[33m/[39m[33mDialogContent[39m[33m>[39m [33m<[39m[33m/[39m[33mDialog[39m[33m>[39m [33m<[39m[33m/[39m[33mdiv[39m[33m>[39m [33m<[39m[35m/header> {/[39m[33m*[39m ── [33mCORE[39m [33mGRID[39m [33mV10[39m[35m.0[39m ([33mZERO[39m [33mWASTE[39m) ── [33m*[39m[35m/} <main className="flex-1 p-4 space-y-6"> {/[39m[33m*[39m ── [33mNODOS[39m [33mEN[39m [33mLÍNEA[39m ── [33m*[39m[35m/} <section className="space-y-2.5"> <div className="flex items-center gap-2 px-1 text-slate-900 border-l-2 border-rose-500 pl-3 py-0.5"> <Activity className="w-3.5 h-3.5 text-rose-500" /[39m[33m>[39m [33m<[39m[33mh2[39m className[33m=[39m[32m"text-[10px] font-black uppercase tracking-[0.25em]"[39m[33m>[39m[33mNodos[39m [33mOperativos[39m[33m<[39m[33m/[39m[33mh2[39m[33m>[39m [33m<[39m[33m/[39m[33mdiv[39m[33m>[39m [33m<[39m[33mdiv[39m className[33m=[39m[32m"grid grid-cols-1 md:grid-cols-2 lg:grid-cols-3 xl:grid-cols-4 2xl:grid-cols-5 gap-3"[39m[33m>[39m {activeConnections[33m.[39mmap((conn[33m,[39m idx) [33m=>[39m { [36mconst[39m p [33m=[39m [33mPROVIDER_REGISTRY[39m[conn[33m.[39mprovider[33m.[39mtoUpperCase()] [33m||[39m { name[33m:[39m conn[33m.[39mprovider[33m,[39m icon[33m:[39m [33mSettings2[39m[33m,[39m color[33m:[39m [32m'#e11d48'[39m }[33m;[39m [36mconst[39m [33mIcon[39m [33m=[39m p[33m.[39micon[33m;[39m [36mconst[39m idKey [33m=[39m [32m`${conn.provider}-${conn.id}`[39m[33m;[39m [36mconst[39m isRevealed [33m=[39m revealSecrets[idKey][33m;[39m [36mreturn[39m ( [33m<[39m[33mmotion[39m[33m.[39mdiv key[33m=[39m{conn[33m.[39mid} initial[33m=[39m{{ opacity[33m:[39m [35m0[39m[33m,[39m y[33m:[39m [35m5[39m }} animate[33m=[39m{{ opacity[33m:[39m [35m1[39m[33m,[39m y[33m:[39m [35m0[39m }} transition[33m=[39m{{ delay[33m:[39m idx [33m*[39m [35m0.03[39m }}[33m>[39m [33m<[39m[33mCard[39m className[33m=[39m[32m"group p-3.5 rounded-xl border border-slate-100 bg-white hover:border-rose-500/40 hover:shadow-sm hover:shadow-sm transition-all duration-300 relative overflow-hidden flex flex-col gap-3"[39m[33m>[39m [33m<[39m[33mdiv[39m className[33m=[39m[32m"flex items-center justify-between"[39m[33m>[39m [33m<[39m[33mdiv[39m className[33m=[39m[32m"flex items-center gap-2.5"[39m[33m>[39m [33m<[39m[33mdiv[39m className[33m=[39m[32m"w-12 h-12 rounded-xl bg-slate-50 flex items-center justify-center border border-slate-100/50"[39m[33m>[39m [33m<[39m[33mIcon[39m className[33m=[39m[32m"w-8 h-8"[39m style[33m=[39m{{ color[33m:[39m p[33m.[39mcolor }} [33m/[39m[33m>[39m [33m<[39m[33m/[39m[33mdiv[39m[33m>[39m [33m<[39m[33mdiv[39m[33m>[39m [33m<[39m[33mp[39m className[33m=[39m[32m"text-[10px] font-black text-slate-900 uppercase tracking-tight"[39m[33m>[39m{p[33m.[39mname}[33m<[39m[35m/p> <div className="flex items-center gap-1 mt-0.5"> <div className="w-1.5 h-1.5 rounded-full bg-rose-500 animate-pulse" /[39m[33m>[39m [33m<[39m[33mspan[39m className[33m=[39m[32m"text-[7px] font-black text-rose-500 uppercase tracking-widest leading-none"[39m[33m>[39m[33mSincronizado[39m[33m<[39m[33m/[39m[33mspan[39m[33m>[39m [33m<[39m[33m/[39m[33mdiv[39m[33m>[39m [33m<[39m[33m/[39m[33mdiv[39m[33m>[39m [33m<[39m[35m/div> <div className="flex items-center opacity-0 group-hover:opacity-100 transition-opacity"> <button onClick={() => handleDelete(conn.id, p.name)} className="p-1 text-slate-300 hover:text-red-500 transition-colors"> <XCircle className="w-3.5 h-3.5" /[39m[33m>[39m [33m<[39m[33m/[39m[33mbutton[39m[33m>[39m [33m<[39m[33m/[39m[33mdiv[39m[33m>[39m [33m<[39m[33m/[39m[33mdiv[39m[33m>[39m [33m<[39m[33mdiv[39m className[33m=[39m[32m"grid grid-cols-2 gap-2"[39m[33m>[39m {[33mObject[39m[33m.[39mentries(conn[33m.[39mmetadata [33m||[39m {})[33m.[39mmap(([key[33m,[39m value]) [33m=>[39m ( [33m<[39m[33mdiv[39m key[33m=[39m{key} className[33m=[39m[32m"bg-slate-50/50 p-2 rounded-lg border border-slate-100/20"[39m[33m>[39m [33m<[39m[33mspan[39m className[33m=[39m[32m"block text-[6px] font-black text-slate-400 uppercase tracking-widest mb-0.5"[39m[33m>[39m{key}[33m<[39m[33m/[39m[33mspan[39m[33m>[39m [33m<[39m[33mp[39m className[33m=[39m[32m"text-[9px] font-black text-slate-700 truncate"[39m[33m>[39m{value [36mas[39m string}[33m<[39m[33m/[39m[33mp[39m[33m>[39m [33m<[39m[33m/[39m[33mdiv[39m[33m>[39m ))} [33m<[39m[33m/[39m[33mdiv[39m[33m>[39m [33m<[39m[33mdiv[39m className[33m=[39m[32m"mt-auto pt-1"[39m[33m>[39m [33m<[39m[33mdiv[39m className[33m=[39m[32m"flex items-center gap-2 bg-slate-950 px-2 py-1.5 rounded-lg border border-white/5 shadow-sm"[39m[33m>[39m [33m<[39m[33mLock[39m className[33m=[39m[32m"w-2.5 h-2.5 text-rose-500/50"[39m [33m/[39m[33m>[39m [33m<[39m[33mp[39m className[33m=[39m[32m"flex-1 font-mono text-[8px] font-bold text-rose-500/60 truncate tracking-tight"[39m[33m>[39m{isRevealed [33m?[39m conn[33m.[39msecret [33m:[39m [32m"••••••••••••••••"[39m}[33m<[39m[33m/[39m[33mp[39m[33m>[39m [33m<[39m[33mdiv[39m className[33m=[39m[32m"flex items-center gap-1 pl-1 border-l border-white/10"[39m[33m>[39m [33m<[39m[33mbutton[39m onClick[33m=[39m{() [33m=>[39m toggleSecret(idKey)} className[33m=[39m[32m"p-0.5 text-white/40 hover:text-white transition-colors"[39m[33m>[39m {isRevealed [33m?[39m [33m<[39m[33mEyeOff[39m className[33m=[39m[32m"w-3 h-3"[39m [35m/> : <Eye className="w-3 h-3" /[39m[33m>[39m} [33m<[39m[33m/[39m[33mbutton[39m[33m>[39m [33m<[39m[33mbutton[39m onClick[33m=[39m{() [33m=>[39m copyToClipboard(conn[33m.[39msecret)} className[33m=[39m[32m"p-0.5 text-white/40 hover:text-white transition-colors"[39m[33m>[39m [33m<[39m[33mCopy[39m className[33m=[39m[32m"w-3 h-3"[39m [33m/[39m[33m>[39m [33m<[39m[33m/[39m[33mbutton[39m[33m>[39m [33m<[39m[33m/[39m[33mdiv[39m[33m>[39m [33m<[39m[33m/[39m[33mdiv[39m[33m>[39m [33m<[39m[33m/[39m[33mdiv[39m[33m>[39m [33m<[39m[33m/[39m[33mCard[39m[33m>[39m [33m<[39m[33m/[39m[33mmotion[39m[33m.[39mdiv[33m>[39m )[33m;[39m })} [33m<[39m[33m/[39m[33mdiv[39m[33m>[39m [33m<[39m[33m/[39m[33msection[39m[33m>[39m [33m<[39m[35m/main> {/[39m[33m*[39m ── [33mFOOTER[39m [33mSEGURO[39m ── [33m*[39m[35m/} <footer className="px-5 py-2.5 border-t border-slate-100 flex items-center justify-between text-slate-400 bg-white z-[60]"> <div className="flex items-center gap-2"> <ShieldCheck className="w-3.5 h-3.5 text-rose-500" /[39m[33m>[39m [33m<[39m[33mspan[39m className[33m=[39m[32m"text-[8px] font-black uppercase tracking-[0.3em]"[39m[33m>[39m[33mCifrado[39m [33mActivo[39m [33mAES[39m[33m-[39m[35m256[39m [33mSincronizado[39m[33m<[39m[33m/[39m[33mspan[39m[33m>[39m [33m<[39m[35m/div> <div className="flex items-center gap-1.5 bg-slate-50 px-2 py-0.5 rounded-full border border-slate-100 shadow-sm"> <div className="h-1 w-1 rounded-full bg-rose-500 animate-pulse shadow-[0_0_5px_rgba(244,63,94,0.5)]" /[39m[33m>[39m [33m<[39m[33mspan[39m className[33m=[39m[32m"text-[10px] font-bold text-rose-500/80 tracking-tighter"[39m[33m>[39m[33mABSOLUTE[39m [33mZERO[39m [33mV14[39m[35m.0[39m[33m<[39m[33m/[39m[33mspan[39m[33m>[39m [33m<[39m[33m/[39m[33mdiv[39m[33m>[39m [33m<[39m[33m/[39m[33mfooter[39m[33m>[39m [33m<[39m[33m/[39m[33mdiv[39m[33m>[39m )[33m;[39m
 [90m    |[39m                                                                                                                                                                                                                                                                                                                                                                                                                                                                                                                                                                                                                                                                                                                                                                                                                                                                                                                                                                                                                                                                                                                                                                                                                                                                                                                                                                                                                                                                                                                                                                                                                                                                                                                                                                                                                                                                                                                                                                                                                                                                                                                                                                                                                                                                                                                                                                                                                                                                                                                                                                                                                                                                                                                                                                                                                                                                                                                                                                                                                                                                                                                                                                                                                                                                                                                                                                                                                                                                                                                                                                                                                                                                                     [31m[1m^[22m[39m[31m[1m^[22m[39m[31m[1m^[22m[39m[31m[1m^[22m[39m[31m[1m^[22m[39m[31m[1m^[22m[39m[31m[1m^[22m[39m[31m[1m^[22m[39m[31m[1m^[22m[39m[31m[1m^[22m[39m[31m[1m^[22m[39m[31m[1m^[22m[39m[31m[1m^[22m[39m[31m[1m^[22m[39m[31m[1m^[22m[39m[31m[1m^[22m[39m[31m[1m^[22m[39m[31m[1m^[22m[39m[31m[1m^[22m[39m[31m[1m^[22m[39m[31m[1m^[22m[39m[31m[1m^[22m[39m[31m[1m^[22m[39m[31m[1m^[22m[39m[31m[1m^[22m[39m[31m[1m^[22m[39m[31m[1m^[22m[39m
 [90m 16 |[39m } [36mexport[39m [36mdefault[39m [36mfunction[39m [33mConnectionsPage[39m() { [36mreturn[39m ( [33m<[39m[33mSuspense[39m fallback[33m=[39m{ [33m<[39m[33mdiv[39m className[33m=[39m[32m"h-screen flex items-center justify-center bg-white"[39m[33m>[39m [33m<[39m[33mLoader2[39m className[33m=[39m[32m"w-10 h-10 text-rose-500 animate-spin"[39m [33m/[39m[33m>[39m [33m<[39m[35m/div> }> <ConnectionsContent /[39m[33m>[39m [33m<[39m[33m/[39m[33mSuspense[39m[33m>[39m )[33m;[39m
 [90m 17 |[39m }
 [90m 18 |[39m[0m

Expected '</', got 'string literal ("> <DialogTitle className=", "> <DialogTitle className=")'


./src/app/customers/actions.ts:4:3
Parsing ecmascript source code failed
[0m [90m 2 |[39m [36mimport[39m { revalidatePath } [36mfrom[39m [32m"next/cache"[39m[33m;[39m [36mexport[39m [36masync[39m [36mfunction[39m getCustomers(query[33m?[39m[33m:[39m string[33m,[39m page [33m=[39m [35m1[39m[33m,[39m limit [33m=[39m [35m50[39m) { [36mtry[39m { [36mconst[39m where[33m:[39m any [33m=[39m {}[33m;[39m [36mif[39m (query) { where[33m.[39m[33mOR[39m [33m=[39m [ { name[33m:[39m { contains[33m:[39m query[33m,[39m mode[33m:[39m [32m'insensitive'[39m } }[33m,[39m { phone[33m:[39m { contains[33m:[39m query } }[33m,[39m { email[33m:[39m { contains[33m:[39m query[33m,[39m mode[33m:[39m [32m'insensitive'[39m } }[33m,[39m ][33m;[39m } [36mconst[39m [customers[33m,[39m total] [33m=[39m [36mawait[39m [33mPromise[39m[33m.[39mall([ (prisma [36mas[39m any)[33m.[39mcustomer[33m.[39mfindMany({ where[33m,[39m take[33m:[39m limit[33m,[39m skip[33m:[39m (page [33m-[39m [35m1[39m) [33m*[39m limit[33m,[39m orderBy[33m:[39m { lastOrderAt[33m:[39m [32m'desc'[39m }[33m,[39m include[33m:[39m { orders[33m:[39m { select[33m:[39m { id[33m:[39m [36mtrue[39m[33m,[39m orderNumber[33m:[39m [36mtrue[39m[33m,[39m status[33m:[39m [36mtrue[39m[33m,[39m totalPrice[33m:[39m [36mtrue[39m[33m,[39m createdAt[33m:[39m [36mtrue[39m } } } })[33m,[39m (prisma [36mas[39m any)[33m.[39mcustomer[33m.[39mcount({ where }) ])[33m;[39m [36mreturn[39m { success[33m:[39m [36mtrue[39m[33m,[39m data[33m:[39m customers[33m,[39m total }[33m;[39m } [36mcatch[39m (e[33m:[39m any) { [36mreturn[39m { success[33m:[39m [36mfalse[39m[33m,[39m error[33m:[39m e[33m.[39mmessage }[33m;[39m }
 [90m 3 |[39m } [36mexport[39m [36masync[39m [36mfunction[39m getCustomerDetail(customerId[33m:[39m string) { [36mtry[39m { [36mconst[39m customer [33m=[39m [36mawait[39m (prisma [36mas[39m any)[33m.[39mcustomer[33m.[39mfindUnique({ where[33m:[39m { id[33m:[39m customerId }[33m,[39m include[33m:[39m { orders[33m:[39m { orderBy[33m:[39m { createdAt[33m:[39m [32m'desc'[39m } } } })[33m;[39m [36mif[39m ([33m![39mcustomer) [36mthrow[39m [36mnew[39m [33mError[39m([32m"Cliente no encontrado"[39m)[33m;[39m [90m// Fetch conversations (messages linked to any of their orders) const orderIds = customer.orders.map((o: any) => o.id); const messages = await (prisma as any).message.findMany({ where: { orderId: { in: orderIds } }, orderBy: { timestamp: 'asc' } }); return { success: true, data: { ...customer, messages } }; } catch (e: any) { return { success: false, error: e.message }; }[39m
[31m[1m>[22m[39m[90m 4 |[39m } [36mexport[39m [36masync[39m [36mfunction[39m updateCustomer(customerId[33m:[39m string[33m,[39m data[33m:[39m any) { [36mtry[39m { [36mconst[39m updated [33m=[39m [36mawait[39m (prisma [36mas[39m any)[33m.[39mcustomer[33m.[39mupdate({ where[33m:[39m { id[33m:[39m customerId }[33m,[39m data })[33m;[39m revalidatePath([32m'/customers'[39m)[33m;[39m [36mreturn[39m { success[33m:[39m [36mtrue[39m[33m,[39m data[33m:[39m updated }[33m;[39m } [36mcatch[39m (e[33m:[39m any) { [36mreturn[39m { success[33m:[39m [36mfalse[39m[33m,[39m error[33m:[39m e[33m.[39mmessage }[33m;[39m }
 [90m   |[39m   [31m[1m^[22m[39m
 [90m 5 |[39m } [90m/** * Maintenance: Sync customers from orders * Run this to populate the Customer table from existing Orders */[39m
 [90m 6 |[39m [36mexport[39m [36masync[39m [36mfunction[39m syncCustomersFromOrders() { [36mtry[39m { [36mconst[39m orders [33m=[39m [36mawait[39m (prisma [36mas[39m any)[33m.[39morder[33m.[39mfindMany({ where[33m:[39m { customerPhone[33m:[39m { not[33m:[39m [36mnull[39m } }[33m,[39m orderBy[33m:[39m { createdAt[33m:[39m [32m'desc'[39m } })[33m;[39m [90m// Group by phone const customerMap = new Map(); for (const order of orders) { if (!customerMap.has(order.customerPhone)) { customerMap.set(order.customerPhone, { storeId: order.storeId, name: order.customerName || "Desconocido", email: order.customerEmail, phone: order.customerPhone, addressLine1: order.addressLine1, city: order.city, zip: order.zip, country: order.country, totalOrders: 0, totalSpent: 0, lastOrderAt: order.createdAt, orderIds: [] }); } const c = customerMap.get(order.customerPhone); c.totalOrders += 1; c.totalSpent += order.totalPrice || 0; c.orderIds.push(order.id); if (new Date(order.createdAt) > new Date(c.lastOrderAt)) { c.lastOrderAt = order.createdAt; } } // Upsert customers and update orders for (const [phone, data] of customerMap.entries()) { const customer = await (prisma as any).customer.upsert({ where: { storeId_phone: { storeId: data.storeId, phone } }, update: { totalOrders: data.totalOrders, totalSpent: data.totalSpent, avgTicket: data.totalSpent / data.totalOrders, lastOrderAt: data.lastOrderAt }, create: { storeId: data.storeId, name: data.name, email: data.email, phone: data.phone, addressLine1: data.addressLine1, city: data.city, zip: data.zip, country: data.country, totalOrders: data.totalOrders, totalSpent: data.totalSpent, avgTicket: data.totalSpent / data.totalOrders, lastOrderAt: data.lastOrderAt } }); // Link orders await (prisma as any).order.updateMany({ where: { id: { in: data.orderIds } }, data: { customerId: customer.id } }); } return { success: true, count: customerMap.size }; } catch (e: any) { return { success: false, error: e.message }; }[39m
 [90m 7 |[39m }[0m

Expected a semicolon

Import traces:
  Client Component Browser:
    ./src/app/customers/actions.ts [Client Component Browser]
    ./src/app/customers/page.tsx [Client Component Browser]
    ./src/app/customers/page.tsx [Server Component]

  Client Component SSR:
    ./src/app/customers/actions.ts [Client Component SSR]
    ./src/app/customers/page.tsx [Client Component SSR]
    ./src/app/customers/page.tsx [Server Component]


./src/app/finances/accounting/page.tsx:14:2
Parsing ecmascript source code failed
[0m [90m 12 |[39m ][33m;[39m [36mimport[39m { syncShopifyHistory } [36mfrom[39m [32m"@/app/pedidos/actions"[39m[33m;[39m
 [90m 13 |[39m [36mimport[39m { toast } [36mfrom[39m [32m"sonner"[39m[33m;[39m [36mexport[39m [36mdefault[39m [36mfunction[39m [33mExpensesPage[39m() { [36mconst[39m [syncing[33m,[39m setSyncing] [33m=[39m useState([36mfalse[39m)[33m;[39m [36mconst[39m [expenses[33m,[39m setExpenses] [33m=[39m useState([ { id[33m:[39m [35m1[39m[33m,[39m name[33m:[39m [32m"Suscripción Shopify"[39m[33m,[39m category[33m:[39m [32m"STORE"[39m[33m,[39m amount[33m:[39m [35m39[39m[33m,[39m date[33m:[39m [32m"Mensual"[39m }[33m,[39m { id[33m:[39m [35m2[39m[33m,[39m name[33m:[39m [32m"Dropi Import Fee"[39m[33m,[39m category[33m:[39m [32m"SOFTWARE"[39m[33m,[39m amount[33m:[39m [35m15[39m[33m,[39m date[33m:[39m [32m"Fijo"[39m }[33m,[39m { id[33m:[39m [35m3[39m[33m,[39m name[33m:[39m [32m"Sueldo Agente ATT (Laura)"[39m[33m,[39m category[33m:[39m [32m"TEAM"[39m[33m,[39m amount[33m:[39m [35m1200[39m[33m,[39m date[33m:[39m [32m"Mensual"[39m }[33m,[39m { id[33m:[39m [35m4[39m[33m,[39m name[33m:[39m [32m"Google Drive Storage"[39m[33m,[39m category[33m:[39m [32m"SOFTWARE"[39m[33m,[39m amount[33m:[39m [35m10[39m[33m,[39m date[33m:[39m [32m"Mensual"[39m }[33m,[39m ])[33m;[39m [36mconst[39m totalMonthly [33m=[39m expenses[33m.[39mreduce((acc[33m,[39m curr) [33m=>[39m acc [33m+[39m curr[33m.[39mamount[33m,[39m [35m0[39m)[33m;[39m [36mconst[39m handleSync [33m=[39m [36masync[39m () [33m=>[39m { setSyncing([36mtrue[39m)[33m;[39m [36mtry[39m { [36mconst[39m res [33m=[39m [36mawait[39m syncShopifyHistory([32m"force-sync"[39m)[33m;[39m [90m// StoreId handled internally via active connection if (res.success) { toast.success(res.message); // In a real app we would re-fetch expenses/finance stats here } else { toast.error("Error al sincronizar: " + res.message); } } catch (e) { toast.error("Fallo de conexión"); } finally { setSyncing(false); } }; return ( <div className="space-y-4 animate-in fade-in duration-700"> <div className="flex items-center justify-between"> <div> <h2 className="text-xl font-black tracking-tighter italic uppercase text-slate-900 flex items-center gap-2"> <DollarSign className="h-5 w-5 text-slate-900" /> Gastos Fijos <span className="text-slate-400">& Operativos</span> </h2> <p className="text-[8px] font-bold uppercase tracking-widest text-slate-400 mt-1">Registra los gastos mensuales para un cálculo preciso del beneficio neto real.</p> </div> <div className="flex items-center gap-2"> <Button variant="outline" className="h-8 text-[9px] font-black uppercase tracking-widest border-slate-200 text-slate-600 hover:bg-slate-50" onClick={handleSync} disabled={syncing} > {syncing ? <RefreshCw className="h-3 w-3 animate-spin mr-1.5" /> : <RefreshCw className="h-3 w-3 mr-1.5" />} {syncing ? "Sincronizando..." : "Sincronización Total"} </Button> <Card className="bg-slate-900 border-none px-3 py-1.5 flex items-center gap-2.5 rounded-lg shadow-sm"> <Calculator className="h-3.5 w-3.5 text-slate-400" /> <div className="flex flex-col"> <span className="text-[7px] text-slate-500 uppercase font-black leading-none tracking-widest">Total Fijos / Mes</span> <span className="text-sm font-black text-white italic tracking-tighter mt-0.5">€{totalMonthly.toLocaleString()}</span> </div> </Card> </div> </div> <div className="grid gap-4 md:grid-cols-12"> {/* Form Column */} <Card className="md:col-span-4 bg-white border-slate-100 shadow-sm h-fit rounded-lg"> <CardHeader className="p-3 border-b border-slate-50"> <CardTitle className="text-[10px] font-black uppercase tracking-widest text-slate-400">Registrar Gasto</CardTitle> </CardHeader> <CardContent className="p-3 space-y-3"> <div className="space-y-1"> <Label className="text-[9px] font-black uppercase text-slate-500 tracking-widest pl-0.5">Nombre del Gasto</Label> <Input placeholder="Ej: Apps de Reviews" className="h-8 text-[11px] font-bold bg-slate-50 border-slate-100 rounded-lg px-3" /> </div> <div className="grid grid-cols-2 gap-2"> <div className="space-y-1"> <Label className="text-[9px] font-black uppercase text-slate-500 tracking-widest pl-0.5">Cantidad (€)</Label> <Input type="number" placeholder="29.99" className="h-8 text-[11px] font-black bg-slate-50 border-slate-100 rounded-lg px-3" /> </div> <div className="space-y-1"> <Label className="text-[9px] font-black uppercase text-slate-500 tracking-widest pl-0.5">Categoría</Label> <Select> <SelectTrigger className="h-8 text-[11px] font-bold bg-slate-50 border-slate-100 rounded-lg px-3"> <SelectValue placeholder="Tipo..." /> </SelectTrigger> <SelectContent className="bg-white border-slate-100 rounded-lg shadow-sm"> {expenseCategories.map(cat => ( <SelectItem key={cat.id} value={cat.id} className="text-[11px] font-bold">{cat.name}</SelectItem> ))} </SelectContent> </Select> </div> </div> <Button size="sm" className="w-full mt-2 h-8 text-[9px] font-black uppercase tracking-widest gap-2 bg-slate-900 hover:bg-black rounded-lg"> <Plus className="h-3 w-3" /> Añadir Gasto </Button> </CardContent> </Card> {/* Table Column */} <Card className="md:col-span-8 bg-white border-slate-100 shadow-sm rounded-lg overflow-hidden"> <CardContent className="p-0"> <Table> <TableHeader className="bg-slate-50/50"> <TableRow className="border-slate-100 hover:bg-transparent"> <TableHead className="text-[9px] h-9 uppercase font-black tracking-widest text-slate-400 pl-4">Gasto</TableHead> <TableHead className="text-[9px] h-9 uppercase font-black tracking-widest text-slate-400 text-center">Categoría</TableHead> <TableHead className="text-[9px] h-9 uppercase font-black tracking-widest text-slate-400 text-right">Monto / Mes</TableHead> <TableHead className="text-[9px] h-9 uppercase font-black tracking-widest text-slate-400 w-[60px] pr-4"></TableHead> </TableRow> </TableHeader> <TableBody> {expenses.map((exp) => { const cat = expenseCategories.find(c => c.id === exp.category); return ( <TableRow key={exp.id} className="border-slate-50 hover:bg-slate-50/30 transition-colors group"> <TableCell className="py-2.5 pl-4"> <span className="text-[11px] font-black text-slate-900 italic tracking-tight">{exp.name}</span> </TableCell> <TableCell className="py-2.5 text-center"> <Badge variant="outline" className="text-[7px] font-black uppercase tracking-widest h-4 px-1.5 border-none bg-slate-100 text-slate-600 rounded-sm"> {cat?.name} </Badge> </TableCell> <TableCell className="py-2.5 text-right"> <span className="text-[11px] font-black text-slate-900 italic tracking-tighter">€{exp.amount}</span> </TableCell> <TableCell className="py-2.5 text-right pr-4"> <Button variant="ghost" size="icon" className="h-6 w-6 text-slate-300 hover:text-rose-500 hover:bg-rose-50 rounded-md transition-all"> <Trash2 className="h-3 w-3" /> </Button> </TableCell> </TableRow> ); })} </TableBody> </Table> {expenses.length === 0 && ( <div className="p-8 text-center text-xs text-muted-foreground"> No hay gastos registrados para este mes. </div> )} </CardContent> </Card> </div> {/* Real-time Impact Card */} <Card className="bg-slate-900 border-none overflow-hidden rounded-lg shadow-sm"> <div className="p-3 px-4 flex flex-col md:flex-row md:items-center justify-between gap-4"> <div className="flex items-center gap-3"> <div className="h-8 w-8 rounded-lg bg-rose-500/20 flex items-center justify-center text-rose-400"> <Calculator className="h-4 w-4" /> </div> <div> <h4 className="text-[11px] font-black uppercase tracking-widest text-white leading-none">Impacto en beneficio diario</h4> <p className="text-[8px] font-black uppercase tracking-[0.2em] text-slate-500 mt-1">Prorrateo de gastos en tus métricas diarias.</p> </div> </div> <div className="flex gap-8"> <div className="text-right"> <span className="text-[8px] font-black uppercase tracking-widest text-slate-500 block mb-0.5">Coste Fijo / Día</span> <span className="text-sm font-black text-white italic tracking-tighter leading-none">€{(totalMonthly / 30).toFixed(2)}</span> </div> <div className="text-right pr-2"> <span className="text-[8px] font-black uppercase tracking-widest text-slate-500 block mb-0.5">Estado BEP</span> <span className="text-[10px] font-black text-white uppercase tracking-widest leading-none">Actualizado</span> </div> </div> </div> </Card> </div> );[39m
[31m[1m>[22m[39m[90m 14 |[39m }
 [90m    |[39m  [31m[1m^[22m[39m
 [90m 15 |[39m[0m

Expected '}', got '<eof>'


./src/app/finances/accounting/page.tsx:14:2
Parsing ecmascript source code failed
[0m [90m 12 |[39m ][33m;[39m [36mimport[39m { syncShopifyHistory } [36mfrom[39m [32m"@/app/pedidos/actions"[39m[33m;[39m
 [90m 13 |[39m [36mimport[39m { toast } [36mfrom[39m [32m"sonner"[39m[33m;[39m [36mexport[39m [36mdefault[39m [36mfunction[39m [33mExpensesPage[39m() { [36mconst[39m [syncing[33m,[39m setSyncing] [33m=[39m useState([36mfalse[39m)[33m;[39m [36mconst[39m [expenses[33m,[39m setExpenses] [33m=[39m useState([ { id[33m:[39m [35m1[39m[33m,[39m name[33m:[39m [32m"Suscripción Shopify"[39m[33m,[39m category[33m:[39m [32m"STORE"[39m[33m,[39m amount[33m:[39m [35m39[39m[33m,[39m date[33m:[39m [32m"Mensual"[39m }[33m,[39m { id[33m:[39m [35m2[39m[33m,[39m name[33m:[39m [32m"Dropi Import Fee"[39m[33m,[39m category[33m:[39m [32m"SOFTWARE"[39m[33m,[39m amount[33m:[39m [35m15[39m[33m,[39m date[33m:[39m [32m"Fijo"[39m }[33m,[39m { id[33m:[39m [35m3[39m[33m,[39m name[33m:[39m [32m"Sueldo Agente ATT (Laura)"[39m[33m,[39m category[33m:[39m [32m"TEAM"[39m[33m,[39m amount[33m:[39m [35m1200[39m[33m,[39m date[33m:[39m [32m"Mensual"[39m }[33m,[39m { id[33m:[39m [35m4[39m[33m,[39m name[33m:[39m [32m"Google Drive Storage"[39m[33m,[39m category[33m:[39m [32m"SOFTWARE"[39m[33m,[39m amount[33m:[39m [35m10[39m[33m,[39m date[33m:[39m [32m"Mensual"[39m }[33m,[39m ])[33m;[39m [36mconst[39m totalMonthly [33m=[39m expenses[33m.[39mreduce((acc[33m,[39m curr) [33m=>[39m acc [33m+[39m curr[33m.[39mamount[33m,[39m [35m0[39m)[33m;[39m [36mconst[39m handleSync [33m=[39m [36masync[39m () [33m=>[39m { setSyncing([36mtrue[39m)[33m;[39m [36mtry[39m { [36mconst[39m res [33m=[39m [36mawait[39m syncShopifyHistory([32m"force-sync"[39m)[33m;[39m [90m// StoreId handled internally via active connection if (res.success) { toast.success(res.message); // In a real app we would re-fetch expenses/finance stats here } else { toast.error("Error al sincronizar: " + res.message); } } catch (e) { toast.error("Fallo de conexión"); } finally { setSyncing(false); } }; return ( <div className="space-y-4 animate-in fade-in duration-700"> <div className="flex items-center justify-between"> <div> <h2 className="text-xl font-black tracking-tighter italic uppercase text-slate-900 flex items-center gap-2"> <DollarSign className="h-5 w-5 text-slate-900" /> Gastos Fijos <span className="text-slate-400">& Operativos</span> </h2> <p className="text-[8px] font-bold uppercase tracking-widest text-slate-400 mt-1">Registra los gastos mensuales para un cálculo preciso del beneficio neto real.</p> </div> <div className="flex items-center gap-2"> <Button variant="outline" className="h-8 text-[9px] font-black uppercase tracking-widest border-slate-200 text-slate-600 hover:bg-slate-50" onClick={handleSync} disabled={syncing} > {syncing ? <RefreshCw className="h-3 w-3 animate-spin mr-1.5" /> : <RefreshCw className="h-3 w-3 mr-1.5" />} {syncing ? "Sincronizando..." : "Sincronización Total"} </Button> <Card className="bg-slate-900 border-none px-3 py-1.5 flex items-center gap-2.5 rounded-lg shadow-sm"> <Calculator className="h-3.5 w-3.5 text-slate-400" /> <div className="flex flex-col"> <span className="text-[7px] text-slate-500 uppercase font-black leading-none tracking-widest">Total Fijos / Mes</span> <span className="text-sm font-black text-white italic tracking-tighter mt-0.5">€{totalMonthly.toLocaleString()}</span> </div> </Card> </div> </div> <div className="grid gap-4 md:grid-cols-12"> {/* Form Column */} <Card className="md:col-span-4 bg-white border-slate-100 shadow-sm h-fit rounded-lg"> <CardHeader className="p-3 border-b border-slate-50"> <CardTitle className="text-[10px] font-black uppercase tracking-widest text-slate-400">Registrar Gasto</CardTitle> </CardHeader> <CardContent className="p-3 space-y-3"> <div className="space-y-1"> <Label className="text-[9px] font-black uppercase text-slate-500 tracking-widest pl-0.5">Nombre del Gasto</Label> <Input placeholder="Ej: Apps de Reviews" className="h-8 text-[11px] font-bold bg-slate-50 border-slate-100 rounded-lg px-3" /> </div> <div className="grid grid-cols-2 gap-2"> <div className="space-y-1"> <Label className="text-[9px] font-black uppercase text-slate-500 tracking-widest pl-0.5">Cantidad (€)</Label> <Input type="number" placeholder="29.99" className="h-8 text-[11px] font-black bg-slate-50 border-slate-100 rounded-lg px-3" /> </div> <div className="space-y-1"> <Label className="text-[9px] font-black uppercase text-slate-500 tracking-widest pl-0.5">Categoría</Label> <Select> <SelectTrigger className="h-8 text-[11px] font-bold bg-slate-50 border-slate-100 rounded-lg px-3"> <SelectValue placeholder="Tipo..." /> </SelectTrigger> <SelectContent className="bg-white border-slate-100 rounded-lg shadow-sm"> {expenseCategories.map(cat => ( <SelectItem key={cat.id} value={cat.id} className="text-[11px] font-bold">{cat.name}</SelectItem> ))} </SelectContent> </Select> </div> </div> <Button size="sm" className="w-full mt-2 h-8 text-[9px] font-black uppercase tracking-widest gap-2 bg-slate-900 hover:bg-black rounded-lg"> <Plus className="h-3 w-3" /> Añadir Gasto </Button> </CardContent> </Card> {/* Table Column */} <Card className="md:col-span-8 bg-white border-slate-100 shadow-sm rounded-lg overflow-hidden"> <CardContent className="p-0"> <Table> <TableHeader className="bg-slate-50/50"> <TableRow className="border-slate-100 hover:bg-transparent"> <TableHead className="text-[9px] h-9 uppercase font-black tracking-widest text-slate-400 pl-4">Gasto</TableHead> <TableHead className="text-[9px] h-9 uppercase font-black tracking-widest text-slate-400 text-center">Categoría</TableHead> <TableHead className="text-[9px] h-9 uppercase font-black tracking-widest text-slate-400 text-right">Monto / Mes</TableHead> <TableHead className="text-[9px] h-9 uppercase font-black tracking-widest text-slate-400 w-[60px] pr-4"></TableHead> </TableRow> </TableHeader> <TableBody> {expenses.map((exp) => { const cat = expenseCategories.find(c => c.id === exp.category); return ( <TableRow key={exp.id} className="border-slate-50 hover:bg-slate-50/30 transition-colors group"> <TableCell className="py-2.5 pl-4"> <span className="text-[11px] font-black text-slate-900 italic tracking-tight">{exp.name}</span> </TableCell> <TableCell className="py-2.5 text-center"> <Badge variant="outline" className="text-[7px] font-black uppercase tracking-widest h-4 px-1.5 border-none bg-slate-100 text-slate-600 rounded-sm"> {cat?.name} </Badge> </TableCell> <TableCell className="py-2.5 text-right"> <span className="text-[11px] font-black text-slate-900 italic tracking-tighter">€{exp.amount}</span> </TableCell> <TableCell className="py-2.5 text-right pr-4"> <Button variant="ghost" size="icon" className="h-6 w-6 text-slate-300 hover:text-rose-500 hover:bg-rose-50 rounded-md transition-all"> <Trash2 className="h-3 w-3" /> </Button> </TableCell> </TableRow> ); })} </TableBody> </Table> {expenses.length === 0 && ( <div className="p-8 text-center text-xs text-muted-foreground"> No hay gastos registrados para este mes. </div> )} </CardContent> </Card> </div> {/* Real-time Impact Card */} <Card className="bg-slate-900 border-none overflow-hidden rounded-lg shadow-sm"> <div className="p-3 px-4 flex flex-col md:flex-row md:items-center justify-between gap-4"> <div className="flex items-center gap-3"> <div className="h-8 w-8 rounded-lg bg-rose-500/20 flex items-center justify-center text-rose-400"> <Calculator className="h-4 w-4" /> </div> <div> <h4 className="text-[11px] font-black uppercase tracking-widest text-white leading-none">Impacto en beneficio diario</h4> <p className="text-[8px] font-black uppercase tracking-[0.2em] text-slate-500 mt-1">Prorrateo de gastos en tus métricas diarias.</p> </div> </div> <div className="flex gap-8"> <div className="text-right"> <span className="text-[8px] font-black uppercase tracking-widest text-slate-500 block mb-0.5">Coste Fijo / Día</span> <span className="text-sm font-black text-white italic tracking-tighter leading-none">€{(totalMonthly / 30).toFixed(2)}</span> </div> <div className="text-right pr-2"> <span className="text-[8px] font-black uppercase tracking-widest text-slate-500 block mb-0.5">Estado BEP</span> <span className="text-[10px] font-black text-white uppercase tracking-widest leading-none">Actualizado</span> </div> </div> </div> </Card> </div> );[39m
[31m[1m>[22m[39m[90m 14 |[39m }
 [90m    |[39m  [31m[1m^[22m[39m
 [90m 15 |[39m[0m

Expected a semicolon


./src/app/finances/hypotheses/page.tsx:18:3
Parsing ecmascript source code failed
[0m [90m 16 |[39m [36mimport[39m { toast } [36mfrom[39m [32m"sonner"[39m[33m;[39m
 [90m 17 |[39m [36mimport[39m { getProductsWithFinance[33m,[39m saveHypothesis[33m,[39m getHypotheses[33m,[39m loadProductCosts[33m,[39m deleteHypothesis } [36mfrom[39m [32m"../actions"[39m[33m;[39m [36mexport[39m [36mdefault[39m [36mfunction[39m [33mHypothesesPage[39m() { [36mconst[39m [params[33m,[39m setParams] [33m=[39m useState({ productCost[33m:[39m [35m15[39m[33m,[39m shippingCost[33m:[39m [35m4.5[39m[33m,[39m sellingPrice[33m:[39m [35m49.90[39m[33m,[39m conversionRate[33m:[39m [35m2.5[39m[33m,[39m [90m// % targetProfitPerOrder: 15 }); const [bundle, setBundle] = useState({ enabled: false, buy: 1, get: 1 // Total items (e.g. Buy 2 Get 1 Free -> buy=2, get=3? No, usually terminology is Buy X Get Y Free. Let's do: "Offer Type": Quantity Based) // Let's stick to "Units shipped" vs "Units paid" }); const [bundleConfig, setBundleConfig] = useState({ paidUnits: 1, shippedUnits: 1 }); const [products, setProducts] = useState<any[]>([]); const [scenarios, setScenarios] = useState<any[]>([]); const [loading, setLoading] = useState(false); // Saving const [saveName, setSaveName] = useState(""); const [isSaving, setIsSaving] = useState(false); const [saveOpen, setSaveOpen] = useState(false); const [historyOpen, setHistoryOpen] = useState(false); useEffect(() => { const init = async () => { const [p, s] = await Promise.all([getProductsWithFinance(), getHypotheses()]); setProducts(p); setScenarios(s); }; init(); }, []); const handleLoadProduct = async (productId: string) => { setLoading(true); const costs = await loadProductCosts(productId); setLoading(false); if (costs && !Array.isArray(costs)) { setParams(prev => ({ ...prev, productCost: costs.unitCost || 0, shippingCost: costs.shippingCost || 0, sellingPrice: costs.sellingPrice || 0 })); toast.success(`Cargados costes de: ${costs.title}`); } }; const handleSave = async () => { if (!saveName) return; setIsSaving(true); // We need to pass the calculated targets to the save function if we want to store them const dataToSave = { ...params, targetProfit: params.targetProfitPerOrder, targetROAS: parseFloat(results.targetROAS), targetCPA: results.targetCPA }; await saveHypothesis({ name: saveName, ...dataToSave }); setIsSaving(false); setSaveOpen(false); const s = await getHypotheses(); setScenarios(s); toast.success("Hipótesis guardada"); }; const handleLoadScenario = (s: any) => { setParams({ productCost: s.productCost, shippingCost: s.shippingCost, sellingPrice: 49.90, // Scenario might not have selling price in some legacy logic, but schema has it? // Checking schema... HypothesisScenario: targetProfit, productCost, shippingCost. Missing sellingPrice in schema? // Wait, I updated schema? No, looking at read schema: /* model HypothesisScenario { id String @id @default(cuid()) storeId String store Store @relation(fields: [storeId], references: [id]) name String targetProfit Float productCost Float shippingCost Float targetCPA Float? targetROAS Float? } */ // It seems "sellingPrice" is MISSING from the schema I read earlier. // I should use targetROAS/CPA to reverse engineer or just accept it's missing and use current? // Or assume sellingPrice = productCost + shippingCost + margin? // Let's assume for now I can't load sellingPrice perfectly if not in DB, but I will persist current. conversionRate: 2.5, targetProfitPerOrder: s.targetProfit }); setHistoryOpen(false); toast.success(`Escenario imporatado: ${s.name}`); }; const handleDelete = async (id: string, e: any) => { e.stopPropagation(); await deleteHypothesis(id); const s = await getHypotheses(); setScenarios(s); }; const results = useMemo(() => { // Bundle Logic const effectiveRevenue = params.sellingPrice * bundleConfig.paidUnits; // User pays for X units const effectiveCOGS = params.productCost * bundleConfig.shippedUnits; // We ship Y units // Shipping: Assume base cost + 20% per extra unit? Or just flat? // Let's assume 'shippingCost' is per PACKAGE usually. // But if bundle is big, maybe more. Let's keep it simple: Single Shipping Cost per Order. // User can adjust manually. const totalShipping = params.shippingCost; const totalRevenue = effectiveRevenue; const totalCost = effectiveCOGS + totalShipping; const grossMargin = totalRevenue - totalCost; // Targets const targetCPA = grossMargin - params.targetProfitPerOrder; // Safety const safeTargetCPA = targetCPA > 0 ? targetCPA : 0; const targetROAS = totalRevenue / (safeTargetCPA || 1); const maxCPC = (safeTargetCPA * (params.conversionRate / 100)); const breakEvenCPA = grossMargin; const breakEvenROAS = totalRevenue / (breakEvenCPA || 1); return { margin: grossMargin.toFixed(2), revenue: totalRevenue.toFixed(2), cost: totalCost.toFixed(2), breakEvenCPA: breakEvenCPA.toFixed(2), breakEvenROAS: breakEvenROAS.toFixed(2), targetCPA: safeTargetCPA.toFixed(2), targetROAS: targetROAS.toFixed(2), maxCPC: maxCPC.toFixed(2) }; }, [params, bundleConfig]); return ( <div className="space-y-4 animate-in fade-in duration-500"> <div className="flex items-center justify-between"> <div> <h2 className="text-2xl font-black tracking-tighter uppercase italic text-slate-900 flex items-center gap-2"> <Calculator className="h-6 w-6 text-slate-900" /> Simulador de <span className="text-slate-400">Hipótesis</span> </h2> <p className="text-[10px] font-bold uppercase tracking-widest text-slate-400 mt-1">Calcula tu rentabilidad ideal y define límites de gasto publicitario.</p> </div> <div className="flex gap-2"> {/* Load Product */} <Select onValueChange={handleLoadProduct}> <SelectTrigger className="w-[180px] h-8 text-xs bg-white/5 border-white/10"> <SelectValue placeholder="Cargar Producto..." /> </SelectTrigger> <SelectContent> <ScrollArea className="h-[200px]"> {products.map(p => ( <SelectItem key={p.id} value={p.id}>{p.title}</SelectItem> ))} </ScrollArea> </SelectContent> </Select> </div> </div> <div className="grid gap-4 md:grid-cols-12"> {/* Input Controls */} <Card className="md:col-span-5 bg-gray-900/30 border-white/5"> <CardHeader className="p-4 flex flex-row items-center justify-between"> <CardTitle className="text-sm flex items-center gap-2 text-primary"> <Target className="h-4 w-4" /> Parámetros </CardTitle> <div className="flex items-center gap-2"> <Label className="text-[10px] uppercase text-muted-foreground">Bundle?</Label> <Switch checked={bundle.enabled} onCheckedChange={(c) => setBundle(prev => ({ ...prev, enabled: c }))} /> </div> </CardHeader> <CardContent className="p-4 pt-0 space-y-4"> {bundle.enabled && ( <div className="p-3 bg-slate-900 rounded-lg border border-slate-800 space-y-2 shadow-sm"> <Label className="text-[10px] text-white font-black uppercase tracking-widest">Configuración de Oferta (Bundle)</Label> <div className="flex gap-4"> <div className="space-y-1"> <Label className="text-[9px] text-slate-400 font-bold uppercase">Unidades Cobradas</Label> <Input type="number" className="h-7 w-20 text-[11px] font-black bg-white/5 border-white/10" value={bundleConfig.paidUnits} onChange={(e) => setBundleConfig({ ...bundleConfig, paidUnits: parseInt(e.target.value) || 1 })} /> </div> <div className="space-y-1"> <Label className="text-[9px] text-slate-400 font-bold uppercase">Unidades Enviadas</Label> <Input type="number" className="h-7 w-20 text-[11px] font-black bg-white/5 border-white/10" value={bundleConfig.shippedUnits} onChange={(e) => setBundleConfig({ ...bundleConfig, shippedUnits: parseInt(e.target.value) || 1 })} /> </div> </div> </div> )} <div className="grid grid-cols-2 gap-4"> <div className="space-y-1.5"> <Label className="text-[10px] uppercase text-muted-foreground">Precio Unitario (PVP)</Label> <div className="relative"> <DollarSign className="absolute left-2 top-2.5 h-3 w-3 text-muted-foreground" /> <Input value={params.sellingPrice} onChange={(e) => setParams({ ...params, sellingPrice: Number(e.target.value) })} type="number" className="pl-6 h-8 text-xs bg-white/5 border-white/10" /> </div> </div> <div className="space-y-1.5"> <Label className="text-[10px] uppercase text-muted-foreground">Costo Unitario (COGS)</Label> <Input value={params.productCost} onChange={(e) => setParams({ ...params, productCost: Number(e.target.value) })} type="number" className="h-8 text-xs bg-white/5 border-white/10" /> </div> </div> <div className="space-y-1.5"> <Label className="text-[10px] uppercase text-muted-foreground">Costo Envío (Total Pedido)</Label> <Input value={params.shippingCost} onChange={(e) => setParams({ ...params, shippingCost: Number(e.target.value) })} type="number" className="h-8 text-xs bg-white/5 border-white/10" /> </div> <Separator className="bg-white/5" /> <div className="space-y-3"> <div className="flex items-center justify-between"> <Label className="text-[10px] uppercase text-muted-foreground">Tasa Conv. Esperada (%)</Label> <span className="text-xs font-bold text-primary">{params.conversionRate}%</span> </div> <input type="range" min="0.1" max="10" step="0.1" value={params.conversionRate} onChange={(e) => setParams({ ...params, conversionRate: Number(e.target.value) })} className="w-full h-1 bg-white/10 rounded-lg appearance-none cursor-pointer accent-primary" /> </div> <div className="space-y-1.5"> <Label className="text-[10px] uppercase text-muted-foreground">Beneficio Neto Deseado / Pedido (€)</Label> <Input value={params.targetProfitPerOrder} onChange={(e) => setParams({ ...params, targetProfitPerOrder: Number(e.target.value) })} type="number" className="h-8 text-xs bg-white/5 border-white/10" /> </div> </CardContent> </Card> {/* Results Panel */} <div className="md:col-span-7 space-y-4"> {/* Primary Results */} <div className="grid grid-cols-2 gap-4"> <Card className="bg-slate-900 border-none shadow-sm rounded-lg overflow-hidden"> <CardHeader className="p-3 pb-0"> <CardDescription className="text-[10px] font-black uppercase tracking-widest text-slate-500">CPA Máximo ({results.targetROAS} ROAS)</CardDescription> </CardHeader> <CardContent className="p-3"> <div className="text-2xl font-black text-white italic tracking-tighter">€{results.targetCPA}</div> <p className="text-[9px] font-bold uppercase tracking-widest text-slate-500 mt-1">Para ganar €{params.targetProfitPerOrder}/pedido</p> </CardContent> </Card> | <Card className="bg-white border-slate-100 shadow-sm rounded-lg overflow-hidden"> <CardHeader className="p-3 pb-0"> <CardDescription className="text-[10px] font-black uppercase tracking-widest text-slate-400">CPC Máximo (Ads)</CardDescription> </CardHeader> <CardContent className="p-3"> <div className="text-2xl font-black text-slate-900 italic tracking-tighter">€{results.maxCPC}</div> <p className="text-[9px] font-bold uppercase tracking-widest text-slate-400 mt-1">Límite para tus pujas en Meta</p> </CardContent> </Card> </div> {/* Metrics Table */} <Card className="bg-white border-slate-100 shadow-sm rounded-lg overflow-hidden"> <CardHeader className="p-4 pb-2"> <CardTitle className="text-xs font-black uppercase italic tracking-tighter">Análisis de Rentabilidad {bundle.enabled ? '(BUNDLE)' : ''}</CardTitle> </CardHeader> <CardContent className="p-4 pt-2 space-y-4"> <div className="grid grid-cols-3 gap-2 text-center mb-4"> <div className="p-2 bg-slate-50 rounded"> <div className="text-[10px] text-slate-400 font-black uppercase tracking-widest">Ingresos</div> <div className="font-black text-slate-900 italic tracking-tighter">€{results.revenue}</div> </div> <div className="p-2 bg-slate-50 rounded"> <div className="text-[10px] text-slate-400 font-black uppercase tracking-widest">Costes Tot.</div> <div className="font-black text-slate-900 italic tracking-tighter">€{results.cost}</div> </div> <div className="p-2 bg-slate-900 rounded shadow-sm"> <div className="text-[10px] text-slate-500 font-black uppercase tracking-widest">Margen</div> <div className="font-black text-white italic tracking-tighter">€{results.margin}</div> </div> </div> | <Separator className="bg-slate-50" /> | <div className="flex items-center justify-between text-xs pt-2"> <span className="text-[10px] font-black uppercase tracking-widest text-slate-400">ROAS de Equilibrio (Break-Even)</span> <Badge variant="outline" className="border-slate-200 text-slate-600 font-black">{results.breakEvenROAS}</Badge> </div> | <div className="bg-slate-50 border border-slate-100 rounded-md p-3 flex gap-3 mt-4"> <Info className="h-4 w-4 text-slate-900 shrink-0" /> <p className="text-[9px] leading-relaxed text-slate-500 font-bold uppercase tracking-tight"> Con un <strong className="text-slate-950 underline decoration-slate-950/20 underline-offset-2">ROAS de {results.targetROAS}</strong> y una tasa de conversión de <strong className="text-slate-950">{params.conversionRate}%</strong>, aseguras tu beneficio objetivo de <strong className="text-slate-950">€{params.targetProfitPerOrder}</strong>. </p> </div> </CardContent> </Card> <div className="flex gap-2"> <Dialog open={historyOpen} onOpenChange={setHistoryOpen}> <DialogTrigger asChild> <Button size="sm" variant="outline" className="flex-1 text-[10px] h-8 gap-2 uppercase tracking-tighter"> <History className="h-3 w-3" /> Ver Escenarios ({scenarios.length}) </Button> </DialogTrigger> <DialogContent> <DialogHeader><DialogTitle>Historial de Hipótesis</DialogTitle></DialogHeader> <ScrollArea className="h-[300px]"> <div className="space-y-2"> {scenarios.map(s => ( <div key={s.id} onClick={() => handleLoadScenario(s)} className="flex items-center justify-between p-3 rounded-lg border border-white/10 hover:bg-white/5 cursor-pointer group"> <div> <div className="font-bold text-sm">{s.name}</div> <div className="text-[10px] text-muted-foreground">ROAS: {s.targetROAS?.toFixed(2)} • CPA: €{s.targetCPA?.toFixed(2)}</div> </div> <Button variant="ghost" size="sm" onClick={(e) => handleDelete(s.id, e)} className="h-8 w-8 text-rose-500 opacity-0 group-hover:opacity-100"> <Trash2 className="w-4 h-4" /> </Button> </div> ))} </div> </ScrollArea> </DialogContent> </Dialog> <Dialog open={saveOpen} onOpenChange={setSaveOpen}> <DialogTrigger asChild> <Button size="sm" className="flex-1 text-[10px] h-8 gap-2 bg-primary/20 text-primary hover:bg-primary/30 uppercase tracking-tighter"> <Save className="h-3 w-3" /> Guardar Hipótesis </Button> </DialogTrigger> <DialogContent> <DialogHeader><DialogTitle>Guardar Escenario</DialogTitle></DialogHeader> <div className="space-y-4 py-4"> <div className="space-y-2"> <Label>Nombre del Escenario</Label> <Input placeholder="Ej: Q4 Offer - Buy 2 Get 1" value={saveName} onChange={(e) => setSaveName(e.target.value)} /> </div> </div> <DialogFooter> <Button onClick={handleSave} disabled={isSaving}> {isSaving && <Loader2 className="w-4 h-4 mr-2 animate-spin" />} Guardar </Button> </DialogFooter> </DialogContent> </Dialog> </div> </div> </div> </div> );[39m
[31m[1m>[22m[39m[90m 18 |[39m } [36mconst[39m [33mDollarSign[39m [33m=[39m ({ className }[33m:[39m { className[33m?[39m[33m:[39m string }) [33m=>[39m ( [33m<[39m[33msvg[39m xmlns[33m=[39m[32m"http://www.w3.org/2000/svg"[39m viewBox[33m=[39m[32m"0 0 24 24"[39m fill[33m=[39m[32m"none"[39m stroke[33m=[39m[32m"currentColor"[39m strokeWidth[33m=[39m[32m"2"[39m strokeLinecap[33m=[39m[32m"round"[39m strokeLinejoin[33m=[39m[32m"round"[39m className[33m=[39m{className} [33m>[39m [33m<[39m[33mline[39m x1[33m=[39m[32m"12"[39m y1[33m=[39m[32m"1"[39m x2[33m=[39m[32m"12"[39m y2[33m=[39m[32m"23"[39m[33m>[39m[33m<[39m[33m/[39m[33mline[39m[33m>[39m [33m<[39m[33mpath[39m d[33m=[39m[32m"M17 5H9.5a3.5 3.5 0 0 0 0 7h5a3.5 3.5 0 0 1 0 7H6"[39m[33m>[39m[33m<[39m[33m/[39m[33mpath[39m[33m>[39m [33m<[39m[33m/[39m[33msvg[39m[33m>[39m
 [90m    |[39m   [31m[1m^[22m[39m[31m[1m^[22m[39m[31m[1m^[22m[39m[31m[1m^[22m[39m[31m[1m^[22m[39m
 [90m 19 |[39m )[33m;[39m
 [90m 20 |[39m[0m

Expected ',', got 'const'


./src/app/finances/profits/page.tsx:7:2
Parsing ecmascript source code failed
[0m [90m 5 |[39m [36mimport[39m { [33mButton[39m } [36mfrom[39m [32m"@/components/ui/button"[39m[33m;[39m
 [90m 6 |[39m [36mimport[39m { [33mBadge[39m } [36mfrom[39m [32m"@/components/ui/badge"[39m[33m;[39m [36mexport[39m [36mdefault[39m [36mfunction[39m [33mProfitsDashboard[39m() { [36mconst[39m [stats[33m,[39m setStats] [33m=[39m useState[33m<[39m[33many[39m[33m>[39m([36mnull[39m)[33m;[39m [36mconst[39m [loading[33m,[39m setLoading] [33m=[39m useState([36mtrue[39m)[33m;[39m [36mconst[39m fetchStats [33m=[39m [36masync[39m () [33m=>[39m { setLoading([36mtrue[39m)[33m;[39m [90m// This will call a new API we're about to create const res = await fetch("/api/finances/profit-stats").then(r => r.json()); setStats(res); setLoading(false); }; useEffect(() => { fetchStats(); }, []); const MetricCard = ({ title, value, subtitle, icon: Icon, color }: any) => ( <Card className="border border-slate-100 shadow-sm rounded-lg bg-white overflow-hidden"> <CardHeader className="p-3 pb-1"> <div className="flex justify-between items-center"> <span className="text-[9px] font-black uppercase tracking-widest text-slate-400 leading-none">{title}</span> <Icon className="h-3.5 w-3.5 text-slate-900" /> </div> <CardTitle className="text-lg font-black tracking-tighter italic">{value}</CardTitle> </CardHeader> <CardContent className="px-3 pb-3"> <p className="text-[8px] font-bold text-slate-500 uppercase tracking-widest">{subtitle}</p> </CardContent> </Card> ); return ( <div className="min-h-screen bg-slate-50 p-4 md:p-6 space-y-4"> <div className="flex justify-between items-center"> <div className="flex items-center gap-4"> <div className="h-10 w-10 bg-slate-900 rounded-lg flex items-center justify-center shadow-sm"> <DollarSign className="h-5 w-5 text-white" /> </div> <div> <h1 className="text-xl font-black text-slate-900 flex items-center gap-2 italic uppercase tracking-tighter"> PROFIT <span className="text-slate-400">ANALYSIS</span> </h1> <p className="text-slate-500 font-bold uppercase text-[8px] tracking-[0.2em] mt-0.5">Technical Truth Layer: Real-time Profitability</p> </div> </div> <Button onClick={fetchStats} variant="outline" className="h-8 rounded-lg text-[9px] font-black uppercase tracking-widest px-4 border-slate-200">Recalcular</Button> </div> <div className="grid grid-cols-1 sm:grid-cols-2 md:grid-cols-4 gap-4"> <MetricCard title="Revenue Real" value={`${stats?.totalRevenue?.toFixed(2) || 0} €`} subtitle="Solo pedidos entregados" icon={TrendingUp} color="text-slate-900" /> <MetricCard title="COGS Acumulado" value={`${stats?.totalCogs?.toFixed(2) || 0} €`} subtitle="Coste de producto enviado" icon={Package} color="text-slate-400" /> <MetricCard title="Logística Total" value={`${stats?.totalLogistics?.toFixed(2) || 0} €`} subtitle="Envío + COD + Retornos" icon={Shuffle} color="text-slate-400" /> <MetricCard title="Profit Neto Real" value={`${stats?.netProfit?.toFixed(2) || 0} €`} subtitle="Verdad técnica (Neto)" icon={DollarSign} color="text-slate-900" /> </div> <Card className="border border-slate-100 shadow-sm rounded-lg bg-white overflow-hidden"> <CardHeader className="p-4 border-b border-slate-50"> <CardTitle className="text-sm font-black uppercase italic tracking-tighter">Desglose de Pedidos Recientes</CardTitle> <CardDescription className="text-[8px] font-bold uppercase tracking-widest text-slate-400">Verificando cada céntimo</CardDescription> </CardHeader> <CardContent className="p-0"> <div className="divide-y divide-slate-50"> {stats?.recentOrders?.map((order: any) => ( <div key={order.id} className="flex justify-between items-center p-3 hover:bg-slate-50/50 transition-all"> <div className="flex flex-col"> <span className="text-[11px] font-black text-slate-900 italic">{order.orderNumber}</span> <span className="text-[8px] text-slate-400 uppercase font-black tracking-widest leading-none mt-1">{order.logisticsStatus}</span> </div> <div className="flex gap-8 items-center"> <div className="flex flex-col items-end leading-none"> <span className="text-[8px] uppercase font-black tracking-widest text-slate-400 mb-1">PROFIT</span> <span className="text-[12px] font-black italic tracking-tighter text-slate-950"> {order.profit?.toFixed(2)} € </span> </div> <Badge variant="outline" className="rounded-sm text-[7px] font-black uppercase tracking-widest px-1.5 h-4 border-slate-200 text-slate-600 bg-slate-50"> {order.status} </Badge> </div> </div> ))} </div> </CardContent> </Card> </div> );[39m
[31m[1m>[22m[39m[90m 7 |[39m }
 [90m   |[39m  [31m[1m^[22m[39m
 [90m 8 |[39m[0m

Expected '}', got '<eof>'


./src/app/logistics/costs/page.tsx:17:2
Parsing ecmascript source code failed
[0m [90m 15 |[39m [36mimport[39m { [33mSearch[39m } [36mfrom[39m [32m"lucide-react"[39m[33m;[39m
 [90m 16 |[39m [36mimport[39m { [33mSelect[39m[33m,[39m [33mSelectContent[39m[33m,[39m [33mSelectItem[39m[33m,[39m [33mSelectTrigger[39m[33m,[39m [33mSelectValue[39m } [36mfrom[39m [32m"@/components/ui/select"[39m[33m;[39m [36mexport[39m [36mdefault[39m [36mfunction[39m [33mLogisticsFinanceManager[39m() { [36mconst[39m [rules[33m,[39m setRules] [33m=[39m useState[33m<[39m[33many[39m[][33m>[39m([])[33m;[39m [36mconst[39m [products[33m,[39m setProducts] [33m=[39m useState[33m<[39m[33many[39m[][33m>[39m([])[33m;[39m [36mconst[39m [loading[33m,[39m setLoading] [33m=[39m useState([36mtrue[39m)[33m;[39m [36mconst[39m [baseUrl[33m,[39m setBaseUrl] [33m=[39m useState([32m""[39m)[33m;[39m [36mconst[39m [searchQuery[33m,[39m setSearchQuery] [33m=[39m useState([32m""[39m)[33m;[39m [36mconst[39m [selectingProvider[33m,[39m setSelectingProvider] [33m=[39m useState[33m<[39m[33mstring[39m [33m|[39m [36mnull[39m[33m>[39m([36mnull[39m)[33m;[39m [36mconst[39m loadData [33m=[39m [36masync[39m () [33m=>[39m { setLoading([36mtrue[39m)[33m;[39m [36mtry[39m { [36mconst[39m stats [33m=[39m [36mawait[39m getSupplyChainStats()[33m;[39m [36mif[39m (stats[33m?[39m[33m.[39merror) { toast[33m.[39merror([32m"Error servidor: "[39m [33m+[39m stats[33m.[39merror)[33m;[39m setProducts([])[33m;[39m [90m// Clear to avoid stale data } else { if (stats?.rules && stats.rules.length > 0) { setRules(stats.rules); } else { setRules([{ id: 'default', provider: 'GENERIC', baseShippingCost: 6.5, returnCost: 3.5, packagingCost: 0, handlingCost: 0, taxPercent: 21 }]); } if (stats?.products) { setProducts(stats.products); } } } catch (error: any) { toast.error("Error cargando finanzas: " + error.message); } setLoading(false); }; useEffect(() => { setBaseUrl(window.location.origin); loadData(); }, []); const handleUpdateRule = async (ruleId: string, field: string, value: number) => { const loadingToast = toast.loading("Sincronizando con base de datos..."); try { const res = await updateFulfillmentRule(ruleId, { [field]: value }); if (res.success) { setRules(prev => prev.map(r => r.id === ruleId ? { ...r, [field]: value } : r)); toast.success("Parámetro actualizado", { id: loadingToast }); } else { toast.error("Error al guardar", { id: loadingToast }); } } catch (e) { toast.error("Error de conexión", { id: loadingToast }); } }; const handleDeleteRule = async (ruleId: string) => { if (!confirm("¿Estás seguro de que deseas eliminar este proveedor?")) return; const loadingToast = toast.loading("Eliminando proveedor..."); try { const res = await deleteFulfillmentRule(ruleId); if (res.success) { setRules(prev => prev.filter(r => r.id !== ruleId)); toast.success("Proveedor eliminado", { id: loadingToast }); } else { toast.error("Error al eliminar", { id: loadingToast }); } } catch (e) { toast.error("Error de conexión", { id: loadingToast }); } }; const handleUpdateProduct = async (productId: string, field: string, value: number) => { const tid = toast.loading("Actualizando..."); try { const res = await updateProductFinance(productId, { [field]: value }); if (res.success) { setProducts(prev => prev.map(p => { if (p.id === productId) { return { ...p, finance: { ...(p.finance || {}), [field]: value } }; } return p; })); toast.success("Coste actualizado", { id: tid }); } else { toast.error("Error al guardar: " + res.message, { id: tid }); } } catch (e: any) { toast.error("Error de conexión: " + e.message, { id: tid }); } }; const providersWebhooks = [ { name: "Beeping", url: `${baseUrl}/api/webhooks/master-listener`, icon: "🐝" }, { name: "Dropea", url: `${baseUrl}/api/webhooks/master-listener`, icon: "🚚" }, { name: "Dropi", url: `${baseUrl}/api/webhooks/master-listener`, icon: "📦" }, ]; if (loading) return ( <div className="flex flex-col items-center justify-center min-h-[60vh] gap-4"> <Loader2 className="h-8 w-8 text-rose-600 animate-spin" /> <p className="text-[10px] font-black uppercase tracking-[0.2em] text-slate-400">Cargando Centro de Costes...</p> </div> ); return ( <div className="space-y-4 animate-in fade-in duration-500 bg-white min-h-screen p-3 md:p-4 text-slate-900 border-none transition-all"> {/* PREMIUM HEADER */} <header className="flex flex-col md:flex-row md:items-center justify-between gap-3 pb-4 border-b border-slate-100"> <div className="space-y-0.5"> <div className="flex items-center gap-2"> <div className="h-8 w-8 bg-slate-900 rounded-lg flex items-center justify-center shadow-sm"> <Calculator className="h-4 w-4 text-rose-400" /> </div> <div> <h1 className="text-sm font-black uppercase tracking-tighter text-slate-900 italic leading-none"> Finanzas <span className="text-rose-600 not-italic ml-1">&</span> Logística <span className="text-blue-500 font-bold not-italic ml-1">v4</span> </h1> <p className="text-[7px] font-black text-slate-400 uppercase tracking-[0.3em] mt-1.5 opacity-80"> Control Unificado de Márgenes Operativos y COGS </p> </div> </div> </div> <div className="flex items-center gap-2"> <Button onClick={async () => { const tid = toast.loading("Sincronizando Shopify..."); const res = await syncShopifyProducts(); if (res.success) { toast.success(`${res.count} productos sincronizados`, { id: tid }); loadData(); } else { toast.error(res.message, { id: tid }); loadData(); } }} variant="outline" className="h-8 px-3 rounded-lg border-slate-200 bg-white shadow-xs font-black uppercase text-[8px] tracking-widest hover:bg-slate-50 transition-all" > <RefreshCw className="h-3 w-3 mr-2 text-rose-500" /> Sincronizar Catálogo </Button> </div> </header> <Tabs defaultValue="logistics" className="space-y-6"> <TabsList className="bg-slate-100/50 border border-slate-200/30 p-1 h-9 rounded-lg w-full max-w-[450px] shadow-xs"> <TabsTrigger value="logistics" className="flex-1 rounded-md h-7 text-[8px] font-black uppercase tracking-widest data-[state=active]:bg-white data-[state=active]:text-rose-600 data-[state=active]:shadow-xs text-slate-400 transition-all"> <Truck className="h-3 w-3 mr-2" /> Reglas de Envío </TabsTrigger> <TabsTrigger value="products" className="flex-1 rounded-md h-7 text-[8px] font-black uppercase tracking-widest data-[state=active]:bg-white data-[state=active]:text-rose-600 data-[state=active]:shadow-xs text-slate-400 transition-all"> <Box className="h-3 w-3 mr-2" /> Productos (COGS) </TabsTrigger> <TabsTrigger value="integration" className="flex-1 rounded-md h-7 text-[8px] font-black uppercase tracking-widest data-[state=active]:bg-white data-[state=active]:text-rose-600 data-[state=active]:shadow-xs text-slate-400 transition-all"> <Zap className="h-3 w-3 mr-2" /> Integración </TabsTrigger> </TabsList> <TabsContent value="logistics" className="space-y-6"> <div className="grid grid-cols-1 md:grid-cols-2 xl:grid-cols-3 gap-4"> {/* ADD PROVIDER CARD - PREMIUM GLASS STYLE */} <div className="bg-slate-50/50 border-2 border-dashed border-slate-200 rounded-lg p-6 flex flex-col items-center justify-center gap-4 group hover:border-rose-400 hover:bg-rose-50/10 transition-all cursor-pointer shadow-xs active:scale-[0.98]" onClick={async () => { const name = prompt("Nombre del proveedor logístico (ej: DHL, Correos):"); if (name) { const toastId = toast.loading("Registrando nuevo proveedor..."); const result = await createFulfillmentRule(name); if (result?.success) { toast.success(`${name} registrado correctamente`, { id: toastId }); loadData(); } else { toast.error(result?.message || "Error al crear", { id: toastId }); } } }} > <div className="h-10 w-10 bg-white rounded-lg flex items-center justify-center border border-slate-100 shadow-sm group-hover:scale-110 group-hover:bg-rose-600 group-hover:text-white transition-all"> <Plus className="h-5 w-5" /> </div> <div className="text-center space-y-1"> <h3 className="text-[10px] font-black uppercase tracking-widest text-slate-900">Añadir Proveedor</h3> <p className="text-[7px] font-black text-slate-400 tracking-[0.2em] uppercase">Registrar Operador</p> </div> </div> {/* LIST OF PROVIDERS */} {rules.map((rule) => ( <Card key={rule.id} className="bg-white border border-slate-100 rounded-lg shadow-xs overflow-hidden group hover:shadow-sm transition-all"> <div className="p-4 space-y-4"> <div className="flex items-center justify-between"> <div className="flex items-center gap-3"> <div className="h-8 w-8 bg-slate-950 rounded-lg flex items-center justify-center text-sm shadow-sm"> {rule.provider === 'BEEPING' ? '🐝' : rule.provider === 'DROPI' ? '📦' : rule.provider === 'AMAZON' ? '☁️' : '🚚'} </div> <div> <h3 className="text-xs font-black uppercase tracking-tight text-slate-900 italic">{rule.provider}</h3> <Badge className="bg-emerald-50 text-emerald-600 border-none font-black text-[7px] uppercase px-1.5 h-4 flex items-center rounded-sm">Activo</Badge> </div> </div> <Button variant="ghost" size="icon" className="h-7 w-7 text-slate-300 hover:text-rose-500 hover:bg-rose-50 rounded-md transition-all" onClick={() => handleDeleteRule(rule.id)} > <Trash2 className="h-3 w-3" /> </Button> </div> <div className="grid grid-cols-2 gap-x-4 gap-y-3"> <div className="space-y-1.5"> <Label className="text-[7.5px] font-black uppercase text-slate-400 tracking-widest flex items-center gap-1.5"> <ArrowRight className="h-2.5 w-2.5 text-rose-500" /> Envío (Out) </Label> <div className="relative group/input"> <span className="absolute left-2.5 top-1/2 -translate-y-1/2 text-slate-300 font-black text-[10px]">€</span> <Input type="number" step="0.1" defaultValue={rule.baseShippingCost} className="pl-6 bg-slate-50 border-slate-100 h-8 font-black text-xs rounded-lg focus:bg-white focus:ring-4 focus:ring-rose-100 transition-all shadow-xs" onBlur={(e) => handleUpdateRule(rule.id, 'baseShippingCost', parseFloat(e.target.value))} /> </div> </div> <div className="space-y-1.5"> <Label className="text-[7.5px] font-black uppercase text-slate-400 tracking-widest flex items-center gap-1.5"> <RotateCcw className="h-2.5 w-2.5 text-rose-500" /> Dev (Return) </Label> <div className="relative group/input"> <span className="absolute left-2.5 top-1/2 -translate-y-1/2 text-slate-300 font-black text-[10px]">€</span> <Input type="number" step="0.1" defaultValue={rule.returnCost} className="pl-6 bg-slate-50 border-slate-100 h-8 font-black text-xs rounded-lg focus:bg-white focus:ring-4 focus:ring-rose-100 transition-all shadow-xs" onBlur={(e) => handleUpdateRule(rule.id, 'returnCost', parseFloat(e.target.value))} /> </div> </div> <div className="space-y-1.5"> <Label className="text-[7.5px] font-black uppercase text-slate-400 tracking-widest flex items-center gap-1.5"> <Box className="h-2.5 w-2.5" /> Caja </Label> <div className="relative group/input"> <span className="absolute left-2.5 top-1/2 -translate-y-1/2 text-slate-300 font-black text-[10px]">€</span> <Input type="number" step="0.01" defaultValue={rule.packagingCost || 0} className="pl-6 bg-slate-50 border-slate-100 h-8 font-black text-xs rounded-lg focus:bg-white focus:ring-4 focus:ring-blue-100 transition-all shadow-xs" onBlur={(e) => handleUpdateRule(rule.id, 'packagingCost', parseFloat(e.target.value))} /> </div> </div> <div className="space-y-1.5"> <Label className="text-[7.5px] font-black uppercase text-slate-400 tracking-widest flex items-center gap-1.5"> <Info className="h-2.5 w-2.5" /> Handling </Label> <div className="relative group/input"> <span className="absolute left-2.5 top-1/2 -translate-y-1/2 text-slate-300 font-black text-[10px]">€</span> <Input type="number" step="0.01" defaultValue={rule.handlingCost || 0} className="pl-6 bg-slate-50 border-slate-100 h-8 font-black text-xs rounded-lg focus:bg-white focus:ring-4 focus:ring-amber-100 transition-all shadow-xs" onBlur={(e) => handleUpdateRule(rule.id, 'handlingCost', parseFloat(e.target.value))} /> </div> </div> <div className="space-y-1.5"> <Label className="text-[7.5px] font-black uppercase text-slate-400 tracking-widest flex items-center gap-1.5"> <DollarSign className="h-2.5 w-2.5 text-emerald-500" /> COD Fee (F) </Label> <div className="relative group/input"> <span className="absolute left-2.5 top-1/2 -translate-y-1/2 text-slate-300 font-black text-[10px]">€</span> <Input type="number" step="0.01" defaultValue={rule.codFeeFixed || 0} className="pl-6 bg-slate-50 border-slate-100 h-8 font-black text-xs rounded-lg focus:bg-white focus:ring-4 focus:ring-emerald-100 transition-all shadow-xs" onBlur={(e) => handleUpdateRule(rule.id, 'codFeeFixed', parseFloat(e.target.value))} /> </div> </div> <div className="space-y-1.5"> <Label className="text-[7.5px] font-black uppercase text-slate-400 tracking-widest flex items-center gap-1.5"> <Percent className="h-2.5 w-2.5 text-emerald-500" /> COD Fee (%) </Label> <div className="relative group/input"> <span className="absolute left-2.5 top-1/2 -translate-y-1/2 text-slate-300 font-black text-[10px]">%</span> <Input type="number" step="0.1" defaultValue={rule.codFeePercent || 0} className="pl-6 bg-white border-slate-100 h-8 font-black text-xs rounded-lg focus:bg-white focus:ring-4 focus:ring-emerald-100 transition-all shadow-xs" onBlur={(e) => handleUpdateRule(rule.id, 'codFeePercent', parseFloat(e.target.value))} /> </div> </div> </div> <div className="pt-3 border-t border-slate-50"> <div className="flex items-center justify-between"> <span className="text-[8px] font-black text-slate-400 uppercase tracking-widest leading-none">Configuración IVA</span> <div className="w-20"> <Select defaultValue={(rule.taxPercent || 0).toString()} onValueChange={(val) => handleUpdateRule(rule.id, 'taxPercent', parseFloat(val))} > <SelectTrigger className="h-7 border border-slate-100 bg-slate-50 font-black text-[9px] rounded-md focus:ring-0 shadow-xs"> <SelectValue /> </SelectTrigger> <SelectContent className="bg-white border-slate-100 rounded-lg font-bold"> <SelectItem value="0" className="text-[9px]">IVA 0%</SelectItem> <SelectItem value="18" className="text-[9px]">Malta 18%</SelectItem> <SelectItem value="21" className="text-[9px]">España 21%</SelectItem> </SelectContent> </Select> </div> </div> </div> {/* NESTED PRODUCTS LIST */} <div className="mt-4 pt-4 border-t-2 border-dashed border-slate-50"> <div className="flex items-center justify-between mb-3"> <h4 className="text-[8px] font-black uppercase text-slate-400 tracking-widest flex items-center gap-2"> <Package className="h-2.5 w-2.5" /> Productos Asociados </h4> <Button variant="ghost" size="sm" className="h-5 w-5 p-0 rounded-full hover:bg-slate-100" onClick={() => { setSelectingProvider(rule.provider); setSearchQuery(""); }} > <Plus className="h-3 w-3 text-rose-500" /> </Button> </div> <div className="space-y-2"> {products.filter(p => { const prov = (p.inferredProvider || p.supplier?.name || "").toLowerCase(); const ruleProv = rule.provider.toLowerCase(); return prov.includes(ruleProv) || (rule.provider === 'GENERIC' && !prov); }).map(product => { const realPrice = product.realAvgPrice || product.finance?.sellingPrice || 0; const cost = product.finance?.unitCost || 0; const base = rule.baseShippingCost || 0; const pack = rule.packagingCost || 0; const hand = rule.handlingCost || 0; const tax = (rule.taxPercent || 0) / 100; const codFixed = rule.codFeeFixed || 0; const codPerc = (rule.codFeePercent || 0) / 100; const logisticsFull = (base + pack + hand) * (1 + tax); const codCost = codFixed + (realPrice * codPerc); const margin = realPrice - cost - logisticsFull - codCost; return ( <div key={product.id} className="bg-slate-50/50 rounded-lg p-2 flex items-center gap-2.5 group/prod hover:bg-rose-50/50 transition-colors border border-transparent hover:border-rose-100"> <div className="h-9 w-9 bg-white rounded-md overflow-hidden border border-slate-100 flex-shrink-0 shadow-xs"> {product.image ? <img src={product.image} className="w-full h-full object-cover" /> : <div className="w-full h-full bg-slate-50" />} </div> <div className="flex-1 min-w-0"> <div className="flex items-center justify-between"> <span className="text-[9px] font-black text-slate-800 truncate block max-w-[100px] italic">{product.title}</span> <Badge className={cn("text-[7px] px-1 h-3.5 border-none font-black flex items-center", margin > 0 ? "bg-emerald-50 text-emerald-600" : "bg-rose-50 text-rose-600")}> {margin > 0 ? "+" : ""}€{margin.toFixed(1)} </Badge> </div> <div className="flex items-center gap-2 mt-0.5"> <div className="relative w-16"> <Input type="number" step="0.01" defaultValue={cost} className="h-5 text-[8px] font-black bg-white border-slate-100 px-1 py-0 text-center focus:ring-1 focus:ring-rose-500 rounded-sm" placeholder="Coste" onBlur={(e) => handleUpdateProduct(product.id, 'unitCost', parseFloat(e.target.value))} /> </div> <span className="text-[7.5px] text-slate-400 font-bold uppercase tracking-tight">Avg €{realPrice.toFixed(1)}</span> </div> </div> </div> ); })} {products.filter(p => { const prov = (p.inferredProvider || p.supplier?.name || "").toLowerCase(); const ruleProv = rule.provider.toLowerCase(); return prov.includes(ruleProv) || (rule.provider === 'GENERIC' && !prov); }).length === 0 && ( <div className="text-[9px] text-slate-400 font-bold text-center py-2 italic bg-slate-50/50 rounded-lg border border-dashed border-slate-200"> Sin historial de pedidos con este proveedor </div> )} </div> </div> </div> </Card> ))} </div> </TabsContent> <TabsContent value="products" className="space-y-3"> <div className="bg-white border border-slate-100 rounded-lg shadow-xs overflow-hidden"> <div className="p-4 border-b border-slate-50 flex items-center justify-between"> <div> <h3 className="text-sm font-black uppercase tracking-tight text-slate-900 italic">Coste de Bienes Vendidos (COGS)</h3> <p className="text-[7px] font-black text-slate-400 uppercase tracking-[0.2em] mt-1 opacity-80 shadow-none">Gestión Individual de Márgenes por Producto</p> </div> <Badge variant="outline" className="h-5 text-[8px] font-black border-slate-200 text-slate-500 uppercase rounded-sm">Sync: Shopify API</Badge> </div> <div className="divide-y divide-slate-50"> {products.map((product) => ( <div key={product.id} className="p-4 flex flex-col gap-4 hover:bg-slate-50/30 transition-colors group"> <div className="flex flex-col md:flex-row items-center gap-6"> <div className="h-12 w-12 bg-white rounded-lg overflow-hidden border border-slate-100 group-hover:scale-105 transition-transform flex-shrink-0 shadow-xs"> {product.image ? ( <img src={product.image} className="w-full h-full object-cover" /> ) : ( <div className="w-full h-full flex items-center justify-center bg-slate-950 text-rose-400 font-black text-[8px]">?</div> )} </div> <div className="flex-1 min-w-0"> <h4 className="text-xs font-black text-slate-900 uppercase tracking-tight truncate italic">{product.title}</h4> <p className="text-[7px] font-black text-slate-400 uppercase tracking-[0.2em] mt-1">SKU: {product.sku || product.id.slice(-8).toUpperCase()}</p> </div> <div className="flex items-center gap-4"> <div className="space-y-1"> <Label className="text-[7px] font-black uppercase text-slate-400 tracking-widest leading-none">Coste Uni.</Label> <div className="relative w-20"> <span className="absolute left-2 top-1/2 -translate-y-1/2 text-slate-300 font-black text-[10px]">€</span> <Input type="number" step="0.01" defaultValue={product.finance?.unitCost || 0} className="pl-5 bg-slate-50 border-slate-100 font-black text-xs h-8 rounded-md focus:bg-white shadow-xs" onBlur={(e) => handleUpdateProduct(product.id, 'unitCost', parseFloat(e.target.value))} /> </div> </div> <div className="space-y-1"> <Label className="text-[7px] font-black uppercase text-slate-400 tracking-widest leading-none">PVP Venta</Label> <div className="relative w-20"> <span className="absolute left-2 top-1/2 -translate-y-1/2 text-slate-300 font-black text-[10px]">€</span> <Input type="number" step="0.01" defaultValue={product.finance?.sellingPrice || product.variants?.[0]?.price || 0} className="pl-5 bg-emerald-50/30 border-emerald-100 text-emerald-700 font-black text-xs h-8 rounded-md focus:bg-white shadow-xs" onBlur={(e) => handleUpdateProduct(product.id, 'sellingPrice', parseFloat(e.target.value))} /> </div> </div> <div className="space-y-1"> <Label className="text-[7px] font-black uppercase text-slate-400 tracking-widest leading-none">IVA %</Label> <div className="relative w-14"> <Input type="number" step="1" defaultValue={product.finance?.taxes || 0} className="bg-slate-50 border-slate-100 font-black text-xs h-8 rounded-md focus:bg-white shadow-xs text-center px-1" onBlur={(e) => handleUpdateProduct(product.id, 'taxes', parseFloat(e.target.value))} /> </div> </div> <div className="hidden lg:flex flex-col items-center justify-center p-2 bg-slate-950 rounded-lg min-w-[70px] shadow-sm"> <span className="text-[6px] font-black text-slate-500 uppercase tracking-widest">Margen</span> <span className="text-[11px] font-black text-rose-400 italic"> €{((product.finance?.sellingPrice || 0) - (product.finance?.unitCost || 0)).toFixed(1)} </span> </div> </div> </div> {/* FULFILLMENT COST LAYER (New Task 6.7) */} <div className="grid grid-cols-2 md:grid-cols-5 gap-3 p-3 bg-slate-50/80 rounded-lg border border-slate-100 shadow-sm"> <div className="space-y-1"> <Label className="text-[7.5px] font-black uppercase text-slate-400 tracking-widest flex items-center gap-1 leading-none"> <Truck className="h-2.5 w-2.5" /> Envío (Out) </Label> <div className="relative"> <span className="absolute left-2.5 top-1/2 -translate-y-1/2 text-slate-300 font-black text-[9px]">€</span> <Input type="number" step="0.01" defaultValue={product.finance?.shippingCost || 0} className="pl-5 bg-white border-slate-100 font-black text-[10px] h-7 rounded-md shadow-xs" onBlur={(e) => handleUpdateProduct(product.id, 'shippingCost', parseFloat(e.target.value))} /> </div> </div> <div className="space-y-1"> <Label className="text-[7.5px] font-black uppercase text-slate-400 tracking-widest flex items-center gap-1 leading-none"> <RotateCcw className="h-2.5 w-2.5" /> Dev (Ret) </Label> <div className="relative"> <span className="absolute left-2.5 top-1/2 -translate-y-1/2 text-slate-300 font-black text-[9px]">€</span> <Input type="number" step="0.01" defaultValue={product.finance?.returnCost || 0} className="pl-5 bg-white border-slate-100 font-black text-[10px] h-7 rounded-md shadow-xs" onBlur={(e) => handleUpdateProduct(product.id, 'returnCost', parseFloat(e.target.value))} /> </div> </div> <div className="space-y-1"> <Label className="text-[7.5px] font-black uppercase text-slate-400 tracking-widest flex items-center gap-1 leading-none"> <Package className="h-2.5 w-2.5" /> Embalaje </Label> <div className="relative"> <span className="absolute left-2.5 top-1/2 -translate-y-1/2 text-slate-300 font-black text-[9px]">€</span> <Input type="number" step="0.01" defaultValue={product.finance?.packagingCost || 0} className="pl-5 bg-white border-slate-100 font-black text-[10px] h-7 rounded-md shadow-xs" onBlur={(e) => handleUpdateProduct(product.id, 'packagingCost', parseFloat(e.target.value))} /> </div> </div> <div className="space-y-1"> <Label className="text-[7.5px] font-black uppercase text-slate-400 tracking-widest flex items-center gap-1 leading-none"> <Percent className="h-2.5 w-2.5" /> COD Fee </Label> <div className="relative"> <span className="absolute left-2.5 top-1/2 -translate-y-1/2 text-slate-300 font-black text-[9px]">€</span> <Input type="number" step="0.01" defaultValue={product.finance?.codFee || 0} className="pl-5 bg-white border-slate-100 font-black text-[10px] h-7 rounded-md shadow-xs" onBlur={(e) => handleUpdateProduct(product.id, 'codFee', parseFloat(e.target.value))} /> </div> </div> <div className="space-y-1"> <Label className="text-[7.5px] font-black uppercase text-slate-400 tracking-widest flex items-center gap-1 leading-none"> <ShieldCheck className="h-2.5 w-2.5" /> Seguro </Label> <div className="relative"> <span className="absolute left-2.5 top-1/2 -translate-y-1/2 text-slate-300 font-black text-[9px]">€</span> <Input type="number" step="0.01" defaultValue={product.finance?.insuranceFee || 0} className="pl-5 bg-white border-slate-100 font-black text-[10px] h-7 rounded-md shadow-xs" onBlur={(e) => handleUpdateProduct(product.id, 'insuranceFee', parseFloat(e.target.value))} /> </div> </div> </div> </div> ))} </div> </div> </TabsContent> <TabsContent value="integration" className="max-w-3xl"> <Card className="bg-slate-950 border-none rounded-lg overflow-hidden shadow-sm"> <div className="p-6 border-b border-white/5 bg-gradient-to-br from-rose-900/10 to-transparent"> <h3 className="text-sm font-black uppercase tracking-tight text-white flex items-center gap-2 italic"> <Zap className="h-4 w-4 text-rose-400" /> Webhooks Maestros <span className="text-blue-500 not-italic ml-1">v2.1</span> </h3> <p className="text-[7px] font-black text-slate-500 uppercase tracking-[0.2em] mt-1 opacity-80">Conexión Directa Global Listener</p> </div> <div className="p-6 space-y-4"> {providersWebhooks.map((p) => ( <div key={p.name} className="bg-white/[0.03] rounded-lg p-4 border border-white/5 flex items-center gap-4 hover:bg-white/[0.05] transition-all group"> <div className="h-10 w-10 bg-white/5 rounded-lg flex items-center justify-center text-lg shadow-sm group-hover:bg-rose-600 transition-all"> {p.icon} </div> <div className="flex-1 min-w-0"> <h4 className="text-[10px] font-black text-white uppercase tracking-widest italic">{p.name} Operational Socket</h4> <div className="mt-1.5 group/code relative"> <code className="text-[9px] font-mono text-rose-300 block bg-black/40 p-2 rounded-md border border-white/5 truncate max-w-full italic"> {p.url} </code> </div> </div> <Button variant="secondary" onClick={() => { navigator.clipboard.writeText(p.url); toast.success(`${p.name} Webhook copiado`); }} className="h-8 px-4 bg-white text-slate-950 hover:bg-rose-50 font-black uppercase text-[8px] tracking-widest rounded-md transition-all shadow-sm shrink-0" > <Copy className="h-3 w-3 mr-2" /> Copiar </Button> </div> ))} </div> <div className="p-4 bg-black/40 border-t border-white/5"> <div className="flex items-center gap-3 text-[7px] font-black text-slate-600 uppercase tracking-[0.2em]"> <div className="flex items-center gap-1.5"> <ShieldCheck className="h-3 w-3 text-emerald-500/50" /> Secure SSL </div> <div className="h-1 w-1 rounded-full bg-slate-800" /> <div className="flex items-center gap-1.5"> <Globe className="h-3 w-3 text-blue-500/50" /> Ops Cluster v2 </div> </div> </div> </Card> </TabsContent> </Tabs > {/* PRODUCT SELECTOR DIALOG */} <Dialog open={!!selectingProvider} onOpenChange={(open) => !open && setSelectingProvider(null)}> <DialogContent className="max-w-lg bg-white p-0 overflow-hidden gap-0 rounded-lg border-none shadow-sm"> <DialogHeader className="p-4 border-b border-slate-50 bg-slate-50/50"> <DialogTitle className="text-sm font-black uppercase text-slate-800 tracking-tight flex items-center gap-2 italic"> <Plus className="h-4 w-4 text-rose-600" /> Vincular a {selectingProvider} <span className="text-slate-400 ml-2 text-[9px] not-italic">({products.length} productos)</span> </DialogTitle> </DialogHeader> <div className="p-3 bg-white border-b border-slate-50"> <div className="relative"> <Search className="absolute left-2.5 top-2.5 h-3.5 w-3.5 text-slate-400" /> <Input autoFocus placeholder="Filtrar por nombre o SKU..." className="pl-8 h-9 bg-slate-50 border-slate-100 font-bold text-xs text-slate-700 rounded-md shadow-xs" value={searchQuery} onChange={(e) => setSearchQuery(e.target.value)} /> </div> </div> <ScrollArea className="h-[400px] w-full px-4 pb-4"> <div className="space-y-2"> {products .filter(p => { const q = searchQuery.toLowerCase(); const title = (p.title || "").toLowerCase(); const sku = (p.sku || "").toLowerCase(); return !q || title.includes(q) || sku.includes(q); }) .map(product => { // Check if already linked to THIS provider to disable/hide? // User might want to MOVE it, so let's allow "re-linking" const isLinked = (product.inferredProvider || product.supplier?.name || "") === selectingProvider; return ( <div key={product.id} onClick={async () => { if (!selectingProvider) return; const tid = toast.loading(`Asignando...`); try { const res = await setProductProvider(product.id, selectingProvider); if (res.success) { toast.success("Producto asignado", { id: tid }); loadData(); setSelectingProvider(null); } else { toast.error(res.message || "Error", { id: tid }); } } catch (err: any) { toast.error("Error de red", { id: tid }); } }} className={cn( "flex items-center gap-3 p-2 rounded-lg cursor-pointer transition-all border border-transparent shadow-xs mb-1", isLinked ? "bg-emerald-50/50 opacity-50 cursor-default" : "hover:bg-rose-50 hover:border-rose-100 bg-white border-slate-100" )} > <div className="h-9 w-9 bg-white rounded-md overflow-hidden flex-shrink-0 border border-slate-100 shadow-xs"> {product.image ? <img src={product.image} className="w-full h-full object-cover" /> : <div className="w-full h-full bg-slate-50" />} </div> <div className="flex-1 min-w-0"> <h4 className="text-[10px] font-black text-slate-800 truncate italic">{product.title}</h4> <div className="flex items-center gap-2 mt-0.5"> <Badge variant="secondary" className="text-[7.5px] h-4 rounded-sm text-slate-400 font-black bg-slate-100 border-none"> {product.sku || "N/A"} </Badge> {(product.supplier?.name || product.inferredProvider) && ( <span className="text-[7.5px] text-slate-400 font-black uppercase opacity-60"> Ref: {product.inferredProvider || product.supplier?.name} </span> )} </div> </div> {isLinked && <Badge className="bg-emerald-500 text-white text-[7px] font-black h-4 px-1 rounded-sm border-none shadow-sm">VINCULADO</Badge>} </div> ); })} {products.filter(p => { const q = searchQuery.toLowerCase(); const title = (p.title || "").toLowerCase(); const sku = (p.sku || "").toLowerCase(); return !q || title.includes(q) || sku.includes(q); }).length === 0 && ( <div className="text-center py-10 space-y-3"> <p className="text-slate-400 font-black text-[9px] uppercase tracking-[0.2em] italic">No Match Found</p> <Button onClick={async () => { const tid = toast.loading("Sincronizando Shopify..."); const res = await syncShopifyProducts(); if (res.success) { toast.success(`${res.count} productos sync`, { id: tid }); loadData(); } else { toast.error(res.message, { id: tid }); } }} className="bg-rose-600 hover:bg-rose-700 text-white font-black uppercase text-[8px] tracking-widest h-8 rounded-lg px-4 shadow-sm" > <RefreshCw className="h-3 w-3 mr-2" /> Sincronizar Catálogo </Button> </div> )} </div> </ScrollArea> </DialogContent> </Dialog> </div > );[39m
[31m[1m>[22m[39m[90m 17 |[39m } 
 [90m    |[39m  [31m[1m^[22m[39m[0m

Expected '}', got '<eof>'


./src/app/logistics/costs/page.tsx:17:2
Parsing ecmascript source code failed
[0m [90m 15 |[39m [36mimport[39m { [33mSearch[39m } [36mfrom[39m [32m"lucide-react"[39m[33m;[39m
 [90m 16 |[39m [36mimport[39m { [33mSelect[39m[33m,[39m [33mSelectContent[39m[33m,[39m [33mSelectItem[39m[33m,[39m [33mSelectTrigger[39m[33m,[39m [33mSelectValue[39m } [36mfrom[39m [32m"@/components/ui/select"[39m[33m;[39m [36mexport[39m [36mdefault[39m [36mfunction[39m [33mLogisticsFinanceManager[39m() { [36mconst[39m [rules[33m,[39m setRules] [33m=[39m useState[33m<[39m[33many[39m[][33m>[39m([])[33m;[39m [36mconst[39m [products[33m,[39m setProducts] [33m=[39m useState[33m<[39m[33many[39m[][33m>[39m([])[33m;[39m [36mconst[39m [loading[33m,[39m setLoading] [33m=[39m useState([36mtrue[39m)[33m;[39m [36mconst[39m [baseUrl[33m,[39m setBaseUrl] [33m=[39m useState([32m""[39m)[33m;[39m [36mconst[39m [searchQuery[33m,[39m setSearchQuery] [33m=[39m useState([32m""[39m)[33m;[39m [36mconst[39m [selectingProvider[33m,[39m setSelectingProvider] [33m=[39m useState[33m<[39m[33mstring[39m [33m|[39m [36mnull[39m[33m>[39m([36mnull[39m)[33m;[39m [36mconst[39m loadData [33m=[39m [36masync[39m () [33m=>[39m { setLoading([36mtrue[39m)[33m;[39m [36mtry[39m { [36mconst[39m stats [33m=[39m [36mawait[39m getSupplyChainStats()[33m;[39m [36mif[39m (stats[33m?[39m[33m.[39merror) { toast[33m.[39merror([32m"Error servidor: "[39m [33m+[39m stats[33m.[39merror)[33m;[39m setProducts([])[33m;[39m [90m// Clear to avoid stale data } else { if (stats?.rules && stats.rules.length > 0) { setRules(stats.rules); } else { setRules([{ id: 'default', provider: 'GENERIC', baseShippingCost: 6.5, returnCost: 3.5, packagingCost: 0, handlingCost: 0, taxPercent: 21 }]); } if (stats?.products) { setProducts(stats.products); } } } catch (error: any) { toast.error("Error cargando finanzas: " + error.message); } setLoading(false); }; useEffect(() => { setBaseUrl(window.location.origin); loadData(); }, []); const handleUpdateRule = async (ruleId: string, field: string, value: number) => { const loadingToast = toast.loading("Sincronizando con base de datos..."); try { const res = await updateFulfillmentRule(ruleId, { [field]: value }); if (res.success) { setRules(prev => prev.map(r => r.id === ruleId ? { ...r, [field]: value } : r)); toast.success("Parámetro actualizado", { id: loadingToast }); } else { toast.error("Error al guardar", { id: loadingToast }); } } catch (e) { toast.error("Error de conexión", { id: loadingToast }); } }; const handleDeleteRule = async (ruleId: string) => { if (!confirm("¿Estás seguro de que deseas eliminar este proveedor?")) return; const loadingToast = toast.loading("Eliminando proveedor..."); try { const res = await deleteFulfillmentRule(ruleId); if (res.success) { setRules(prev => prev.filter(r => r.id !== ruleId)); toast.success("Proveedor eliminado", { id: loadingToast }); } else { toast.error("Error al eliminar", { id: loadingToast }); } } catch (e) { toast.error("Error de conexión", { id: loadingToast }); } }; const handleUpdateProduct = async (productId: string, field: string, value: number) => { const tid = toast.loading("Actualizando..."); try { const res = await updateProductFinance(productId, { [field]: value }); if (res.success) { setProducts(prev => prev.map(p => { if (p.id === productId) { return { ...p, finance: { ...(p.finance || {}), [field]: value } }; } return p; })); toast.success("Coste actualizado", { id: tid }); } else { toast.error("Error al guardar: " + res.message, { id: tid }); } } catch (e: any) { toast.error("Error de conexión: " + e.message, { id: tid }); } }; const providersWebhooks = [ { name: "Beeping", url: `${baseUrl}/api/webhooks/master-listener`, icon: "🐝" }, { name: "Dropea", url: `${baseUrl}/api/webhooks/master-listener`, icon: "🚚" }, { name: "Dropi", url: `${baseUrl}/api/webhooks/master-listener`, icon: "📦" }, ]; if (loading) return ( <div className="flex flex-col items-center justify-center min-h-[60vh] gap-4"> <Loader2 className="h-8 w-8 text-rose-600 animate-spin" /> <p className="text-[10px] font-black uppercase tracking-[0.2em] text-slate-400">Cargando Centro de Costes...</p> </div> ); return ( <div className="space-y-4 animate-in fade-in duration-500 bg-white min-h-screen p-3 md:p-4 text-slate-900 border-none transition-all"> {/* PREMIUM HEADER */} <header className="flex flex-col md:flex-row md:items-center justify-between gap-3 pb-4 border-b border-slate-100"> <div className="space-y-0.5"> <div className="flex items-center gap-2"> <div className="h-8 w-8 bg-slate-900 rounded-lg flex items-center justify-center shadow-sm"> <Calculator className="h-4 w-4 text-rose-400" /> </div> <div> <h1 className="text-sm font-black uppercase tracking-tighter text-slate-900 italic leading-none"> Finanzas <span className="text-rose-600 not-italic ml-1">&</span> Logística <span className="text-blue-500 font-bold not-italic ml-1">v4</span> </h1> <p className="text-[7px] font-black text-slate-400 uppercase tracking-[0.3em] mt-1.5 opacity-80"> Control Unificado de Márgenes Operativos y COGS </p> </div> </div> </div> <div className="flex items-center gap-2"> <Button onClick={async () => { const tid = toast.loading("Sincronizando Shopify..."); const res = await syncShopifyProducts(); if (res.success) { toast.success(`${res.count} productos sincronizados`, { id: tid }); loadData(); } else { toast.error(res.message, { id: tid }); loadData(); } }} variant="outline" className="h-8 px-3 rounded-lg border-slate-200 bg-white shadow-xs font-black uppercase text-[8px] tracking-widest hover:bg-slate-50 transition-all" > <RefreshCw className="h-3 w-3 mr-2 text-rose-500" /> Sincronizar Catálogo </Button> </div> </header> <Tabs defaultValue="logistics" className="space-y-6"> <TabsList className="bg-slate-100/50 border border-slate-200/30 p-1 h-9 rounded-lg w-full max-w-[450px] shadow-xs"> <TabsTrigger value="logistics" className="flex-1 rounded-md h-7 text-[8px] font-black uppercase tracking-widest data-[state=active]:bg-white data-[state=active]:text-rose-600 data-[state=active]:shadow-xs text-slate-400 transition-all"> <Truck className="h-3 w-3 mr-2" /> Reglas de Envío </TabsTrigger> <TabsTrigger value="products" className="flex-1 rounded-md h-7 text-[8px] font-black uppercase tracking-widest data-[state=active]:bg-white data-[state=active]:text-rose-600 data-[state=active]:shadow-xs text-slate-400 transition-all"> <Box className="h-3 w-3 mr-2" /> Productos (COGS) </TabsTrigger> <TabsTrigger value="integration" className="flex-1 rounded-md h-7 text-[8px] font-black uppercase tracking-widest data-[state=active]:bg-white data-[state=active]:text-rose-600 data-[state=active]:shadow-xs text-slate-400 transition-all"> <Zap className="h-3 w-3 mr-2" /> Integración </TabsTrigger> </TabsList> <TabsContent value="logistics" className="space-y-6"> <div className="grid grid-cols-1 md:grid-cols-2 xl:grid-cols-3 gap-4"> {/* ADD PROVIDER CARD - PREMIUM GLASS STYLE */} <div className="bg-slate-50/50 border-2 border-dashed border-slate-200 rounded-lg p-6 flex flex-col items-center justify-center gap-4 group hover:border-rose-400 hover:bg-rose-50/10 transition-all cursor-pointer shadow-xs active:scale-[0.98]" onClick={async () => { const name = prompt("Nombre del proveedor logístico (ej: DHL, Correos):"); if (name) { const toastId = toast.loading("Registrando nuevo proveedor..."); const result = await createFulfillmentRule(name); if (result?.success) { toast.success(`${name} registrado correctamente`, { id: toastId }); loadData(); } else { toast.error(result?.message || "Error al crear", { id: toastId }); } } }} > <div className="h-10 w-10 bg-white rounded-lg flex items-center justify-center border border-slate-100 shadow-sm group-hover:scale-110 group-hover:bg-rose-600 group-hover:text-white transition-all"> <Plus className="h-5 w-5" /> </div> <div className="text-center space-y-1"> <h3 className="text-[10px] font-black uppercase tracking-widest text-slate-900">Añadir Proveedor</h3> <p className="text-[7px] font-black text-slate-400 tracking-[0.2em] uppercase">Registrar Operador</p> </div> </div> {/* LIST OF PROVIDERS */} {rules.map((rule) => ( <Card key={rule.id} className="bg-white border border-slate-100 rounded-lg shadow-xs overflow-hidden group hover:shadow-sm transition-all"> <div className="p-4 space-y-4"> <div className="flex items-center justify-between"> <div className="flex items-center gap-3"> <div className="h-8 w-8 bg-slate-950 rounded-lg flex items-center justify-center text-sm shadow-sm"> {rule.provider === 'BEEPING' ? '🐝' : rule.provider === 'DROPI' ? '📦' : rule.provider === 'AMAZON' ? '☁️' : '🚚'} </div> <div> <h3 className="text-xs font-black uppercase tracking-tight text-slate-900 italic">{rule.provider}</h3> <Badge className="bg-emerald-50 text-emerald-600 border-none font-black text-[7px] uppercase px-1.5 h-4 flex items-center rounded-sm">Activo</Badge> </div> </div> <Button variant="ghost" size="icon" className="h-7 w-7 text-slate-300 hover:text-rose-500 hover:bg-rose-50 rounded-md transition-all" onClick={() => handleDeleteRule(rule.id)} > <Trash2 className="h-3 w-3" /> </Button> </div> <div className="grid grid-cols-2 gap-x-4 gap-y-3"> <div className="space-y-1.5"> <Label className="text-[7.5px] font-black uppercase text-slate-400 tracking-widest flex items-center gap-1.5"> <ArrowRight className="h-2.5 w-2.5 text-rose-500" /> Envío (Out) </Label> <div className="relative group/input"> <span className="absolute left-2.5 top-1/2 -translate-y-1/2 text-slate-300 font-black text-[10px]">€</span> <Input type="number" step="0.1" defaultValue={rule.baseShippingCost} className="pl-6 bg-slate-50 border-slate-100 h-8 font-black text-xs rounded-lg focus:bg-white focus:ring-4 focus:ring-rose-100 transition-all shadow-xs" onBlur={(e) => handleUpdateRule(rule.id, 'baseShippingCost', parseFloat(e.target.value))} /> </div> </div> <div className="space-y-1.5"> <Label className="text-[7.5px] font-black uppercase text-slate-400 tracking-widest flex items-center gap-1.5"> <RotateCcw className="h-2.5 w-2.5 text-rose-500" /> Dev (Return) </Label> <div className="relative group/input"> <span className="absolute left-2.5 top-1/2 -translate-y-1/2 text-slate-300 font-black text-[10px]">€</span> <Input type="number" step="0.1" defaultValue={rule.returnCost} className="pl-6 bg-slate-50 border-slate-100 h-8 font-black text-xs rounded-lg focus:bg-white focus:ring-4 focus:ring-rose-100 transition-all shadow-xs" onBlur={(e) => handleUpdateRule(rule.id, 'returnCost', parseFloat(e.target.value))} /> </div> </div> <div className="space-y-1.5"> <Label className="text-[7.5px] font-black uppercase text-slate-400 tracking-widest flex items-center gap-1.5"> <Box className="h-2.5 w-2.5" /> Caja </Label> <div className="relative group/input"> <span className="absolute left-2.5 top-1/2 -translate-y-1/2 text-slate-300 font-black text-[10px]">€</span> <Input type="number" step="0.01" defaultValue={rule.packagingCost || 0} className="pl-6 bg-slate-50 border-slate-100 h-8 font-black text-xs rounded-lg focus:bg-white focus:ring-4 focus:ring-blue-100 transition-all shadow-xs" onBlur={(e) => handleUpdateRule(rule.id, 'packagingCost', parseFloat(e.target.value))} /> </div> </div> <div className="space-y-1.5"> <Label className="text-[7.5px] font-black uppercase text-slate-400 tracking-widest flex items-center gap-1.5"> <Info className="h-2.5 w-2.5" /> Handling </Label> <div className="relative group/input"> <span className="absolute left-2.5 top-1/2 -translate-y-1/2 text-slate-300 font-black text-[10px]">€</span> <Input type="number" step="0.01" defaultValue={rule.handlingCost || 0} className="pl-6 bg-slate-50 border-slate-100 h-8 font-black text-xs rounded-lg focus:bg-white focus:ring-4 focus:ring-amber-100 transition-all shadow-xs" onBlur={(e) => handleUpdateRule(rule.id, 'handlingCost', parseFloat(e.target.value))} /> </div> </div> <div className="space-y-1.5"> <Label className="text-[7.5px] font-black uppercase text-slate-400 tracking-widest flex items-center gap-1.5"> <DollarSign className="h-2.5 w-2.5 text-emerald-500" /> COD Fee (F) </Label> <div className="relative group/input"> <span className="absolute left-2.5 top-1/2 -translate-y-1/2 text-slate-300 font-black text-[10px]">€</span> <Input type="number" step="0.01" defaultValue={rule.codFeeFixed || 0} className="pl-6 bg-slate-50 border-slate-100 h-8 font-black text-xs rounded-lg focus:bg-white focus:ring-4 focus:ring-emerald-100 transition-all shadow-xs" onBlur={(e) => handleUpdateRule(rule.id, 'codFeeFixed', parseFloat(e.target.value))} /> </div> </div> <div className="space-y-1.5"> <Label className="text-[7.5px] font-black uppercase text-slate-400 tracking-widest flex items-center gap-1.5"> <Percent className="h-2.5 w-2.5 text-emerald-500" /> COD Fee (%) </Label> <div className="relative group/input"> <span className="absolute left-2.5 top-1/2 -translate-y-1/2 text-slate-300 font-black text-[10px]">%</span> <Input type="number" step="0.1" defaultValue={rule.codFeePercent || 0} className="pl-6 bg-white border-slate-100 h-8 font-black text-xs rounded-lg focus:bg-white focus:ring-4 focus:ring-emerald-100 transition-all shadow-xs" onBlur={(e) => handleUpdateRule(rule.id, 'codFeePercent', parseFloat(e.target.value))} /> </div> </div> </div> <div className="pt-3 border-t border-slate-50"> <div className="flex items-center justify-between"> <span className="text-[8px] font-black text-slate-400 uppercase tracking-widest leading-none">Configuración IVA</span> <div className="w-20"> <Select defaultValue={(rule.taxPercent || 0).toString()} onValueChange={(val) => handleUpdateRule(rule.id, 'taxPercent', parseFloat(val))} > <SelectTrigger className="h-7 border border-slate-100 bg-slate-50 font-black text-[9px] rounded-md focus:ring-0 shadow-xs"> <SelectValue /> </SelectTrigger> <SelectContent className="bg-white border-slate-100 rounded-lg font-bold"> <SelectItem value="0" className="text-[9px]">IVA 0%</SelectItem> <SelectItem value="18" className="text-[9px]">Malta 18%</SelectItem> <SelectItem value="21" className="text-[9px]">España 21%</SelectItem> </SelectContent> </Select> </div> </div> </div> {/* NESTED PRODUCTS LIST */} <div className="mt-4 pt-4 border-t-2 border-dashed border-slate-50"> <div className="flex items-center justify-between mb-3"> <h4 className="text-[8px] font-black uppercase text-slate-400 tracking-widest flex items-center gap-2"> <Package className="h-2.5 w-2.5" /> Productos Asociados </h4> <Button variant="ghost" size="sm" className="h-5 w-5 p-0 rounded-full hover:bg-slate-100" onClick={() => { setSelectingProvider(rule.provider); setSearchQuery(""); }} > <Plus className="h-3 w-3 text-rose-500" /> </Button> </div> <div className="space-y-2"> {products.filter(p => { const prov = (p.inferredProvider || p.supplier?.name || "").toLowerCase(); const ruleProv = rule.provider.toLowerCase(); return prov.includes(ruleProv) || (rule.provider === 'GENERIC' && !prov); }).map(product => { const realPrice = product.realAvgPrice || product.finance?.sellingPrice || 0; const cost = product.finance?.unitCost || 0; const base = rule.baseShippingCost || 0; const pack = rule.packagingCost || 0; const hand = rule.handlingCost || 0; const tax = (rule.taxPercent || 0) / 100; const codFixed = rule.codFeeFixed || 0; const codPerc = (rule.codFeePercent || 0) / 100; const logisticsFull = (base + pack + hand) * (1 + tax); const codCost = codFixed + (realPrice * codPerc); const margin = realPrice - cost - logisticsFull - codCost; return ( <div key={product.id} className="bg-slate-50/50 rounded-lg p-2 flex items-center gap-2.5 group/prod hover:bg-rose-50/50 transition-colors border border-transparent hover:border-rose-100"> <div className="h-9 w-9 bg-white rounded-md overflow-hidden border border-slate-100 flex-shrink-0 shadow-xs"> {product.image ? <img src={product.image} className="w-full h-full object-cover" /> : <div className="w-full h-full bg-slate-50" />} </div> <div className="flex-1 min-w-0"> <div className="flex items-center justify-between"> <span className="text-[9px] font-black text-slate-800 truncate block max-w-[100px] italic">{product.title}</span> <Badge className={cn("text-[7px] px-1 h-3.5 border-none font-black flex items-center", margin > 0 ? "bg-emerald-50 text-emerald-600" : "bg-rose-50 text-rose-600")}> {margin > 0 ? "+" : ""}€{margin.toFixed(1)} </Badge> </div> <div className="flex items-center gap-2 mt-0.5"> <div className="relative w-16"> <Input type="number" step="0.01" defaultValue={cost} className="h-5 text-[8px] font-black bg-white border-slate-100 px-1 py-0 text-center focus:ring-1 focus:ring-rose-500 rounded-sm" placeholder="Coste" onBlur={(e) => handleUpdateProduct(product.id, 'unitCost', parseFloat(e.target.value))} /> </div> <span className="text-[7.5px] text-slate-400 font-bold uppercase tracking-tight">Avg €{realPrice.toFixed(1)}</span> </div> </div> </div> ); })} {products.filter(p => { const prov = (p.inferredProvider || p.supplier?.name || "").toLowerCase(); const ruleProv = rule.provider.toLowerCase(); return prov.includes(ruleProv) || (rule.provider === 'GENERIC' && !prov); }).length === 0 && ( <div className="text-[9px] text-slate-400 font-bold text-center py-2 italic bg-slate-50/50 rounded-lg border border-dashed border-slate-200"> Sin historial de pedidos con este proveedor </div> )} </div> </div> </div> </Card> ))} </div> </TabsContent> <TabsContent value="products" className="space-y-3"> <div className="bg-white border border-slate-100 rounded-lg shadow-xs overflow-hidden"> <div className="p-4 border-b border-slate-50 flex items-center justify-between"> <div> <h3 className="text-sm font-black uppercase tracking-tight text-slate-900 italic">Coste de Bienes Vendidos (COGS)</h3> <p className="text-[7px] font-black text-slate-400 uppercase tracking-[0.2em] mt-1 opacity-80 shadow-none">Gestión Individual de Márgenes por Producto</p> </div> <Badge variant="outline" className="h-5 text-[8px] font-black border-slate-200 text-slate-500 uppercase rounded-sm">Sync: Shopify API</Badge> </div> <div className="divide-y divide-slate-50"> {products.map((product) => ( <div key={product.id} className="p-4 flex flex-col gap-4 hover:bg-slate-50/30 transition-colors group"> <div className="flex flex-col md:flex-row items-center gap-6"> <div className="h-12 w-12 bg-white rounded-lg overflow-hidden border border-slate-100 group-hover:scale-105 transition-transform flex-shrink-0 shadow-xs"> {product.image ? ( <img src={product.image} className="w-full h-full object-cover" /> ) : ( <div className="w-full h-full flex items-center justify-center bg-slate-950 text-rose-400 font-black text-[8px]">?</div> )} </div> <div className="flex-1 min-w-0"> <h4 className="text-xs font-black text-slate-900 uppercase tracking-tight truncate italic">{product.title}</h4> <p className="text-[7px] font-black text-slate-400 uppercase tracking-[0.2em] mt-1">SKU: {product.sku || product.id.slice(-8).toUpperCase()}</p> </div> <div className="flex items-center gap-4"> <div className="space-y-1"> <Label className="text-[7px] font-black uppercase text-slate-400 tracking-widest leading-none">Coste Uni.</Label> <div className="relative w-20"> <span className="absolute left-2 top-1/2 -translate-y-1/2 text-slate-300 font-black text-[10px]">€</span> <Input type="number" step="0.01" defaultValue={product.finance?.unitCost || 0} className="pl-5 bg-slate-50 border-slate-100 font-black text-xs h-8 rounded-md focus:bg-white shadow-xs" onBlur={(e) => handleUpdateProduct(product.id, 'unitCost', parseFloat(e.target.value))} /> </div> </div> <div className="space-y-1"> <Label className="text-[7px] font-black uppercase text-slate-400 tracking-widest leading-none">PVP Venta</Label> <div className="relative w-20"> <span className="absolute left-2 top-1/2 -translate-y-1/2 text-slate-300 font-black text-[10px]">€</span> <Input type="number" step="0.01" defaultValue={product.finance?.sellingPrice || product.variants?.[0]?.price || 0} className="pl-5 bg-emerald-50/30 border-emerald-100 text-emerald-700 font-black text-xs h-8 rounded-md focus:bg-white shadow-xs" onBlur={(e) => handleUpdateProduct(product.id, 'sellingPrice', parseFloat(e.target.value))} /> </div> </div> <div className="space-y-1"> <Label className="text-[7px] font-black uppercase text-slate-400 tracking-widest leading-none">IVA %</Label> <div className="relative w-14"> <Input type="number" step="1" defaultValue={product.finance?.taxes || 0} className="bg-slate-50 border-slate-100 font-black text-xs h-8 rounded-md focus:bg-white shadow-xs text-center px-1" onBlur={(e) => handleUpdateProduct(product.id, 'taxes', parseFloat(e.target.value))} /> </div> </div> <div className="hidden lg:flex flex-col items-center justify-center p-2 bg-slate-950 rounded-lg min-w-[70px] shadow-sm"> <span className="text-[6px] font-black text-slate-500 uppercase tracking-widest">Margen</span> <span className="text-[11px] font-black text-rose-400 italic"> €{((product.finance?.sellingPrice || 0) - (product.finance?.unitCost || 0)).toFixed(1)} </span> </div> </div> </div> {/* FULFILLMENT COST LAYER (New Task 6.7) */} <div className="grid grid-cols-2 md:grid-cols-5 gap-3 p-3 bg-slate-50/80 rounded-lg border border-slate-100 shadow-sm"> <div className="space-y-1"> <Label className="text-[7.5px] font-black uppercase text-slate-400 tracking-widest flex items-center gap-1 leading-none"> <Truck className="h-2.5 w-2.5" /> Envío (Out) </Label> <div className="relative"> <span className="absolute left-2.5 top-1/2 -translate-y-1/2 text-slate-300 font-black text-[9px]">€</span> <Input type="number" step="0.01" defaultValue={product.finance?.shippingCost || 0} className="pl-5 bg-white border-slate-100 font-black text-[10px] h-7 rounded-md shadow-xs" onBlur={(e) => handleUpdateProduct(product.id, 'shippingCost', parseFloat(e.target.value))} /> </div> </div> <div className="space-y-1"> <Label className="text-[7.5px] font-black uppercase text-slate-400 tracking-widest flex items-center gap-1 leading-none"> <RotateCcw className="h-2.5 w-2.5" /> Dev (Ret) </Label> <div className="relative"> <span className="absolute left-2.5 top-1/2 -translate-y-1/2 text-slate-300 font-black text-[9px]">€</span> <Input type="number" step="0.01" defaultValue={product.finance?.returnCost || 0} className="pl-5 bg-white border-slate-100 font-black text-[10px] h-7 rounded-md shadow-xs" onBlur={(e) => handleUpdateProduct(product.id, 'returnCost', parseFloat(e.target.value))} /> </div> </div> <div className="space-y-1"> <Label className="text-[7.5px] font-black uppercase text-slate-400 tracking-widest flex items-center gap-1 leading-none"> <Package className="h-2.5 w-2.5" /> Embalaje </Label> <div className="relative"> <span className="absolute left-2.5 top-1/2 -translate-y-1/2 text-slate-300 font-black text-[9px]">€</span> <Input type="number" step="0.01" defaultValue={product.finance?.packagingCost || 0} className="pl-5 bg-white border-slate-100 font-black text-[10px] h-7 rounded-md shadow-xs" onBlur={(e) => handleUpdateProduct(product.id, 'packagingCost', parseFloat(e.target.value))} /> </div> </div> <div className="space-y-1"> <Label className="text-[7.5px] font-black uppercase text-slate-400 tracking-widest flex items-center gap-1 leading-none"> <Percent className="h-2.5 w-2.5" /> COD Fee </Label> <div className="relative"> <span className="absolute left-2.5 top-1/2 -translate-y-1/2 text-slate-300 font-black text-[9px]">€</span> <Input type="number" step="0.01" defaultValue={product.finance?.codFee || 0} className="pl-5 bg-white border-slate-100 font-black text-[10px] h-7 rounded-md shadow-xs" onBlur={(e) => handleUpdateProduct(product.id, 'codFee', parseFloat(e.target.value))} /> </div> </div> <div className="space-y-1"> <Label className="text-[7.5px] font-black uppercase text-slate-400 tracking-widest flex items-center gap-1 leading-none"> <ShieldCheck className="h-2.5 w-2.5" /> Seguro </Label> <div className="relative"> <span className="absolute left-2.5 top-1/2 -translate-y-1/2 text-slate-300 font-black text-[9px]">€</span> <Input type="number" step="0.01" defaultValue={product.finance?.insuranceFee || 0} className="pl-5 bg-white border-slate-100 font-black text-[10px] h-7 rounded-md shadow-xs" onBlur={(e) => handleUpdateProduct(product.id, 'insuranceFee', parseFloat(e.target.value))} /> </div> </div> </div> </div> ))} </div> </div> </TabsContent> <TabsContent value="integration" className="max-w-3xl"> <Card className="bg-slate-950 border-none rounded-lg overflow-hidden shadow-sm"> <div className="p-6 border-b border-white/5 bg-gradient-to-br from-rose-900/10 to-transparent"> <h3 className="text-sm font-black uppercase tracking-tight text-white flex items-center gap-2 italic"> <Zap className="h-4 w-4 text-rose-400" /> Webhooks Maestros <span className="text-blue-500 not-italic ml-1">v2.1</span> </h3> <p className="text-[7px] font-black text-slate-500 uppercase tracking-[0.2em] mt-1 opacity-80">Conexión Directa Global Listener</p> </div> <div className="p-6 space-y-4"> {providersWebhooks.map((p) => ( <div key={p.name} className="bg-white/[0.03] rounded-lg p-4 border border-white/5 flex items-center gap-4 hover:bg-white/[0.05] transition-all group"> <div className="h-10 w-10 bg-white/5 rounded-lg flex items-center justify-center text-lg shadow-sm group-hover:bg-rose-600 transition-all"> {p.icon} </div> <div className="flex-1 min-w-0"> <h4 className="text-[10px] font-black text-white uppercase tracking-widest italic">{p.name} Operational Socket</h4> <div className="mt-1.5 group/code relative"> <code className="text-[9px] font-mono text-rose-300 block bg-black/40 p-2 rounded-md border border-white/5 truncate max-w-full italic"> {p.url} </code> </div> </div> <Button variant="secondary" onClick={() => { navigator.clipboard.writeText(p.url); toast.success(`${p.name} Webhook copiado`); }} className="h-8 px-4 bg-white text-slate-950 hover:bg-rose-50 font-black uppercase text-[8px] tracking-widest rounded-md transition-all shadow-sm shrink-0" > <Copy className="h-3 w-3 mr-2" /> Copiar </Button> </div> ))} </div> <div className="p-4 bg-black/40 border-t border-white/5"> <div className="flex items-center gap-3 text-[7px] font-black text-slate-600 uppercase tracking-[0.2em]"> <div className="flex items-center gap-1.5"> <ShieldCheck className="h-3 w-3 text-emerald-500/50" /> Secure SSL </div> <div className="h-1 w-1 rounded-full bg-slate-800" /> <div className="flex items-center gap-1.5"> <Globe className="h-3 w-3 text-blue-500/50" /> Ops Cluster v2 </div> </div> </div> </Card> </TabsContent> </Tabs > {/* PRODUCT SELECTOR DIALOG */} <Dialog open={!!selectingProvider} onOpenChange={(open) => !open && setSelectingProvider(null)}> <DialogContent className="max-w-lg bg-white p-0 overflow-hidden gap-0 rounded-lg border-none shadow-sm"> <DialogHeader className="p-4 border-b border-slate-50 bg-slate-50/50"> <DialogTitle className="text-sm font-black uppercase text-slate-800 tracking-tight flex items-center gap-2 italic"> <Plus className="h-4 w-4 text-rose-600" /> Vincular a {selectingProvider} <span className="text-slate-400 ml-2 text-[9px] not-italic">({products.length} productos)</span> </DialogTitle> </DialogHeader> <div className="p-3 bg-white border-b border-slate-50"> <div className="relative"> <Search className="absolute left-2.5 top-2.5 h-3.5 w-3.5 text-slate-400" /> <Input autoFocus placeholder="Filtrar por nombre o SKU..." className="pl-8 h-9 bg-slate-50 border-slate-100 font-bold text-xs text-slate-700 rounded-md shadow-xs" value={searchQuery} onChange={(e) => setSearchQuery(e.target.value)} /> </div> </div> <ScrollArea className="h-[400px] w-full px-4 pb-4"> <div className="space-y-2"> {products .filter(p => { const q = searchQuery.toLowerCase(); const title = (p.title || "").toLowerCase(); const sku = (p.sku || "").toLowerCase(); return !q || title.includes(q) || sku.includes(q); }) .map(product => { // Check if already linked to THIS provider to disable/hide? // User might want to MOVE it, so let's allow "re-linking" const isLinked = (product.inferredProvider || product.supplier?.name || "") === selectingProvider; return ( <div key={product.id} onClick={async () => { if (!selectingProvider) return; const tid = toast.loading(`Asignando...`); try { const res = await setProductProvider(product.id, selectingProvider); if (res.success) { toast.success("Producto asignado", { id: tid }); loadData(); setSelectingProvider(null); } else { toast.error(res.message || "Error", { id: tid }); } } catch (err: any) { toast.error("Error de red", { id: tid }); } }} className={cn( "flex items-center gap-3 p-2 rounded-lg cursor-pointer transition-all border border-transparent shadow-xs mb-1", isLinked ? "bg-emerald-50/50 opacity-50 cursor-default" : "hover:bg-rose-50 hover:border-rose-100 bg-white border-slate-100" )} > <div className="h-9 w-9 bg-white rounded-md overflow-hidden flex-shrink-0 border border-slate-100 shadow-xs"> {product.image ? <img src={product.image} className="w-full h-full object-cover" /> : <div className="w-full h-full bg-slate-50" />} </div> <div className="flex-1 min-w-0"> <h4 className="text-[10px] font-black text-slate-800 truncate italic">{product.title}</h4> <div className="flex items-center gap-2 mt-0.5"> <Badge variant="secondary" className="text-[7.5px] h-4 rounded-sm text-slate-400 font-black bg-slate-100 border-none"> {product.sku || "N/A"} </Badge> {(product.supplier?.name || product.inferredProvider) && ( <span className="text-[7.5px] text-slate-400 font-black uppercase opacity-60"> Ref: {product.inferredProvider || product.supplier?.name} </span> )} </div> </div> {isLinked && <Badge className="bg-emerald-500 text-white text-[7px] font-black h-4 px-1 rounded-sm border-none shadow-sm">VINCULADO</Badge>} </div> ); })} {products.filter(p => { const q = searchQuery.toLowerCase(); const title = (p.title || "").toLowerCase(); const sku = (p.sku || "").toLowerCase(); return !q || title.includes(q) || sku.includes(q); }).length === 0 && ( <div className="text-center py-10 space-y-3"> <p className="text-slate-400 font-black text-[9px] uppercase tracking-[0.2em] italic">No Match Found</p> <Button onClick={async () => { const tid = toast.loading("Sincronizando Shopify..."); const res = await syncShopifyProducts(); if (res.success) { toast.success(`${res.count} productos sync`, { id: tid }); loadData(); } else { toast.error(res.message, { id: tid }); } }} className="bg-rose-600 hover:bg-rose-700 text-white font-black uppercase text-[8px] tracking-widest h-8 rounded-lg px-4 shadow-sm" > <RefreshCw className="h-3 w-3 mr-2" /> Sincronizar Catálogo </Button> </div> )} </div> </ScrollArea> </DialogContent> </Dialog> </div > );[39m
[31m[1m>[22m[39m[90m 17 |[39m } 
 [90m    |[39m  [31m[1m^[22m[39m[0m

Expected a semicolon


./src/app/marketing/mvp-wizard/actions.ts:6:1
Parsing ecmascript source code failed
[0m [90m 4 |[39m [36mimport[39m { generateProLayout[33m,[39m pushToShopify } [36mfrom[39m [32m"../../marketing/landing-lab/actions"[39m[33m;[39m
 [90m 5 |[39m [90m// DriveSync will be imported dynamically export async function launchMVPRapidly(storeId: string, data: { title: string; description: string; imageUrl?: string; country: string; niche?: string; unitCost: number; shippingCost: number; returnCost: number; vatPercent: number; isCod: boolean;[39m
[31m[1m>[22m[39m[90m 6 |[39m }) { console[33m.[39mlog([32m`🚀 [MVP Rapid Launch] Starting for: ${data.title}`[39m)[33m;[39m [36mtry[39m { [90m// 1. Create Product const product = await prisma.product.create({ data: { storeId, title: data.title, description: data.description, imageUrl: data.imageUrl, unitCost: data.unitCost, shippingCost: data.shippingCost, returnCost: data.returnCost, vatPercent: data.vatPercent, status: 'ACTIVE', tags: `${data.country}, ${data.niche || 'General'}, ${data.isCod ? 'COD' : 'PREPAID'}` } }); // 2. Start Deep Research (Async/Background-ish but we wait for essential part) const orchestrator = new ResearchOrchestrator(product.id); const researchResult = await orchestrator.runFullResearch(); // 3. Generate Ads (Static variants) await generateStaticAds(product.id); // 4. Generate Landing Landing Pages const layout = await generateProLayout({ type: 'PRODUCT_PAGE', productId: product.id, useProSections: true }); // 5. Drive Sync try { const googleConn = await prisma.connection.findFirst({ where: { provider: "GOOGLE", isActive: true } }); if (googleConn && googleConn.accessToken) { const { DriveSync } = await import("../../../lib/research/drive-sync"); const ds = new DriveSync(googleConn.accessToken, googleConn.apiSecret || undefined); await ds.createProductStructure(product.id, data.title); } } catch (e) { console.error("Drive Sync failed, continuing...", e); } return { success: true, productId: product.id, runId: 'runId' in researchResult ? researchResult.runId : undefined }; } catch (error: any) { console.error("🛑 [MVP Rapid Launch] FAILED:", error); return { success: false, error: error.message }; }[39m
 [90m   |[39m [31m[1m^[22m[39m
 [90m 7 |[39m }
 [90m 8 |[39m[0m

Expression expected

Import traces:
  Client Component Browser:
    ./src/app/marketing/mvp-wizard/actions.ts [Client Component Browser]
    ./src/app/marketing/mvp-wizard/MVPWizard.tsx [Client Component Browser]
    ./src/app/marketing/mvp-wizard/MVPWizard.tsx [Server Component]
    ./src/app/marketing/mvp-wizard/page.tsx [Server Component]

  Client Component SSR:
    ./src/app/marketing/mvp-wizard/actions.ts [Client Component SSR]
    ./src/app/marketing/mvp-wizard/MVPWizard.tsx [Client Component SSR]
    ./src/app/marketing/mvp-wizard/MVPWizard.tsx [Server Component]
    ./src/app/marketing/mvp-wizard/page.tsx [Server Component]


./src/app/marketing/video-lab/MaestroWorkspace.tsx:26:283
Parsing ecmascript source code failed
[0m [90m 24 |[39m } [36mexport[39m [36mdefault[39m [36mfunction[39m [33mMaestroWorkspace[39m({ initialProducts }[33m:[39m [33mMaestroWorkspaceProps[39m) { [36mconst[39m searchParams [33m=[39m useSearchParams()[33m;[39m [36mconst[39m router [33m=[39m useRouter()[33m;[39m [36mconst[39m pathname [33m=[39m usePathname()[33m;[39m [90m// Global State const queryProductId = searchParams.get("productId"); const [selectedProduct, setSelectedProduct] = useState(queryProductId || initialProducts[0]?.id || ""); const [platform, setPlatform] = useState("TIKTOK"); const [language, setLanguage] = useState("ES"); const [avatarId, setAvatarId] = useState<string>("default"); // Project State const [projectId, setProjectId] = useState<string | null>(null); const [projectState, setProjectState] = useState<any>(null); const [activeTab, setActiveTab] = useState("espia"); // Nueva tab por defecto const [currentAssetId, setCurrentAssetId] = useState<string | null>(null); const [maestroScript, setMaestroScript] = useState<string>(""); // Status Flags const [isIngesting, setIsIngesting] = useState(false); const [isAnalyzing, setIsAnalyzing] = useState(false); const [isGeneratingScript, setIsGeneratingScript] = useState(false); const [isGeneratingVariant, setIsGeneratingVariant] = useState(false); const [analysisResult, setAnalysisResult] = useState<any>(null); // URL Synchronization & State Hydration useEffect(() => { if (selectedProduct) { if (selectedProduct !== queryProductId) { const params = new URLSearchParams(searchParams); params.set("productId", selectedProduct); router.replace(`${pathname}?${params.toString()}`); } // Load project if exists for this product (simple logic: find latest) } }, [selectedProduct, queryProductId, pathname, router, searchParams]); const loadProjectState = async (id: string) => { const state = await getMaestroProjectState(id); setProjectState(state); if (state?.maestroScripts?.length) { setMaestroScript(state.maestroScripts[state.maestroScripts.length - 1].content); } }; useEffect(() => { if (projectId) { loadProjectState(projectId); } }, [projectId]); // Initial Project Creation (Lazy or Explicit) const ensureProject = async (): Promise<string | null> => { if (projectId) return projectId; try { const prod = initialProducts.find(p => p.id === selectedProduct); const res = await createMaestroProject({ name: `Proyecto Maestro ${prod?.title || 'Untitled'}`, productId: selectedProduct, platform, language }); setProjectId(res.id); toast.success("Proyecto Maestro Inicializado"); return res.id; } catch (e) { toast.error("Error al crear proyecto"); return null; } }; const handleIngest = async (file: File) => { setIsIngesting(true); const pid = await ensureProject(); if (!pid) { setIsIngesting(false); return; } try { const asset = await ingestVideoAsset(pid, file.name, file.type); setCurrentAssetId(asset.id); toast.success("Video Ingestado con éxito. Listo para análisis."); setActiveTab("analisis"); } catch (e: any) { toast.error("Error en Ingesta: " + e.message); } finally { setIsIngesting(false); } }; const handleAnalyze = async () => { if (!currentAssetId) { toast.error("No hay video seleccionado para analizar."); return; } setIsAnalyzing(true); try { await analyzeVideoAsset(currentAssetId); setAnalysisResult({ ready: true, hooks: [ { id: 1, score: 9.5, text: "Stop scrolling right now!" }, { id: 2, score: 8.0, text: "This product changed my life..." }, { id: 3, score: 9.0, text: "Click the link below." } ] }); toast.success("Análisis Gemini Vision Completado"); setActiveTab("guiones"); } catch (e: any) { toast.error("Error en Análisis: " + e.message); } finally { setIsAnalyzing(false); } }; const handleGenerateScript = async () => { if (!projectId) return; setIsGeneratingScript(true); try { // Context from product brain if available const prod = initialProducts.find(p => p.id === selectedProduct); const res = await generateMaestroScripts(projectId, `Generar guion viral para ${prod?.title}. Plataforma: ${platform}. Idioma: ${language}.`); if (res.success) { toast.success("Guiones Generados con Éxito"); loadProjectState(projectId); setActiveTab("guiones"); } } catch (e: any) { toast.error("Error generando guion: " + e.message); } finally { setIsGeneratingScript(false); } } const handleGenerateVariant = async (data: any) => { if (!projectId) return; setIsGeneratingVariant(true); try { const res = await generateMaestroVariant({ projectId, ...data }); if (res.success) { toast.success("Variante Generada!"); loadProjectState(projectId); } else { toast.error("Error: " + res.error); } } catch (e: any) { toast.error("Error: " + e.message); } finally { setIsGeneratingVariant(false); } }; const handleAddCaptions = async (assetId: string) => { toast.info("Generando subtítulos con Gemini Vision..."); try { const res = await addCaptionsToMaestroAsset(assetId); if (res.success) { toast.success("Video Subtitulado con Éxito!"); if (projectId) loadProjectState(projectId); } else { toast.error("Error: " + res.error); } } catch (e: any) { toast.error("Error: " + e.message); } }; return ( <div className="flex-1 bg-transparent text-slate-900 font-sans selection:bg-rose-500/30 overflow-x-hidden flex flex-col"> {/* 1. MAESTRO HEADER */} <header className="border-b border-white/40 bg-white/20 xl> <div className="flex items-center gap-3"> <div className="w-8 h-8 rounded-xl bg-slate-900 flex items-center justify-center shadow-sm"> <Wand2 className="w-4 h-4 text-white" /> </div> <div className="flex flex-col"> <h1 className="text-[10px] font-black tracking-widest text-slate-900 uppercase italic"> Video Lab <span className="text-rose-500">Maestro</span> </h1> <div className="flex items-center gap-2 mt-0.5"> <p className="text-[7px] text-slate-400 font-bold uppercase tracking-[0.2em]">Cerebro Híbrido V.4.2</p> <Badge className="h-3.5 bg-emerald-500/10 text-emerald-600 border-none px-1 py-0 text-[6px] font-black uppercase tracking-widest">SISTEMA ONLINE</Badge> </div> </div> </div> {/* CONTROLES GLOBALES DEL AGENTE */} <div className="flex items-center gap-1.5 bg-white/40 p-1 rounded-2xl border border-white/60 shadow-sm"> <div className="flex items-center px-4 h-7"> <Database className="w-3.5 h-3.5 text-rose-500 mr-2" /> <Select value={selectedProduct} onValueChange={setSelectedProduct}> <SelectTrigger className="w-[160px] h-7 bg-transparent border-none text-[9px] font-black uppercase tracking-widest focus:ring-0"> <SelectValue placeholder="Producto" /> </SelectTrigger> <SelectContent className="bg-white/90 2xl> {initialProducts.map(p => ( <SelectItem key={p.id} value={p.id} className="text-[9px] font-black uppercase tracking-widest">{p.title}</SelectItem> ))} </SelectContent> </Select> </div> <div className="w-px h-3 bg-slate-200" /> <Select value={platform} onValueChange={setPlatform}> <SelectTrigger className="w-[100px] h-7 bg-transparent border-none text-[9px] font-black uppercase tracking-widest focus:ring-0"> <div className="flex items-center gap-2"> <Globe className="w-3 h-3 text-slate-400" /> <SelectValue /> </div> </SelectTrigger> <SelectContent className="bg-white/90 2xl> <SelectItem value="TIKTOK" className="text-[9px] font-black uppercase tracking-widest">TikTok</SelectItem> <SelectItem value="META" className="text-[9px] font-black uppercase tracking-widest">Meta Ads</SelectItem> <SelectItem value="YOUTUBE" className="text-[9px] font-black uppercase tracking-widest">YouTube</SelectItem> </SelectContent> </Select> <div className="w-px h-3 bg-slate-200" /> <Select value={avatarId} onValueChange={setAvatarId}> <SelectTrigger className="w-[140px] h-7 bg-transparent border-none text-[9px] font-black uppercase tracking-widest focus:ring-0"> <div className="flex items-center gap-2"> <UserSquare2 className="w-3.5 h-3.5 text-rose-500" /> <span>Avatar Studio</span> </div> </SelectTrigger> <SelectContent className="bg-white/90 2xl> <SelectItem value="default" className="text-[9px] font-black uppercase tracking-widest">SARA V2 (Global)</SelectItem> </SelectContent> </Select> </div> <div className="flex items-center gap-3"> <Badge variant={projectId ? "default" : "secondary"} className={cn( "h-6 text-[8px] font-black tracking-[0.2em] uppercase px-3 rounded-full flex gap-2 items-center", projectId ? "bg-rose-500 text-white shadow-sm" : "bg-slate-100/50 text-slate-400 border border-slate-200" )}> {projectId ? <Zap className="w-2.5 h-2.5 fill-current" /> : null} {projectId ? "MOTOR ACTIVO" : "AGENTE EN ESPERA"} </Badge> </div> </header> {/* 2. MAESTRO TABS */} <div className="flex-1 max-w-[1800px] mx-auto w-full p-4 overflow-hidden flex flex-col pt-0"> <Tabs value={activeTab} onValueChange={setActiveTab} className="h-full flex flex-col"> <div className="flex items-center justify-between border-b border-slate-100/50 py-1 mb-4"> <TabsList className="bg-transparent h-9 gap-0"> <MaestroTabTrigger value="espia" icon={Eye} label="ESPÍA" /> <MaestroTabTrigger value="cerebro" icon={BrainCircuit} label="CEREBRO" /> <MaestroTabTrigger value="escritor" icon={FileText} label="ESCRITOR" /> <MaestroTabTrigger value="identidad" icon={Users} label="AVATAR" /> <MaestroTabTrigger value="fabrica" icon={Zap} label="FÁBRICA" /> <MaestroTabTrigger value="director" icon={Sparkles} label="DIRECTOR AGENTE" /> <MaestroTabTrigger value="biblioteca" icon={Database} label="BIBLIOTECA" /> </TabsList> <div className="flex items-center gap-3"> <Button variant="ghost" size="sm" className="h-7 text-[8px] font-black uppercase tracking-widest text-emerald-600 bg-emerald-50/50 hover:bg-emerald-50 gap-2 rounded-xl" onClick={async () => { toast.info("Ejecutando diagnóstico..."); await verifySystemHealth(); toast.success("Todos los sistemas activos"); }} > <Zap className="w-2.5 h-2.5 fill-emerald-600" /> SISTEMA ACTIVO </Button> </div> </div> {/* CONTENT PANELS */} <div className="flex-1 min-h-0 relative"> {/* 🕵️ ESPÍA: Ingesta Foreplay Style */} <TabsContent value="espia" className="h-full m-0 space-y-4 animate-in fade-in slide-in-from-bottom-2 duration-300"> <EspiaPanel onSelect={(item) => { toast.success("Anuncio seleccionado para análisis."); setActiveTab("cerebro"); }} /> </TabsContent> {/* 🧠 CEREBRO: Análisis y Visión */} <TabsContent value="cerebro" className="h-full m-0 space-y-4 animate-in fade-in slide-in-from-bottom-2 duration-300"> <div className="grid grid-cols-1 md:grid-cols-2 gap-4"> <IngestPanel onIngest={handleIngest} isIngesting={isIngesting} /> <AnalyzePanel onAnalyze={handleAnalyze} isAnalyzing={isAnalyzing} result={analysisResult} hasAsset={!!currentAssetId} /> </div> </TabsContent> {/* ✍️ ESCRITOR: Editor de Guiones */} <TabsContent value="escritor" className="h-full m-0 space-y-4 animate-in fade-in slide-in-from-bottom-2 duration-300"> <ScriptPanel isGenerating={isGeneratingScript} onGenerate={handleGenerateScript} script={maestroScript} /> </TabsContent> {/* 👤 IDENTIDAD: Avatars & Voice */} <TabsContent value="identidad" className="h-full m-0 flex flex-col animate-in fade-in slide-in-from-bottom-2 duration-300"> <Suspense fallback={<div className="flex-1 flex items-center justify-center"><Loader2 className="w-8 h-8 animate-spin text-rose-500" /></div>}> <IdentidadPanel /> </Suspense> </TabsContent> {/* 🏭 FÁBRICA: Producción Masiva */} <TabsContent value="fabrica" className="h-full m-0 space-y-4 animate-in fade-in slide-in-from-bottom-2 duration-300"> <div className="space-y-6"> <CreativeFactoryPanel productId={selectedProduct} productName={initialProducts.find(p => p.id === selectedProduct)?.title || "Producto"} /> <VariantsPanel variants={projectState?.maestroVariants || []} onGenerate={handleGenerateVariant} onAddCaptions={handleAddCaptions} isGenerating={isGeneratingVariant} defaultScript={maestroScript} /> </div> </TabsContent> {/* 🤖 DIRECTOR AGENTE */} <TabsContent value="director" className="h-full m-0 space-y-4 animate-in fade-in slide-in-from-bottom-2 duration-300"> <DirectorPanel /> </TabsContent> {/* 📂 BIBLIOTECA */} <TabsContent value="biblioteca" className="h-full m-0 space-y-4 animate-in fade-in slide-in-from-bottom-2 duration-300"> <BibliotecaPanel productId={selectedProduct} /> </TabsContent> </div> </Tabs> </div> </div> );[39m
 [90m 25 |[39m } [36mfunction[39m [33mMaestroTabTrigger[39m({ value[33m,[39m icon[33m:[39m [33mIcon[39m[33m,[39m label }[33m:[39m { value[33m:[39m string[33m,[39m icon[33m:[39m any[33m,[39m label[33m:[39m string }) { [36mreturn[39m ( [33m<[39m[33mTabsTrigger[39m value[33m=[39m{value} className[33m=[39m[32m"rounded-none border-b-2 border-transparent data-[state=active]:border-rose-500 data-[state=active]:bg-rose-500/5 px-6 h-10 text-[9px] font-black uppercase tracking-[0.2em] text-slate-400 data-[state=active]:text-slate-900 transition-all gap-2"[39m [33m>[39m [33m<[39m[33mIcon[39m className[33m=[39m[32m"w-3.5 h-3.5 opacity-70"[39m [33m/[39m[33m>[39m {label} [33m<[39m[33m/[39m[33mTabsTrigger[39m[33m>[39m )[33m;[39m
[31m[1m>[22m[39m[90m 26 |[39m } [36mfunction[39m [33mIngestPanel[39m({ onIngest[33m,[39m isIngesting }[33m:[39m { onIngest[33m:[39m (f[33m:[39m [33mFile[39m) [33m=>[39m [36mvoid[39m[33m,[39m isIngesting[33m:[39m boolean }) { [36mconst[39m fileInput [33m=[39m useRef[33m<[39m[33mHTMLInputElement[39m[33m>[39m([36mnull[39m)[33m;[39m [36mconst[39m handleFile [33m=[39m (e[33m:[39m [33mReact[39m[33m.[39m[33mChangeEvent[39m[33m<[39m[33mHTMLInputElement[39m[33m>[39m) [33m=>[39m { [36mif[39m (e[33m.[39mtarget[33m.[39mfiles[33m?[39m[33m.[39m[[35m0[39m]) { onIngest(e[33m.[39mtarget[33m.[39mfiles[[35m0[39m])[33m;[39m } } [36mreturn[39m ( [33m<[39m[33mdiv[39m className[33m=[39m[32m"grid grid-cols-12 gap-4 h-full"[39m[33m>[39m [33m<[39m[33mdiv[39m className[33m=[39m[32m"col-span-4 bg-white/20 xl> <div className="[39mspace[33m-[39my[33m-[39m[35m1[39m border[33m-[39mb border[33m-[39mwhite[33m/[39m[35m20[39m pb[33m-[39m[35m4[39m[32m"> <h3 className="[39mtext[33m-[39m[[35m10[39mpx] font[33m-[39mblack text[33m-[39mslate[33m-[39m[35m900[39m uppercase italic tracking[33m-[39mwidest[32m">Referencia Maestra</h3> <p className="[39mtext[33m-[39m[[35m8[39mpx] text[33m-[39mslate[33m-[39m[35m400[39m font[33m-[39mbold uppercase tracking[33m-[39m[[35m0.2[39mem][32m">Ingesta de Inteligencia Visual</p> </div> <input type="[39mfile[32m" ref={fileInput} className="[39mhidden[32m" accept="[39mvideo[90m/*" onChange={handleFile} /> <div onClick={() => fileInput.current?.click()} className="bg-white/40 border-slate-200 border-dashed border-2 hover:border-rose-500 hover:bg-white transition-all cursor-pointer group rounded-3xl overflow-hidden" > <div className="flex flex-col items-center justify-center h-44 gap-4 p-5"> {isIngesting ? ( <div className="flex flex-col items-center gap-3"> <RefreshCw className="w-10 h-10 text-rose-500 animate-spin" /> <span className="text-[9px] text-rose-500 font-black uppercase tracking-widest animate-pulse">Analizando Activo...</span> </div> ) : ( <> <div className="w-14 h-14 rounded-2xl bg-slate-900 flex items-center justify-center shadow-sm group-hover:scale-110 transition-all duration-500"> <Upload className="w-6 h-6 text-white" /> </div> <div className="text-center space-y-1"> <p className="text-[10px] font-black text-slate-900 uppercase tracking-widest">Sincronizar Video</p> <p className="text-[7px] text-slate-400 font-bold uppercase tracking-[0.15em]">MP4, MOV • Máx 500MB</p> </div> </> )} </div> </div> <div className="grid grid-cols-2 gap-2"> <Button variant="outline" className="border-white/40 bg-white/60 hover:bg-rose-50 text-slate-900 h-10 text-[9px] font-black uppercase tracking-widest rounded-2xl transition-all shadow-sm"> <Play className="w-3 h-3 mr-2 text-rose-500 fill-rose-500" /> TikTok </Button> <Button variant="outline" className="border-white/40 bg-white/60 hover:bg-rose-50 text-slate-900 h-10 text-[9px] font-black uppercase tracking-widest rounded-2xl transition-all shadow-sm"> <MonitorPlay className="w-3 h-3 mr-2 text-rose-500 fill-rose-500" /> Meta Ads </Button> </div> </div> <div className="col-span-8 bg-white/20 xl> <div className="flex items-center justify-between mb-8"> <div className="flex items-center gap-3"> <div className="w-8 h-8 rounded-xl bg-rose-500/10 flex items-center justify-center"> <Layers className="w-4 h-4 text-rose-500" /> </div> <div> <h3 className="text-xs font-black text-slate-900 uppercase italic tracking-tight">Cola de Procesamiento</h3> <p className="text-[8px] text-slate-400 font-bold uppercase tracking-widest">Estado del Renderizado Híbrido</p> </div> </div> <Badge className="bg-rose-500 text-white border-none font-black h-6 px-4 rounded-full text-[9px] tracking-widest"> {isIngesting ? "1 ACTIVO" : "0 ACTIVOS"} </Badge> </div> <div className="flex-1 flex flex-col items-center justify-center text-slate-400 gap-5 border-2 border-dashed border-white/40 rounded-[2.5rem] bg-slate-50/10 min-h-[300px]"> <Database className="w-12 h-12 opacity-10" /> <div className="text-center"> <p className="text-[10px] font-black uppercase tracking-[0.2em] text-slate-300"> {isIngesting ? "Procesando flujo de datos..." : "Cola de Trabajo Vacía"} </p> {!isIngesting && <p className="text-[8px] font-bold text-slate-200 uppercase tracking-widest mt-2">Los activos aparecerán aquí tras la ingesta</p>} </div> </div> </div> </div> );[39m
 [90m    |[39m                                                                                                                                                                                                                                                                                           [31m[1m^[22m[39m[31m[1m^[22m[39m[31m[1m^[22m[39m[31m[1m^[22m[39m[31m[1m^[22m[39m[31m[1m^[22m[39m
 [90m 27 |[39m [90m} function AnalyzePanel({ onAnalyze, isAnalyzing, result, hasAsset }: any) { return ( <div className="grid grid-cols-12 gap-5 h-full"> <div className="col-span-12 md:col-span-8 lg:col-span-9 space-y-4"> <div className="bg-white/20 xl> <div className="absolute top-0 left-0 w-full h-1 bg-gradient-to-r from-transparent via-rose-500/20 to-transparent" /> {result ? ( <div className="text-center p-12 animate-in fade-in zoom-in duration-700"> <div className="w-20 h-20 rounded-[2rem] bg-emerald-500 text-white flex items-center justify-center mx-auto mb-8 shadow-[0_20px_50px_rgba(16,185,129,0.3)]"> <CheckCircle2 className="w-10 h-10" /> </div> <h3 className="text-2xl font-black text-slate-900 tracking-tight uppercase italic leading-none">Análisis Maestro Completado</h3> <div className="flex flex-col items-center gap-3 mt-6"> <Badge className="bg-emerald-500/10 text-emerald-600 border border-emerald-500/20 font-black px-4 py-1 text-[10px] tracking-widest rounded-full">INTELIGENCIA CONFIRMADA</Badge> <p className="text-[11px] text-slate-500 font-bold uppercase tracking-[0.15em] max-w-[400px]">Se han detectado {result.hooks.length} Ganchos Virales de alta retención optimizados para el algoritmo.</p> </div> </div> ) : ( <div className="text-center space-y-8 z-10 px-8"> <div className="w-16 h-16 rounded-[1.5rem] bg-white flex items-center justify-center mx-auto border border-white shadow-sm"> {isAnalyzing ? <RefreshCw className="w-7 h-7 text-rose-500 animate-spin" /> : <Brain className="w-7 h-7 text-rose-500" />} </div> <div> <h3 className="text-2xl font-black tracking-widest uppercase italic leading-none">Gemini 3.5 <span className="text-rose-500">Vision</span> Ready</h3> <p className="text-slate-400 text-[10px] font-bold uppercase tracking-[0.2em] mt-4 max-w-[360px] mx-auto leading-relaxed opacity-80"> {hasAsset ? "El activo visual ha sido sincronizado correctamente. El Agente Maestro procederá a la extracción de triggers psicológicos." : "Sincroniza un activo visual en la pestaña de Ingesta para iniciar el protocolo."} </p> </div> {hasAsset && ( <Button onClick={onAnalyze} disabled={isAnalyzing} className="bg-slate-900 hover:bg-black text-white shadow-[0_20px_40px_rgba(0,0,0,0.2)] h-12 px-10 font-black uppercase text-[10px] tracking-[0.3em] rounded-[1.5rem] transition-all group gap-3" > {isAnalyzing ? "PROCESANDO MATRIZ..." : "INICIAR ANÁLISIS PROFUNDO"} {!isAnalyzing && <Sparkles className="w-4 h-4 text-rose-500 group-hover:animate-pulse" />} </Button> )} </div> )} </div> </div> <div className="col-span-12 md:col-span-4 lg:col-span-3 space-y-4"> <div className="bg-white/20 xl> <div className="flex items-center justify-between mb-8 border-b border-white/20 pb-4"> <div className="flex flex-col"> <h4 className="text-[10px] font-black text-slate-900 uppercase tracking-widest italic">Ganchos Mágicos</h4> <span className="text-[7px] text-slate-400 font-bold uppercase tracking-widest">Score de Retención IA</span> </div> <Badge className="bg-slate-900 text-white border-none text-[8px] font-black tracking-widest px-2 h-5">V.1.0</Badge> </div> <ScrollArea className="flex-1 -mr-2 pr-2"> <div className="space-y-3"> {result ? result.hooks.map((h: any) => ( <div key={h.id} className="p-4 bg-white/40 border border-white transform transition-all hover:translate-x-1 hover:border-rose-500/30 rounded-2xl group cursor-pointer shadow-sm"> <div className="flex justify-between items-center mb-3"> <Badge className="h-5 px-2 bg-rose-500 text-[9px] font-black shadow-sm italic tracking-widest">+{h.score}</Badge> <Badge className="text-[8px] font-black text-emerald-500 bg-emerald-50 border border-emerald-100 uppercase tracking-widest">GANADOR</Badge> </div> <p className="text-[11px] text-slate-800 font-bold leading-relaxed italic uppercase tracking-tight">"{h.text}"</p> </div> )) : ( [1, 2, 3, 4].map(i => ( <div key={i} className="h-24 bg-slate-50/20 rounded-2xl border border-white/20 border-dashed animate-pulse flex items-center justify-center"> <div className="w-2 h-2 bg-slate-100 rounded-full" /> </div> )) )} </div> </ScrollArea> </div> </div> </div> )[39m
 [90m 28 |[39m [90m} function ScriptPanel({ isGenerating, onGenerate, script }: any) { return ( <div className="grid grid-cols-12 gap-5 h-full"> <div className="col-span-8 space-y-4"> <div className="bg-white/20 xl> <div className="flex items-center justify-between mb-6 border-b border-white/20 pb-4"> <div className="flex items-center gap-3"> <div className="w-8 h-8 rounded-xl bg-slate-900 flex items-center justify-center shadow-sm"> <FileText className="w-4 h-4 text-white" /> </div> <div className="flex flex-col"> <h3 className="text-[11px] font-black uppercase italic text-slate-900 tracking-tight">Guion Maestro</h3> <p className="text-[7px] text-slate-400 font-bold uppercase tracking-widest">Protocolo de Conversión V.4</p> </div> </div> <div className="flex items-center gap-3"> <Badge className="bg-rose-500/10 text-rose-600 border border-rose-500/20 font-black text-[9px] px-3 h-6 tracking-widest rounded-full uppercase">VERSIÓN BETA</Badge> {script ? ( <Button size="sm" variant="outline" className="h-8 text-[9px] font-black border-rose-500/30 text-rose-700 bg-rose-50/50 hover:bg-rose-100 rounded-xl px-4 uppercase tracking-widest transition-all">Generar Variaciones (3)</Button> ) : ( <Button size="sm" onClick={onGenerate} disabled={isGenerating} className="h-8 text-[9px] font-black bg-slate-900 hover:bg-black text-white rounded-xl px-5 uppercase tracking-[0.2em] transition-all shadow-sm" > {isGenerating ? "REDACTANDO..." : "GENERAR GUION MAESTRO"} </Button> )} </div> </div> <ScrollArea className="flex-1"> <Textarea placeholder="El guion magistral aparecerá aquí tras el análisis..." className="w-full bg-transparent border-none resize-none focus:ring-0 text-[14px] font-medium leading-relaxed font-mono text-slate-800 placeholder:text-slate-300 p-0 selection:bg-rose-500/20" value={script} readOnly /> </ScrollArea> </div> </div> <div className="col-span-4 space-y-5"> <div className="bg-rose-500/5 border border-rose-500/10 p-6 rounded-[2rem] shadow-sm"> <div className="flex items-center gap-3 mb-6"> <Zap className="w-4 h-4 text-rose-500 fill-rose-500" /> <h4 className="text-[10px] font-black text-rose-900 uppercase tracking-[0.2em] italic">Estructura de Retención</h4> </div> <div className="space-y-3"> <StructureStep label="GANCHO VIRAL (0-3s)" active /> <StructureStep label="CUERPO DEL MENSAJE (3-15s)" /> <StructureStep label="CTA / CIERRE (15-20s)" /> </div> </div> <div className="bg-slate-900 p-6 rounded-[2rem] shadow-sm text-white overflow-hidden relative group"> <div className="absolute top-0 right-0 p-4 opacity-10 group-hover:scale-150 transition-transform duration-700"> <Sparkles className="w-20 h-20" /> </div> <h4 className="text-[10px] font-black uppercase tracking-[0.2em] mb-2 text-rose-400">Optimización Pro</h4> <p className="text-[11px] font-bold leading-relaxed text-slate-300">Este guion ha sido optimizado para la psicología de recompensa dopaminérgica.</p> <Button variant="link" className="p-0 text-rose-400 text-[9px] font-black uppercase tracking-widest mt-4 h-auto hover:text-rose-300">Ver Detalles Técnicos <ChevronRight className="w-3 h-3 ml-1" /></Button> </div> </div> </div> )[39m
 [90m 29 |[39m [90m} function StructureStep({ label, active = false }: { label: string, active?: boolean }) { return ( <div className={cn( "p-4 rounded-2xl border transition-all flex items-center gap-3", active ? "bg-white border-rose-200 shadow-sm translate-x-1" : "bg-white/40 border-slate-100 opacity-50" )}> <div className={cn("w-1.5 h-1.5 rounded-full", active ? "bg-rose-500 animate-pulse" : "bg-slate-300")} /> <span className={cn("text-[9px] font-black uppercase tracking-widest", active ? "text-slate-900" : "text-slate-400")}>{label}</span> </div> );[39m[0m

Expected a semicolon

Import trace:
  Client Component Browser:
    ./src/app/marketing/video-lab/MaestroWorkspace.tsx [Client Component Browser]
    ./src/app/marketing/video-lab/VideoLabClient.tsx [Client Component Browser]
    ./src/app/marketing/video-lab/VideoLabClient.tsx [Server Component]
    ./src/app/marketing/video-lab/page.tsx [Server Component]


./src/app/pedidos/actions.ts:15:1
Parsing ecmascript source code failed
[0m [90m 13 |[39m [36mexport[39m [36masync[39m [36mfunction[39m syncShopifyProducts() { [36mtry[39m { [36mconst[39m store [33m=[39m [36mawait[39m (prisma [36mas[39m any)[33m.[39mstore[33m.[39mfindFirst()[33m;[39m [36mif[39m ([33m![39mstore) [36mthrow[39m [36mnew[39m [33mError[39m([32m"No store found"[39m)[33m;[39m [36mconst[39m secret [33m=[39m [36mawait[39m getConnectionSecret(store[33m.[39mid[33m,[39m [32m"SHOPIFY"[39m)[33m;[39m [36mconst[39m meta [33m=[39m [36mawait[39m getConnectionMeta(store[33m.[39mid[33m,[39m [32m"SHOPIFY"[39m)[33m;[39m [36mif[39m ([33m![39msecret [33m||[39m [33m![39mmeta[33m?[39m[33m.[39mextraConfig) { [36mthrow[39m [36mnew[39m [33mError[39m([32m"Shopify connection not found or incomplete"[39m)[33m;[39m } [36mlet[39m shopDomain [33m=[39m meta[33m.[39mextraConfig [36mas[39m string[33m;[39m [36mif[39m (shopDomain[33m.[39mstartsWith([32m'{'[39m)) { [36mtry[39m { [36mconst[39m parsed [33m=[39m [33mJSON[39m[33m.[39mparse(shopDomain)[33m;[39m shopDomain [33m=[39m parsed[33m.[39mshopUrl [33m||[39m parsed[33m.[39mshop [33m||[39m parsed[33m.[39m[33mSHOPIFY_SHOP_DOMAIN[39m [33m||[39m shopDomain[33m;[39m } [36mcatch[39m (e) { console[33m.[39merror([32m"[Shopify Products Info] Error parsing extraConfig JSON:"[39m[33m,[39m e)[33m;[39m } } [36mconst[39m shopify [33m=[39m [36mnew[39m [33mShopifyClient[39m(shopDomain[33m,[39m secret)[33m;[39m [36mconst[39m { products[33m:[39m shopifyProducts } [33m=[39m [36mawait[39m shopify[33m.[39mgetProducts()[33m;[39m console[33m.[39mlog([32m`[Product Sync] Fetched ${shopifyProducts.length} products from Shopify`[39m)[33m;[39m [36mfor[39m ([36mconst[39m sp [36mof[39m shopifyProducts) { [90m// Upsert Product const product = await (prisma as any).product.upsert({ where: { shopifyId: sp.id.toString() }, update: { title: sp.title, handle: sp.handle, imageUrl: sp.image?.src || (sp.images?.[0]?.src) || null, updatedAt: new Date() }, create: { storeId: store.id, shopifyId: sp.id.toString(), title: sp.title, handle: sp.handle, imageUrl: sp.image?.src || (sp.images?.[0]?.src) || null } }); // Initialize/Update Finance from first variant if (sp.variants && sp.variants.length > 0) { const firstVariant = sp.variants[0]; const price = parseFloat(firstVariant.price) || 0; await (prisma as any).productFinance.upsert({ where: { productId: product.id }, update: { sellingPrice: price }, create: { productId: product.id, sellingPrice: price, unitCost: 0 } }); } } revalidatePath("/logistics/costs"); return { success: true, count: shopifyProducts.length }; } catch (e: any) { console.error("Shopify Product Sync Error:", e); return { success: false, message: e.message }; }[39m
 [90m 14 |[39m }
[31m[1m>[22m[39m[90m 15 |[39m [36mexport[39m [36masync[39m [36mfunction[39m setProductProvider(productId[33m:[39m string[33m,[39m providerName[33m:[39m string) { [36mtry[39m { [36mlet[39m store [33m=[39m [36mawait[39m (prisma [36mas[39m any)[33m.[39mstore[33m.[39mfindFirst()[33m;[39m [36mif[39m ([33m![39mstore) { console[33m.[39merror([32m"No store found to link provider. Please create a store first."[39m)[33m;[39m [36mthrow[39m [36mnew[39m [33mError[39m([32m"No store found. Provider linking aborted."[39m)[33m;[39m } [36mif[39m ([33m![39mstore) [36mthrow[39m [36mnew[39m [33mError[39m([32m"No valid store found or created."[39m)[33m;[39m [90m// Find or Create Supplier (Insensitive) let supplier = await (prisma as any).supplier.findFirst({ where: { name: providerName } }); if (!supplier) { supplier = await (prisma as any).supplier.create({ data: { storeId: store.id, name: providerName, email: `logistics@${providerName.toLowerCase().replace(/\s+/g, "")}.com` // Robust email } }); } await (prisma as any).product.update({ where: { id: productId }, data: { supplierId: supplier.id } }); revalidatePath("/pedidos"); return { success: true }; } catch (e: any) { console.error("Link Provider Error:", e); return { success: false, message: e.message || "Unknown error" }; }[39m
 [90m    |[39m [31m[1m^[22m[39m[31m[1m^[22m[39m[31m[1m^[22m[39m[31m[1m^[22m[39m[31m[1m^[22m[39m[31m[1m^[22m[39m
 [90m 16 |[39m } [90m/** * Repairs missing line items for a specific month with high-precision per-day logic */[39m
 [90m 17 |[39m [36mexport[39m [36masync[39m [36mfunction[39m repairMonthOrderItems(month[33m:[39m number[33m,[39m year[33m:[39m number) { [36mtry[39m { [36mconst[39m store [33m=[39m [36mawait[39m (prisma [36mas[39m any)[33m.[39mstore[33m.[39mfindFirst()[33m;[39m [36mif[39m ([33m![39mstore) [36mthrow[39m [36mnew[39m [33mError[39m([32m"No store found"[39m)[33m;[39m [36mconst[39m secret [33m=[39m [36mawait[39m getConnectionSecret(store[33m.[39mid[33m,[39m [32m"SHOPIFY"[39m)[33m;[39m [36mconst[39m meta [33m=[39m [36mawait[39m getConnectionMeta(store[33m.[39mid[33m,[39m [32m"SHOPIFY"[39m)[33m;[39m [36mif[39m ([33m![39msecret [33m||[39m [33m![39mmeta[33m?[39m[33m.[39mextraConfig) [36mthrow[39m [36mnew[39m [33mError[39m([32m"No Shopify connection"[39m)[33m;[39m [36mconst[39m start [33m=[39m startOfDay([36mnew[39m [33mDate[39m(year[33m,[39m month [33m-[39m [35m1[39m[33m,[39m [35m1[39m))[33m;[39m [36mconst[39m end [33m=[39m endOfDay([36mnew[39m [33mDate[39m(year[33m,[39m month[33m,[39m [35m0[39m))[33m;[39m [36mconst[39m shopify [33m=[39m [36mnew[39m [33mShopifyClient[39m(meta[33m.[39mextraConfig [36mas[39m string[33m,[39m secret)[33m;[39m [36mconst[39m storeIdToUse [33m=[39m store[33m.[39mid[33m;[39m [36mlet[39m repaired [33m=[39m [35m0[39m[33m;[39m [90m// Iterate DAY BY DAY to avoid Shopify API timeouts and ensure completeness const days = eachDayOfInterval({ start, end }); for (const day of days) { const dStart = startOfDay(day).toISOString(); const dEnd = endOfDay(day).toISOString(); console.log(`[Repair] Syncing day: ${format(day, 'yyyy-MM-dd')}`); // 1. Fetch exactly this day's orders from Shopify await shopify.getAllOrders(async (batch) => { for (const shopifyOrder of batch) { try { await upsertShopifyOrder(shopifyOrder, storeIdToUse); repaired++; } catch (e) { console.error("[Repair] Failed to upsert order:", e); } } }, { minDate: dStart, maxDate: dEnd }); // 2. Rebuild Snapshot for this day (Forcing Meta Ads Sync) try { await MetricsSnapshotService.generateDailySnapshot(storeIdToUse, day, true); } catch (e) { console.error(`[Repair] Failed to generate snapshot for ${format(day, 'yyyy-MM-dd')}:`, e); } } revalidatePath("/finances"); return { success: true, message: `Reconstrucción total completada para ${format(start, 'MMMM yyyy')}. Se procesaron ${repaired} pedidos y se recalcularon ${days.length} días.` }; } catch (e: any) { console.error("Error repairing month:", e); return { success: false, message: e.message }; }[39m
 [90m 18 |[39m } [90m/** * Helper to upsert a Shopify order and its items/costs */[39m[0m

'import', and 'export' cannot be used outside of module code

Import traces:
  Client Component Browser:
    ./src/app/pedidos/actions.ts [Client Component Browser]
    ./src/components/logistics/OrdersHubClient.tsx [Client Component Browser]
    ./src/app/pedidos/page.tsx [Client Component Browser]
    ./src/app/pedidos/page.tsx [Server Component]

  Client Component SSR:
    ./src/app/pedidos/actions.ts [Client Component SSR]
    ./src/components/logistics/OrdersHubClient.tsx [Client Component SSR]
    ./src/app/pedidos/page.tsx [Client Component SSR]
    ./src/app/pedidos/page.tsx [Server Component]


./src/app/rendimiento/page.tsx:19:2
Parsing ecmascript source code failed
[0m [90m 17 |[39m [36mimport[39m [33mLink[39m [36mfrom[39m [32m"next/link"[39m[33m;[39m
 [90m 18 |[39m [36mimport[39m { [33mLink2[39m } [36mfrom[39m [32m"lucide-react"[39m[33m;[39m [36mexport[39m [36mdefault[39m [36mfunction[39m [33mRendimientoPage[39m() { [36mconst[39m { productId[33m,[39m product[33m,[39m allProducts } [33m=[39m useProduct()[33m;[39m [36mconst[39m { activeStoreId } [33m=[39m useStore()[33m;[39m [36mconst[39m [loading[33m,[39m setLoading] [33m=[39m useState([36mtrue[39m)[33m;[39m [36mconst[39m [period[33m,[39m setPeriod] [33m=[39m useState[33m<[39m[33many[39m[33m>[39m([32m"MONTH"[39m)[33m;[39m [36mconst[39m [data[33m,[39m setData] [33m=[39m useState[33m<[39m[33many[39m[33m>[39m([36mnull[39m)[33m;[39m [36mconst[39m [isConnected[33m,[39m setIsConnected] [33m=[39m useState[33m<[39m[33mboolean[39m [33m|[39m [36mnull[39m[33m>[39m([36mnull[39m)[33m;[39m useEffect(() [33m=>[39m { [36mif[39m (activeStoreId) { fetch([32m`/api/connections/status?storeId=${activeStoreId}&service=SHOPIFY`[39m) [33m.[39mthen(res [33m=>[39m res[33m.[39mjson()) [33m.[39mthen(data [33m=>[39m setIsConnected(data[33m.[39misConnected))[33m;[39m } }[33m,[39m [activeStoreId])[33m;[39m [36mconst[39m loadKPIs [33m=[39m [36masync[39m (p[33m:[39m string) [33m=>[39m { setLoading([36mtrue[39m)[33m;[39m [36mif[39m (productId) { [90m// Mock data for specific product (from analiticas) setTimeout(() => { setData({ revenue: 12450, orders: 142, roas: 3.42, cpa: 12.50, visitors: 4500, conversionRate: 3.15, spend: 3640, profit: 4210, roi: 115, deliveredRate: 88.5 }); setLoading(false); }, 1000); } else { // Real data for global master (from analytics/master) const res = await getAdvancedKPIs(p as any); if (res.success) { setData(res.summary); } setLoading(false); } }; useEffect(() => { loadKPIs(period); }, [period, productId]); if (isConnected === false && !productId) { return ( <PageShell> <ModuleHeader title="KPI COMMAND HUB" subtitle="SYSTEM ANALYTICS • OVERALL" icon={Gauge} /> <div className="flex flex-col items-center justify-center min-h-[50vh] gap-6 mt-6"> <div className="w-20 h-20 bg-rose-50 rounded-3xl flex items-center justify-center"> <AlertCircle className="w-10 h-10 text-rose-500" /> </div> <div className="space-y-2 text-center"> <h2 className="text-xl font-black text-slate-900 tracking-tight uppercase italic">Shopify No Conectado</h2> <p className="text-slate-500 max-w-sm mx-auto font-medium text-sm">Debes vincular tu tienda oficial de Shopify para ver las analíticas globales.</p> </div> <Link href="/connections"> <Button className="bg-rose-500 hover:bg-black text-white font-black text-[10px] uppercase tracking-widest h-10 px-6 rounded-xl shadow-sm"> <Link2 className="w-4 h-4 mr-2" /> Ir a Conexiones </Button> </Link> </div> </PageShell> ); } const KPICardMaster = ({ label, value, subValue, icon: Icon, color, trend }: any) => ( <Card className="bg-white border border-slate-100 shadow-xs rounded-lg overflow-hidden group"> <CardContent className="p-4 flex items-center justify-between"> <div className="space-y-0.5"> <p className="text-[8px] font-black uppercase tracking-widest text-slate-400">{label}</p> <div className="flex items-baseline gap-1.5"> <p className="text-lg font-black tracking-tighter text-slate-900 group-hover:text-rose-600 transition-colors italic">{value}</p> {trend && <span className={cn("text-[8px] font-black", trend > 0 ? "text-emerald-500" : "text-rose-500")}> {trend > 0 ? "+" : ""}{trend}% </span>} </div> {subValue && <p className="text-[7.5px] font-black text-slate-400 uppercase tracking-widest leading-none mt-1">{subValue}</p>} </div> <div className={cn("p-2 rounded-lg", `bg-${color}/10`, `text-${color}`)}> <Icon className="h-3.5 w-3.5" /> </div> </CardContent> </Card> ); const KPICardProduct = ({ label, value, trend, icon: Icon, color }: any) => { const colors: any = { blue: "bg-blue-50 text-blue-600", emerald: "bg-emerald-50 text-emerald-600", rose: "bg-rose-50 text-rose-600", amber: "bg-amber-50 text-amber-600" }; return ( <PremiumCard hover className="group p-4 rounded-xl"> <div className="flex items-center justify-between mb-3"> <div className={cn("p-2 rounded-lg", colors[color] || "bg-rose-50 text-rose-600")}> <Icon className="h-3.5 w-3.5" /> </div> {trend && ( <div className={cn( "flex items-center gap-0.5 text-[9px] font-black px-1.5 py-0.5 rounded-full", trend > 0 ? "bg-emerald-50 text-emerald-600" : "bg-rose-50 text-rose-600" )}> {trend > 0 ? <ArrowUpRight className="h-2.5 w-2.5" /> : <ArrowDownRight className="h-2.5 w-2.5" />} {Math.abs(trend)}% </div> )} </div> <p className="text-[8px] font-black uppercase tracking-widest text-slate-400">{label}</p> <p className="text-xl font-black tracking-tighter text-slate-900 mt-0.5">{value}</p> </PremiumCard> ); }; function StatCircle({ label, value }: any) { return ( <div className="flex flex-col items-center text-center space-y-1.5"> <div className="w-14 h-14 rounded-full border-2 border-slate-50 flex items-center justify-center bg-white shadow-sm"> <span className="text-base font-black text-slate-900">{value}</span> </div> <span className="text-[8px] font-black uppercase tracking-widest text-slate-400">{label}</span> </div> ); } return ( <PageShell loading={loading && !data} loadingMessage="Analizando Métricas..."> <ModuleHeader title="KPI COMMAND HUB" subtitle={productId ? `PRODUCTO: ${product?.title || productId.slice(0, 8)}` : "SYSTEM ANALYTICS • OVERALL"} icon={Gauge} actions={ <div className="flex items-center gap-2"> {!productId && ( <Badge variant="outline" className="h-8 px-3 border-slate-200 bg-slate-50 text-[9px] font-black uppercase tracking-widest text-slate-500 hidden lg:flex rounded-lg"> NODE: <span className="text-emerald-600 ml-1">STABLE</span> </Badge> )} <Select value={period} onValueChange={setPeriod}> <SelectTrigger className={cn( "w-[130px] h-9 rounded-xl font-bold text-[9px] uppercase tracking-widest focus:ring-0 shadow-sm", productId ? "bg-white/5 border-slate-700 text-slate-300" : "bg-slate-100/50 border-slate-200" )}> <Calendar className={cn("h-3 w-3 mr-2", productId ? "text-blue-500" : "text-rose-500")} /> <SelectValue /> </SelectTrigger> <SelectContent className={cn("rounded-xl shadow-sm", productId ? "border-slate-800 bg-slate-900 text-slate-300" : "bg-white border-slate-200")}> <SelectItem value="DAY" className="text-[9px] font-black uppercase tracking-widest">Hoy</SelectItem> <SelectItem value="WEEK" className="text-[9px] font-black uppercase tracking-widest">Semana</SelectItem> <SelectItem value="MONTH" className="text-[9px] font-black uppercase tracking-widest">Mes</SelectItem> <SelectItem value="YEAR" className="text-[9px] font-black uppercase tracking-widest">Año</SelectItem> </SelectContent> </Select> <Button variant="outline" size="icon" className={cn("h-9 w-9 rounded-xl shadow-sm", productId ? "border-slate-700 bg-white/5 hover:bg-white/10" : "border-slate-200")} onClick={() => loadKPIs(period)}> <RefreshCw className={cn("h-4 w-4", loading && "animate-spin", productId ? "text-slate-300" : "text-slate-600")} /> </Button> </div> } /> <div className="px-6 pb-20 space-y-6 pt-2 max-w-[1600px] mx-auto w-full"> {/* --- VISTA PRODUCTO --- */} {productId && data && ( <div className="space-y-6 animate-in fade-in duration-500"> <div className="grid grid-cols-1 md:grid-cols-2 lg:grid-cols-4 gap-4"> <KPICardProduct label="REVENUE" value={`€${data.revenue?.toLocaleString() || 0}`} trend={+12} icon={ShoppingBag} color="blue" /> <KPICardProduct label="ROAS" value={`${data.roas || 0}x`} trend={+0.5} icon={TrendingUp} color="emerald" /> <KPICardProduct label="CVR" value={`${data.conversionRate || 0}%`} trend={-0.2} icon={Activity} color="rose" /> <KPICardProduct label="PROFIT" value={`€${data.profit?.toLocaleString() || 0}`} trend={+8} icon={Zap} color="amber" /> </div> <div className="grid grid-cols-1 lg:grid-cols-3 gap-4"> <PremiumCard className="col-span-1 lg:col-span-2 shadow-sm p-5 rounded-2xl"> <div className="flex flex-col gap-4"> <div className="flex items-center justify-between"> <h3 className="text-[10px] font-black uppercase tracking-widest text-slate-400">{t('embu_trafico')}</h3> <Badge className="bg-slate-100 text-slate-600 border-none font-bold text-[8px]">{t('live')}</Badge> </div> <div className="grid grid-cols-1 md:grid-cols-3 gap-4 pt-2"> <StatCircle label={t('visitas')} value={data.visitors?.toLocaleString() || 0} /> <StatCircle label={t('añadidos')} value="482" /> <StatCircle label={t('pagos')} value={data.orders?.toLocaleString() || 0} /> </div> </div> </PremiumCard> <PremiumCard className="bg-slate-900 text-white overflow-hidden relative border-0 p-5 rounded-2xl"> <div className="absolute -top-2 -right-2 opacity-5"> <Target className="w-24 h-24 text-blue-400" /> </div> <div className="relative z-10 space-y-4"> <h3 className="text-[10px] font-black uppercase tracking-widest text-blue-400">{t('logistica_eficiencia')}</h3> <div className="space-y-0.5"> <p className="text-3xl font-black">{data.deliveredRate || 0}%</p> <p className="text-[9px] font-bold text-slate-400 uppercase tracking-widest">{t('entrega_real')}</p> </div> <div className="pt-3 border-t border-slate-800 space-y-2"> <div className="flex justify-between text-[11px] font-bold font-mono"> <span className="text-slate-500">{t('profit_real')}</span> <span className="text-emerald-400">€{data.profit?.toLocaleString() || 0}</span> </div> <div className="flex justify-between text-[11px] font-bold font-mono"> <span className="text-slate-500">{t('roi_impact')}</span> <span className="text-blue-400">{data.roi || 0}%</span> </div> </div> </div> </PremiumCard> </div> </div> )} {/* --- VISTA GLOBAL --- */} {!productId && data && ( <div className="space-y-6 animate-in fade-in duration-500"> <section className="space-y-3"> <div className="flex items-center gap-2 px-1"> <div className="h-1 w-3 bg-rose-500 rounded-full" /> <h2 className="text-[9px] font-black uppercase tracking-[0.2em] text-slate-400">Tráfico & Conversión Global</h2> </div> <div className="grid grid-cols-1 md:grid-cols-2 lg:grid-cols-4 gap-3"> <KPICardMaster label="Visitantes" value={data?.visitors?.toLocaleString()} icon={Users} color="rose" /> <KPICardMaster label="Tasa Conversión" value={`${data?.conversionRate?.toFixed(2)}%`} icon={TrendingUp} color="emerald" subValue="Store Sessions to Order" /> <KPICardMaster label="Total Pedidos" value={data?.totalOrders} icon={ShoppingBag} color="amber" subValue={`${data?.totalProductUnits} Unidades`} /> <KPICardMaster label="Ticket Medio" value={`€${data?.averageTicket?.toFixed(2)}`} icon={CreditCard} color="rose" /> </div> </section> <section className="space-y-3"> <div className="flex items-center gap-2 px-1"> <div className="h-1 w-3 bg-emerald-500 rounded-full" /> <h2 className="text-[9px] font-black uppercase tracking-[0.2em] text-slate-400">Rendimiento Financiero Node</h2> </div> <div className="grid grid-cols-1 lg:grid-cols-3 gap-4"> <Card className="bg-white border border-slate-200 shadow-xs rounded-lg overflow-hidden col-span-1 lg:col-span-2"> <div className="grid grid-cols-1 md:grid-cols-2 divide-y md:divide-y-0 md:divide-x divide-slate-100"> <div className="p-4 space-y-4 bg-slate-50/50"> <div className="flex items-center justify-between"> <Badge className="bg-slate-900 text-white text-[7px] font-black uppercase tracking-widest px-2 h-4 rounded-md">Estimación Proyectada</Badge> <span className="text-[8px] font-black text-slate-400 uppercase tracking-widest italic">Forecast</span> </div> <div className="space-y-3"> <div> <p className="text-[8px] font-black text-slate-400 uppercase tracking-widest mb-0.5">Facturación Proyectada</p> <p className="text-2xl font-black tracking-tighter text-slate-900 italic">€{data?.revenueEstimated?.toLocaleString()}</p> </div> <div className="grid grid-cols-2 gap-3"> <div> <p className="text-[7px] font-black text-slate-400 uppercase tracking-widest">Profit Est.</p> <p className="text-md font-black text-emerald-600 italic">€{data?.profitEstimated?.toLocaleString()}</p> </div> <div> <p className="text-[7px] font-black text-slate-400 uppercase tracking-widest">ROI Est.</p> <p className="text-md font-black text-rose-600 italic">{data?.roiEstimated?.toFixed(0)}%</p> </div> </div> </div> </div> <div className="p-4 space-y-4 bg-white relative"> <div className="flex items-center justify-between relative z-10"> <Badge className="bg-rose-600 text-white text-[7px] font-black uppercase tracking-widest px-2 h-4 rounded-md">Auditoría Real</Badge> <span className="text-[8px] font-black text-emerald-600 uppercase tracking-widest italic flex items-center gap-1"> <ShieldCheck className="h-2.5 w-2.5" /> Verificado </span> </div> <div className="space-y-3 relative z-10"> <div> <p className="text-[8px] font-black text-slate-400 uppercase tracking-widest mb-0.5">Facturación Auditada</p> <p className="text-2xl font-black tracking-tighter text-rose-600 italic">€{data?.revenueReal?.toLocaleString()}</p> </div> <div className="grid grid-cols-2 gap-3"> <div> <p className="text-[7px] font-black text-slate-400 uppercase tracking-widest">Profit Audit.</p> <p className="text-md font-black text-emerald-600 italic">€{data?.profitReal?.toLocaleString()}</p> </div> <div> <p className="text-[7px] font-black text-slate-400 uppercase tracking-widest">ROI Audit.</p> <p className="text-md font-black text-rose-600 italic">{data?.roiReal?.toFixed(0)}%</p> </div> </div> </div> </div> </div> </Card> <div className="space-y-4"> <Card className="bg-white border border-slate-200 shadow-xs rounded-lg p-4 space-y-3"> <p className="text-[8px] font-black text-slate-400 uppercase tracking-[0.2em]">Gastos Operativos Matrix</p> <div className="space-y-2"> <div className="flex justify-between items-center text-[9px] font-bold"> <span className="text-slate-500 uppercase tracking-widest">AdSpend</span> <span className="text-rose-600 italic">€{data?.adSpend?.toLocaleString()}</span> </div> <div className="flex justify-between items-center text-[9px] font-bold"> <span className="text-slate-500 uppercase tracking-widest">COGS</span> <span className="text-rose-600 italic">€{data?.cogs?.toLocaleString()}</span> </div> <div className="flex justify-between items-center text-[9px] font-black border-t border-slate-100 pt-2 italic"> <span className="text-slate-900 uppercase tracking-widest">Margen Real</span> <span className="text-emerald-500">{data?.profitPercentReal?.toFixed(1)}%</span> </div> </div> </Card> <Card className="bg-slate-900 text-white rounded-lg p-4 bg-gradient-to-br from-slate-900 to-rose-950 border-none shadow-sm overflow-hidden relative group"> <Bot className="absolute top-0 right-0 p-6 opacity-10 h-16 w-16 text-rose-400 group-hover:rotate-12 transition-transform duration-700" /> <div className="space-y-0.5 relative z-10 text-[7.5px] font-black text-rose-400 uppercase tracking-[0.3em]">IA Assisted Revenue</div> <div className="text-xl font-black italic tracking-tighter text-white relative z-10">€{data?.botPerformance?.assistedRevenue?.toLocaleString()}</div> </Card> </div> </div> </section> <section className="space-y-3"> <div className="flex items-center gap-2 px-1"> <div className="h-1 w-3 bg-amber-500 rounded-full" /> <h2 className="text-[9px] font-black uppercase tracking-[0.2em] text-slate-400">Logística & Calidad de Entrega</h2> </div> <div className="grid grid-cols-1 md:grid-cols-2 lg:grid-cols-4 gap-3"> <KPICardMaster label="Confirmados" value={data?.confirmedOrders} icon={ShieldCheck} color="rose" subValue={`${data?.realShippingRate?.toFixed(1)}% Ship Rate`} /> <KPICardMaster label="Cancelados" value={data?.cancelledOrders} icon={AlertCircle} color="rose" /> <KPICardMaster label="Enviados Real" value={data?.confirmedOrders} icon={Truck} color="amber" subValue="Ready to Deliver" /> <KPICardMaster label="Entregados" value={data?.deliveredOrders} icon={ShieldCheck} color="emerald" subValue={`${data?.realDeliveryRate?.toFixed(1)}% Delivery Rate`} /> </div> </section> <Tabs defaultValue="products" className="space-y-3"> <TabsList className="bg-slate-200/50 border border-slate-200 p-0.5 h-8 rounded-lg shadow-sm w-fit"> <TabsTrigger value="products" className="rounded-md px-4 h-7 text-[8px] font-black uppercase tracking-widest data-[state=active]:bg-white data-[state=active]:text-rose-600 data-[state=active]:shadow-xs transition-all">Top Items</TabsTrigger> <TabsTrigger value="carriers" className="rounded-md px-4 h-7 text-[8px] font-black uppercase tracking-widest data-[state=active]:bg-white data-[state=active]:text-rose-600 data-[state=active]:shadow-xs transition-all">Logistics Flow</TabsTrigger> <TabsTrigger value="bots" className="rounded-md px-4 h-7 text-[8px] font-black uppercase tracking-widest data-[state=active]:bg-white data-[state=active]:text-rose-600 data-[state=active]:shadow-xs transition-all">IA Automation</TabsTrigger> </TabsList> <TabsContent value="products"> <Card className="bg-white border border-slate-200 rounded-lg overflow-hidden shadow-xs"> <table className="w-full text-left border-collapse"> <thead> <tr className="bg-slate-50 border-b border-slate-200 italic"> <th className="px-4 py-2 text-[8px] font-black uppercase tracking-widest text-slate-400">Producto</th> <th className="px-4 py-2 text-[8px] font-black uppercase tracking-widest text-slate-400">Unidades</th> <th className="px-4 py-2 text-[8px] font-black uppercase tracking-widest text-slate-400">Revenue Bruto</th> <th className="px-4 py-2 text-[8px] font-black uppercase tracking-widest text-slate-400">Impacto %</th> </tr> </thead> <tbody className="divide-y divide-slate-100"> <tr className="hover:bg-slate-50/50 transition-colors"> <td className="px-4 py-2.5 text-[10px] font-black text-slate-900 italic uppercase">Carga de Datos Pendiente...</td> <td className="px-4 py-2.5 text-[10px] font-black text-slate-400">--</td> <td className="px-4 py-2.5 text-[10px] font-black text-slate-400">--</td> <td className="px-4 py-2.5 text-[10px] font-black text-slate-400">--</td> </tr> </tbody> </table> </Card> </TabsContent> </Tabs> </div> )} </div> </PageShell> );[39m
[31m[1m>[22m[39m[90m 19 |[39m }
 [90m    |[39m  [31m[1m^[22m[39m
 [90m 20 |[39m[0m

Expected '}', got '<eof>'


./src/app/research/actions/research-actions.ts:12:61
Parsing ecmascript source code failed
[0m [90m 10 |[39m } [90m/** * Brain & Maturity Actions */[39m [36mexport[39m [36masync[39m [36mfunction[39m syncKnowledgeGraphAction(productId[33m:[39m string) { [36mtry[39m { [36mconst[39m [angles[33m,[39m contracts[33m,[39m projects] [33m=[39m [36mawait[39m [33mPromise[39m[33m.[39mall([ prisma[33m.[39mmarketingAngle[33m.[39mfindMany({ where[33m:[39m { productId } })[33m,[39m prisma[33m.[39mcopyContract[33m.[39mfindMany({ where[33m:[39m { productId } })[33m,[39m prisma[33m.[39mcreativeProject[33m.[39mfindMany({ where[33m:[39m { productId } }) ])[33m;[39m [36mconst[39m brainPrompt [33m=[39m [32m` Actúa como el Arquitecto de Conocimiento de Ecombom. Analiza estas entidades y define RELACIONES lógicas entre ellas para un Knowledge Graph. ÁNGULOS: ${JSON.stringify(angles.map((a: any) => ({ id: a.id, title: a.title, hook: a.hook })))} CONTRATOS: ${JSON.stringify(contracts.map((c: any) => ({ id: c.id, angle: c.mainAngle })))} PROYECTOS: ${JSON.stringify(projects.map((p: any) => ({ id: p.id, name: p.name })))} NECESITO RELACIONES (JSON): { "nodes": [ { "externalId": "...", "type": "ANGLE/CONTRACT/PROJECT", "label": "..." } ], "links": [ { "sourceId": "...", "targetId": "...", "type": "USES/RESPONDS_TO/CONVERTS", "explanation": "..." } ] } `[39m[33m;[39m [36mconst[39m res [33m=[39m [36mawait[39m askGemini(brainPrompt[33m,[39m [32m"Eres el cerebro del sistema."[39m)[33m;[39m [36mconst[39m text [33m=[39m res[33m.[39mtext [33m||[39m [32m""[39m[33m;[39m [36mconst[39m data [33m=[39m [33mJSON[39m[33m.[39mparse(text[33m.[39mmatch([35m/\{[\s\S]*\}/[39m)[33m?[39m[33m.[39m[[35m0[39m] [33m||[39m [32m"{}"[39m)[33m;[39m [36mfor[39m ([36mconst[39m node [36mof[39m data[33m.[39mnodes [33m||[39m []) { [36mawait[39m (prisma [36mas[39m any)[33m.[39mknowledgeNode[33m.[39mupsert({ where[33m:[39m { id[33m:[39m node[33m.[39mexternalId }[33m,[39m update[33m:[39m { contentJson[33m:[39m [33mJSON[39m[33m.[39mstringify(node) }[33m,[39m create[33m:[39m { id[33m:[39m node[33m.[39mexternalId[33m,[39m productId[33m,[39m type[33m:[39m node[33m.[39mtype[33m,[39m contentJson[33m:[39m [33mJSON[39m[33m.[39mstringify(node) } })[33m;[39m } [36mfor[39m ([36mconst[39m link [36mof[39m data[33m.[39mlinks [33m||[39m []) { [36mawait[39m (prisma [36mas[39m any)[33m.[39mknowledgeLink[33m.[39mcreate({ data[33m:[39m { sourceId[33m:[39m link[33m.[39msourceId[33m,[39m targetId[33m:[39m link[33m.[39mtargetId[33m,[39m relationType[33m:[39m link[33m.[39mtype[33m,[39m explanation[33m:[39m link[33m.[39mexplanation } })[33m;[39m } revalidatePath([32m`/research`[39m)[33m;[39m [36mreturn[39m { success[33m:[39m [36mtrue[39m }[33m;[39m } [36mcatch[39m (e[33m:[39m any) { console[33m.[39merror([32m"Brain Sync Error:"[39m[33m,[39m e)[33m;[39m [36mreturn[39m { success[33m:[39m [36mfalse[39m[33m,[39m error[33m:[39m e[33m.[39mmessage }[33m;[39m }
 [90m 11 |[39m } [36mexport[39m [36masync[39m [36mfunction[39m calculateMaturityScoreAction(productId[33m:[39m string) { [36mtry[39m { [36mconst[39m [research[33m,[39m runs[33m,[39m angles[33m,[39m contracts[33m,[39m creatives[33m,[39m landingProjects] [33m=[39m [36mawait[39m [33mPromise[39m[33m.[39mall([ prisma[33m.[39mavatarResearch[33m.[39mcount({ where[33m:[39m { productId } })[33m,[39m prisma[33m.[39mresearchRun[33m.[39mcount({ where[33m:[39m { productId } })[33m,[39m prisma[33m.[39mmarketingAngle[33m.[39mcount({ where[33m:[39m { productId } })[33m,[39m prisma[33m.[39mcopyContract[33m.[39mcount({ where[33m:[39m { productId } })[33m,[39m prisma[33m.[39mcreativeAsset[33m.[39mcount({ where[33m:[39m { productId } })[33m,[39m prisma[33m.[39mlandingProject[33m.[39mcount({ where[33m:[39m { productId } }) ])[33m;[39m [36mconst[39m scores [33m=[39m { research[33m:[39m [33mMath[39m[33m.[39mmin(research [33m*[39m [35m0.5[39m [33m+[39m runs [33m*[39m [35m0.2[39m[33m,[39m [35m1[39m)[33m,[39m avatar[33m:[39m [33mMath[39m[33m.[39mmin(research [33m>[39m [35m0[39m [33m?[39m [35m1[39m [33m:[39m [35m0[39m[33m,[39m [35m1[39m)[33m,[39m landing[33m:[39m [33mMath[39m[33m.[39mmin(landingProjects [33m*[39m [35m0.5[39m[33m,[39m [35m1[39m)[33m,[39m creatives[33m:[39m [33mMath[39m[33m.[39mmin(creatives [35m/ 5, 1), postVenta: 0.1, /[39m[33m/[39m [33mPlaceholder[39m [36mfor[39m delivery logs overall[33m:[39m [35m0[39m }[33m;[39m scores[33m.[39moverall [33m=[39m (scores[33m.[39mresearch [33m+[39m scores[33m.[39mavatar [33m+[39m scores[33m.[39mlanding [33m+[39m scores[33m.[39mcreatives [33m+[39m scores[33m.[39mpostVenta) [33m/[39m [35m5[39m[33m;[39m [36mawait[39m (prisma [36mas[39m any)[33m.[39mproductMaturity[33m.[39mupsert({ where[33m:[39m { productId }[33m,[39m update[33m:[39m { scoresJson[33m:[39m [33mJSON[39m[33m.[39mstringify(scores)[33m,[39m lastCalculatedAt[33m:[39m [36mnew[39m [33mDate[39m() }[33m,[39m create[33m:[39m { productId[33m,[39m scoresJson[33m:[39m [33mJSON[39m[33m.[39mstringify(scores) } })[33m;[39m revalidatePath([32m`/research`[39m)[33m;[39m [36mreturn[39m { success[33m:[39m [36mtrue[39m[33m,[39m scores }[33m;[39m } [36mcatch[39m (e[33m:[39m any) { [36mreturn[39m { success[33m:[39m [36mfalse[39m[33m,[39m error[33m:[39m e[33m.[39mmessage }[33m;[39m }
[31m[1m>[22m[39m[90m 12 |[39m } [90m/** * V4 Advanced Actions (Required by useResearch.ts) */[39m [36mexport[39m [36masync[39m [36mfunction[39m startResearchV3Action(productId[33m:[39m string) { [36mtry[39m { [36mconst[39m orchestrator [33m=[39m [36mnew[39m [33mResearchOrchestrator[39m(productId)[33m;[39m [90m// Start research in background orchestrator.executeResearchPipelineV3().catch(err => { console.error(`[Background Research Error] Product ${productId}:`, err); }); revalidatePath(`/research`); return { success: true, message: "Investigación iniciada en segundo plano." }; } catch (error: any) { throw new Error(`Error al iniciar investigación: ${error.message}`); }[39m
 [90m    |[39m                                                             [31m[1m^[22m[39m[31m[1m^[22m[39m[31m[1m^[22m[39m[31m[1m^[22m[39m[31m[1m^[22m[39m[31m[1m^[22m[39m
 [90m 13 |[39m } [36mexport[39m [36masync[39m [36mfunction[39m getLatestRunStatus(productId[33m:[39m string) { [36mreturn[39m [36mawait[39m prisma[33m.[39mresearchRun[33m.[39mfindFirst({ where[33m:[39m { productId }[33m,[39m orderBy[33m:[39m { createdAt[33m:[39m [32m'desc'[39m } })[33m;[39m
 [90m 14 |[39m } [36mexport[39m [36masync[39m [36mfunction[39m checkSystemHealthAction() { [36mtry[39m { [36mconst[39m report [33m=[39m [36mawait[39m [33mHealthCheck[39m[33m.[39mrun()[33m;[39m [36mreturn[39m { success[33m:[39m [36mtrue[39m[33m,[39m engine_reachable[33m:[39m report[33m.[39mdatabase[33m.[39mstatus [33m===[39m [32m'OK'[39m[33m,[39m report }[33m;[39m } [36mcatch[39m (error[33m:[39m any) { [36mreturn[39m { success[33m:[39m [36mfalse[39m[33m,[39m error[33m:[39m error[33m.[39mmessage }[33m;[39m }
 [90m 15 |[39m } [36mexport[39m [36masync[39m [36mfunction[39m syncGoogleDrive(productId[33m:[39m string) { [36mtry[39m { [36mconst[39m product [33m=[39m [36mawait[39m prisma[33m.[39mproduct[33m.[39mfindUnique({ where[33m:[39m { id[33m:[39m productId } })[33m;[39m [36mif[39m ([33m![39mproduct) [36mthrow[39m [36mnew[39m [33mError[39m([32m"Producto no encontrado"[39m)[33m;[39m [36mconst[39m drive [33m=[39m [36mnew[39m [33mDriveSync[39m()[33m;[39m [36mawait[39m drive[33m.[39mcreateProductStructure(productId[33m,[39m product[33m.[39mtitle[33m,[39m product[33m.[39mcountry [33m||[39m [32m"ES"[39m)[33m;[39m [36mreturn[39m { success[33m:[39m [36mtrue[39m[33m,[39m message[33m:[39m [32m"Google Drive sincronizado"[39m }[33m;[39m } [36mcatch[39m (error[33m:[39m any) { [36mreturn[39m { success[33m:[39m [36mfalse[39m[33m,[39m error[33m:[39m error[33m.[39mmessage }[33m;[39m }[0m

Expected a semicolon

Import traces:
  Client Component Browser:
    ./src/app/research/actions/research-actions.ts [Client Component Browser]
    ./src/components/products/ProductSettings.tsx [Client Component Browser]
    ./src/components/products/ProductSettings.tsx [Server Component]
    ./src/app/dashboard/productos/[productId]/settings/page.tsx [Server Component]

  Client Component SSR:
    ./src/app/research/actions/research-actions.ts [Client Component SSR]
    ./src/components/products/ProductSettings.tsx [Client Component SSR]
    ./src/components/products/ProductSettings.tsx [Server Component]
    ./src/app/dashboard/productos/[productId]/settings/page.tsx [Server Component]


./src/app/research/actions/research-actions.ts:13:3
Parsing ecmascript source code failed
[0m [90m 11 |[39m } [36mexport[39m [36masync[39m [36mfunction[39m calculateMaturityScoreAction(productId[33m:[39m string) { [36mtry[39m { [36mconst[39m [research[33m,[39m runs[33m,[39m angles[33m,[39m contracts[33m,[39m creatives[33m,[39m landingProjects] [33m=[39m [36mawait[39m [33mPromise[39m[33m.[39mall([ prisma[33m.[39mavatarResearch[33m.[39mcount({ where[33m:[39m { productId } })[33m,[39m prisma[33m.[39mresearchRun[33m.[39mcount({ where[33m:[39m { productId } })[33m,[39m prisma[33m.[39mmarketingAngle[33m.[39mcount({ where[33m:[39m { productId } })[33m,[39m prisma[33m.[39mcopyContract[33m.[39mcount({ where[33m:[39m { productId } })[33m,[39m prisma[33m.[39mcreativeAsset[33m.[39mcount({ where[33m:[39m { productId } })[33m,[39m prisma[33m.[39mlandingProject[33m.[39mcount({ where[33m:[39m { productId } }) ])[33m;[39m [36mconst[39m scores [33m=[39m { research[33m:[39m [33mMath[39m[33m.[39mmin(research [33m*[39m [35m0.5[39m [33m+[39m runs [33m*[39m [35m0.2[39m[33m,[39m [35m1[39m)[33m,[39m avatar[33m:[39m [33mMath[39m[33m.[39mmin(research [33m>[39m [35m0[39m [33m?[39m [35m1[39m [33m:[39m [35m0[39m[33m,[39m [35m1[39m)[33m,[39m landing[33m:[39m [33mMath[39m[33m.[39mmin(landingProjects [33m*[39m [35m0.5[39m[33m,[39m [35m1[39m)[33m,[39m creatives[33m:[39m [33mMath[39m[33m.[39mmin(creatives [35m/ 5, 1), postVenta: 0.1, /[39m[33m/[39m [33mPlaceholder[39m [36mfor[39m delivery logs overall[33m:[39m [35m0[39m }[33m;[39m scores[33m.[39moverall [33m=[39m (scores[33m.[39mresearch [33m+[39m scores[33m.[39mavatar [33m+[39m scores[33m.[39mlanding [33m+[39m scores[33m.[39mcreatives [33m+[39m scores[33m.[39mpostVenta) [33m/[39m [35m5[39m[33m;[39m [36mawait[39m (prisma [36mas[39m any)[33m.[39mproductMaturity[33m.[39mupsert({ where[33m:[39m { productId }[33m,[39m update[33m:[39m { scoresJson[33m:[39m [33mJSON[39m[33m.[39mstringify(scores)[33m,[39m lastCalculatedAt[33m:[39m [36mnew[39m [33mDate[39m() }[33m,[39m create[33m:[39m { productId[33m,[39m scoresJson[33m:[39m [33mJSON[39m[33m.[39mstringify(scores) } })[33m;[39m revalidatePath([32m`/research`[39m)[33m;[39m [36mreturn[39m { success[33m:[39m [36mtrue[39m[33m,[39m scores }[33m;[39m } [36mcatch[39m (e[33m:[39m any) { [36mreturn[39m { success[33m:[39m [36mfalse[39m[33m,[39m error[33m:[39m e[33m.[39mmessage }[33m;[39m }
 [90m 12 |[39m } [90m/** * V4 Advanced Actions (Required by useResearch.ts) */[39m [36mexport[39m [36masync[39m [36mfunction[39m startResearchV3Action(productId[33m:[39m string) { [36mtry[39m { [36mconst[39m orchestrator [33m=[39m [36mnew[39m [33mResearchOrchestrator[39m(productId)[33m;[39m [90m// Start research in background orchestrator.executeResearchPipelineV3().catch(err => { console.error(`[Background Research Error] Product ${productId}:`, err); }); revalidatePath(`/research`); return { success: true, message: "Investigación iniciada en segundo plano." }; } catch (error: any) { throw new Error(`Error al iniciar investigación: ${error.message}`); }[39m
[31m[1m>[22m[39m[90m 13 |[39m } [36mexport[39m [36masync[39m [36mfunction[39m getLatestRunStatus(productId[33m:[39m string) { [36mreturn[39m [36mawait[39m prisma[33m.[39mresearchRun[33m.[39mfindFirst({ where[33m:[39m { productId }[33m,[39m orderBy[33m:[39m { createdAt[33m:[39m [32m'desc'[39m } })[33m;[39m
 [90m    |[39m   [31m[1m^[22m[39m
 [90m 14 |[39m } [36mexport[39m [36masync[39m [36mfunction[39m checkSystemHealthAction() { [36mtry[39m { [36mconst[39m report [33m=[39m [36mawait[39m [33mHealthCheck[39m[33m.[39mrun()[33m;[39m [36mreturn[39m { success[33m:[39m [36mtrue[39m[33m,[39m engine_reachable[33m:[39m report[33m.[39mdatabase[33m.[39mstatus [33m===[39m [32m'OK'[39m[33m,[39m report }[33m;[39m } [36mcatch[39m (error[33m:[39m any) { [36mreturn[39m { success[33m:[39m [36mfalse[39m[33m,[39m error[33m:[39m error[33m.[39mmessage }[33m;[39m }
 [90m 15 |[39m } [36mexport[39m [36masync[39m [36mfunction[39m syncGoogleDrive(productId[33m:[39m string) { [36mtry[39m { [36mconst[39m product [33m=[39m [36mawait[39m prisma[33m.[39mproduct[33m.[39mfindUnique({ where[33m:[39m { id[33m:[39m productId } })[33m;[39m [36mif[39m ([33m![39mproduct) [36mthrow[39m [36mnew[39m [33mError[39m([32m"Producto no encontrado"[39m)[33m;[39m [36mconst[39m drive [33m=[39m [36mnew[39m [33mDriveSync[39m()[33m;[39m [36mawait[39m drive[33m.[39mcreateProductStructure(productId[33m,[39m product[33m.[39mtitle[33m,[39m product[33m.[39mcountry [33m||[39m [32m"ES"[39m)[33m;[39m [36mreturn[39m { success[33m:[39m [36mtrue[39m[33m,[39m message[33m:[39m [32m"Google Drive sincronizado"[39m }[33m;[39m } [36mcatch[39m (error[33m:[39m any) { [36mreturn[39m { success[33m:[39m [36mfalse[39m[33m,[39m error[33m:[39m error[33m.[39mmessage }[33m;[39m }
 [90m 16 |[39m } [36mexport[39m [36masync[39m [36mfunction[39m clearResearchHistory(productId[33m:[39m string) { [36mtry[39m { [90m// Use soft delete or cascade if possible, but manual for now await prisma.researchRun.deleteMany({ where: { productId } }); // We keep sources for context? No, clear all as requested by history clear await prisma.researchSource.deleteMany({ where: { productId } }); revalidatePath(`/research`); return { success: true, message: "Historial borrado" }; } catch (error: any) { return { success: false, error: error.message }; }[39m[0m

Expected a semicolon

Import traces:
  Client Component Browser:
    ./src/app/research/actions/research-actions.ts [Client Component Browser]
    ./src/components/products/ProductSettings.tsx [Client Component Browser]
    ./src/components/products/ProductSettings.tsx [Server Component]
    ./src/app/dashboard/productos/[productId]/settings/page.tsx [Server Component]

  Client Component SSR:
    ./src/app/research/actions/research-actions.ts [Client Component SSR]
    ./src/components/products/ProductSettings.tsx [Client Component SSR]
    ./src/components/products/ProductSettings.tsx [Server Component]
    ./src/app/dashboard/productos/[productId]/settings/page.tsx [Server Component]


./src/app/settings/alerts/page.tsx:1:14
Parsing ecmascript source code failed
[0m[31m[1m>[22m[39m[90m 1 |[39m [32m"use client"[39m [36mimport[39m [33m*[39m [36mas[39m [33mReact[39m [36mfrom[39m [32m"react"[39m
 [90m   |[39m              [31m[1m^[22m[39m[31m[1m^[22m[39m[31m[1m^[22m[39m[31m[1m^[22m[39m[31m[1m^[22m[39m[31m[1m^[22m[39m
 [90m 2 |[39m [36mimport[39m { useSearchParams } [36mfrom[39m [32m"next/navigation"[39m
 [90m 3 |[39m [36mimport[39m { [33mPlus[39m[33m,[39m [33mTrash2[39m[33m,[39m [33mPower[39m[33m,[39m [33mPowerOff[39m[33m,[39m [33mAlertTriangle[39m } [36mfrom[39m [32m"lucide-react"[39m
 [90m 4 |[39m [36mimport[39m { [33mButton[39m } [36mfrom[39m [32m"@/components/ui/button"[39m[0m

Expected ';', '}' or <eof>


./src/app/team/actions.ts:2:3
Parsing ecmascript source code failed
[0m [90m 1 |[39m [32m"use server"[39m[33m;[39m [36mimport[39m { prisma [36mas[39m db } [36mfrom[39m [32m"@/lib/prisma"[39m[33m;[39m [36mexport[39m [36masync[39m [36mfunction[39m getTeamData() { [36mtry[39m { [90m// Fetch Store ID (assuming single store for now) const store = await db.store.findFirst(); if (!store) throw new Error("No store found"); const [agents, users] = await Promise.all([ db.agentProfile.findMany({ where: { storeId: store.id }, orderBy: { createdAt: 'desc' } }), db.userStoreAccess.findMany({ where: { storeId: store.id }, include: { user: true } }) ]); return { success: true, agents, users: users.map(u => ({ id: u.userId, name: u.user.name, email: u.user.email, role: u.role, avatar: `https://api.dicebear.com/7.x/initials/svg?seed=${u.user.name}` })) }; } catch (error: any) { return { success: false, error: error.message }; }[39m
[31m[1m>[22m[39m[90m 2 |[39m } [36mexport[39m [36masync[39m [36mfunction[39m inviteTeamMember(email[33m:[39m string[33m,[39m role[33m:[39m string) { [90m// Mock invitation return { success: true, message: `Invitación enviada a ${email}` };[39m
 [90m   |[39m   [31m[1m^[22m[39m
 [90m 3 |[39m } [36mexport[39m [36masync[39m [36mfunction[39m createAgent(data[33m:[39m { name[33m:[39m string[33m,[39m role[33m:[39m string }) { [36mtry[39m { [36mconst[39m store [33m=[39m [36mawait[39m db[33m.[39mstore[33m.[39mfindFirst()[33m;[39m [36mif[39m ([33m![39mstore) [36mthrow[39m [36mnew[39m [33mError[39m([32m"No store found"[39m)[33m;[39m [36mconst[39m agent [33m=[39m [36mawait[39m db[33m.[39magentProfile[33m.[39mcreate({ data[33m:[39m { storeId[33m:[39m store[33m.[39mid[33m,[39m name[33m:[39m data[33m.[39mname[33m,[39m role[33m:[39m data[33m.[39mrole[33m,[39m instructions[33m:[39m [32m"Default instructions"[39m[33m,[39m isActive[33m:[39m [36mtrue[39m } })[33m;[39m [36mreturn[39m { success[33m:[39m [36mtrue[39m[33m,[39m agent }[33m;[39m } [36mcatch[39m (e[33m:[39m any) { [36mreturn[39m { success[33m:[39m [36mfalse[39m[33m,[39m error[33m:[39m e[33m.[39mmessage }[33m;[39m }
 [90m 4 |[39m }
 [90m 5 |[39m[0m

Expected a semicolon

Import traces:
  Client Component Browser:
    ./src/app/team/actions.ts [Client Component Browser]
    ./src/app/agentes-ia/page.tsx [Client Component Browser]
    ./src/app/agentes-ia/page.tsx [Server Component]

  Client Component SSR:
    ./src/app/team/actions.ts [Client Component SSR]
    ./src/app/agentes-ia/page.tsx [Client Component SSR]
    ./src/app/agentes-ia/page.tsx [Server Component]


./src/components/layout/sidebar.tsx:12:1
Parsing ecmascript source code failed
[0m [90m 10 |[39m }) { [36mconst[39m [isHovering[33m,[39m setIsHovering] [33m=[39m useState([36mfalse[39m)[33m;[39m [36mconst[39m pathname [33m=[39m usePathname()[33m;[39m [36mconst[39m handleHover [33m=[39m (h[33m:[39m boolean) [33m=>[39m { setIsHovering(h)[33m;[39m onHoverChange[33m?[39m[33m.[39m(h)[33m;[39m }[33m;[39m [36mconst[39m isOpen [33m=[39m isMobileOpen [33m||[39m isPinned [33m||[39m isHovering[33m;[39m [36mreturn[39m ( [33m<[39m[33maside[39m onMouseEnter[33m=[39m{() [33m=>[39m handleHover([36mtrue[39m)} onMouseLeave[33m=[39m{() [33m=>[39m handleHover([36mfalse[39m)} className[33m=[39m{cn( [32m"fixed left-0 top-0 z-[100] glass-panel border-r border-white/40 h-screen flex flex-col transition-all duration-300 ease-in-out shadow-none"[39m[33m,[39m [32m"max-md:shadow-sm max-md:w-[280px]"[39m[33m,[39m isOpen [33m?[39m [32m"w-[var(--sidebar-width)] translate-x-0"[39m [33m:[39m [32m"w-[var(--sidebar-collapsed)] max-md:-translate-x-full"[39m )} [33m>[39m {[90m/* Logo Section */[39m} [33m<[39m[33mdiv[39m className[33m=[39m[32m"px-3 border-b border-white/20 flex items-center justify-between shrink-0 h-[var(--header-height)] bg-transparent"[39m[33m>[39m [33m<[39m[33mdiv[39m className[33m=[39m[32m"flex items-center gap-2.5 overflow-hidden"[39m[33m>[39m [33m<[39m[33mdiv[39m className[33m=[39m[32m"w-7 h-7 rounded-lg bg-primary flex items-center justify-center shrink-0 shadow-sm"[39m[33m>[39m [33m<[39m[33mRocket[39m className[33m=[39m[32m"w-3.5 h-3.5 text-white"[39m [33m/[39m[33m>[39m [33m<[39m[33m/[39m[33mdiv[39m[33m>[39m {isOpen [33m&&[39m ( [33m<[39m[33mdiv[39m className[33m=[39m[32m"animate-in fade-in slide-in-from-left-2 duration-300"[39m[33m>[39m [33m<[39m[33mspan[39m className[33m=[39m[32m"font-extrabold text-[11px] tracking-tight text-slate-900 uppercase italic leading-none"[39m[33m>[39m[33mFactoría[39m [33m<[39m[33mspan[39m className[33m=[39m[32m"text-primary not-italic"[39m[33m>[39m[33mX[39m[33m<[39m[33m/[39m[33mspan[39m[33m>[39m[33m<[39m[33m/[39m[33mspan[39m[33m>[39m [33m<[39m[33mp[39m className[33m=[39m[32m"text-[7px] text-slate-500 font-black uppercase tracking-[0.2em] mt-0.5"[39m[33m>[39m[33mScale[39m [33mProtocol[39m[33m<[39m[33m/[39m[33mp[39m[33m>[39m [33m<[39m[33m/[39m[33mdiv[39m[33m>[39m )} [33m<[39m[35m/div> {isOpen && ( <button onClick={togglePinned} className="text-slate-500 hover:text-primary transition-colors mr-1"> {isPinned ? <PinOff className="w-3.5 h-3.5" /[39m[33m>[39m [33m:[39m [33m<[39m[33mPin[39m className[33m=[39m[32m"w-3.5 h-3.5"[39m [33m/[39m[33m>[39m} [33m<[39m[33m/[39m[33mbutton[39m[33m>[39m )} [33m<[39m[35m/div> {/[39m[33m*[39m [33mNavigation[39m [33m-[39m [33mSection[39m [33mBased[39m [33m*[39m[33m/[39m} [33m<[39m[33mnav[39m className[33m=[39m[32m"flex-1 overflow-y-auto no-scrollbar pt-2 pb-2"[39m[33m>[39m {navigation[33m.[39mmap((layer) [33m=>[39m ( [33m<[39m[33mdiv[39m key[33m=[39m{layer[33m.[39mid} className[33m=[39m[32m"mb-2.5"[39m[33m>[39m {isOpen [33m&&[39m ( [33m<[39m[33mh3[39m className[33m=[39m[32m"px-3 mb-1 text-[10px] font-black text-slate-600 uppercase tracking-[0.15em]"[39m[33m>[39m{layer[33m.[39mlabel}[33m<[39m[33m/[39m[33mh3[39m[33m>[39m )} [33m<[39m[33mdiv[39m className[33m=[39m[32m"px-2 space-y-0.5"[39m[33m>[39m {layer[33m.[39mitems[33m.[39mmap((item[33m,[39m idx) [33m=>[39m ( [33m<[39m[33mNavItem[39m key[33m=[39m{idx} href[33m=[39m{item[33m.[39mhref} icon[33m=[39m{item[33m.[39micon} label[33m=[39m{item[33m.[39mlabel} isOpen[33m=[39m{isOpen} isActive[33m=[39m{item[33m.[39mhref [33m===[39m [32m'/'[39m [33m?[39m pathname [33m===[39m [32m'/'[39m [33m:[39m pathname[33m.[39mstartsWith(item[33m.[39mhref)} [33m/[39m[33m>[39m ))} [33m<[39m[33m/[39m[33mdiv[39m[33m>[39m [33m<[39m[33m/[39m[33mdiv[39m[33m>[39m ))} [33m<[39m[35m/nav> {/[39m[33m*[39m [33mFooter[39m [33m*[39m[33m/[39m} [33m<[39m[33mdiv[39m className[33m=[39m[32m"p-3 border-t border-slate-100/50 shrink-0 bg-transparent"[39m[33m>[39m [33m<[39m[33mdiv[39m className[33m=[39m[32m"flex items-center gap-3"[39m[33m>[39m [33m<[39m[33mdiv[39m className[33m=[39m[32m"w-7 h-7 rounded-lg bg-white border border-slate-200/50 flex items-center justify-center shrink-0 shadow-sm overflow-hidden group"[39m[33m>[39m [33m<[39m[33mUserCircle[39m className[33m=[39m[32m"w-4 h-4 text-slate-400"[39m [33m/[39m[33m>[39m [33m<[39m[33m/[39m[33mdiv[39m[33m>[39m {isOpen [33m&&[39m ( [33m<[39m[33mdiv[39m className[33m=[39m[32m"flex flex-col min-w-0"[39m[33m>[39m [33m<[39m[33mspan[39m className[33m=[39m[32m"text-[10px] font-bold text-slate-900 truncate tracking-tight uppercase"[39m[33m>[39m[33mAdministrador[39m[33m<[39m[33m/[39m[33mspan[39m[33m>[39m [33m<[39m[33mBadge[39m variant[33m=[39m[32m"outline"[39m className[33m=[39m[32m"text-[8px] h-3 px-1 mt-0.5 border-slate-200/50 text-slate-500 w-fit bg-white/50"[39m[33m>[39m[33mPRO[39m[33m<[39m[33m/[39m[33mBadge[39m[33m>[39m [33m<[39m[33m/[39m[33mdiv[39m[33m>[39m )} [33m<[39m[33m/[39m[33mdiv[39m[33m>[39m [33m<[39m[33m/[39m[33mdiv[39m[33m>[39m [33m<[39m[33m/[39m[33maside[39m[33m>[39m )[33m;[39m
 [90m 11 |[39m } [36mfunction[39m [33mNavItem[39m({ href[33m,[39m icon[33m:[39m [33mIcon[39m[33m,[39m label[33m,[39m isOpen[33m,[39m isActive }[33m:[39m { href[33m:[39m string[33m;[39m icon[33m:[39m any[33m;[39m label[33m:[39m string[33m;[39m isOpen[33m:[39m boolean[33m;[39m isActive[33m:[39m boolean }) { [36mreturn[39m ( [33m<[39m[33mLink[39m href[33m=[39m{href} className[33m=[39m{cn( [32m"flex items-center gap-2 px-2 py-1 rounded-lg transition-all duration-200 group relative"[39m[33m,[39m [32m"max-md:py-3 max-md:my-1"[39m[33m,[39m [90m// Larger touch target on mobile isActive ? "bg-rose-500/10 text-rose-600 shadow-[inset_0_1px_1px_rgba(255,255,255,0.4)] ring-1 ring-rose-500/20" : "text-slate-700 hover:bg-white/60 hover:text-slate-900" )} > <Icon strokeWidth={1.5} className={cn( "w-6 h-6 shrink-0 transition-transform group-hover:scale-110", isActive ? "text-rose-600" : "text-slate-950 group-hover:text-black" )} /> {isOpen && ( <span className="text-[10px] font-bold tracking-tight whitespace-nowrap animate-in fade-in slide-in-from-left-1 duration-300 uppercase"> {label} </span> )} {!isOpen && isActive && ( <div className="absolute right-0 top-1/2 -translate-y-1/2 w-1 h-3 bg-rose-500 rounded-l-full" /> )} </Link> );[39m
[31m[1m>[22m[39m[90m 12 |[39m }
 [90m    |[39m [31m[1m^[22m[39m
 [90m 13 |[39m[0m

Expression expected

Import traces:
  Client Component Browser:
    ./src/components/layout/sidebar.tsx [Client Component Browser]
    ./src/components/layout/app-layout.tsx [Client Component Browser]
    ./src/components/layout/app-layout.tsx [Server Component]
    ./src/app/layout.tsx [Server Component]

  Client Component SSR:
    ./src/components/layout/sidebar.tsx [Client Component SSR]
    ./src/components/layout/app-layout.tsx [Client Component SSR]
    ./src/components/layout/app-layout.tsx [Server Component]
    ./src/app/layout.tsx [Server Component]


./src/components/layout/top-bar.tsx:14:1
Parsing ecmascript source code failed
[0m [90m 12 |[39m [36mimport[39m { cn } [36mfrom[39m [32m"@/lib/utils"[39m[33m;[39m
 [90m 13 |[39m [36mimport[39m { usePathname[33m,[39m useRouter } [36mfrom[39m [32m"next/navigation"[39m[33m;[39m [36mexport[39m [36mfunction[39m [33mTopBar[39m({ onMenuClick[33m,[39m isExpanded }[33m:[39m { onMenuClick[33m:[39m () [33m=>[39m [36mvoid[39m[33m;[39m isExpanded[33m?[39m[33m:[39m boolean }) { [36mconst[39m { product[33m,[39m allProducts[33m,[39m productId[33m,[39m setProductId } [33m=[39m useProduct()[33m;[39m [36mconst[39m { activeStoreId[33m,[39m activeStore[33m,[39m stores[33m,[39m setActiveStoreId } [33m=[39m useStore()[33m;[39m [36mconst[39m [search[33m,[39m setSearch] [33m=[39m useState([32m""[39m)[33m;[39m [36mconst[39m pathname [33m=[39m usePathname()[33m;[39m [36mconst[39m router [33m=[39m useRouter()[33m;[39m [36mconst[39m [scrolled[33m,[39m setScrolled] [33m=[39m useState([36mfalse[39m)[33m;[39m useEffect(() [33m=>[39m { [36mconst[39m handleScroll [33m=[39m () [33m=>[39m setScrolled(window[33m.[39mscrollY [33m>[39m [35m20[39m)[33m;[39m window[33m.[39maddEventListener([32m'scroll'[39m[33m,[39m handleScroll)[33m;[39m [36mreturn[39m () [33m=>[39m window[33m.[39mremoveEventListener([32m'scroll'[39m[33m,[39m handleScroll)[33m;[39m }[33m,[39m [])[33m;[39m [36mconst[39m filteredProducts [33m=[39m allProducts[33m.[39mfilter(p [33m=>[39m p[33m.[39mtitle[33m?[39m[33m.[39mtoLowerCase()[33m.[39mincludes(search[33m.[39mtoLowerCase()) )[33m;[39m [36mreturn[39m ( [33m<[39m[33mheader[39m className[33m=[39m{cn( [32m"fixed top-0 right-0 z-40 h-[var(--header-height)] transition-all duration-300"[39m[33m,[39m [32m"w-full glass-header shadow-none border-white/20"[39m[33m,[39m scrolled [33m&&[39m [32m"bg-white/40 border-b border-white/50 shadow-sm"[39m )}[33m>[39m [33m<[39m[33mdiv[39m className[33m=[39m{cn( [32m"h-full pr-4 flex items-center justify-between gap-4 transition-all duration-300"[39m[33m,[39m isExpanded [33m?[39m [32m"pl-[var(--sidebar-width)]"[39m [33m:[39m [32m"pl-[var(--sidebar-collapsed)]"[39m[33m,[39m [32m"max-md:pl-12"[39m )}[33m>[39m [33m<[39m[33mdiv[39m className[33m=[39m[32m"flex items-center gap-4"[39m[33m>[39m [33m<[39m[33mbutton[39m onClick[33m=[39m{onMenuClick} className[33m=[39m[32m"p-2 rounded-xl hover:bg-white/40 transition-colors md:hidden"[39m [33m>[39m [33m<[39m[33mMenu[39m className[33m=[39m[32m"w-4 h-4 text-slate-600"[39m [33m/[39m[33m>[39m [33m<[39m[33m/[39m[33mbutton[39m[33m>[39m [33m<[39m[35m/div> {/[39m[33m*[39m ═══ [33mZONE[39m [33mCENTER[39m[33m:[39m [33mFlexible[39m spacer ═══ [33m*[39m[35m/} <div className="flex-1 min-w-0" /[39m[33m>[39m {[90m/* ═══ ZONE RIGHT: KPIs + Selectors + Icons ═══ */[39m} [33m<[39m[33mdiv[39m className[33m=[39m[32m"flex items-center gap-4 shrink-0 px-2"[39m[33m>[39m {[90m/* ── Store Selector ── */[39m} [33m<[39m[33mDropdownMenu[39m[33m>[39m [33m<[39m[33mDropdownMenuTrigger[39m asChild[33m>[39m [33m<[39m[33mbutton[39m className[33m=[39m{cn( [32m"flex items-center gap-2 px-2.5 py-1.5 bg-white/50 border border-slate-200/50 rounded-xl hover:border-primary/20 transition-all group shrink min-w-0 shadow-sm max-w-[200px]"[39m[33m,[39m [32m"max-md:py-2.5 max-md:px-3"[39m )}[33m>[39m [33m<[39m[33mdiv[39m className[33m=[39m[32m"w-5 h-5 rounded-lg bg-rose-50 flex items-center justify-center shrink-0 border border-rose-100"[39m[33m>[39m [33m<[39m[33mStore[39m className[33m=[39m[32m"w-3 h-3 text-primary"[39m [33m/[39m[33m>[39m [33m<[39m[33m/[39m[33mdiv[39m[33m>[39m [33m<[39m[33mdiv[39m className[33m=[39m[32m"flex flex-col items-start min-w-0 flex-1"[39m[33m>[39m [33m<[39m[33mspan[39m className[33m=[39m[32m"text-[9px] font-bold text-slate-400 uppercase tracking-widest leading-none mb-0.5"[39m[33m>[39m[33mTienda[39m[33m<[39m[33m/[39m[33mspan[39m[33m>[39m [33m<[39m[33mspan[39m className[33m=[39m[32m"text-[11px] font-bold text-slate-900 truncate w-full text-left tracking-tight leading-none"[39m[33m>[39m {activeStore[33m?[39m[33m.[39mname [33m||[39m [32m"Seleccionar..."[39m} [33m<[39m[33m/[39m[33mspan[39m[33m>[39m [33m<[39m[35m/div> <ChevronDown className="w-3 h-3 text-slate-300 group-hover:text-primary transition-colors shrink-0" /[39m[33m>[39m [33m<[39m[33m/[39m[33mbutton[39m[33m>[39m [33m<[39m[33m/[39m[33mDropdownMenuTrigger[39m[33m>[39m [33m<[39m[33mDropdownMenuContent[39m align[33m=[39m[32m"end"[39m className[33m=[39m[32m"w-[240px] glass-card p-1.5 z-[70] border-none rounded-2xl"[39m[33m>[39m [33m<[39m[33mDropdownMenuLabel[39m className[33m=[39m[32m"px-3 py-2 border-b border-slate-50 mb-1"[39m[33m>[39m [33m<[39m[33mspan[39m className[33m=[39m[32m"text-[10px] font-bold text-slate-400 uppercase tracking-widest"[39m[33m>[39m[33mCambiar[39m [33mTienda[39m[33m<[39m[33m/[39m[33mspan[39m[33m>[39m [33m<[39m[33m/[39m[33mDropdownMenuLabel[39m[33m>[39m {stores[33m.[39mmap((s) [33m=>[39m ( [33m<[39m[33mDropdownMenuItem[39m key[33m=[39m{s[33m.[39mid} onClick[33m=[39m{() [33m=>[39m setActiveStoreId(s[33m.[39mid)} className[33m=[39m{cn( [32m"flex items-center gap-3 p-2 rounded-xl cursor-pointer transition-all mb-0.5"[39m[33m,[39m activeStoreId [33m===[39m s[33m.[39mid [33m?[39m [32m"bg-rose-50 border border-rose-100/50"[39m [33m:[39m [32m"hover:bg-slate-50 border border-transparent"[39m )} [33m>[39m [33m<[39m[33mdiv[39m className[33m=[39m{cn( [32m"w-7 h-7 rounded-lg flex items-center justify-center shrink-0"[39m[33m,[39m activeStoreId [33m===[39m s[33m.[39mid [33m?[39m [32m"bg-white border border-rose-200 shadow-sm"[39m [33m:[39m [32m"bg-slate-100"[39m )}[33m>[39m [33m<[39m[33mStore[39m className[33m=[39m{cn( [32m"w-3.5 h-3.5"[39m[33m,[39m activeStoreId [33m===[39m s[33m.[39mid [33m?[39m [32m"text-primary"[39m [33m:[39m [32m"text-slate-400"[39m )} [33m/[39m[33m>[39m [33m<[39m[33m/[39m[33mdiv[39m[33m>[39m [33m<[39m[33mdiv[39m className[33m=[39m[32m"flex flex-col min-w-0 flex-1"[39m[33m>[39m [33m<[39m[33mspan[39m className[33m=[39m[32m"text-[11px] font-bold truncate text-slate-900"[39m[33m>[39m{s[33m.[39mname}[33m<[39m[33m/[39m[33mspan[39m[33m>[39m {s[33m.[39mdomain [33m&&[39m [33m<[39m[33mspan[39m className[33m=[39m[32m"text-[9px] text-slate-400 font-medium truncate"[39m[33m>[39m{s[33m.[39mdomain}[33m<[39m[33m/[39m[33mspan[39m[33m>[39m} [33m<[39m[35m/div> {activeStoreId === s.id && <Check className="w-3 h-3 ml-auto text-primary" /[39m[33m>[39m} [33m<[39m[33m/[39m[33mDropdownMenuItem[39m[33m>[39m ))} [33m<[39m[33m/[39m[33mDropdownMenuContent[39m[33m>[39m [33m<[39m[35m/DropdownMenu> {/[39m[33m*[39m ── [33mContext[39m [35m/ Product Selector ── */[39m} [33m<[39m[33mDropdownMenu[39m[33m>[39m [33m<[39m[33mDropdownMenuTrigger[39m asChild[33m>[39m [33m<[39m[33mbutton[39m className[33m=[39m{cn( [32m"flex items-center gap-2 px-2.5 py-1.5 bg-rose-50/50 border border-rose-200/50 rounded-xl hover:border-primary/40 transition-all group shrink min-w-0 max-w-[220px] shadow-sm ring-1 ring-rose-500/10"[39m[33m,[39m [32m"max-md:py-2.5 max-md:px-3"[39m [90m// Larger touch target )}> <div className="w-6 h-6 rounded-lg bg-rose-50 border border-rose-100 flex items-center justify-center overflow-hidden shrink-0"> {(productId === 'GLOBAL' || !product) ? ( <LayoutDashboard className="w-3 h-3 text-primary" /> ) : product.imageUrl ? ( <Image src={product.imageUrl} alt={product.title || "Product"} width={24} height={24} className="w-full h-full object-cover" /> ) : ( <Package className="w-3 h-3 text-primary" /> )} </div> <div className="flex flex-col items-start min-w-0"> <span className="text-[10px] font-bold text-slate-500 uppercase tracking-widest leading-none mb-0.5">Producto</span> <span className="text-[11px] font-bold text-slate-900 truncate max-w-full tracking-tight leading-none"> {productId === 'GLOBAL' ? "Tienda Global" : product?.title || "Seleccionar..."} </span> </div> <ChevronDown className="w-3 h-3 text-slate-300 group-hover:text-primary transition-colors shrink-0" /> </button> </DropdownMenuTrigger> <DropdownMenuContent align="end" className="w-[280px] glass-card p-1.5 z-[70] border-none rounded-2xl"> <DropdownMenuLabel className="px-3 py-2 border-b border-slate-50 mb-1"> <span className="text-[10px] font-bold text-slate-600 uppercase tracking-widest">Cambiar Producto</span> </DropdownMenuLabel> <div className="px-2 pb-2"> <div className="relative"> <Search className="absolute left-2.5 top-1/2 -translate-y-1/2 w-4 h-4 text-slate-400" /> <Input placeholder="BUSCAR PRODUCTO..." className="h-9 pl-9 text-[10px] font-black uppercase tracking-widest bg-slate-50/50 border-none rounded-xl focus-visible:ring-1 focus-visible:ring-rose-200" value={search} onChange={(e) => setSearch(e.target.value)} /> </div> </div> <ScrollArea className="h-[300px] px-1 no-scrollbar"> <DropdownMenuItem onClick={() => setProductId('GLOBAL')} className={cn( "flex items-center gap-3 p-2.5 rounded-xl cursor-pointer transition-all mb-1", productId === 'GLOBAL' ? "bg-rose-50 border border-rose-100" : "hover:bg-slate-50 border border-transparent" )} > <div className="w-8 h-8 rounded-lg bg-white border border-slate-200 flex items-center justify-center shrink-0 shadow-sm"> <LayoutDashboard className="w-4 h-4 text-primary" /> </div> <div className="flex flex-col"> <span className="text-[11px] font-bold text-slate-900">Contexto Global</span> <span className="text-[9px] text-slate-400 font-medium">Vista unificada</span> </div> {productId === 'GLOBAL' && <Check className="w-3 h-3 ml-auto text-primary" />} </DropdownMenuItem> <DropdownMenuSeparator className="bg-slate-100 my-2" /> {filteredProducts.map((p) => ( <DropdownMenuItem key={p.id} onClick={() => setProductId(p.id)} className={cn( "flex items-center gap-3 p-2 rounded-xl cursor-pointer transition-all mb-1", productId === p.id ? "bg-rose-50 border border-rose-100" : "hover:bg-slate-50 border border-transparent" )} > <div className="w-8 h-8 rounded-lg bg-white border border-slate-200 flex items-center justify-center overflow-hidden shrink-0 shadow-sm"> {p.imageUrl ? ( <Image src={p.imageUrl} alt={p.title || "Product"} width={32} height={32} className="w-full h-full object-cover" /> ) : ( <Package className="w-3.5 h-3.5 text-slate-300" /> )} </div> <div className="flex flex-col min-w-0 flex-1"> <span className="text-[11px] font-bold truncate text-slate-900">{p.title}</span> <span className="text-[9px] text-slate-400 font-medium uppercase tracking-tighter">{p.status}</span> </div> {productId === p.id && <Check className="w-3 h-3 ml-auto text-primary" />} </DropdownMenuItem> ))} </ScrollArea> </DropdownMenuContent> </DropdownMenu> {/* KPI Pills - Glass Style */} {product && ( <div className="hidden lg:flex items-center gap-1.5 p-1 bg-white/30 rounded-xl border border-white/50 shadow-sm"> <div className="flex items-center gap-2 px-3 py-1.5 bg-white/80 rounded-lg shadow-xs border border-white/50"> <span className="text-[9px] font-black text-slate-400 uppercase tracking-[0.1em]">ROAS BE</span> <span className="text-[11px] font-black text-rose-500 italic">{(product as any).roasBE || "2.40"}</span> </div> <div className="flex items-center gap-2 px-3 py-1.5 bg-white/80 rounded-lg shadow-xs border border-white/50"> <span className="text-[9px] font-black text-slate-400 uppercase tracking-[0.1em]">CPA BE</span> <span className="text-[11px] font-black text-slate-900 italic">{(product as any).cpaBE || "12.50"}€</span> </div> </div> )} {/* Action Icons */} <div className="flex items-center gap-2 shrink-0 border-l border-slate-200/50 pl-4 h-8"> <Button size="icon" variant="ghost" className="h-8 w-8 rounded-lg text-slate-400 hover:text-primary hover:bg-rose-50 transition-all relative"> <Bell className="w-3.5 h-3.5" /> <span className="absolute top-1 right-1 w-1.5 h-1.5 bg-primary rounded-full border border-white" /> </Button> <DropdownMenu> <DropdownMenuTrigger asChild> <Button size="icon" variant="ghost" className="h-8 w-8 rounded-lg text-slate-500 hover:text-primary hover:bg-rose-50 transition-all"> <Settings className="w-3.5 h-3.5" /> </Button> </DropdownMenuTrigger> <DropdownMenuContent align="end" className="w-[200px] glass-card p-1.5 z-[70] border-none rounded-2xl shadow-sm"> <DropdownMenuLabel className="px-3 py-2"> <span className="text-[10px] font-bold text-slate-500 uppercase tracking-widest">Ajustes & Sistema</span> </DropdownMenuLabel> <DropdownMenuSeparator className="bg-slate-100/50" /> <DropdownMenuItem onClick={() => router.push('/system/health')} className="flex items-center gap-3 p-2 rounded-xl cursor-pointer hover:bg-slate-50 transition-all"> <div className="w-7 h-7 rounded-lg bg-emerald-50 flex items-center justify-center border border-emerald-100"> <Activity className="w-3.5 h-3.5 text-emerald-600" /> </div> <span className="text-[11px] font-bold text-slate-700">Estado Salud</span> </DropdownMenuItem> <DropdownMenuItem onClick={() => router.push('/connections')} className="flex items-center gap-3 p-2 rounded-xl cursor-pointer hover:bg-slate-50 transition-all"> <div className="w-7 h-7 rounded-lg bg-blue-50 flex items-center justify-center border border-blue-100"> <LinkIcon className="w-3.5 h-3.5 text-blue-600" /> </div> <span className="text-[11px] font-bold text-slate-700">Conexiones</span> </DropdownMenuItem> <DropdownMenuSeparator className="bg-slate-100/50" /> <DropdownMenuItem onClick={() => router.push('/settings')} className="flex items-center gap-3 p-2 rounded-xl cursor-pointer hover:bg-slate-50 transition-all"> <div className="w-7 h-7 rounded-lg bg-slate-100 flex items-center justify-center border border-slate-200"> <Settings className="w-3.5 h-3.5 text-slate-600" /> </div> <span className="text-[11px] font-bold text-slate-700">Ajustes Generales</span> </DropdownMenuItem> </DropdownMenuContent> </DropdownMenu> <div className="w-7 h-7 rounded-lg bg-slate-50 p-0.5 cursor-pointer hover:border-primary/30 transition-all border border-slate-200/50 ml-1 shadow-sm overflow-hidden relative"> <Image src="https://github.com/shadcn.png" alt="Profile" fill sizes="28px" className="object-cover rounded-[5px]" /> </div> </div> </div> </div> </header> );[39m
[31m[1m>[22m[39m[90m 14 |[39m } 
 [90m    |[39m [31m[1m^[22m[39m[0m

Expected '</', got '}'

Import traces:
  Client Component Browser:
    ./src/components/layout/top-bar.tsx [Client Component Browser]
    ./src/components/layout/app-layout.tsx [Client Component Browser]
    ./src/components/layout/app-layout.tsx [Server Component]
    ./src/app/layout.tsx [Server Component]

  Client Component SSR:
    ./src/components/layout/top-bar.tsx [Client Component SSR]
    ./src/components/layout/app-layout.tsx [Client Component SSR]
    ./src/components/layout/app-layout.tsx [Server Component]
    ./src/app/layout.tsx [Server Component]


./src/components/logistics/OrderDetailPanel.tsx:13:3
Parsing ecmascript source code failed
[0m [90m 11 |[39m [36mimport[39m { [33mTabs[39m[33m,[39m [33mTabsList[39m[33m,[39m [33mTabsTrigger[39m[33m,[39m [33mTabsContent[39m } [36mfrom[39m [32m"@/components/ui/tabs"[39m[33m;[39m [36minterface[39m [33mOrderDetailPanelProps[39m { order[33m:[39m any[33m;[39m isOpen[33m:[39m boolean[33m;[39m onClose[33m:[39m () [33m=>[39m [36mvoid[39m[33m;[39m
 [90m 12 |[39m } [36mexport[39m [36mfunction[39m [33mOrderDetailPanel[39m({ order[33m,[39m isOpen[33m,[39m onClose }[33m:[39m [33mOrderDetailPanelProps[39m) { [36mif[39m ([33m![39morder) [36mreturn[39m [36mnull[39m[33m;[39m [36mconst[39m [33mField[39m [33m=[39m ({ label[33m,[39m value[33m,[39m copyable [33m=[39m [36mfalse[39m }[33m:[39m { label[33m:[39m string[33m,[39m value[33m:[39m any[33m,[39m copyable[33m?[39m[33m:[39m boolean }) [33m=>[39m ( [33m<[39m[33mdiv[39m className[33m=[39m[32m"flex flex-col gap-1 py-1.5 border-b border-slate-50 last:border-0 group"[39m[33m>[39m [33m<[39m[33mspan[39m className[33m=[39m[32m"text-[10px] font-black text-slate-400 uppercase tracking-tighter leading-none"[39m[33m>[39m{label}[33m<[39m[33m/[39m[33mspan[39m[33m>[39m [33m<[39m[33mdiv[39m className[33m=[39m[32m"flex items-center justify-between gap-2 min-h-[1.25rem]"[39m[33m>[39m [33m<[39m[33mspan[39m className[33m=[39m[32m"text-[11px] font-bold text-slate-700 break-all leading-tight"[39m[33m>[39m{value [33m||[39m [32m'---'[39m}[33m<[39m[35m/span> {copyable && value && ( <Button variant="ghost" size="icon" className="h-5 w-5 opacity-0 group-hover:opacity-100 transition-opacity" onClick={() => { navigator.clipboard.writeText(String(value)); /[39m[35m/ Optional: add a tiny toast or success state }} > <Copy className="h-3 w-3 text-slate-300" /[39m[33m>[39m [33m<[39m[33m/[39m[33mButton[39m[33m>[39m )} [33m<[39m[33m/[39m[33mdiv[39m[33m>[39m [33m<[39m[35m/div> ); return ( <div className={cn( "fixed inset-y-0 right-0 w-[550px] bg-white shadow-sm z-50 transform transition-transform duration-300 ease-in-out border-l border-slate-200 flex flex-col", isOpen ? "translate-x-0" : "translate-x-full" )} > {/[39m[33m*[39m [33mHeader[39m [33m-[39m [33mSuper[39m [33mCompact[39m [33m*[39m[35m/} <div className="px-5 h-14 border-b border-slate-100 flex items-center justify-between bg-white shrink-0"> <div className="flex items-center gap-3"> <div className="w-8 h-8 rounded-lg bg-slate-900 flex items-center justify-center text-white"> <ShoppingCart className="w-4 h-4" /[39m[33m>[39m [33m<[39m[33m/[39m[33mdiv[39m[33m>[39m [33m<[39m[33mdiv[39m className[33m=[39m[32m"flex flex-col"[39m[33m>[39m [33m<[39m[33mdiv[39m className[33m=[39m[32m"flex items-center gap-2"[39m[33m>[39m [33m<[39m[33mspan[39m className[33m=[39m[32m"text-xs font-black text-slate-900 uppercase tracking-tighter"[39m[33m>[39m[33mPedido[39m {order[33m.[39morderNumber [33m||[39m order[33m.[39mshopifyId[33m?[39m[33m.[39msplit([32m'/'[39m)[33m.[39mpop()}[33m<[39m[33m/[39m[33mspan[39m[33m>[39m [33m<[39m[33mBadge[39m className[33m=[39m{cn( [32m"h-4 px-1.5 font-black text-[8px] uppercase tracking-wider border-none rounded-md"[39m[33m,[39m getStatusStyles(order[33m.[39mstatus [33m||[39m order[33m.[39mlogisticsStatus) )}[33m>[39m {order[33m.[39mstatus [33m||[39m order[33m.[39mlogisticsStatus [33m||[39m [32m"PENDIENTE"[39m} [33m<[39m[33m/[39m[33mBadge[39m[33m>[39m [33m<[39m[33m/[39m[33mdiv[39m[33m>[39m [33m<[39m[33mspan[39m className[33m=[39m[32m"text-[9px] font-bold text-slate-400 uppercase tracking-widest"[39m[33m>[39m{order[33m.[39mid}[33m<[39m[33m/[39m[33mspan[39m[33m>[39m [33m<[39m[33m/[39m[33mdiv[39m[33m>[39m [33m<[39m[35m/div> <div className="flex items-center gap-2"> <Button variant="ghost" size="icon" onClick={onClose} className="rounded-full h-8 w-8 hover:bg-slate-100"> <X className="w-4 h-4 text-slate-400" /[39m[33m>[39m [33m<[39m[33m/[39m[33mButton[39m[33m>[39m [33m<[39m[33m/[39m[33mdiv[39m[33m>[39m [33m<[39m[33m/[39m[33mdiv[39m[33m>[39m [33m<[39m[33mTabs[39m defaultValue[33m=[39m[32m"cliente"[39m className[33m=[39m[32m"flex-1 flex flex-col overflow-hidden"[39m[33m>[39m [33m<[39m[33mdiv[39m className[33m=[39m[32m"px-5 border-b border-slate-200 bg-slate-50/30 py-1.5 shadow-sm"[39m[33m>[39m [33m<[39m[33mTabsList[39m className[33m=[39m[32m"bg-slate-200/50 p-0.5 h-8 justify-start gap-1 rounded-lg border border-slate-200/50 overflow-x-auto no-scrollbar w-full"[39m[33m>[39m {[ { v[33m:[39m [32m"ident"[39m[33m,[39m t[33m:[39m [32m"REF"[39m }[33m,[39m { v[33m:[39m [32m"cliente"[39m[33m,[39m t[33m:[39m [32m"CLIENTE"[39m }[33m,[39m { v[33m:[39m [32m"pago"[39m[33m,[39m t[33m:[39m [32m"FINANCE"[39m }[33m,[39m { v[33m:[39m [32m"productos"[39m[33m,[39m t[33m:[39m [32m"ITEMS"[39m }[33m,[39m { v[33m:[39m [32m"logistica"[39m[33m,[39m t[33m:[39m [32m"OPS"[39m }[33m,[39m { v[33m:[39m [32m"riesgo"[39m[33m,[39m t[33m:[39m [32m"MATRIX"[39m }[33m,[39m { v[33m:[39m [32m"com"[39m[33m,[39m t[33m:[39m [32m"COMMS"[39m }[33m,[39m { v[33m:[39m [32m"ads"[39m[33m,[39m t[33m:[39m [32m"ADS"[39m }[33m,[39m { v[33m:[39m [32m"eventos"[39m[33m,[39m t[33m:[39m [32m"LOG"[39m } ][33m.[39mmap(tab [33m=>[39m ( [33m<[39m[33mTabsTrigger[39m key[33m=[39m{tab[33m.[39mv} value[33m=[39m{tab[33m.[39mv} className[33m=[39m[32m"flex-1 min-w-[50px] px-2 h-7 rounded-md data-[state=active]:bg-white data-[state=active]:text-rose-600 data-[state=active]:shadow-xs font-black text-[7.5px] uppercase tracking-widest text-slate-500 transition-all whitespace-nowrap"[39m [33m>[39m {tab[33m.[39mt} [33m<[39m[33m/[39m[33mTabsTrigger[39m[33m>[39m ))} [33m<[39m[33m/[39m[33mTabsList[39m[33m>[39m [33m<[39m[35m/div> <div className="flex-1 overflow-hidden"> <ScrollArea className="h-full"> <div className="p-4 pb-20"> {/[39m[33m*[39m [33mSECTION[39m[33m:[39m [33mIdentificación[39m [33m*[39m[35m/} <TabsContent value="ident" className="m-0 space-y-4"> <section> <div className="flex items-center gap-2 mb-3"> <div className="w-1.5 h-1.5 rounded-full bg-slate-900" /[39m[33m>[39m [33m<[39m[33mh3[39m className[33m=[39m[32m"text-[10px] font-black text-slate-900 uppercase tracking-widest leading-none"[39m[33m>[39m[33mIdentificación[39m del [33mRegistro[39m[33m<[39m[33m/[39m[33mh3[39m[33m>[39m [33m<[39m[35m/div> <div className="grid grid-cols-2 gap-x-6"> <Field label="Shopify ID" value={order.shopifyId} copyable /[39m[33m>[39m [33m<[39m[33mField[39m label[33m=[39m[32m"Order Number"[39m value[33m=[39m{order[33m.[39morderNumber} [35m/> <Field label="Tipo Pedido" value={order.orderType} /[39m[33m>[39m [33m<[39m[33mField[39m label[33m=[39m[32m"Origin"[39m value[33m=[39m{order[33m.[39msource [33m||[39m [32m'Online Store'[39m} [35m/> <Field label="Fecha Creación" value={order.createdAt ? format(new Date(order.createdAt), 'PPP HH:mm', { locale: es }) : '---'} /[39m[33m>[39m [33m<[39m[33mField[39m label[33m=[39m[32m"Última Actualización"[39m value[33m=[39m{order[33m.[39mupdatedAt [33m?[39m format([36mnew[39m [33mDate[39m(order[33m.[39mupdatedAt)[33m,[39m [32m'PPP HH:mm'[39m[33m,[39m { locale[33m:[39m es }) [33m:[39m [32m'---'[39m} [33m/[39m[33m>[39m [33m<[39m[33m/[39m[33mdiv[39m[33m>[39m [33m<[39m[33m/[39m[33msection[39m[33m>[39m [33m<[39m[35m/TabsContent> {/[39m[33m*[39m [33mSECTION[39m[33m:[39m [33mCliente[39m [33m*[39m[35m/} <TabsContent value="cliente" className="m-0 space-y-4"> <section> <div className="flex items-center gap-2 mb-3"> <User className="w-3 h-3 text-slate-400" /[39m[33m>[39m [33m<[39m[33mh3[39m className[33m=[39m[32m"text-[10px] font-black text-slate-900 uppercase tracking-widest"[39m[33m>[39m[33mInformación[39m del [33mCliente[39m[33m<[39m[33m/[39m[33mh3[39m[33m>[39m [33m<[39m[33m/[39m[33mdiv[39m[33m>[39m [33m<[39m[33mdiv[39m className[33m=[39m[32m"bg-slate-50 border border-slate-100 rounded-lg p-3 mb-4 shadow-sm"[39m[33m>[39m [33m<[39m[33mh4[39m className[33m=[39m[32m"text-xs font-black text-slate-900 mb-0.5 italic"[39m[33m>[39m{order[33m.[39mcustomerName}[33m<[39m[33m/[39m[33mh4[39m[33m>[39m [33m<[39m[33mp[39m className[33m=[39m[32m"text-[10px] font-bold text-slate-500 mb-3"[39m[33m>[39m{order[33m.[39mcustomerEmail} [33m|[39m {order[33m.[39mcustomerPhone}[33m<[39m[33m/[39m[33mp[39m[33m>[39m [33m<[39m[33mdiv[39m className[33m=[39m[32m"flex gap-2"[39m[33m>[39m [33m<[39m[33mButton[39m variant[33m=[39m[32m"outline"[39m size[33m=[39m[32m"sm"[39m className[33m=[39m[32m"h-7 px-3 text-[8px] font-black uppercase border-slate-200 rounded-lg hover:bg-white shadow-xs"[39m[33m>[39m[33mView[39m [33mGraph[39m[33m<[39m[33m/[39m[33mButton[39m[33m>[39m [33m<[39m[33mButton[39m variant[33m=[39m[32m"outline"[39m size[33m=[39m[32m"sm"[39m className[33m=[39m[32m"h-7 px-3 text-[8px] font-black uppercase border-slate-200 rounded-lg hover:bg-white shadow-xs"[39m[33m>[39m[33mEdit[39m [33mNode[39m[33m<[39m[33m/[39m[33mButton[39m[33m>[39m [33m<[39m[33m/[39m[33mdiv[39m[33m>[39m [33m<[39m[35m/div> <div className="flex items-center gap-2 mb-3 mt-6"> <MapPin className="w-3 h-3 text-slate-400" /[39m[33m>[39m [33m<[39m[33mh3[39m className[33m=[39m[32m"text-[10px] font-black text-slate-900 uppercase tracking-widest"[39m[33m>[39m[33mDirección[39m de [33mEntrega[39m[33m<[39m[33m/[39m[33mh3[39m[33m>[39m [33m<[39m[35m/div> <div className="grid grid-cols-1 gap-1"> <Field label="Dirección 1" value={order.addressLine1} copyable /[39m[33m>[39m [33m<[39m[33mField[39m label[33m=[39m[32m"Dirección 2"[39m value[33m=[39m{order[33m.[39maddressLine2} [35m/> <div className="grid grid-cols-2 gap-x-6"> <Field label="Ciudad" value={order.city} /[39m[33m>[39m [33m<[39m[33mField[39m label[33m=[39m[32m"Provincia"[39m value[33m=[39m{order[33m.[39mprovince} [35m/> <Field label="Código Postal" value={order.zip} /[39m[33m>[39m [33m<[39m[33mField[39m label[33m=[39m[32m"País"[39m value[33m=[39m{order[33m.[39mcountry} [33m/[39m[33m>[39m [33m<[39m[35m/div> <Field label="Validación Geocoding" value={order.addressStatus} /[39m[33m>[39m [33m<[39m[33mdiv[39m className[33m=[39m[32m"grid grid-cols-2 gap-x-6"[39m[33m>[39m [33m<[39m[33mField[39m label[33m=[39m[32m"Latitud"[39m value[33m=[39m{order[33m.[39mlat} [35m/> <Field label="Longitud" value={order.lng} /[39m[33m>[39m [33m<[39m[33m/[39m[33mdiv[39m[33m>[39m [33m<[39m[33m/[39m[33mdiv[39m[33m>[39m [33m<[39m[33m/[39m[33msection[39m[33m>[39m [33m<[39m[35m/TabsContent> {/[39m[33m*[39m [33mSECTION[39m[33m:[39m [33mPago[39m [33m*[39m[35m/} <TabsContent value="pago" className="m-0 space-y-4"> <section> <div className="flex items-center justify-between mb-4"> <div className="flex items-center gap-2"> <CreditCard className="w-3 h-3 text-slate-400" /[39m[33m>[39m [33m<[39m[33mh3[39m className[33m=[39m[32m"text-[10px] font-black text-slate-900 uppercase tracking-widest"[39m[33m>[39m[33mResumen[39m [33mFinanciero[39m[33m<[39m[33m/[39m[33mh3[39m[33m>[39m [33m<[39m[33m/[39m[33mdiv[39m[33m>[39m [33m<[39m[33mBadge[39m className[33m=[39m{order[33m.[39mfinancialStatus [33m===[39m [32m'paid'[39m [33m?[39m [32m"bg-emerald-500"[39m [33m:[39m [32m"bg-amber-500"[39m}[33m>[39m {(order[33m.[39mfinancialStatus [33m||[39m [32m'PENDING'[39m)[33m.[39mtoUpperCase()} [33m<[39m[33m/[39m[33mBadge[39m[33m>[39m [33m<[39m[35m/div> <div className="grid grid-cols-2 gap-x-6"> <Field label="Precio Total" value={`${(order.totalPrice || 0).toFixed(2)} ${order.currency || 'EUR'}`} /[39m[33m>[39m [33m<[39m[33mField[39m label[33m=[39m[32m"Impuestos"[39m value[33m=[39m{[32m`${(order.totalTax || 0).toFixed(2)} ${order.currency || 'EUR'}`[39m} [35m/> <Field label="Gastos Envío" value={`${(order.shippingCost || 0).toFixed(2)} ${order.currency || 'EUR'}`} /[39m[33m>[39m [33m<[39m[33mField[39m label[33m=[39m[32m"Descuentos"[39m value[33m=[39m{[32m`${(order.discounts || 0).toFixed(2)} ${order.currency || 'EUR'}`[39m} [35m/> <Field label="Método Pago" value={order.paymentMethod} /[39m[33m>[39m [33m<[39m[33mField[39m label[33m=[39m[32m"Cód. Descuento"[39m value[33m=[39m{order[33m.[39mdiscountCode} [33m/[39m[33m>[39m [33m<[39m[33m/[39m[33mdiv[39m[33m>[39m [33m<[39m[33m/[39m[33msection[39m[33m>[39m [33m<[39m[35m/TabsContent> {/[39m[33m*[39m [33mSECTION[39m[33m:[39m [33mProductos[39m [33m*[39m[35m/} <TabsContent value="productos" className="m-0 space-y-4"> <section> <div className="flex items-center gap-2 mb-3"> <Package className="w-3 h-3 text-slate-400" /[39m[33m>[39m [33m<[39m[33mh3[39m className[33m=[39m[32m"text-[10px] font-black text-slate-900 uppercase tracking-widest"[39m[33m>[39m[33mLíneas[39m de [33mPedido[39m[33m<[39m[33m/[39m[33mh3[39m[33m>[39m [33m<[39m[33m/[39m[33mdiv[39m[33m>[39m [33m<[39m[33mdiv[39m className[33m=[39m[32m"space-y-2"[39m[33m>[39m {order[33m.[39mitems[33m?[39m[33m.[39mmap((item[33m:[39m any[33m,[39m i[33m:[39m number) [33m=>[39m ( [33m<[39m[33mdiv[39m key[33m=[39m{i} className[33m=[39m[32m"bg-white border border-slate-100 rounded-lg p-3 flex justify-between items-center group hover:border-slate-200 transition-colors"[39m[33m>[39m [33m<[39m[33mdiv[39m className[33m=[39m[32m"flex items-center gap-3"[39m[33m>[39m [33m<[39m[33mdiv[39m className[33m=[39m[32m"w-8 h-8 rounded bg-slate-50 border border-slate-100 flex items-center justify-center text-[10px] font-black text-slate-400"[39m[33m>[39m {item[33m.[39mquantity}x [33m<[39m[33m/[39m[33mdiv[39m[33m>[39m [33m<[39m[33mdiv[39m className[33m=[39m[32m"flex flex-col min-w-0"[39m[33m>[39m [33m<[39m[33mspan[39m className[33m=[39m[32m"text-[11px] font-black text-slate-900 truncate tracking-tight"[39m[33m>[39m{item[33m.[39mproductTitle}[33m<[39m[33m/[39m[33mspan[39m[33m>[39m [33m<[39m[33mspan[39m className[33m=[39m[32m"text-[9px] font-bold text-slate-500 uppercase"[39m[33m>[39m{item[33m.[39mvariantTitle [33m||[39m [32m'Simple'[39m} [33m|[39m [33mSKU[39m[33m:[39m {item[33m.[39msku}[33m<[39m[33m/[39m[33mspan[39m[33m>[39m [33m<[39m[33m/[39m[33mdiv[39m[33m>[39m [33m<[39m[33m/[39m[33mdiv[39m[33m>[39m [33m<[39m[33mdiv[39m className[33m=[39m[32m"text-right"[39m[33m>[39m [33m<[39m[33mspan[39m className[33m=[39m[32m"text-[11px] font-black text-slate-900"[39m[33m>[39m{(item[33m.[39mprice [33m||[39m [35m0[39m)[33m.[39mtoFixed([35m2[39m)}€[33m<[39m[33m/[39m[33mspan[39m[33m>[39m [33m<[39m[33m/[39m[33mdiv[39m[33m>[39m [33m<[39m[33m/[39m[33mdiv[39m[33m>[39m ))} [33m<[39m[33m/[39m[33mdiv[39m[33m>[39m [33m<[39m[33m/[39m[33msection[39m[33m>[39m [33m<[39m[35m/TabsContent> {/[39m[33m*[39m [33mSECTION[39m[33m:[39m [33mLogística[39m [33m*[39m[35m/} <TabsContent value="logistica" className="m-0 space-y-4"> <section> <div className="flex items-center gap-2 mb-4"> <Truck className="w-3 h-3 text-slate-400" /[39m[33m>[39m [33m<[39m[33mh3[39m className[33m=[39m[32m"text-[10px] font-black text-slate-900 uppercase tracking-widest"[39m[33m>[39m[33mEjecución[39m [33mLogística[39m[33m<[39m[33m/[39m[33mh3[39m[33m>[39m [33m<[39m[35m/div> <div className="grid grid-cols-2 gap-x-6 mb-4"> <Field label="Provider" value={order.logisticsProvider} /[39m[33m>[39m [33m<[39m[33mField[39m label[33m=[39m[32m"Transportista"[39m value[33m=[39m{order[33m.[39mcarrier} [35m/> <Field label="Tracking Code" value={order.trackingCode} copyable /[39m[33m>[39m [33m<[39m[33mField[39m label[33m=[39m[32m"Fulfillment Status"[39m value[33m=[39m{order[33m.[39mfulfillmentStatus} [33m/[39m[33m>[39m [33m<[39m[33mField[39m label[33m=[39m[32m"Fecha Envío"[39m value[33m=[39m{order[33m.[39mshippedAt [33m?[39m format([36mnew[39m [33mDate[39m(order[33m.[39mshippedAt)[33m,[39m [32m'dd/MM/yyyy'[39m[33m,[39m { locale[33m:[39m es }) [33m:[39m [32m'---'[39m} [33m/[39m[33m>[39m [33m<[39m[33mField[39m label[33m=[39m[32m"Fecha Entrega"[39m value[33m=[39m{order[33m.[39mdeliveredAt [33m?[39m format([36mnew[39m [33mDate[39m(order[33m.[39mdeliveredAt)[33m,[39m [32m'dd/MM/yyyy'[39m[33m,[39m { locale[33m:[39m es }) [33m:[39m [32m'---'[39m} [33m/[39m[33m>[39m [33m<[39m[35m/div> {order.trackingUrl && ( <Button className="w-full h-10 bg-blue-600 hover:bg-blue-700 font-black text-[10px] uppercase gap-2" onClick={() => window.open(order.trackingUrl, '_blank')}> Rastrear Envío Externo <ExternalLink className="w-3 h-3" /[39m[33m>[39m [33m<[39m[33m/[39m[33mButton[39m[33m>[39m )} [33m<[39m[33m/[39m[33msection[39m[33m>[39m [33m<[39m[35m/TabsContent> {/[39m[33m*[39m [33mSECTION[39m[33m:[39m [33mRiesgo[39m [33m*[39m[35m/} <TabsContent value="riesgo" className="m-0 space-y-4"> <section> <div className="flex items-center gap-2 mb-4"> <ShieldAlert className="w-3 h-3 text-slate-400" /[39m[33m>[39m [33m<[39m[33mh3[39m className[33m=[39m[32m"text-[10px] font-black text-slate-900 uppercase tracking-widest"[39m[33m>[39m[33mAdvanced[39m [33mRisk[39m [33mMatrix[39m[33m<[39m[33m/[39m[33mh3[39m[33m>[39m [33m<[39m[33m/[39m[33mdiv[39m[33m>[39m [33m<[39m[33mdiv[39m className[33m=[39m[32m"bg-slate-950 rounded-lg p-4 text-white mb-4 relative overflow-hidden shadow-sm"[39m[33m>[39m [33m<[39m[33mdiv[39m className[33m=[39m[32m"absolute top-0 right-0 w-32 h-32 bg-rose-500/10 rounded-full blur-3xl -z-0"[39m [33m/[39m[33m>[39m [33m<[39m[33mdiv[39m className[33m=[39m[32m"flex justify-between items-end relative z-10"[39m[33m>[39m [33m<[39m[33mdiv[39m className[33m=[39m[32m"flex flex-col"[39m[33m>[39m [33m<[39m[33mspan[39m className[33m=[39m[32m"text-[8px] font-black text-slate-500 uppercase tracking-widest mb-1"[39m[33m>[39m[33mRisk[39m [33mScore[39m[33m<[39m[33m/[39m[33mspan[39m[33m>[39m [33m<[39m[33mspan[39m className[33m=[39m[32m"text-xl font-black text-white italic tracking-tighter"[39m[33m>[39m{order[33m.[39mriskScore [33m||[39m [35m0[39m}[33m%[39m[33m<[39m[33m/[39m[33mspan[39m[33m>[39m [33m<[39m[33m/[39m[33mdiv[39m[33m>[39m [33m<[39m[33mBadge[39m className[33m=[39m{cn( [32m"h-6 px-3 font-black text-[9px] uppercase border-none rounded-lg italic shadow-lg shadow-black"[39m[33m,[39m order[33m.[39mriskLevel [33m===[39m [32m'HIGH'[39m [33m?[39m [32m"bg-rose-500"[39m [33m:[39m order[33m.[39mriskLevel [33m===[39m [32m'MEDIUM'[39m [33m?[39m [32m"bg-amber-500"[39m [33m:[39m [32m"bg-emerald-500"[39m )}[33m>[39m {order[33m.[39mriskLevel [33m||[39m [32m'LOW'[39m} [33mRISK[39m [33mCLUSTER[39m [33m<[39m[33m/[39m[33mBadge[39m[33m>[39m [33m<[39m[33m/[39m[33mdiv[39m[33m>[39m [33m<[39m[35m/div> <div className="grid grid-cols-2 gap-x-6"> <Field label="Fraud Status" value={order.fraudStatus} /[39m[33m>[39m [33m<[39m[33mField[39m label[33m=[39m[32m"Fraud Score"[39m value[33m=[39m{order[33m.[39mfraudScore} [35m/> <Field label="Incidence Result" value={order.incidenceResult} /[39m[33m>[39m [33m<[39m[33m/[39m[33mdiv[39m[33m>[39m [33m<[39m[33m/[39m[33msection[39m[33m>[39m [33m<[39m[35m/TabsContent> {/[39m[33m*[39m [33mSECTION[39m[33m:[39m [33mComms[39m [33m*[39m[35m/} <TabsContent value="com" className="m-0 space-y-4"> <section> <div className="flex items-center gap-2 mb-3"> <MessageSquare className="w-3 h-3 text-slate-400" /[39m[33m>[39m [33m<[39m[33mh3[39m className[33m=[39m[32m"text-[10px] font-black text-slate-900 uppercase tracking-widest"[39m[33m>[39m[33mLogs[39m de [33mComunicación[39m[33m<[39m[33m/[39m[33mh3[39m[33m>[39m [33m<[39m[33m/[39m[33mdiv[39m[33m>[39m [33m<[39m[33mdiv[39m className[33m=[39m[32m"grid grid-cols-2 gap-y-2 gap-x-6"[39m[33m>[39m [33m<[39m[33mdiv[39m className[33m=[39m[32m"flex items-center justify-between py-2 border-b border-slate-50"[39m[33m>[39m [33m<[39m[33mspan[39m className[33m=[39m[32m"text-[10px] font-bold text-slate-500 uppercase"[39m[33m>[39m[33mWhatsApp[39m [33mConf[39m[33m.[39m[33m<[39m[35m/span> <div className={cn("w-2 h-2 rounded-full", order.whatsappSent ? "bg-emerald-500" : "bg-slate-200")} /[39m[33m>[39m [33m<[39m[33m/[39m[33mdiv[39m[33m>[39m [33m<[39m[33mdiv[39m className[33m=[39m[32m"flex items-center justify-between py-2 border-b border-slate-50"[39m[33m>[39m [33m<[39m[33mspan[39m className[33m=[39m[32m"text-[10px] font-bold text-slate-500 uppercase"[39m[33m>[39m[33mConfirmación[39m[33m<[39m[35m/span> <div className={cn("w-2 h-2 rounded-full", order.msgConfirmationSent ? "bg-emerald-500" : "bg-slate-200")} /[39m[33m>[39m [33m<[39m[33m/[39m[33mdiv[39m[33m>[39m [33m<[39m[33mdiv[39m className[33m=[39m[32m"flex items-center justify-between py-2 border-b border-slate-50"[39m[33m>[39m [33m<[39m[33mspan[39m className[33m=[39m[32m"text-[10px] font-bold text-slate-500 uppercase"[39m[33m>[39m[33mTracking[39m [33mSent[39m[33m<[39m[35m/span> <div className={cn("w-2 h-2 rounded-full", order.msgTrackingSent ? "bg-emerald-500" : "bg-slate-200")} /[39m[33m>[39m [33m<[39m[33m/[39m[33mdiv[39m[33m>[39m [33m<[39m[33mdiv[39m className[33m=[39m[32m"flex items-center justify-between py-2 border-b border-slate-50"[39m[33m>[39m [33m<[39m[33mspan[39m className[33m=[39m[32m"text-[10px] font-bold text-slate-500 uppercase"[39m[33m>[39m[33mDelivery[39m [33mCheck[39m[33m<[39m[35m/span> <div className={cn("w-2 h-2 rounded-full", order.msgDeliverySent ? "bg-emerald-500" : "bg-slate-200")} /[39m[33m>[39m [33m<[39m[33m/[39m[33mdiv[39m[33m>[39m [33m<[39m[35m/div> <div className="mt-6 space-y-3"> <Field label="Intento Llamada 1" value={order.callAttempt1} /[39m[33m>[39m [33m<[39m[33mField[39m label[33m=[39m[32m"Intento Llamada 2"[39m value[33m=[39m{order[33m.[39mcallAttempt2} [35m/> <Field label="Intento Llamada 3" value={order.callAttempt3} /[39m[33m>[39m [33m<[39m[33m/[39m[33mdiv[39m[33m>[39m [33m<[39m[33m/[39m[33msection[39m[33m>[39m [33m<[39m[35m/TabsContent> {/[39m[33m*[39m [33mSECTION[39m[33m:[39m [33mAttribution[39m [33m*[39m[35m/} <TabsContent value="ads" className="m-0 space-y-4"> <section> <div className="flex items-center gap-2 mb-4"> <BarChart3 className="w-3 h-3 text-slate-400" /[39m[33m>[39m [33m<[39m[33mh3[39m className[33m=[39m[32m"text-[10px] font-black text-slate-900 uppercase tracking-widest"[39m[33m>[39m[33mAtribución[39m [33mPublicitaria[39m[33m<[39m[33m/[39m[33mh3[39m[33m>[39m [33m<[39m[33m/[39m[33mdiv[39m[33m>[39m [33m<[39m[33mdiv[39m className[33m=[39m[32m"bg-rose-50 border border-rose-100 rounded-xl p-4 mb-6"[39m[33m>[39m [33m<[39m[33mdiv[39m className[33m=[39m[32m"grid grid-cols-2 gap-4"[39m[33m>[39m [33m<[39m[33mdiv[39m[33m>[39m [33m<[39m[33mspan[39m className[33m=[39m[32m"text-[8px] font-black text-rose-400 uppercase tracking-widest block mb-1"[39m[33m>[39m[33mSource[39m[33m<[39m[33m/[39m[33mspan[39m[33m>[39m [33m<[39m[33mspan[39m className[33m=[39m[32m"text-xs font-black text-rose-900"[39m[33m>[39m{order[33m.[39msource [33m||[39m [32m'Direct'[39m}[33m<[39m[33m/[39m[33mspan[39m[33m>[39m [33m<[39m[33m/[39m[33mdiv[39m[33m>[39m [33m<[39m[33mdiv[39m[33m>[39m [33m<[39m[33mspan[39m className[33m=[39m[32m"text-[8px] font-black text-rose-400 uppercase tracking-widest block mb-1"[39m[33m>[39m[33mMedium[39m[33m<[39m[33m/[39m[33mspan[39m[33m>[39m [33m<[39m[33mspan[39m className[33m=[39m[32m"text-xs font-black text-rose-900"[39m[33m>[39m{order[33m.[39mmedium [33m||[39m [32m'None'[39m}[33m<[39m[33m/[39m[33mspan[39m[33m>[39m [33m<[39m[33m/[39m[33mdiv[39m[33m>[39m [33m<[39m[33m/[39m[33mdiv[39m[33m>[39m [33m<[39m[35m/div> <div className="grid grid-cols-1 gap-1"> <Field label="Campaña" value={order.campaign} copyable /[39m[33m>[39m [33m<[39m[33mField[39m label[33m=[39m[32m"AdSet ID"[39m value[33m=[39m{order[33m.[39madsetId} copyable [35m/> <Field label="Ad ID" value={order.adId} copyable /[39m[33m>[39m [33m<[39m[33mField[39m label[33m=[39m[32m"UTM Content"[39m value[33m=[39m{order[33m.[39mcontent} [35m/> <Field label="UTM Term" value={order.term} /[39m[33m>[39m [33m<[39m[33m/[39m[33mdiv[39m[33m>[39m [33m<[39m[33m/[39m[33msection[39m[33m>[39m [33m<[39m[35m/TabsContent> {/[39m[33m*[39m [33mSECTION[39m[33m:[39m [33mLog[39m[35m/Eventos */[39m} [33m<[39m[33mTabsContent[39m value[33m=[39m[32m"eventos"[39m className[33m=[39m[32m"m-0 space-y-4"[39m[33m>[39m [33m<[39m[33msection[39m[33m>[39m [33m<[39m[33mdiv[39m className[33m=[39m[32m"flex items-center gap-2 mb-4"[39m[33m>[39m [33m<[39m[33mHistory[39m className[33m=[39m[32m"w-3 h-3 text-slate-400"[39m [33m/[39m[33m>[39m [33m<[39m[33mh3[39m className[33m=[39m[32m"text-[10px] font-black text-slate-900 uppercase tracking-widest"[39m[33m>[39m[33mHistorial[39m de [33mEventos[39m[33m<[39m[33m/[39m[33mh3[39m[33m>[39m [33m<[39m[35m/div> <div className="space-y-4"> {order.events?.length > 0 ? order.events.map((event: any, i: number) => ( <div key={i} className="flex gap-4 relative"> <div className="w-2 h-2 rounded-full bg-slate-200 mt-1 shrink-0" /[39m[33m>[39m [33m<[39m[33mdiv[39m className[33m=[39m[32m"flex flex-col min-w-0"[39m[33m>[39m [33m<[39m[33mdiv[39m className[33m=[39m[32m"flex items-center gap-2"[39m[33m>[39m [33m<[39m[33mspan[39m className[33m=[39m[32m"text-[10px] font-black text-slate-900 uppercase tracking-tight"[39m[33m>[39m{event[33m.[39mtype}[33m<[39m[33m/[39m[33mspan[39m[33m>[39m [33m<[39m[33mspan[39m className[33m=[39m[32m"text-[9px] font-bold text-slate-300 tabular-nums"[39m[33m>[39m{format([36mnew[39m [33mDate[39m(event[33m.[39mcreatedAt)[33m,[39m [32m'dd/MM HH:mm'[39m)}[33m<[39m[33m/[39m[33mspan[39m[33m>[39m [33m<[39m[33m/[39m[33mdiv[39m[33m>[39m [33m<[39m[33mp[39m className[33m=[39m[32m"text-[11px] text-slate-500 font-medium leading-tight mt-0.5"[39m[33m>[39m{event[33m.[39mdescription}[33m<[39m[33m/[39m[33mp[39m[33m>[39m [33m<[39m[33m/[39m[33mdiv[39m[33m>[39m [33m<[39m[35m/div> )) : ( <div className="py-10 text-center"> <History className="w-8 h-8 text-slate-100 mx-auto mb-2" /[39m[33m>[39m [33m<[39m[33mp[39m className[33m=[39m[32m"text-[10px] font-black text-slate-300 uppercase tracking-widest"[39m[33m>[39m[33mNo[39m hay eventos registrados[33m<[39m[33m/[39m[33mp[39m[33m>[39m [33m<[39m[33m/[39m[33mdiv[39m[33m>[39m )} [33m<[39m[33m/[39m[33mdiv[39m[33m>[39m [33m<[39m[33m/[39m[33msection[39m[33m>[39m [33m<[39m[33m/[39m[33mTabsContent[39m[33m>[39m [33m<[39m[33m/[39m[33mdiv[39m[33m>[39m [33m<[39m[33m/[39m[33mScrollArea[39m[33m>[39m [33m<[39m[33m/[39m[33mdiv[39m[33m>[39m [33m<[39m[35m/Tabs> {/[39m[33m*[39m [33mBottom[39m [33mControls[39m [33m*[39m[33m/[39m} [33m<[39m[33mdiv[39m className[33m=[39m[32m"p-4 border-t border-slate-100 bg-white grid grid-cols-2 gap-3 shrink-0"[39m[33m>[39m [33m<[39m[33mButton[39m variant[33m=[39m[32m"outline"[39m className[33m=[39m[32m"h-10 rounded-lg border-slate-200 text-[10px] font-black uppercase tracking-widest hover:bg-slate-50 active:scale-95 transition-all"[39m[33m>[39m [33mRegistrar[39m [33mIncidencia[39m [33m<[39m[33m/[39m[33mButton[39m[33m>[39m [33m<[39m[33mButton[39m className[33m=[39m[32m"h-10 rounded-lg bg-slate-900 hover:bg-slate-800 text-white text-[10px] font-black uppercase tracking-widest active:scale-95 transition-all shadow-sm"[39m[33m>[39m [33mSincronizar[39m [33mShopify[39m [33m<[39m[33m/[39m[33mButton[39m[33m>[39m [33m<[39m[33m/[39m[33mdiv[39m[33m>[39m [33m<[39m[33m/[39m[33mdiv[39m[33m>[39m )[33m;[39m
[31m[1m>[22m[39m[90m 13 |[39m } [36mfunction[39m getStatusStyles(status[33m:[39m string) { [36mconst[39m normalized [33m=[39m status[33m?[39m[33m.[39mtoUpperCase()[33m;[39m [36mswitch[39m (normalized) { [36mcase[39m [32m'DELIVERED'[39m[33m:[39m [36mcase[39m [32m'ENTREGADO'[39m[33m:[39m [36mreturn[39m [32m'bg-[#16a34a] text-white'[39m[33m;[39m [36mcase[39m [32m'SHIPPED'[39m[33m:[39m [36mcase[39m [32m'EN TRANSITO'[39m[33m:[39m [36mcase[39m [32m'ENVIADO'[39m[33m:[39m [36mreturn[39m [32m'bg-[#2563eb] text-white'[39m[33m;[39m [36mcase[39m [32m'OUT_FOR_DELIVERY'[39m[33m:[39m [36mcase[39m [32m'EN REPARTO'[39m[33m:[39m [36mreturn[39m [32m'bg-[#f97316] text-white'[39m[33m;[39m [36mcase[39m [32m'INCIDENCE'[39m[33m:[39m [36mcase[39m [32m'ERROR'[39m[33m:[39m [36mcase[39m [32m'INCIDENCIA'[39m[33m:[39m [36mcase[39m [32m'SINIESTRO'[39m[33m:[39m [36mreturn[39m [32m'bg-[#7c2d12] text-white'[39m[33m;[39m [36mcase[39m [32m'PENDING'[39m[33m:[39m [36mcase[39m [32m'PROCESSING'[39m[33m:[39m [36mcase[39m [32m'PREPARACION'[39m[33m:[39m [36mreturn[39m [32m'bg-[#9333ea] text-white'[39m[33m;[39m [36mcase[39m [32m'CANCELLED'[39m[33m:[39m [36mcase[39m [32m'CANCELADO'[39m[33m:[39m [36mreturn[39m [32m'bg-[#dc2626] text-white'[39m[33m;[39m [36mcase[39m [32m'RETURNED'[39m[33m:[39m [36mcase[39m [32m'DEVUELTO'[39m[33m:[39m [36mreturn[39m [32m'bg-[#000000] text-white'[39m[33m;[39m [36mdefault[39m[33m:[39m [36mreturn[39m [32m'bg-[#64748b] text-white'[39m[33m;[39m }
 [90m    |[39m   [31m[1m^[22m[39m[31m[1m^[22m[39m[31m[1m^[22m[39m[31m[1m^[22m[39m[31m[1m^[22m[39m[31m[1m^[22m[39m[31m[1m^[22m[39m[31m[1m^[22m[39m
 [90m 14 |[39m }
 [90m 15 |[39m[0m

Expected '</', got 'function'

Import traces:
  Client Component Browser:
    ./src/components/logistics/OrderDetailPanel.tsx [Client Component Browser]
    ./src/components/logistics/ProductOrdersDashboard.tsx [Client Component Browser]
    ./src/components/logistics/SalesModule.tsx [Client Component Browser]
    ./src/components/logistics/OrdersHubClient.tsx [Client Component Browser]
    ./src/app/pedidos/page.tsx [Client Component Browser]
    ./src/app/pedidos/page.tsx [Server Component]

  Client Component SSR:
    ./src/components/logistics/OrderDetailPanel.tsx [Client Component SSR]
    ./src/components/logistics/ProductOrdersDashboard.tsx [Client Component SSR]
    ./src/components/logistics/SalesModule.tsx [Client Component SSR]
    ./src/components/logistics/OrdersHubClient.tsx [Client Component SSR]
    ./src/app/pedidos/page.tsx [Client Component SSR]
    ./src/app/pedidos/page.tsx [Server Component]


./src/components/marketing/BrandingContent.tsx:10:2
Parsing ecmascript source code failed
[0m [90m  8 |[39m [36mimport[39m { useProduct } [36mfrom[39m [32m"@/context/ProductContext"[39m[33m;[39m
 [90m  9 |[39m [36mimport[39m { toast } [36mfrom[39m [32m"sonner"[39m[33m;[39m [36mexport[39m [36mfunction[39m [33mBrandingContent[39m() { [36mconst[39m { productId[33m,[39m product } [33m=[39m useProduct()[33m;[39m [36mconst[39m [loading[33m,[39m setLoading] [33m=[39m useState([36mfalse[39m)[33m;[39m [36mconst[39m [profile[33m,[39m setProfile] [33m=[39m useState[33m<[39m[33many[39m[33m>[39m({ brandVoice[33m:[39m [32m""[39m[33m,[39m targetAudience[33m:[39m [32m""[39m[33m,[39m usps[33m:[39m [][33m,[39m adAngles[33m:[39m [][33m,[39m visualGuidelines[33m:[39m [32m""[39m[33m,[39m offer[33m:[39m { dreamOutcome[33m:[39m [32m""[39m[33m,[39m likelihood[33m:[39m [35m5[39m[33m,[39m timeDelay[33m:[39m [35m5[39m[33m,[39m effort[33m:[39m [35m5[39m[33m,[39m bonus[33m:[39m [32m""[39m } })[33m;[39m [36mconst[39m calculateValueScore [33m=[39m () [33m=>[39m { [36mconst[39m { dreamOutcome[33m,[39m likelihood[33m,[39m timeDelay[33m,[39m effort } [33m=[39m profile[33m.[39moffer[33m;[39m [90m// Hormozi Equation: (Outcome * Likelihood) / (Time * Effort) // Values normalized 1-10 const score = (10 * (likelihood / 10)) / ((timeDelay / 10) * (effort / 10) || 1); return Math.min(100, score); }; const [newUSP, setNewUSP] = useState(""); const [newAngle, setNewAngle] = useState(""); useEffect(() => { if (productId && productId !== 'GLOBAL') { loadBranding(); } }, [productId]); const loadBranding = async () => { setLoading(true); // In a real app, this would be a server action // For the blueprint, we simulate a fetch try { // Simulated fetch setTimeout(() => { setLoading(false); }, 500); } catch (e) { setLoading(false); } }; const handleSave = () => { toast.success("Perfil de branding guardado"); }; const addUSP = () => { if (!newUSP) return; setProfile({ ...profile, usps: [...profile.usps, newUSP] }); setNewUSP(""); }; const addAngle = () => { if (!newAngle) return; setProfile({ ...profile, adAngles: [...profile.adAngles, newAngle] }); setNewAngle(""); }; if (productId === 'GLOBAL') { return ( <div className="flex flex-col items-center justify-center min-h-[50vh] text-center p-4"> <div className="h-12 w-12 bg-rose-100 rounded-lg flex items-center justify-center text-rose-600 mb-3"> <Sparkles className="h-6 w-6" /> </div> <h2 className="text-xl font-black text-slate-800 uppercase tracking-tighter italic">AI Branding Engine</h2> <p className="text-slate-500 font-bold uppercase tracking-widest text-[10px] max-w-xs mt-1"> Selecciona un producto específico para construir su identidad inteligente. </p> </div> ); } return ( <div className="space-y-4 animate-in fade-in duration-500"> <div className="flex items-center justify-between border-b border-slate-100 pb-4 mb-4"> <div> <h1 className="text-lg font-black text-slate-900 flex items-center gap-2 uppercase italic tracking-tighter"> Branding Engine <span className="text-slate-400 not-italic">•</span> <span className="text-rose-600">{product?.title || 'Producto'}</span> </h1> <p className="text-[9px] text-slate-400 font-bold uppercase tracking-widest mt-0.5">Identidad Forense y Offer Engineering</p> </div> <div className="flex gap-2"> <Button variant="outline" className="h-8 text-[9px] font-black uppercase tracking-widest rounded-xl border-slate-200"> <Sparkles className="w-3 h-3 mr-2 text-rose-500" /> Analizar </Button> <Button onClick={handleSave} className="gap-2 bg-slate-900 hover:bg-black h-8 text-[9px] font-black uppercase tracking-widest rounded-xl px-4 shadow-sm"> <Save className="w-3 h-3" /> Guardar </Button> </div> </div> <div className="grid grid-cols-1 lg:grid-cols-3 gap-6"> {/* 1. BRAND DNA (Spencer Pawlin) */} <Card className="border-slate-100 shadow-sm rounded-2xl overflow-hidden bg-white flex flex-col"> <CardHeader className="p-4 bg-slate-50 border-b border-slate-100"> <CardTitle className="text-[10px] font-black uppercase tracking-[0.2em] flex items-center gap-2 text-slate-900"> <Shield className="w-3.5 h-3.5 text-rose-500" /> Creative DNA </CardTitle> <CardDescription className="text-slate-400 text-[8px] font-bold uppercase tracking-widest mt-0.5">Spencer Pawlin Framework</CardDescription> </CardHeader> <CardContent className="p-4 space-y-4 flex-1"> <div className="space-y-3"> <div className="space-y-1.5"> <label className="text-[9px] font-black uppercase text-slate-400 tracking-widest">Identidad de Marca</label> <Textarea value={profile.brandVoice} onChange={(e) => setProfile({ ...profile, brandVoice: e.target.value })} placeholder="Personalidad y valores..." className="min-h-[80px] text-xs bg-slate-50/50 border-slate-100 rounded-xl resize-none focus:bg-white transition-colors" /> </div> <div className="space-y-1.5"> <label className="text-[9px] font-black uppercase text-slate-400 tracking-widest">Avatar Omnisciente</label> <Textarea value={profile.targetAudience} onChange={(e) => setProfile({ ...profile, targetAudience: e.target.value })} placeholder="Miedos y deseos..." className="min-h-[80px] text-xs bg-slate-50/50 border-slate-100 rounded-xl resize-none focus:bg-white transition-colors" /> </div> </div> </CardContent> </Card> {/* 2. OFFER ENGINEERING (Alex Hormozi) */} <Card className="border-slate-100 shadow-sm rounded-2xl overflow-hidden bg-white flex flex-col"> <CardHeader className="p-4 bg-rose-50 border-b border-rose-100 flex-row items-center justify-between"> <div> <CardTitle className="text-[10px] font-black uppercase tracking-[0.2em] flex items-center gap-2 text-rose-900"> <Zap className="w-3.5 h-3.5 fill-rose-500 text-rose-500" /> Offer Engine </CardTitle> <CardDescription className="text-rose-400 text-[8px] font-bold uppercase tracking-widest mt-0.5">Alex Hormozi V2 Equation</CardDescription> </div> <Badge className="bg-rose-600 text-white border-0 text-[10px] font-black px-2 py-0.5 rounded-lg">Score: {calculateValueScore().toFixed(0)}</Badge> </CardHeader> <CardContent className="p-4 space-y-4 flex-1"> <div className="space-y-3"> <div className="p-3 bg-slate-50 rounded-xl border border-slate-100 space-y-3"> <div className="space-y-1"> <label className="text-[8px] font-black uppercase text-slate-500 tracking-widest flex justify-between"> Perceived Likelihood <span className="text-rose-600">{profile.offer.likelihood}/10</span> </label> <input type="range" min="1" max="10" value={profile.offer.likelihood} onChange={(e) => setProfile({ ...profile, offer: { ...profile.offer, likelihood: parseInt(e.target.value) } })} className="w-full accent-rose-600 h-1 bg-slate-200 rounded-full appearance-none" /> </div> <div className="space-y-1"> <label className="text-[8px] font-black uppercase text-slate-500 tracking-widest flex justify-between"> Time Delay <span className="text-rose-600">{profile.offer.timeDelay}/10</span> </label> <input type="range" min="1" max="10" value={profile.offer.timeDelay} onChange={(e) => setProfile({ ...profile, offer: { ...profile.offer, timeDelay: parseInt(e.target.value) } })} className="w-full accent-rose-600 h-1 bg-slate-200 rounded-full appearance-none" /> </div> <div className="space-y-1"> <label className="text-[8px] font-black uppercase text-slate-500 tracking-widest flex justify-between"> Effort & Sacrifice <span className="text-rose-600">{profile.offer.effort}/10</span> </label> <input type="range" min="1" max="10" value={profile.offer.effort} onChange={(e) => setProfile({ ...profile, offer: { ...profile.offer, effort: parseInt(e.target.value) } })} className="w-full accent-rose-600 h-1 bg-slate-200 rounded-full appearance-none" /> </div> </div> <div className="space-y-1.5"> <label className="text-[9px] font-black uppercase text-slate-400 tracking-widest">Bonus Irresistible</label> <Input value={profile.offer.bonus} onChange={(e) => setProfile({ ...profile, offer: { ...profile.offer, bonus: e.target.value } })} placeholder="Multiplicador..." className="h-9 text-xs bg-slate-50/50 border-slate-100 rounded-xl" /> </div> </div> </CardContent> </Card> {/* 3. ASSET ENGINE guidelines */} <Card className="border-slate-100 shadow-sm rounded-2xl overflow-hidden bg-white flex flex-col"> <CardHeader className="p-4 bg-slate-50 border-b border-slate-100"> <CardTitle className="text-[10px] font-black uppercase tracking-[0.2em] flex items-center gap-2 text-slate-900"> <ImageIcon className="w-3.5 h-3.5 text-emerald-500" /> Visual Engine </CardTitle> <CardDescription className="text-slate-400 text-[8px] font-bold uppercase tracking-widest mt-0.5">Intelligence Lab Output</CardDescription> </CardHeader> <CardContent className="p-4 space-y-4 flex-1"> <div className="space-y-3"> <div className="space-y-1.5"> <label className="text-[9px] font-black uppercase text-slate-400 tracking-widest">Estética y Referencias</label> <Textarea value={profile.visualGuidelines} onChange={(e) => setProfile({ ...profile, visualGuidelines: e.target.value })} placeholder="Mood y referencias..." className="min-h-[140px] text-xs bg-slate-50/50 border-slate-100 rounded-xl resize-none focus:bg-white transition-colors" /> </div> <div className="p-3 bg-emerald-50 rounded-xl border border-emerald-100 text-[9px] font-bold text-emerald-800 italic leading-relaxed"> "La estética debe reflejar autoridad instantánea. Evita contenido genérico." </div> </div> </CardContent> </Card> </div> </div> );[39m
[31m[1m>[22m[39m[90m 10 |[39m }
 [90m    |[39m  [31m[1m^[22m[39m
 [90m 11 |[39m[0m

Expected '}', got '<eof>'

Import trace:
  Server Component:
    ./src/components/marketing/BrandingContent.tsx
    ./src/app/marketing/branding/page.tsx


./src/components/marketing/clowdbot-config.tsx:17:2
Parsing ecmascript source code failed
[0m [90m 15 |[39m [36mimport[39m { updateClowdbotConfig[33m,[39m getClowdbotConfig[33m,[39m getWhatsAppAccounts[33m,[39m addWhatsAppAccount[33m,[39m deleteWhatsAppAccount } [36mfrom[39m [32m"@/app/marketing/clowdbot-lab/actions"[39m[33m;[39m
 [90m 16 |[39m [36mimport[39m { [33mPlus[39m[33m,[39m [33mTrash2[39m[33m,[39m [33mSmartphone[39m } [36mfrom[39m [32m"lucide-react"[39m[33m;[39m [36mexport[39m [36mfunction[39m [33mClowdbotConfig[39m() { [36mconst[39m [loading[33m,[39m setLoading] [33m=[39m useState([36mtrue[39m)[33m;[39m [36mconst[39m [saving[33m,[39m setSaving] [33m=[39m useState([36mfalse[39m)[33m;[39m [36mconst[39m [config[33m,[39m setConfig] [33m=[39m useState[33m<[39m[33many[39m[33m>[39m({ agentName[33m:[39m [32m"Clowdbot"[39m[33m,[39m agentRole[33m:[39m [32m"Mando Omnicanal"[39m[33m,[39m isActive[33m:[39m [36mfalse[39m[33m,[39m knowledgeBase[33m:[39m [32m""[39m[33m,[39m roleKnowledge[33m:[39m [32m"{}"[39m[33m,[39m isFinancialExpert[33m:[39m [36mfalse[39m[33m,[39m targetProfitMargin[33m:[39m [35m30.0[39m[33m,[39m channels[33m:[39m [32m"WHATSAPP,EMAIL,INSTAGRAM,FACEBOOK"[39m })[33m;[39m [36mconst[39m [accounts[33m,[39m setAccounts] [33m=[39m useState[33m<[39m[33many[39m[][33m>[39m([])[33m;[39m [36mconst[39m [newAccount[33m,[39m setNewAccount] [33m=[39m useState({ name[33m:[39m [32m""[39m[33m,[39m type[33m:[39m [32m"API"[39m[33m,[39m phoneNumber[33m:[39m [32m""[39m })[33m;[39m [36mconst[39m [showAddForm[33m,[39m setShowAddForm] [33m=[39m useState([36mfalse[39m)[33m;[39m useEffect(() [33m=>[39m { loadConfig()[33m;[39m loadAccounts()[33m;[39m }[33m,[39m [])[33m;[39m [36mconst[39m loadConfig [33m=[39m [36masync[39m () [33m=>[39m { setLoading([36mtrue[39m)[33m;[39m [36mconst[39m res [33m=[39m [36mawait[39m getClowdbotConfig()[33m;[39m [36mif[39m (res[33m?[39m[33m.[39msuccess [33m&&[39m res[33m.[39mdata) { setConfig(res[33m.[39mdata)[33m;[39m } setLoading([36mfalse[39m)[33m;[39m }[33m;[39m [36mconst[39m loadAccounts [33m=[39m [36masync[39m () [33m=>[39m { [36mconst[39m res [33m=[39m [36mawait[39m getWhatsAppAccounts()[33m;[39m [36mif[39m (res[33m.[39msuccess) { setAccounts(res[33m.[39mdata [33m||[39m [])[33m;[39m } }[33m;[39m [36mconst[39m handleAddAccount [33m=[39m [36masync[39m () [33m=>[39m { [36mif[39m ([33m![39mnewAccount[33m.[39mname [33m||[39m [33m![39mnewAccount[33m.[39mphoneNumber) { toast[33m.[39merror([32m"Nombre y teléfono requeridos"[39m)[33m;[39m [36mreturn[39m[33m;[39m } [36mconst[39m res [33m=[39m [36mawait[39m addWhatsAppAccount(newAccount)[33m;[39m [36mif[39m (res[33m.[39msuccess) { toast[33m.[39msuccess([32m"Cuenta vinculada"[39m)[33m;[39m setShowAddForm([36mfalse[39m)[33m;[39m setNewAccount({ name[33m:[39m [32m""[39m[33m,[39m type[33m:[39m [32m"API"[39m[33m,[39m phoneNumber[33m:[39m [32m""[39m })[33m;[39m loadAccounts()[33m;[39m } }[33m;[39m [36mconst[39m handleDeleteAccount [33m=[39m [36masync[39m (id[33m:[39m string) [33m=>[39m { [36mif[39m ([33m![39mconfirm([32m"¿Eliminar esta cuenta?"[39m)) [36mreturn[39m[33m;[39m [36mconst[39m res [33m=[39m [36mawait[39m deleteWhatsAppAccount(id)[33m;[39m [36mif[39m (res[33m.[39msuccess) { toast[33m.[39msuccess([32m"Cuenta eliminada"[39m)[33m;[39m loadAccounts()[33m;[39m } }[33m;[39m [36mconst[39m toggleChannel [33m=[39m (channel[33m:[39m string) [33m=>[39m { [36mconst[39m currentChannels [33m=[39m config[33m.[39mchannels[33m?[39m[33m.[39msplit([32m','[39m) [33m||[39m [][33m;[39m [36mconst[39m newChannels [33m=[39m currentChannels[33m.[39mincludes(channel) [33m?[39m currentChannels[33m.[39mfilter((c[33m:[39m string) [33m=>[39m c [33m!==[39m channel) [33m:[39m [[33m...[39mcurrentChannels[33m,[39m channel][33m;[39m setConfig({ [33m...[39mconfig[33m,[39m channels[33m:[39m newChannels[33m.[39mjoin([32m','[39m) })[33m;[39m }[33m;[39m [36mconst[39m handleSave [33m=[39m [36masync[39m () [33m=>[39m { setSaving([36mtrue[39m)[33m;[39m [90m// Ensure roleKnowledge is stringified const res = await updateClowdbotConfig(config); if (res.success) { toast.success(`${config.agentName} Desplegado con Éxito`, { description: "La red de inteligencia está operativa en todos los canales seleccionados." }); } else { toast.error("Error al desplegar"); } setSaving(false); }; const getRoleKnowledge = () => { try { return JSON.parse(config.roleKnowledge || "{}"); } catch (e) { return {}; } }; const updateRoleKnowledge = (content: string) => { const currentRole = config.agentRole; const kw = getRoleKnowledge(); kw[currentRole] = content; setConfig({ ...config, roleKnowledge: JSON.stringify(kw) }); }; const currentRoleKnowledge = getRoleKnowledge()[config.agentRole] || ""; if (loading) return ( <div className="flex flex-col items-center justify-center p-12 space-y-4"> <RefreshCw className="h-8 w-8 text-primary animate-spin" /> <p className="text-[10px] font-black uppercase tracking-[0.3em] text-muted-foreground animate-pulse">Sincronizando Cognición...</p> </div> ); return ( <div className="grid grid-cols-1 xl:grid-cols-12 gap-6 animate-in fade-in slide-in-from-bottom-4 duration-700"> {/* AGENT PERSONALIZATION */} <Card className="xl:col-span-5 rounded-[2rem] border-none shadow-sm bg-card overflow-hidden"> <div className="p-6 bg-slate-900 text-white relative"> <div className="absolute top-0 right-0 w-32 h-32 bg-primary/20 blur-[60px] rounded-full -mr-10 -mt-10" /> <div className="flex items-center justify-between mb-4 relative z-10"> <div className="h-12 w-12 bg-primary rounded-xl flex items-center justify-center shadow-lg shadow-primary/20"> <Bot className="h-7 w-7 text-primary-foreground" /> </div> <div className="flex items-center gap-3"> <span className={cn("text-[8px] font-black uppercase tracking-widest", config.isActive ? "text-emerald-400" : "text-rose-400")}> {config.isActive ? "ONLINE" : "OFFLINE"} </span> <Switch checked={config.isActive} onCheckedChange={(val) => setConfig({ ...config, isActive: val })} className="data-[state=checked]:bg-emerald-500" /> </div> </div> <h3 className="text-2xl font-black italic tracking-tighter uppercase leading-none mb-1 relative z-10">Clowdbot Elite</h3> <p className="text-[9px] font-black uppercase tracking-[0.2em] text-slate-400 relative z-10">Arquitectura de Mando Neuronal</p> </div> <CardContent className="p-6 space-y-6"> <div className="grid grid-cols-1 gap-5"> <div className="space-y-2"> <Label className="text-[9px] font-black uppercase text-muted-foreground tracking-widest pl-1 flex items-center gap-2"> <UserCircle className="h-3 w-3 text-primary" /> Identidad del Agente </Label> <Input value={config.agentName} onChange={(e) => setConfig({ ...config, agentName: e.target.value })} className="h-12 bg-slate-50 border-none rounded-xl font-bold text-base focus:ring-4 focus:ring-primary/5 transition-all" placeholder="Ej: Sofía" /> </div> <div className="space-y-2"> <Label className="text-[9px] font-black uppercase text-muted-foreground tracking-widest pl-1 flex items-center gap-2"> <Settings2 className="h-3 w-3 text-primary" /> Rol & Protocolo </Label> <Select value={config.agentRole} onValueChange={(val) => setConfig({ ...config, agentRole: val })} > <SelectTrigger className="h-12 bg-slate-50 border-none rounded-xl font-bold text-[13px] focus:ring-4 focus:ring-primary/5 transition-all"> <SelectValue placeholder="Seleccionar Rol" /> </SelectTrigger> <SelectContent className="bg-white border-slate-100 rounded-xl shadow-sm"> <SelectItem value="Especialista en Atención al Cliente" className="text-xs font-bold">Soporte & Post-Venta</SelectItem> <SelectItem value="Asistente de Ventas & Upselling" className="text-xs font-bold font-primary">Comercial & Conversión</SelectItem> <SelectItem value="Recuperador de Carritos & Ofertas" className="text-xs font-bold">Recuperación de Abandonos</SelectItem> <SelectItem value="Concierge de Tracking & Entrega" className="text-xs font-bold font-emerald">Gestión Logística</SelectItem> </SelectContent> </Select> </div> <div className="space-y-3"> <Label className="text-[9px] font-black uppercase text-muted-foreground tracking-widest pl-1 flex items-center gap-2"> <Zap className="h-3 w-3 text-primary" /> Canales de Despliegue </Label> <div className="grid grid-cols-2 gap-2"> {[ { id: 'WHATSAPP', icon: MessageSquare, label: 'WhatsApp', color: 'emerald' }, { id: 'EMAIL', icon: Mail, label: 'Email', color: 'rose' }, { id: 'INSTAGRAM', icon: MessageSquare, label: 'Instagram', color: 'rose' }, { id: 'FACEBOOK', icon: MessageSquare, label: 'Messenger', color: 'blue' }, ].map(ch => ( <button key={ch.id} onClick={() => toggleChannel(ch.id)} className={cn( "flex items-center gap-3 p-3 rounded-xl border transition-all text-left group", config.channels?.includes(ch.id) ? `bg-white border-primary shadow-lg shadow-primary/5 text-primary` : "bg-slate-50 border-transparent text-slate-400 hover:bg-white hover:border-slate-200" )} > <ch.icon className={cn("h-4 w-4", config.channels?.includes(ch.id) ? "text-primary" : "text-slate-300 group-hover:text-primary")} /> <span className="text-[10px] font-black uppercase tracking-tighter">{ch.label}</span> </button> ))} </div> </div> </div> <div className="pt-2 space-y-4"> <div className="space-y-4 p-5 bg-rose-50/30 rounded-[1.5rem] border border-rose-100/50"> <Label className="text-[10px] font-black uppercase text-rose-600 tracking-widest pl-1 flex items-center gap-2"> <Mail className="h-3.5 w-3.5" /> Configuración de Email </Label> <div className="space-y-2"> <Label className="text-[9px] font-bold uppercase text-slate-400 pl-1">Email del Agente</Label> <Input value={config.agentEmail || ""} onChange={(e) => setConfig({ ...config, agentEmail: e.target.value })} className="h-10 bg-white border-slate-200 rounded-xl text-xs font-bold focus:ring-4 focus:ring-primary/5" placeholder="ej: soporte@tienda.com" /> </div> <div className="grid grid-cols-2 gap-3"> <div className="space-y-2"> <Label className="text-[9px] font-bold uppercase text-slate-400 pl-1">Host SMTP</Label> <Input value={config.smtpHost || ""} onChange={(e) => setConfig({ ...config, smtpHost: e.target.value })} className="h-10 bg-white border-slate-200 rounded-xl text-xs font-bold focus:ring-4 focus:ring-primary/5" placeholder="smtp.gmail.com" /> </div> <div className="space-y-2"> <Label className="text-[9px] font-bold uppercase text-slate-400 pl-1">Puerto</Label> <Input type="number" value={config.smtpPort || ""} onChange={(e) => setConfig({ ...config, smtpPort: parseInt(e.target.value) })} className="h-10 bg-white border-slate-200 rounded-xl text-xs font-bold focus:ring-4 focus:ring-primary/5" placeholder="587" /> </div> </div> <div className="grid grid-cols-2 gap-3"> <div className="space-y-2"> <Label className="text-[9px] font-bold uppercase text-slate-400 pl-1">Usuario SMTP</Label> <Input value={config.smtpUser || ""} onChange={(e) => setConfig({ ...config, smtpUser: e.target.value })} className="h-10 bg-white border-slate-200 rounded-xl text-xs font-bold focus:ring-4 focus:ring-primary/5" placeholder="user@email.com" /> </div> <div className="space-y-2"> <Label className="text-[9px] font-bold uppercase text-slate-400 pl-1">Contraseña SMTP</Label> <Input type="password" value={config.smtpPass || ""} onChange={(e) => setConfig({ ...config, smtpPass: e.target.value })} className="h-10 bg-white border-slate-200 rounded-xl text-xs font-bold focus:ring-4 focus:ring-primary/5" placeholder="••••••••" /> </div> </div> </div> <div className="p-5 bg-emerald-50/30 rounded-[1.5rem] border border-emerald-100/50 space-y-4"> <div className="flex items-center justify-between"> <Label className="text-[10px] font-black uppercase text-emerald-600 tracking-widest pl-1 flex items-center gap-2"> <TrendingUp className="h-3.5 w-3.5" /> Inteligencia & Profit </Label> <Switch checked={config.isFinancialExpert} onCheckedChange={(val) => setConfig({ ...config, isFinancialExpert: val })} className="data-[state=checked]:bg-emerald-500" /> </div> {config.isFinancialExpert && ( <div className="space-y-3 animate-in fade-in slide-in-from-top-2 duration-300"> <div className="space-y-2"> <div className="flex justify-between items-center px-1"> <Label className="text-[9px] font-bold uppercase text-slate-400">Objetivo de Beneficio</Label> <span className="text-[10px] font-black text-emerald-600">{config.targetProfitMargin}%</span> </div> <Input type="number" value={config.targetProfitMargin} onChange={(e) => setConfig({ ...config, targetProfitMargin: parseFloat(e.target.value) })} className="h-10 bg-white border-slate-200 rounded-xl text-xs font-bold" placeholder="30" /> </div> <p className="text-[8px] font-bold text-slate-500 italic px-1 leading-tight"> Clowdbot analizará el AdSpend vs Ventas Reales y te alertará si no alcanzas este margen. </p> </div> )} </div> <div className="flex items-center justify-between p-4 bg-rose-50/50 rounded-2xl border border-rose-100"> <div className="flex gap-3"> <AlertCircle className="h-4 w-4 text-rose-500 shrink-0 mt-0.5" /> <div className="space-y-0.5"> <p className="text-[10px] font-black uppercase text-rose-600 tracking-wider">Intervención Humana</p> <p className="text-[9px] font-bold text-slate-500 leading-tight">Alertar si el cliente requiere un humano.</p> </div> </div> <Switch checked={config.humanInterventionAlert} onCheckedChange={(val) => setConfig({ ...config, humanInterventionAlert: val })} className="data-[state=checked]:bg-rose-500" /> </div> {config.humanInterventionAlert && ( <div className="space-y-2 animate-in slide-in-from-top-2 duration-300"> <Label className="text-[9px] font-black uppercase text-muted-foreground tracking-widest pl-1">Webhook de Alerta (Slack/Discord)</Label> <Input value={config.notificationWebhook || ""} onChange={(e) => setConfig({ ...config, notificationWebhook: e.target.value })} className="h-10 bg-slate-50 border-none rounded-xl text-xs font-bold focus:ring-4 focus:ring-primary/5" placeholder="https://hooks.slack.com/services/..." /> </div> )} <div className="space-y-4 p-5 bg-emerald-50/30 rounded-[1.5rem] border border-emerald-100/50"> <div className="flex items-center justify-between"> <Label className="text-[10px] font-black uppercase text-emerald-600 tracking-widest pl-1 flex items-center gap-2"> <MessageSquare className="h-3.5 w-3.5" /> WhatsApp Accounts </Label> <Button size="sm" variant="ghost" className="h-8 text-[9px] font-bold uppercase" onClick={() => setShowAddForm(!showAddForm)} > <Plus className="h-3 w-3 mr-1" /> Vincular </Button> </div> {showAddForm && ( <div className="space-y-3 p-4 bg-white rounded-xl border border-emerald-100 shadow-sm animate-in slide-in-from-top-2"> <Input placeholder="Nombre de la línea (Ejem: Soporte)" className="h-9 text-xs" value={newAccount.name} onChange={e => setNewAccount({ ...newAccount, name: e.target.value })} /> <div className="flex gap-2"> <Select value={newAccount.type} onValueChange={val => setNewAccount({ ...newAccount, type: val })} > <SelectTrigger className="h-9 text-xs w-[120px]"> <SelectValue /> </SelectTrigger> <SelectContent> <SelectItem value="API">WhatsApp API</SelectItem> <SelectItem value="BUSINESS">Business App</SelectItem> </SelectContent> </Select> <Input placeholder="+34..." className="h-9 text-xs flex-1" value={newAccount.phoneNumber} onChange={e => setNewAccount({ ...newAccount, phoneNumber: e.target.value })} /> </div> <Button onClick={handleAddAccount} className="w-full h-8 text-[9px] font-black uppercase tracking-widest bg-emerald-600">Vincular Número</Button> </div> )} <div className="space-y-2"> {accounts.map(acc => ( <div key={acc.id} className="flex items-center justify-between p-3 bg-white rounded-xl border border-slate-100 shadow-sm"> <div className="flex items-center gap-3"> <div className="h-8 w-8 bg-emerald-50 rounded-lg flex items-center justify-center"> <Smartphone className="h-4 w-4 text-emerald-600" /> </div> <div> <p className="text-[10px] font-black uppercase tracking-tight text-slate-800">{acc.name}</p> <p className="text-[9px] font-bold text-slate-400">{acc.phoneNumber} • <span className="text-emerald-500 italic">{acc.type}</span></p> </div> </div> <Button size="sm" variant="ghost" className="h-8 w-8 text-rose-400 hover:text-rose-600 hover:bg-rose-50 rounded-lg" onClick={() => handleDeleteAccount(acc.id)} > <Trash2 className="h-3.5 w-3.5" /> </Button> </div> ))} {accounts.length === 0 && !showAddForm && ( <p className="text-center py-4 text-[9px] font-bold text-slate-400 uppercase italic">Ningún número registrado</p> )} </div> </div> <div className="flex items-start gap-4 p-4 bg-primary/5 rounded-2xl border border-primary/10"> <div className="h-8 w-8 bg-white rounded-lg flex items-center justify-center shadow-sm shrink-0"> <GraduationCap className="h-4 w-4 text-primary" /> </div> <div className="space-y-1"> <p className="text-[9px] font-black uppercase text-primary tracking-widest">Núcleo Dinámico</p> <p className="text-[10px] font-bold text-slate-500 leading-tight"> Conexión nativa con Shopify, Beeping y Dropea habilitada. </p> </div> </div> </div> </CardContent> </Card> {/* KNOWLEDGE BASE SECTION */} <Card className="xl:col-span-7 rounded-[2rem] border-none shadow-sm bg-card overflow-hidden flex flex-col"> <CardHeader className="p-8 border-b border-slate-50 bg-slate-50/30"> <div className="flex items-center justify-between"> <div className="flex items-center gap-4"> <div className="h-10 w-10 bg-white rounded-xl flex items-center justify-center border border-slate-200 shadow-sm text-primary"> <BookOpen className="h-5 w-5" /> </div> <div> <CardTitle className="text-xl font-black tracking-tighter uppercase italic text-slate-900">Sabiduría de Marca</CardTitle> <CardDescription className="text-[9px] font-black uppercase tracking-[0.2em] text-muted-foreground mt-0.5">Brain Inject & Training</CardDescription> </div> </div> <div className="flex items-center gap-3"> <Badge variant="outline" className="border-emerald-100 bg-emerald-50 text-emerald-600 font-black text-[8px] uppercase px-3 py-1 rounded-full">{config.agentRole}</Badge> <Badge variant="outline" className="border-emerald-100 bg-emerald-50 text-emerald-600 font-black text-[8px] uppercase px-3 py-1 rounded-full">RT-Sync</Badge> </div> </div> </CardHeader> <CardContent className="p-8 flex-1 space-y-6 flex flex-col"> <div className="space-y-3"> <Label className="text-[10px] font-black uppercase text-slate-400 tracking-widest pl-1 flex items-center gap-2"> <Database className="h-3 w-3 text-primary" /> Sabiduría Global (Base) </Label> <Textarea value={config.knowledgeBase || ""} onChange={(e) => setConfig({ ...config, knowledgeBase: e.target.value })} placeholder="Políticas generales, valores de marca, FAQs comunes..." className="min-h-[120px] bg-slate-50/50 border-none rounded-2xl p-4 text-[12px] font-medium leading-relaxed resize-none focus:ring-4 focus:ring-primary/5 transition-all font-mono" /> </div> <div className="flex-1 flex flex-col space-y-3"> <Label className="text-[10px] font-black uppercase text-primary tracking-widest pl-1 flex items-center gap-2"> <Zap className="h-3 w-3 text-primary" /> Especialización para: {config.agentRole} </Label> <Textarea value={currentRoleKnowledge} onChange={(e) => updateRoleKnowledge(e.target.value)} placeholder={`Instrucciones específicas para el rol de ${config.agentRole}...`} className="flex-1 min-h-[250px] bg-rose-50/30 border border-rose-100/50 border-none rounded-2xl p-6 text-[13px] font-medium leading-relaxed resize-none focus:ring-4 focus:ring-primary/5 transition-all font-mono placeholder:text-slate-300" /> </div> <div className="flex flex-col sm:flex-row items-center justify-between gap-6 pt-2"> <div className="flex items-center gap-4"> <div className="flex -space-x-2"> {[1, 2, 3].map(i => ( <div key={i} className="h-6 w-6 rounded-full border-2 border-white bg-slate-100 flex items-center justify-center overflow-hidden"> <img src={`https://api.dicebear.com/7.x/avataaars/svg?seed=${i * 123}`} className="w-full h-full object-cover" /> </div> ))} </div> <span className="text-[9px] font-black uppercase tracking-widest text-slate-400">Integrado con Equipo Humano</span> </div> <Button onClick={handleSave} disabled={saving} className="h-12 px-10 bg-primary text-primary-foreground font-black rounded-xl gap-3 shadow-lg shadow-primary/20 active:scale-95 transition-all text-[11px] uppercase tracking-widest w-full sm:w-auto" > {saving ? <RefreshCw className="h-4 w-4 animate-spin" /> : <Zap className="h-4 w-4" />} {saving ? "Integrando..." : "Desplegar Clowbot"} </Button> </div> </CardContent> </Card> </div> );[39m
[31m[1m>[22m[39m[90m 17 |[39m } 
 [90m    |[39m  [31m[1m^[22m[39m[0m

Expected '}', got '<eof>'

Import traces:
  Client Component Browser:
    ./src/components/marketing/clowdbot-config.tsx [Client Component Browser]
    ./src/app/marketing/clowdbot-lab/page.tsx [Client Component Browser]
    ./src/app/marketing/clowdbot-lab/page.tsx [Server Component]

  Client Component SSR:
    ./src/components/marketing/clowdbot-config.tsx [Client Component SSR]
    ./src/app/marketing/clowdbot-lab/page.tsx [Client Component SSR]
    ./src/app/marketing/clowdbot-lab/page.tsx [Server Component]


./src/components/research/ResearchHeader.tsx:10:159
Parsing ecmascript source code failed
[0m [90m  8 |[39m [36mimport[39m { cn } [36mfrom[39m [32m"@/lib/utils"[39m[33m;[39m [36mimport[39m { t } [36mfrom[39m [32m"@/lib/constants/translations"[39m[33m;[39m [36minterface[39m [33mResearchHeaderProps[39m { status[33m:[39m string[33m;[39m isSystemHealthOk[33m:[39m boolean[33m;[39m onStartResearch[33m:[39m () [33m=>[39m [36mvoid[39m[33m;[39m onExportMasterDoc[33m:[39m () [33m=>[39m [36mvoid[39m[33m;[39m onClearHistory[33m:[39m () [33m=>[39m [36mvoid[39m[33m;[39m isResearching[33m:[39m boolean[33m;[39m activeVersionId[33m?[39m[33m:[39m string [33m|[39m [36mnull[39m[33m;[39m
 [90m  9 |[39m } [36mexport[39m [36mfunction[39m [33mResearchHeader[39m({ status[33m,[39m isSystemHealthOk[33m,[39m onStartResearch[33m,[39m onExportMasterDoc[33m,[39m onClearHistory[33m,[39m isResearching[33m,[39m activeVersionId
[31m[1m>[22m[39m[90m 10 |[39m }[33m:[39m [33mResearchHeaderProps[39m) { [36mreturn[39m ( [33m<[39m[33mdiv[39m className[33m=[39m[32m"flex items-center justify-between gap-4 px-4 py-2.5 bg-white/70 xl> <div className="[39mflex items[33m-[39mcenter gap[33m-[39m[35m4[39m[32m"> <div className="[39mflex items[33m-[39mcenter gap[33m-[39m[35m2.5[39m[32m"> <div className="[39mw[33m-[39m[35m8[39m h[33m-[39m[35m8[39m rounded[33m-[39mlg bg[33m-[39mrose[33m-[39m[35m600[39m flex items[33m-[39mcenter justify[33m-[39mcenter shadow[33m-[39msm shrink[33m-[39m[35m0[39m[32m"> <Cpu className="[39mw[33m-[39m[35m4[39m h[33m-[39m[35m4[39m text[33m-[39mwhite[32m" /> </div> <div className="[39mflex flex[33m-[39mcol[32m"> <h1 className="[39mtext[33m-[39m[[35m11[39mpx] font[33m-[39mblack text[33m-[39mslate[33m-[39m[35m900[39m uppercase tracking[33m-[39mwidest leading[33m-[39mnone[32m">{t('research_lab')}</h1> <div className="[39mflex items[33m-[39mcenter gap[33m-[39m[35m1.5[39m mt[33m-[39m[35m1[39m[32m"> <div className={cn("[39mw[33m-[39m[35m1[39m h[33m-[39m[35m1[39m rounded[33m-[39mfull[32m", isSystemHealthOk ? "[39mbg[33m-[39memerald[33m-[39m[35m500[39m[32m" : "[39mbg[33m-[39mrose[33m-[39m[35m500[39m animate[33m-[39mpulse[32m")} /> <span className="[39mtext[33m-[39m[[35m8[39mpx] font[33m-[39mblack text[33m-[39mslate[33m-[39m[35m400[39m uppercase tracking[33m-[39m[[35m0.15[39mem] leading[33m-[39mnone[32m"> {isSystemHealthOk ? t('live') : t('offline')} • v4.0 </span> </div> </div> </div> <div className="[39mh[33m-[39m[35m6[39m w[33m-[39mpx bg[33m-[39mslate[33m-[39m[35m200[39m[35m/50 hidden md:block" /[39m[33m>[39m [33m<[39m[33mdiv[39m className[33m=[39m[32m"hidden lg:flex items-center gap-2"[39m[33m>[39m [33m<[39m[33mBadge[39m variant[33m=[39m[32m"outline"[39m className[33m=[39m[32m"h-5 text-[8px] font-black uppercase tracking-tighter bg-slate-50 border-slate-200 text-slate-500 rounded-md"[39m[33m>[39m {status} [33m<[39m[33m/[39m[33mBadge[39m[33m>[39m [33m<[39m[33m/[39m[33mdiv[39m[33m>[39m [33m<[39m[35m/div> <div className="flex items-center gap-2"> <Button variant="ghost" className="h-8 px-3 gap-2 text-[9px] font-black uppercase tracking-widest text-slate-600 hover:bg-slate-100 hover:text-slate-900 transition-all rounded-lg border border-transparent hover:border-slate-200" onClick={onExportMasterDoc} > <Download className="w-3.5 h-3.5" /[39m[33m>[39m [33m<[39m[33mspan[39m className[33m=[39m[32m"hidden sm:inline"[39m[33m>[39m{t([32m'export_master'[39m)}[33m<[39m[33m/[39m[33mspan[39m[33m>[39m [33m<[39m[35m/Button> <Button className="h-8 px-4 gap-2 bg-rose-600 hover:bg-rose-700 text-white border-0 shadow-sm transition-all duration-300 rounded-lg" onClick={onStartResearch} disabled={isResearching} > {isResearching ? ( <RefreshCw className="w-3.5 h-3.5 animate-spin" /[39m[33m>[39m ) [33m:[39m ( [33m<[39m[33mZap[39m className[33m=[39m[32m"w-3.5 h-3.5 fill-white/20"[39m [33m/[39m[33m>[39m )} [33m<[39m[33mspan[39m className[33m=[39m[32m"text-[10px] font-black uppercase tracking-widest"[39m[33m>[39m {isResearching [33m?[39m t([32m'processing'[39m) [33m:[39m t([32m'init_pulse'[39m)} [33m<[39m[33m/[39m[33mspan[39m[33m>[39m [33m<[39m[33m/[39m[33mButton[39m[33m>[39m [33m<[39m[33mdiv[39m className[33m=[39m[32m"h-6 w-px bg-slate-200/50 mx-1"[39m [35m/> <DropdownMenu> <DropdownMenuTrigger asChild> <Button variant="ghost" size="icon" className="h-8 w-8 rounded-lg text-slate-400 hover:text-slate-900"> <MoreVertical className="w-4 h-4" /[39m[33m>[39m [33m<[39m[33m/[39m[33mButton[39m[33m>[39m [33m<[39m[33m/[39m[33mDropdownMenuTrigger[39m[33m>[39m [33m<[39m[33mDropdownMenuContent[39m align[33m=[39m[32m"end"[39m className[33m=[39m[32m"w-44 bg-white/95 border-slate-200 rounded-xl shadow-sm p-1"[39m[33m>[39m [33m<[39m[33mDropdownMenuItem[39m className[33m=[39m[32m"gap-2 focus:bg-rose-50 focus:text-rose-600 cursor-pointer rounded-lg py-2 text-[9px] font-black uppercase tracking-widest"[39m[33m>[39m [33m<[39m[33mActivity[39m className[33m=[39m[32m"w-3.5 h-3.5"[39m [33m/[39m[33m>[39m [33m<[39m[33mspan[39m[33m>[39m{t([32m'history_logs'[39m)}[33m<[39m[33m/[39m[33mspan[39m[33m>[39m [33m<[39m[35m/DropdownMenuItem> <div className="h-px bg-slate-100 my-1" /[39m[33m>[39m [33m<[39m[33mDropdownMenuItem[39m className[33m=[39m[32m"gap-2 focus:bg-rose-50 focus:text-rose-600 text-slate-400 cursor-pointer rounded-lg py-2 text-[9px] font-black uppercase tracking-widest"[39m onClick[33m=[39m{onClearHistory} [33m>[39m [33m<[39m[33mRefreshCw[39m className[33m=[39m[32m"w-3.5 h-3.5 opacity-50"[39m [33m/[39m[33m>[39m [33m<[39m[33mspan[39m[33m>[39m{t([32m'flush_brain'[39m)}[33m<[39m[33m/[39m[33mspan[39m[33m>[39m [33m<[39m[33m/[39m[33mDropdownMenuItem[39m[33m>[39m [33m<[39m[33m/[39m[33mDropdownMenuContent[39m[33m>[39m [33m<[39m[33m/[39m[33mDropdownMenu[39m[33m>[39m [33m<[39m[33m/[39m[33mdiv[39m[33m>[39m [33m<[39m[33m/[39m[33mdiv[39m[33m>[39m )[33m;[39m
 [90m    |[39m                                                                                                                                                               [31m[1m^[22m[39m[31m[1m^[22m[39m[31m[1m^[22m[39m[31m[1m^[22m[39m[31m[1m^[22m[39m[31m[1m^[22m[39m[31m[1m^[22m[39m[31m[1m^[22m[39m[31m[1m^[22m[39m[31m[1m^[22m[39m[31m[1m^[22m[39m[31m[1m^[22m[39m[31m[1m^[22m[39m[31m[1m^[22m[39m[31m[1m^[22m[39m[31m[1m^[22m[39m[31m[1m^[22m[39m[31m[1m^[22m[39m[31m[1m^[22m[39m
 [90m 11 |[39m }
 [90m 12 |[39m[0m

Unexpected token `string literal ("> <div className=", "> <div className=")`. Expected jsx identifier

Import traces:
  Client Component Browser:
    ./src/components/research/ResearchHeader.tsx [Client Component Browser]
    ./src/app/research/config/page.tsx [Client Component Browser]
    ./src/app/research/config/page.tsx [Server Component]

  Client Component SSR:
    ./src/components/research/ResearchHeader.tsx [Client Component SSR]
    ./src/app/research/config/page.tsx [Client Component SSR]
    ./src/app/research/config/page.tsx [Server Component]


./src/components/ui/avatar.tsx:1:14
Parsing ecmascript source code failed
[0m[31m[1m>[22m[39m[90m 1 |[39m [32m"use client"[39m [36mimport[39m [33m*[39m [36mas[39m [33mReact[39m [36mfrom[39m [32m"react"[39m
 [90m   |[39m              [31m[1m^[22m[39m[31m[1m^[22m[39m[31m[1m^[22m[39m[31m[1m^[22m[39m[31m[1m^[22m[39m[31m[1m^[22m[39m
 [90m 2 |[39m [36mimport[39m [33m*[39m [36mas[39m [33mAvatarPrimitive[39m [36mfrom[39m [32m"@radix-ui/react-avatar"[39m [36mimport[39m { cn } [36mfrom[39m [32m"@/lib/utils"[39m [36mfunction[39m [33mAvatar[39m({ className[33m,[39m size [33m=[39m [32m"default"[39m[33m,[39m [33m...[39mprops
 [90m 3 |[39m }[33m:[39m [33mReact[39m[33m.[39m[33mComponentProps[39m[33m<[39m[36mtypeof[39m [33mAvatarPrimitive[39m[33m.[39m[33mRoot[39m[33m>[39m [33m&[39m { size[33m?[39m[33m:[39m [32m"default"[39m [33m|[39m [32m"sm"[39m [33m|[39m [32m"lg"[39m
 [90m 4 |[39m }) { [36mreturn[39m ( [33m<[39m[33mAvatarPrimitive[39m[33m.[39m[33mRoot[39m data[33m-[39mslot[33m=[39m[32m"avatar"[39m data[33m-[39msize[33m=[39m{size} className[33m=[39m{cn( [32m"group/avatar relative flex size-8 shrink-0 overflow-hidden rounded-full select-none data-[size=lg]:size-10 data-[size=sm]:size-6"[39m[33m,[39m className )} {[33m...[39mprops} [33m/[39m[33m>[39m )[0m

Expected ';', '}' or <eof>

Import traces:
  Client Component Browser:
    ./src/components/ui/avatar.tsx [Client Component Browser]
    ./src/app/customers/page.tsx [Client Component Browser]
    ./src/app/customers/page.tsx [Server Component]

  Client Component SSR:
    ./src/components/ui/avatar.tsx [Client Component SSR]
    ./src/app/customers/page.tsx [Client Component SSR]
    ./src/app/customers/page.tsx [Server Component]


./src/components/ui/badge.tsx:3:67
Parsing ecmascript source code failed
[0m [90m 1 |[39m [36mimport[39m [33m*[39m [36mas[39m [33mReact[39m [36mfrom[39m [32m"react"[39m
 [90m 2 |[39m [36mimport[39m { [33mSlot[39m } [36mfrom[39m [32m"@radix-ui/react-slot"[39m
[31m[1m>[22m[39m[90m 3 |[39m [36mimport[39m { cva[33m,[39m type [33mVariantProps[39m } [36mfrom[39m [32m"class-variance-authority"[39m [36mimport[39m { cn } [36mfrom[39m [32m"@/lib/utils"[39m [36mconst[39m badgeVariants [33m=[39m cva( [32m"inline-flex items-center justify-center rounded-sm border border-transparent px-2 py-0.5 text-[9px] font-black uppercase tracking-widest w-fit whitespace-nowrap shrink-0 [&>svg]:size-3 gap-1 [&>svg]:pointer-events-none focus-visible:border-ring focus-visible:ring-ring/50 focus-visible:ring-[3px] aria-invalid:ring-destructive/20 dark:aria-invalid:ring-destructive/40 aria-invalid:border-destructive transition-all overflow-hidden"[39m[33m,[39m { variants[33m:[39m { variant[33m:[39m { [36mdefault[39m[33m:[39m [32m"bg-primary text-primary-foreground [a&]:hover:bg-primary/90 shadow-sm"[39m[33m,[39m secondary[33m:[39m [32m"bg-secondary text-secondary-foreground [a&]:hover:bg-secondary/90"[39m[33m,[39m destructive[33m:[39m [32m"bg-slate-950 text-white border-white/10 [a&]:hover:bg-black"[39m[33m,[39m outline[33m:[39m [32m"border-slate-200 text-slate-600 bg-slate-50/50 [a&]:hover:bg-slate-100 [a&]:hover:text-slate-900"[39m[33m,[39m ghost[33m:[39m [32m"[a&]:hover:bg-accent [a&]:hover:text-accent-foreground"[39m[33m,[39m link[33m:[39m [32m"text-primary underline-offset-4 [a&]:hover:underline"[39m[33m,[39m }[33m,[39m }[33m,[39m defaultVariants[33m:[39m { variant[33m:[39m [32m"default"[39m[33m,[39m }[33m,[39m }
 [90m   |[39m                                                                   [31m[1m^[22m[39m[31m[1m^[22m[39m[31m[1m^[22m[39m[31m[1m^[22m[39m[31m[1m^[22m[39m[31m[1m^[22m[39m
 [90m 4 |[39m ) [36mfunction[39m [33mBadge[39m({ className[33m,[39m variant [33m=[39m [32m"default"[39m[33m,[39m asChild [33m=[39m [36mfalse[39m[33m,[39m [33m...[39mprops
 [90m 5 |[39m }[33m:[39m [33mReact[39m[33m.[39m[33mComponentProps[39m[33m<[39m[32m"span"[39m[33m>[39m [33m&[39m [33mVariantProps[39m[33m<[39m[36mtypeof[39m badgeVariants[33m>[39m [33m&[39m { asChild[33m?[39m[33m:[39m boolean }) { [36mconst[39m [33mComp[39m [33m=[39m asChild [33m?[39m [33mSlot[39m [33m:[39m [32m"span"[39m [36mreturn[39m ( [33m<[39m[33mComp[39m data[33m-[39mslot[33m=[39m[32m"badge"[39m data[33m-[39mvariant[33m=[39m{variant} className[33m=[39m{cn(badgeVariants({ variant })[33m,[39m className)} {[33m...[39mprops} [33m/[39m[33m>[39m )
 [90m 6 |[39m } [36mexport[39m { [33mBadge[39m[33m,[39m badgeVariants }[0m

Expected ';', got 'import'

Import traces:
  Client Component Browser:
    ./src/components/ui/badge.tsx [Client Component Browser]
    ./src/app/dashboard/productos/page.tsx [Client Component Browser]
    ./src/app/dashboard/productos/page.tsx [Server Component]

  Client Component SSR:
    ./src/components/ui/badge.tsx [Client Component SSR]
    ./src/app/dashboard/productos/page.tsx [Client Component SSR]
    ./src/app/dashboard/productos/page.tsx [Server Component]


./src/components/ui/button.tsx:3:67
Parsing ecmascript source code failed
[0m [90m 1 |[39m [36mimport[39m [33m*[39m [36mas[39m [33mReact[39m [36mfrom[39m [32m"react"[39m
 [90m 2 |[39m [36mimport[39m { [33mSlot[39m } [36mfrom[39m [32m"@radix-ui/react-slot"[39m
[31m[1m>[22m[39m[90m 3 |[39m [36mimport[39m { cva[33m,[39m type [33mVariantProps[39m } [36mfrom[39m [32m"class-variance-authority"[39m [36mimport[39m { cn } [36mfrom[39m [32m"@/lib/utils"[39m [36mconst[39m buttonVariants [33m=[39m cva( [32m"inline-flex items-center justify-center gap-2 whitespace-nowrap rounded-md text-sm font-medium transition-all disabled:pointer-events-none disabled:opacity-50 [&_svg]:pointer-events-none [&_svg:not([class*='size-'])]:size-4 shrink-0 [&_svg]:shrink-0 outline-none focus-visible:border-ring focus-visible:ring-ring/50 focus-visible:ring-[3px] aria-invalid:ring-destructive/20 dark:aria-invalid:ring-destructive/40 aria-invalid:border-destructive"[39m[33m,[39m { variants[33m:[39m { variant[33m:[39m { [36mdefault[39m[33m:[39m [32m"bg-slate-950 text-white hover:bg-black shadow-lg shadow-black/5 active:scale-[0.98] transition-all"[39m[33m,[39m destructive[33m:[39m [32m"bg-slate-900 text-white hover:bg-black focus-visible:ring-slate-500/20"[39m[33m,[39m outline[33m:[39m [32m"border border-slate-200 bg-white shadow-sm hover:bg-slate-50 hover:text-slate-900 active:scale-[0.98]"[39m[33m,[39m secondary[33m:[39m [32m"bg-slate-100 text-slate-900 hover:bg-slate-200 shadow-sm"[39m[33m,[39m ghost[33m:[39m [32m"hover:bg-slate-100 hover:text-slate-900"[39m[33m,[39m link[33m:[39m [32m"text-slate-950 underline-offset-4 hover:underline"[39m[33m,[39m }[33m,[39m size[33m:[39m { [36mdefault[39m[33m:[39m [32m"h-9 px-4 py-2 has-[>svg]:px-3"[39m[33m,[39m xs[33m:[39m [32m"h-6 gap-1 rounded-md px-2 text-xs has-[>svg]:px-1.5 [&_svg:not([class*='size-'])]:size-3"[39m[33m,[39m sm[33m:[39m [32m"h-8 rounded-md gap-1.5 px-3 has-[>svg]:px-2.5"[39m[33m,[39m lg[33m:[39m [32m"h-10 rounded-md px-6 has-[>svg]:px-4"[39m[33m,[39m icon[33m:[39m [32m"size-9"[39m[33m,[39m [32m"icon-xs"[39m[33m:[39m [32m"size-6 rounded-md [&_svg:not([class*='size-'])]:size-3"[39m[33m,[39m [32m"icon-sm"[39m[33m:[39m [32m"size-8"[39m[33m,[39m [32m"icon-lg"[39m[33m:[39m [32m"size-10"[39m[33m,[39m }[33m,[39m }[33m,[39m defaultVariants[33m:[39m { variant[33m:[39m [32m"default"[39m[33m,[39m size[33m:[39m [32m"default"[39m[33m,[39m }[33m,[39m }
 [90m   |[39m                                                                   [31m[1m^[22m[39m[31m[1m^[22m[39m[31m[1m^[22m[39m[31m[1m^[22m[39m[31m[1m^[22m[39m[31m[1m^[22m[39m
 [90m 4 |[39m ) [36mfunction[39m [33mButton[39m({ className[33m,[39m variant [33m=[39m [32m"default"[39m[33m,[39m size [33m=[39m [32m"default"[39m[33m,[39m asChild [33m=[39m [36mfalse[39m[33m,[39m [33m...[39mprops
 [90m 5 |[39m }[33m:[39m [33mReact[39m[33m.[39m[33mComponentProps[39m[33m<[39m[32m"button"[39m[33m>[39m [33m&[39m [33mVariantProps[39m[33m<[39m[36mtypeof[39m buttonVariants[33m>[39m [33m&[39m { asChild[33m?[39m[33m:[39m boolean }) { [36mconst[39m [33mComp[39m [33m=[39m asChild [33m?[39m [33mSlot[39m [33m:[39m [32m"button"[39m [36mreturn[39m ( [33m<[39m[33mComp[39m data[33m-[39mslot[33m=[39m[32m"button"[39m data[33m-[39mvariant[33m=[39m{variant} data[33m-[39msize[33m=[39m{size} className[33m=[39m{cn(buttonVariants({ variant[33m,[39m size[33m,[39m className }))} {[33m...[39mprops} [33m/[39m[33m>[39m )
 [90m 6 |[39m } [36mexport[39m { [33mButton[39m[33m,[39m buttonVariants }[0m

Expected ';', got 'import'

Import traces:
  Client Component Browser:
    ./src/components/ui/button.tsx [Client Component Browser]
    ./src/app/page.tsx [Client Component Browser]
    ./src/app/page.tsx [Server Component]

  Client Component SSR:
    ./src/components/ui/button.tsx [Client Component SSR]
    ./src/app/page.tsx [Client Component SSR]
    ./src/app/page.tsx [Server Component]


./src/components/ui/card.tsx:1:32
Parsing ecmascript source code failed
[0m[31m[1m>[22m[39m[90m 1 |[39m [36mimport[39m [33m*[39m [36mas[39m [33mReact[39m [36mfrom[39m [32m"react"[39m [36mimport[39m { cn } [36mfrom[39m [32m"@/lib/utils"[39m [36mfunction[39m [33mCard[39m({ className[33m,[39m [33m...[39mprops }[33m:[39m [33mReact[39m[33m.[39m[33mComponentProps[39m[33m<[39m[32m"div"[39m[33m>[39m) { [36mreturn[39m ( [33m<[39m[33mdiv[39m data[33m-[39mslot[33m=[39m[32m"card"[39m className[33m=[39m{cn( [32m"bg-white/80 text-card-foreground flex flex-col gap-0 rounded-xl border border-white/50 shadow-[0_1px_3px_0_rgba(0,0,0,0.02)] transition-all duration-300"[39m[33m,[39m className )} {[33m...[39mprops} [33m/[39m[33m>[39m )
 [90m   |[39m                                [31m[1m^[22m[39m[31m[1m^[22m[39m[31m[1m^[22m[39m[31m[1m^[22m[39m[31m[1m^[22m[39m[31m[1m^[22m[39m
 [90m 2 |[39m } [36mfunction[39m [33mCardHeader[39m({ className[33m,[39m [33m...[39mprops }[33m:[39m [33mReact[39m[33m.[39m[33mComponentProps[39m[33m<[39m[32m"div"[39m[33m>[39m) { [36mreturn[39m ( [33m<[39m[33mdiv[39m data[33m-[39mslot[33m=[39m[32m"card-header"[39m className[33m=[39m{cn( [32m"@container/card-header grid auto-rows-min grid-rows-[auto_auto] items-start gap-1 px-0 pb-4 has-data-[slot=card-action]:grid-cols-[1fr_auto] [.border-b]:pb-4"[39m[33m,[39m className )} {[33m...[39mprops} [33m/[39m[33m>[39m )
 [90m 3 |[39m } [36mfunction[39m [33mCardTitle[39m({ className[33m,[39m [33m...[39mprops }[33m:[39m [33mReact[39m[33m.[39m[33mComponentProps[39m[33m<[39m[32m"div"[39m[33m>[39m) { [36mreturn[39m ( [33m<[39m[33mdiv[39m data[33m-[39mslot[33m=[39m[32m"card-title"[39m className[33m=[39m{cn([32m"leading-none font-semibold"[39m[33m,[39m className)} {[33m...[39mprops} [33m/[39m[33m>[39m )
 [90m 4 |[39m } [36mfunction[39m [33mCardDescription[39m({ className[33m,[39m [33m...[39mprops }[33m:[39m [33mReact[39m[33m.[39m[33mComponentProps[39m[33m<[39m[32m"div"[39m[33m>[39m) { [36mreturn[39m ( [33m<[39m[33mdiv[39m data[33m-[39mslot[33m=[39m[32m"card-description"[39m className[33m=[39m{cn([32m"text-muted-foreground text-sm"[39m[33m,[39m className)} {[33m...[39mprops} [33m/[39m[33m>[39m )[0m

Expected ';', got 'import'

Import traces:
  Client Component Browser:
    ./src/components/ui/card.tsx [Client Component Browser]
    ./src/components/products/ProductSettings.tsx [Client Component Browser]
    ./src/components/products/ProductSettings.tsx [Server Component]
    ./src/app/dashboard/productos/[productId]/settings/page.tsx [Server Component]

  Client Component SSR:
    ./src/components/ui/card.tsx [Client Component SSR]
    ./src/components/products/ProductSettings.tsx [Client Component SSR]
    ./src/components/products/ProductSettings.tsx [Server Component]
    ./src/app/dashboard/productos/[productId]/settings/page.tsx [Server Component]


./src/components/ui/input.tsx:1:32
Parsing ecmascript source code failed
[0m[31m[1m>[22m[39m[90m 1 |[39m [36mimport[39m [33m*[39m [36mas[39m [33mReact[39m [36mfrom[39m [32m"react"[39m [36mimport[39m { cn } [36mfrom[39m [32m"@/lib/utils"[39m [36mfunction[39m [33mInput[39m({ className[33m,[39m type[33m,[39m [33m...[39mprops }[33m:[39m [33mReact[39m[33m.[39m[33mComponentProps[39m[33m<[39m[32m"input"[39m[33m>[39m) { [36mreturn[39m ( [33m<[39m[33minput[39m type[33m=[39m{type} data[33m-[39mslot[33m=[39m[32m"input"[39m className[33m=[39m{cn( [32m"file:text-foreground placeholder:text-muted-foreground selection:bg-primary selection:text-primary-foreground dark:bg-input/30 border-input h-9 w-full min-w-0 rounded-md border bg-transparent px-3 py-1 text-base shadow-xs transition-[color,box-shadow] outline-none file:inline-flex file:h-7 file:border-0 file:bg-transparent file:text-sm file:font-medium disabled:pointer-events-none disabled:cursor-not-allowed disabled:opacity-50 md:text-sm"[39m[33m,[39m [32m"focus-visible:border-ring focus-visible:ring-ring/50 focus-visible:ring-[3px]"[39m[33m,[39m [32m"aria-invalid:ring-destructive/20 dark:aria-invalid:ring-destructive/40 aria-invalid:border-destructive"[39m[33m,[39m className )} {[33m...[39mprops} [33m/[39m[33m>[39m )
 [90m   |[39m                                [31m[1m^[22m[39m[31m[1m^[22m[39m[31m[1m^[22m[39m[31m[1m^[22m[39m[31m[1m^[22m[39m[31m[1m^[22m[39m
 [90m 2 |[39m } [36mexport[39m { [33mInput[39m }
 [90m 3 |[39m[0m

Expected ';', got 'import'

Import traces:
  Client Component Browser:
    ./src/components/ui/input.tsx [Client Component Browser]
    ./src/app/agentes-ia/page.tsx [Client Component Browser]
    ./src/app/agentes-ia/page.tsx [Server Component]

  Client Component SSR:
    ./src/components/ui/input.tsx [Client Component SSR]
    ./src/app/agentes-ia/page.tsx [Client Component SSR]
    ./src/app/agentes-ia/page.tsx [Server Component]


./src/components/ui/label.tsx:1:14
Parsing ecmascript source code failed
[0m[31m[1m>[22m[39m[90m 1 |[39m [32m"use client"[39m [36mimport[39m [33m*[39m [36mas[39m [33mReact[39m [36mfrom[39m [32m"react"[39m
 [90m   |[39m              [31m[1m^[22m[39m[31m[1m^[22m[39m[31m[1m^[22m[39m[31m[1m^[22m[39m[31m[1m^[22m[39m[31m[1m^[22m[39m
 [90m 2 |[39m [36mimport[39m [33m*[39m [36mas[39m [33mLabelPrimitive[39m [36mfrom[39m [32m"@radix-ui/react-label"[39m [36mimport[39m { cn } [36mfrom[39m [32m"@/lib/utils"[39m [36mfunction[39m [33mLabel[39m({ className[33m,[39m [33m...[39mprops
 [90m 3 |[39m }[33m:[39m [33mReact[39m[33m.[39m[33mComponentProps[39m[33m<[39m[36mtypeof[39m [33mLabelPrimitive[39m[33m.[39m[33mRoot[39m[33m>[39m) { [36mreturn[39m ( [33m<[39m[33mLabelPrimitive[39m[33m.[39m[33mRoot[39m data[33m-[39mslot[33m=[39m[32m"label"[39m className[33m=[39m{cn( [32m"flex items-center gap-2 text-sm leading-none font-medium select-none group-data-[disabled=true]:pointer-events-none group-data-[disabled=true]:opacity-50 peer-disabled:cursor-not-allowed peer-disabled:opacity-50"[39m[33m,[39m className )} {[33m...[39mprops} [33m/[39m[33m>[39m )
 [90m 4 |[39m } [36mexport[39m { [33mLabel[39m }[0m

Expected ';', '}' or <eof>

Import traces:
  Client Component Browser:
    ./src/components/ui/label.tsx [Client Component Browser]
    ./src/components/alert-config-panel.tsx [Client Component Browser]
    ./src/app/finances/page.tsx [Client Component Browser]
    ./src/app/finances/page.tsx [Server Component]

  Client Component SSR:
    ./src/components/ui/label.tsx [Client Component SSR]
    ./src/components/alert-config-panel.tsx [Client Component SSR]
    ./src/app/finances/page.tsx [Client Component SSR]
    ./src/app/finances/page.tsx [Server Component]


./src/components/ui/progress.tsx:1:14
Parsing ecmascript source code failed
[0m[31m[1m>[22m[39m[90m 1 |[39m [32m"use client"[39m [36mimport[39m [33m*[39m [36mas[39m [33mReact[39m [36mfrom[39m [32m"react"[39m
 [90m   |[39m              [31m[1m^[22m[39m[31m[1m^[22m[39m[31m[1m^[22m[39m[31m[1m^[22m[39m[31m[1m^[22m[39m[31m[1m^[22m[39m
 [90m 2 |[39m [36mimport[39m [33m*[39m [36mas[39m [33mProgressPrimitive[39m [36mfrom[39m [32m"@radix-ui/react-progress"[39m [36mimport[39m { cn } [36mfrom[39m [32m"@/lib/utils"[39m [36mfunction[39m [33mProgress[39m({ className[33m,[39m value[33m,[39m indicatorClassName[33m,[39m [33m...[39mprops
 [90m 3 |[39m }[33m:[39m [33mReact[39m[33m.[39m[33mComponentProps[39m[33m<[39m[36mtypeof[39m [33mProgressPrimitive[39m[33m.[39m[33mRoot[39m[33m>[39m [33m&[39m { indicatorClassName[33m?[39m[33m:[39m string }) { [36mreturn[39m ( [33m<[39m[33mProgressPrimitive[39m[33m.[39m[33mRoot[39m data[33m-[39mslot[33m=[39m[32m"progress"[39m className[33m=[39m{cn( [32m"bg-primary/20 relative h-2 w-full overflow-hidden rounded-full"[39m[33m,[39m className )} {[33m...[39mprops} [33m>[39m [33m<[39m[33mProgressPrimitive[39m[33m.[39m[33mIndicator[39m data[33m-[39mslot[33m=[39m[32m"progress-indicator"[39m className[33m=[39m{cn([32m"bg-primary h-full w-full flex-1 transition-all"[39m[33m,[39m indicatorClassName)} style[33m=[39m{{ transform[33m:[39m [32m`translateX(-${100 - (value || 0)}%)`[39m }} [33m/[39m[33m>[39m [33m<[39m[33m/[39m[33mProgressPrimitive[39m[33m.[39m[33mRoot[39m[33m>[39m )
 [90m 4 |[39m } [36mexport[39m { [33mProgress[39m }[0m

Expected ';', '}' or <eof>

Import traces:
  Client Component Browser:
    ./src/components/ui/progress.tsx [Client Component Browser]
    ./src/app/dashboard/productos/[productId]/page.tsx [Client Component Browser]
    ./src/app/dashboard/productos/[productId]/page.tsx [Server Component]

  Client Component SSR:
    ./src/components/ui/progress.tsx [Client Component SSR]
    ./src/app/dashboard/productos/[productId]/page.tsx [Client Component SSR]
    ./src/app/dashboard/productos/[productId]/page.tsx [Server Component]


./src/components/ui/scroll-area.tsx:1:14
Parsing ecmascript source code failed
[0m[31m[1m>[22m[39m[90m 1 |[39m [32m"use client"[39m [36mimport[39m [33m*[39m [36mas[39m [33mReact[39m [36mfrom[39m [32m"react"[39m
 [90m   |[39m              [31m[1m^[22m[39m[31m[1m^[22m[39m[31m[1m^[22m[39m[31m[1m^[22m[39m[31m[1m^[22m[39m[31m[1m^[22m[39m
 [90m 2 |[39m [36mimport[39m [33m*[39m [36mas[39m [33mScrollAreaPrimitive[39m [36mfrom[39m [32m"@radix-ui/react-scroll-area"[39m [36mimport[39m { cn } [36mfrom[39m [32m"@/lib/utils"[39m [36mfunction[39m [33mScrollArea[39m({ className[33m,[39m children[33m,[39m [33m...[39mprops
 [90m 3 |[39m }[33m:[39m [33mReact[39m[33m.[39m[33mComponentProps[39m[33m<[39m[36mtypeof[39m [33mScrollAreaPrimitive[39m[33m.[39m[33mRoot[39m[33m>[39m) { [36mreturn[39m ( [33m<[39m[33mScrollAreaPrimitive[39m[33m.[39m[33mRoot[39m data[33m-[39mslot[33m=[39m[32m"scroll-area"[39m className[33m=[39m{cn([32m"relative"[39m[33m,[39m className)} {[33m...[39mprops} [33m>[39m [33m<[39m[33mScrollAreaPrimitive[39m[33m.[39m[33mViewport[39m data[33m-[39mslot[33m=[39m[32m"scroll-area-viewport"[39m className[33m=[39m[32m"focus-visible:ring-ring/50 size-full rounded-[inherit] transition-[color,box-shadow] outline-none focus-visible:ring-[3px] focus-visible:outline-1"[39m [33m>[39m {children} [33m<[39m[35m/ScrollAreaPrimitive.Viewport> <ScrollBar /[39m[33m>[39m [33m<[39m[33mScrollAreaPrimitive[39m[33m.[39m[33mCorner[39m [33m/[39m[33m>[39m [33m<[39m[33m/[39m[33mScrollAreaPrimitive[39m[33m.[39m[33mRoot[39m[33m>[39m )
 [90m 4 |[39m } [36mfunction[39m [33mScrollBar[39m({ className[33m,[39m orientation [33m=[39m [32m"vertical"[39m[33m,[39m [33m...[39mprops[0m

Expected ';', '}' or <eof>

Import traces:
  Client Component Browser:
    ./src/components/ui/scroll-area.tsx [Client Component Browser]
    ./src/app/agentes-ia/page.tsx [Client Component Browser]
    ./src/app/agentes-ia/page.tsx [Server Component]

  Client Component SSR:
    ./src/components/ui/scroll-area.tsx [Client Component SSR]
    ./src/app/agentes-ia/page.tsx [Client Component SSR]
    ./src/app/agentes-ia/page.tsx [Server Component]


./src/components/ui/select.tsx:1:14
Parsing ecmascript source code failed
[0m[31m[1m>[22m[39m[90m 1 |[39m [32m"use client"[39m [36mimport[39m [33m*[39m [36mas[39m [33mReact[39m [36mfrom[39m [32m"react"[39m
 [90m   |[39m              [31m[1m^[22m[39m[31m[1m^[22m[39m[31m[1m^[22m[39m[31m[1m^[22m[39m[31m[1m^[22m[39m[31m[1m^[22m[39m
 [90m 2 |[39m [36mimport[39m [33m*[39m [36mas[39m [33mSelectPrimitive[39m [36mfrom[39m [32m"@radix-ui/react-select"[39m
 [90m 3 |[39m [36mimport[39m { [33mCheckIcon[39m[33m,[39m [33mChevronDownIcon[39m[33m,[39m [33mChevronUpIcon[39m } [36mfrom[39m [32m"lucide-react"[39m [36mimport[39m { cn } [36mfrom[39m [32m"@/lib/utils"[39m [36mfunction[39m [33mSelect[39m({ [33m...[39mprops
 [90m 4 |[39m }[33m:[39m [33mReact[39m[33m.[39m[33mComponentProps[39m[33m<[39m[36mtypeof[39m [33mSelectPrimitive[39m[33m.[39m[33mRoot[39m[33m>[39m) { [36mreturn[39m [33m<[39m[33mSelectPrimitive[39m[33m.[39m[33mRoot[39m data[33m-[39mslot[33m=[39m[32m"select"[39m {[33m...[39mprops} [33m/[39m[33m>[39m[0m

Expected ';', '}' or <eof>

Import traces:
  Client Component Browser:
    ./src/components/ui/select.tsx [Client Component Browser]
    ./src/app/settings/audit/page.tsx [Client Component Browser]
    ./src/app/settings/audit/page.tsx [Server Component]

  Client Component SSR:
    ./src/components/ui/select.tsx [Client Component SSR]
    ./src/app/settings/audit/page.tsx [Client Component SSR]
    ./src/app/settings/audit/page.tsx [Server Component]


./src/components/ui/switch.tsx:1:14
Parsing ecmascript source code failed
[0m[31m[1m>[22m[39m[90m 1 |[39m [32m"use client"[39m [36mimport[39m [33m*[39m [36mas[39m [33mReact[39m [36mfrom[39m [32m"react"[39m
 [90m   |[39m              [31m[1m^[22m[39m[31m[1m^[22m[39m[31m[1m^[22m[39m[31m[1m^[22m[39m[31m[1m^[22m[39m[31m[1m^[22m[39m
 [90m 2 |[39m [36mimport[39m [33m*[39m [36mas[39m [33mSwitchPrimitive[39m [36mfrom[39m [32m"@radix-ui/react-switch"[39m [36mimport[39m { cn } [36mfrom[39m [32m"@/lib/utils"[39m [36mfunction[39m [33mSwitch[39m({ className[33m,[39m size [33m=[39m [32m"default"[39m[33m,[39m [33m...[39mprops
 [90m 3 |[39m }[33m:[39m [33mReact[39m[33m.[39m[33mComponentProps[39m[33m<[39m[36mtypeof[39m [33mSwitchPrimitive[39m[33m.[39m[33mRoot[39m[33m>[39m [33m&[39m { size[33m?[39m[33m:[39m [32m"sm"[39m [33m|[39m [32m"default"[39m
 [90m 4 |[39m }) { [36mreturn[39m ( [33m<[39m[33mSwitchPrimitive[39m[33m.[39m[33mRoot[39m data[33m-[39mslot[33m=[39m[32m"switch"[39m data[33m-[39msize[33m=[39m{size} className[33m=[39m{cn( [32m"peer data-[state=checked]:bg-primary data-[state=unchecked]:bg-input focus-visible:border-ring focus-visible:ring-ring/50 dark:data-[state=unchecked]:bg-input/80 group/switch inline-flex shrink-0 items-center rounded-full border border-transparent shadow-xs transition-all outline-none focus-visible:ring-[3px] disabled:cursor-not-allowed disabled:opacity-50 data-[size=default]:h-[1.15rem] data-[size=default]:w-8 data-[size=sm]:h-3.5 data-[size=sm]:w-6"[39m[33m,[39m className )} {[33m...[39mprops} [33m>[39m [33m<[39m[33mSwitchPrimitive[39m[33m.[39m[33mThumb[39m data[33m-[39mslot[33m=[39m[32m"switch-thumb"[39m className[33m=[39m{cn( [32m"bg-background dark:data-[state=unchecked]:bg-foreground dark:data-[state=checked]:bg-primary-foreground pointer-events-none block rounded-full ring-0 transition-transform group-data-[size=default]/switch:size-4 group-data-[size=sm]/switch:size-3 data-[state=checked]:translate-x-[calc(100%-2px)] data-[state=unchecked]:translate-x-0"[39m )} [33m/[39m[33m>[39m [33m<[39m[33m/[39m[33mSwitchPrimitive[39m[33m.[39m[33mRoot[39m[33m>[39m )[0m

Expected ';', '}' or <eof>

Import traces:
  Client Component Browser:
    ./src/components/ui/switch.tsx [Client Component Browser]
    ./src/components/alert-config-panel.tsx [Client Component Browser]
    ./src/app/finances/page.tsx [Client Component Browser]
    ./src/app/finances/page.tsx [Server Component]

  Client Component SSR:
    ./src/components/ui/switch.tsx [Client Component SSR]
    ./src/components/alert-config-panel.tsx [Client Component SSR]
    ./src/app/finances/page.tsx [Client Component SSR]
    ./src/app/finances/page.tsx [Server Component]


./src/components/ui/table-alert.tsx:1:14
Parsing ecmascript source code failed
[0m[31m[1m>[22m[39m[90m 1 |[39m [32m"use client"[39m [36mimport[39m [33m*[39m [36mas[39m [33mReact[39m [36mfrom[39m [32m"react"[39m
 [90m   |[39m              [31m[1m^[22m[39m[31m[1m^[22m[39m[31m[1m^[22m[39m[31m[1m^[22m[39m[31m[1m^[22m[39m[31m[1m^[22m[39m
 [90m 2 |[39m [36mimport[39m { [33mAlertTriangle[39m[33m,[39m [33mInfo[39m[33m,[39m [33mAlertOctagon[39m[33m,[39m [33mCheckCircle2[39m } [36mfrom[39m [32m"lucide-react"[39m
 [90m 3 |[39m [36mimport[39m { cn } [36mfrom[39m [32m"@/lib/utils"[39m
 [90m 4 |[39m [36mimport[39m { [33mTooltip[39m[33m,[39m [33mTooltipContent[39m[33m,[39m [33mTooltipProvider[39m[33m,[39m [33mTooltipTrigger[39m[33m,[39m[0m

Expected ';', '}' or <eof>

Import traces:
  Client Component Browser:
    ./src/components/ui/table-alert.tsx [Client Component Browser]
    ./src/components/logistics/ProductOrdersDashboard.tsx [Client Component Browser]
    ./src/components/logistics/SalesModule.tsx [Client Component Browser]
    ./src/components/logistics/OrdersHubClient.tsx [Client Component Browser]
    ./src/app/pedidos/page.tsx [Client Component Browser]
    ./src/app/pedidos/page.tsx [Server Component]

  Client Component SSR:
    ./src/components/ui/table-alert.tsx [Client Component SSR]
    ./src/components/logistics/ProductOrdersDashboard.tsx [Client Component SSR]
    ./src/components/logistics/SalesModule.tsx [Client Component SSR]
    ./src/components/logistics/OrdersHubClient.tsx [Client Component SSR]
    ./src/app/pedidos/page.tsx [Client Component SSR]
    ./src/app/pedidos/page.tsx [Server Component]


./src/components/ui/table.tsx:1:14
Parsing ecmascript source code failed
[0m[31m[1m>[22m[39m[90m 1 |[39m [32m"use client"[39m [36mimport[39m [33m*[39m [36mas[39m [33mReact[39m [36mfrom[39m [32m"react"[39m [36mimport[39m { cn } [36mfrom[39m [32m"@/lib/utils"[39m [36mfunction[39m [33mTable[39m({ className[33m,[39m [33m...[39mprops }[33m:[39m [33mReact[39m[33m.[39m[33mComponentProps[39m[33m<[39m[32m"table"[39m[33m>[39m) { [36mreturn[39m ( [33m<[39m[33mdiv[39m data[33m-[39mslot[33m=[39m[32m"table-container"[39m className[33m=[39m[32m"relative w-full overflow-x-auto"[39m [33m>[39m [33m<[39m[33mtable[39m data[33m-[39mslot[33m=[39m[32m"table"[39m className[33m=[39m{cn([32m"w-full caption-bottom text-sm"[39m[33m,[39m className)} {[33m...[39mprops} [33m/[39m[33m>[39m [33m<[39m[33m/[39m[33mdiv[39m[33m>[39m )
 [90m   |[39m              [31m[1m^[22m[39m[31m[1m^[22m[39m[31m[1m^[22m[39m[31m[1m^[22m[39m[31m[1m^[22m[39m[31m[1m^[22m[39m
 [90m 2 |[39m } [36mfunction[39m [33mTableHeader[39m({ className[33m,[39m [33m...[39mprops }[33m:[39m [33mReact[39m[33m.[39m[33mComponentProps[39m[33m<[39m[32m"thead"[39m[33m>[39m) { [36mreturn[39m ( [33m<[39m[33mthead[39m data[33m-[39mslot[33m=[39m[32m"table-header"[39m className[33m=[39m{cn([32m"[&_tr]:border-b"[39m[33m,[39m className)} {[33m...[39mprops} [33m/[39m[33m>[39m )
 [90m 3 |[39m } [36mfunction[39m [33mTableBody[39m({ className[33m,[39m [33m...[39mprops }[33m:[39m [33mReact[39m[33m.[39m[33mComponentProps[39m[33m<[39m[32m"tbody"[39m[33m>[39m) { [36mreturn[39m ( [33m<[39m[33mtbody[39m data[33m-[39mslot[33m=[39m[32m"table-body"[39m className[33m=[39m{cn([32m"[&_tr:last-child]:border-0"[39m[33m,[39m className)} {[33m...[39mprops} [33m/[39m[33m>[39m )
 [90m 4 |[39m } [36mfunction[39m [33mTableFooter[39m({ className[33m,[39m [33m...[39mprops }[33m:[39m [33mReact[39m[33m.[39m[33mComponentProps[39m[33m<[39m[32m"tfoot"[39m[33m>[39m) { [36mreturn[39m ( [33m<[39m[33mtfoot[39m data[33m-[39mslot[33m=[39m[32m"table-footer"[39m className[33m=[39m{cn( [32m"bg-muted/50 border-t font-medium [&>tr]:last:border-b-0"[39m[33m,[39m className )} {[33m...[39mprops} [33m/[39m[33m>[39m )[0m

Expected ';', '}' or <eof>

Import traces:
  Client Component Browser:
    ./src/components/ui/table.tsx [Client Component Browser]
    ./src/app/finances/page.tsx [Client Component Browser]
    ./src/app/finances/page.tsx [Server Component]

  Client Component SSR:
    ./src/components/ui/table.tsx [Client Component SSR]
    ./src/app/finances/page.tsx [Client Component SSR]
    ./src/app/finances/page.tsx [Server Component]


./src/components/ui/tabs.tsx:1:14
Parsing ecmascript source code failed
[0m[31m[1m>[22m[39m[90m 1 |[39m [32m"use client"[39m [36mimport[39m [33m*[39m [36mas[39m [33mReact[39m [36mfrom[39m [32m"react"[39m
 [90m   |[39m              [31m[1m^[22m[39m[31m[1m^[22m[39m[31m[1m^[22m[39m[31m[1m^[22m[39m[31m[1m^[22m[39m[31m[1m^[22m[39m
 [90m 2 |[39m [36mimport[39m [33m*[39m [36mas[39m [33mTabsPrimitive[39m [36mfrom[39m [32m"@radix-ui/react-tabs"[39m
 [90m 3 |[39m [36mimport[39m { cva[33m,[39m type [33mVariantProps[39m } [36mfrom[39m [32m"class-variance-authority"[39m [36mimport[39m { cn } [36mfrom[39m [32m"@/lib/utils"[39m [36mfunction[39m [33mTabs[39m({ className[33m,[39m orientation [33m=[39m [32m"horizontal"[39m[33m,[39m [33m...[39mprops
 [90m 4 |[39m }[33m:[39m [33mReact[39m[33m.[39m[33mComponentProps[39m[33m<[39m[36mtypeof[39m [33mTabsPrimitive[39m[33m.[39m[33mRoot[39m[33m>[39m) { [36mreturn[39m ( [33m<[39m[33mTabsPrimitive[39m[33m.[39m[33mRoot[39m data[33m-[39mslot[33m=[39m[32m"tabs"[39m data[33m-[39morientation[33m=[39m{orientation} orientation[33m=[39m{orientation} className[33m=[39m{cn( [32m"group/tabs flex gap-2 data-[orientation=horizontal]:flex-col"[39m[33m,[39m className )} {[33m...[39mprops} [33m/[39m[33m>[39m )[0m

Expected ';', '}' or <eof>

Import traces:
  Client Component Browser:
    ./src/components/ui/tabs.tsx [Client Component Browser]
    ./src/app/marketing/page.tsx [Client Component Browser]
    ./src/app/marketing/page.tsx [Server Component]

  Client Component SSR:
    ./src/components/ui/tabs.tsx [Client Component SSR]
    ./src/app/marketing/page.tsx [Client Component SSR]
    ./src/app/marketing/page.tsx [Server Component]


./src/components/ui/textarea.tsx:1:32
Parsing ecmascript source code failed
[0m[31m[1m>[22m[39m[90m 1 |[39m [36mimport[39m [33m*[39m [36mas[39m [33mReact[39m [36mfrom[39m [32m"react"[39m [36mimport[39m { cn } [36mfrom[39m [32m"@/lib/utils"[39m [36mfunction[39m [33mTextarea[39m({ className[33m,[39m [33m...[39mprops }[33m:[39m [33mReact[39m[33m.[39m[33mComponentProps[39m[33m<[39m[32m"textarea"[39m[33m>[39m) { [36mreturn[39m ( [33m<[39m[33mtextarea[39m data[33m-[39mslot[33m=[39m[32m"textarea"[39m className[33m=[39m{cn( [32m"border-input placeholder:text-muted-foreground focus-visible:border-ring focus-visible:ring-ring/50 aria-invalid:ring-destructive/20 dark:aria-invalid:ring-destructive/40 aria-invalid:border-destructive dark:bg-input/30 flex field-sizing-content min-h-16 w-full rounded-md border bg-transparent px-3 py-2 text-base shadow-xs transition-[color,box-shadow] outline-none focus-visible:ring-[3px] disabled:cursor-not-allowed disabled:opacity-50 md:text-sm"[39m[33m,[39m className )} {[33m...[39mprops} [33m/[39m[33m>[39m )
 [90m   |[39m                                [31m[1m^[22m[39m[31m[1m^[22m[39m[31m[1m^[22m[39m[31m[1m^[22m[39m[31m[1m^[22m[39m[31m[1m^[22m[39m
 [90m 2 |[39m } [36mexport[39m { [33mTextarea[39m }
 [90m 3 |[39m[0m

Expected ';', got 'import'

Import traces:
  Client Component Browser:
    ./src/components/ui/textarea.tsx [Client Component Browser]
    ./src/components/research/ResearchConfig.tsx [Client Component Browser]
    ./src/app/research/config/page.tsx [Client Component Browser]
    ./src/app/research/config/page.tsx [Server Component]

  Client Component SSR:
    ./src/components/ui/textarea.tsx [Client Component SSR]
    ./src/components/research/ResearchConfig.tsx [Client Component SSR]
    ./src/app/research/config/page.tsx [Client Component SSR]
    ./src/app/research/config/page.tsx [Server Component]


./src/components/ui/tooltip.tsx:1:14
Parsing ecmascript source code failed
[0m[31m[1m>[22m[39m[90m 1 |[39m [32m"use client"[39m [36mimport[39m [33m*[39m [36mas[39m [33mReact[39m [36mfrom[39m [32m"react"[39m
 [90m   |[39m              [31m[1m^[22m[39m[31m[1m^[22m[39m[31m[1m^[22m[39m[31m[1m^[22m[39m[31m[1m^[22m[39m[31m[1m^[22m[39m
 [90m 2 |[39m [36mimport[39m [33m*[39m [36mas[39m [33mTooltipPrimitive[39m [36mfrom[39m [32m"@radix-ui/react-tooltip"[39m [36mimport[39m { cn } [36mfrom[39m [32m"@/lib/utils"[39m [36mconst[39m [33mTooltipProvider[39m [33m=[39m [33mTooltipPrimitive[39m[33m.[39m[33mProvider[39m [36mconst[39m [33mTooltip[39m [33m=[39m [33mTooltipPrimitive[39m[33m.[39m[33mRoot[39m [36mconst[39m [33mTooltipTrigger[39m [33m=[39m [33mTooltipPrimitive[39m[33m.[39m[33mTrigger[39m [36mconst[39m [33mTooltipContent[39m [33m=[39m [33mReact[39m[33m.[39mforwardRef[33m<[39m [33mReact[39m[33m.[39m[33mElementRef[39m[33m<[39m[36mtypeof[39m [33mTooltipPrimitive[39m[33m.[39m[33mContent[39m[33m>[39m[33m,[39m [33mReact[39m[33m.[39m[33mComponentPropsWithoutRef[39m[33m<[39m[36mtypeof[39m [33mTooltipPrimitive[39m[33m.[39m[33mContent[39m[33m>[39m
 [90m 3 |[39m [33m>[39m(({ className[33m,[39m sideOffset [33m=[39m [35m4[39m[33m,[39m [33m...[39mprops }[33m,[39m ref) [33m=>[39m ( [33m<[39m[33mTooltipPrimitive[39m[33m.[39m[33mContent[39m ref[33m=[39m{ref} sideOffset[33m=[39m{sideOffset} className[33m=[39m{cn( [32m"z-50 overflow-hidden rounded-md border bg-popover px-3 py-1.5 text-sm text-popover-foreground shadow-sm animate-in fade-in-0 zoom-in-95 data-[state=closed]:animate-out data-[state=closed]:fade-out-0 data-[state=closed]:zoom-out-95 data-[side=bottom]:slide-in-from-top-2 data-[side=left]:slide-in-from-right-2 data-[side=right]:slide-in-from-left-2 data-[side=top]:slide-in-from-bottom-2"[39m[33m,[39m className )} {[33m...[39mprops} [33m/[39m[33m>[39m
 [90m 4 |[39m ))[0m

Expected ';', '}' or <eof>

Import traces:
  Client Component Browser:
    ./src/components/ui/tooltip.tsx [Client Component Browser]
    ./src/app/finances/page.tsx [Client Component Browser]
    ./src/app/finances/page.tsx [Server Component]

  Client Component SSR:
    ./src/components/ui/tooltip.tsx [Client Component SSR]
    ./src/app/finances/page.tsx [Client Component SSR]
    ./src/app/finances/page.tsx [Server Component]


./src/context/ProductContext.tsx:5:3
Parsing ecmascript source code failed
[0m [90m 3 |[39m } [36minterface[39m [33mProductContextType[39m { product[33m:[39m [33mProduct[39m [33m|[39m [36mnull[39m[33m;[39m allProducts[33m:[39m [33mProduct[39m[][33m;[39m productId[33m:[39m string [33m|[39m [36mnull[39m[33m;[39m setProductId[33m:[39m (id[33m:[39m string) [33m=>[39m [36mvoid[39m[33m;[39m isLoading[33m:[39m boolean[33m;[39m error[33m:[39m string [33m|[39m [36mnull[39m[33m;[39m refreshProduct[33m:[39m () [33m=>[39m [33mPromise[39m[33m<[39m[36mvoid[39m[33m>[39m[33m;[39m refreshAllProducts[33m:[39m () [33m=>[39m [33mPromise[39m[33m<[39m[36mvoid[39m[33m>[39m[33m;[39m
 [90m 4 |[39m } [36mconst[39m [33mProductContext[39m [33m=[39m createContext[33m<[39m[33mProductContextType[39m [33m|[39m undefined[33m>[39m(undefined)[33m;[39m [36mexport[39m [36mfunction[39m [33mProductProvider[39m({ children[33m,[39m productId[33m:[39m initialProductId }[33m:[39m { children[33m:[39m [33mReact[39m[33m.[39m[33mReactNode[39m[33m;[39m productId[33m?[39m[33m:[39m string }) { [36mconst[39m [productId[33m,[39m setProductIdState] [33m=[39m useState[33m<[39m[33mstring[39m [33m|[39m [36mnull[39m[33m>[39m(initialProductId [33m||[39m [36mnull[39m)[33m;[39m [36mconst[39m [product[33m,[39m setProduct] [33m=[39m useState[33m<[39m[33mProduct[39m [33m|[39m [36mnull[39m[33m>[39m([36mnull[39m)[33m;[39m [36mconst[39m [allProducts[33m,[39m setAllProducts] [33m=[39m useState[33m<[39m[33mProduct[39m[][33m>[39m([])[33m;[39m [36mconst[39m [isLoading[33m,[39m setIsLoading] [33m=[39m useState([36mfalse[39m)[33m;[39m [36mconst[39m [error[33m,[39m setError] [33m=[39m useState[33m<[39m[33mstring[39m [33m|[39m [36mnull[39m[33m>[39m([36mnull[39m)[33m;[39m [36mconst[39m fetchAllProducts [33m=[39m useCallback([36masync[39m () [33m=>[39m { [36mtry[39m { [36mconst[39m response [33m=[39m [36mawait[39m fetch([32m'/api/products'[39m)[33m;[39m [36mconst[39m data [33m=[39m [36mawait[39m response[33m.[39mjson()[33m;[39m [36mif[39m (response[33m.[39mok [33m&&[39m data[33m.[39msuccess) { setAllProducts(data[33m.[39mproducts [33m||[39m [])[33m;[39m [90m// Si no hay productId seleccionado pero hay productos, seleccionar el primero por defecto si no hay nada en localStorage const savedId = typeof window !== 'undefined' ? localStorage.getItem('selectedProductId') : null; if (!productId) { if (savedId) { setProductIdState(savedId); } else { // Default to GLOBAL to avoid "Context Required" screens setProductIdState('GLOBAL'); } } } } catch (err) { console.error('[ProductContext] Error fetching all products:', err); } }, [productId]); // Load initial data useEffect(() => { fetchAllProducts(); }, [fetchAllProducts]); const setProductId = useCallback((id: string) => { setProductIdState(id); if (typeof window !== 'undefined') { if (id === 'GLOBAL') { localStorage.removeItem('selectedProductId'); } else { localStorage.setItem('selectedProductId', id); } } }, []); const fetchProduct = useCallback(async () => { if (!productId || productId === 'GLOBAL') { setProduct(null); return; } setIsLoading(true); setError(null); try { const response = await fetch(`/api/products/${productId}`); const data = await response.json(); if (!response.ok || !data.success) { throw new Error(data.error || "Error al cargar el producto"); } setProduct(data.product); } catch (err: any) { console.error('[ProductContext] Error:', err); setError(err.message); } finally { setIsLoading(false); } }, [productId]); useEffect(() => { fetchProduct(); }, [productId, fetchProduct]); const value = React.useMemo(() => ({ product, allProducts, productId, setProductId, isLoading, error, refreshProduct: fetchProduct, refreshAllProducts: fetchAllProducts }), [product, allProducts, productId, setProductId, isLoading, error, fetchProduct, fetchAllProducts]); return ( <ProductContext.Provider value={value}> {children} </ProductContext.Provider> );[39m
[31m[1m>[22m[39m[90m 5 |[39m } [36mexport[39m [36mfunction[39m useProduct() { [36mconst[39m context [33m=[39m useContext([33mProductContext[39m)[33m;[39m [36mif[39m (context [33m===[39m undefined) { [36mthrow[39m [36mnew[39m [33mError[39m([32m"useProduct must be used within a ProductProvider"[39m)[33m;[39m } [36mreturn[39m context[33m;[39m
 [90m   |[39m   [31m[1m^[22m[39m[31m[1m^[22m[39m[31m[1m^[22m[39m[31m[1m^[22m[39m[31m[1m^[22m[39m[31m[1m^[22m[39m
 [90m 6 |[39m }
 [90m 7 |[39m[0m

'import', and 'export' cannot be used outside of module code

Import traces:
  Client Component Browser:
    ./src/context/ProductContext.tsx [Client Component Browser]
    ./src/app/research/config/page.tsx [Client Component Browser]
    ./src/app/research/config/page.tsx [Server Component]

  Client Component SSR:
    ./src/context/ProductContext.tsx [Client Component SSR]
    ./src/app/research/config/page.tsx [Client Component SSR]
    ./src/app/research/config/page.tsx [Server Component]


./src/hooks/useProductOrders.ts:3:2
Parsing ecmascript source code failed
[0m [90m 1 |[39m [32m"use client"[39m[33m;[39m [36mimport[39m { useState[33m,[39m useEffect[33m,[39m useCallback } [36mfrom[39m [32m"react"[39m[33m;[39m
 [90m 2 |[39m [36mimport[39m { toast } [36mfrom[39m [32m"sonner"[39m[33m;[39m [36mexport[39m [36mfunction[39m useProductOrders(productId[33m:[39m string[33m,[39m initialStatus[33m:[39m string [33m=[39m [32m'ALL'[39m) { [36mconst[39m [loading[33m,[39m setLoading] [33m=[39m useState([36mfalse[39m)[33m;[39m [36mconst[39m [orders[33m,[39m setOrders] [33m=[39m useState[33m<[39m[33many[39m[][33m>[39m([])[33m;[39m [36mconst[39m [pagination[33m,[39m setPagination] [33m=[39m useState({ total[33m:[39m [35m0[39m[33m,[39m page[33m:[39m [35m1[39m[33m,[39m pageSize[33m:[39m [35m15[39m[33m,[39m totalPages[33m:[39m [35m0[39m })[33m;[39m [36mconst[39m [statusFilter[33m,[39m setStatusFilter] [33m=[39m useState(initialStatus)[33m;[39m [36mconst[39m loadOrders [33m=[39m useCallback([36masync[39m (page [33m=[39m [35m1[39m) [33m=>[39m { [36mif[39m ([33m![39mproductId) [36mreturn[39m[33m;[39m setLoading([36mtrue[39m)[33m;[39m [36mtry[39m { [90m// New unified endpoint that supports GLOBAL const url = `/api/orders?page=${page}&pageSize=${pagination.pageSize}&status=${statusFilter}&productId=${productId}`; const response = await fetch(url); const result = await response.json(); if (!result.success) throw new Error(result.error); setOrders(result.data.orders); setPagination(result.data.pagination); } catch (error: any) { console.error("Error loading product orders:", error); toast.error("Error al cargar pedidos"); } finally { setLoading(false); } }, [productId, pagination.pageSize, statusFilter]); useEffect(() => { loadOrders(1); }, [loadOrders]); return { orders, loading, pagination, statusFilter, setStatusFilter, loadOrders };[39m
[31m[1m>[22m[39m[90m 3 |[39m }
 [90m   |[39m  [31m[1m^[22m[39m
 [90m 4 |[39m[0m

Expected '}', got '<eof>'

Import traces:
  Client Component Browser:
    ./src/hooks/useProductOrders.ts [Client Component Browser]
    ./src/components/logistics/SalesModule.tsx [Client Component Browser]
    ./src/components/logistics/OrdersHubClient.tsx [Client Component Browser]
    ./src/app/pedidos/page.tsx [Client Component Browser]
    ./src/app/pedidos/page.tsx [Server Component]

  Client Component SSR:
    ./src/hooks/useProductOrders.ts [Client Component SSR]
    ./src/components/logistics/SalesModule.tsx [Client Component SSR]
    ./src/components/logistics/OrdersHubClient.tsx [Client Component SSR]
    ./src/app/pedidos/page.tsx [Client Component SSR]
    ./src/app/pedidos/page.tsx [Server Component]


./src/hooks/useProductOrders.ts:3:2
Parsing ecmascript source code failed
[0m [90m 1 |[39m [32m"use client"[39m[33m;[39m [36mimport[39m { useState[33m,[39m useEffect[33m,[39m useCallback } [36mfrom[39m [32m"react"[39m[33m;[39m
 [90m 2 |[39m [36mimport[39m { toast } [36mfrom[39m [32m"sonner"[39m[33m;[39m [36mexport[39m [36mfunction[39m useProductOrders(productId[33m:[39m string[33m,[39m initialStatus[33m:[39m string [33m=[39m [32m'ALL'[39m) { [36mconst[39m [loading[33m,[39m setLoading] [33m=[39m useState([36mfalse[39m)[33m;[39m [36mconst[39m [orders[33m,[39m setOrders] [33m=[39m useState[33m<[39m[33many[39m[][33m>[39m([])[33m;[39m [36mconst[39m [pagination[33m,[39m setPagination] [33m=[39m useState({ total[33m:[39m [35m0[39m[33m,[39m page[33m:[39m [35m1[39m[33m,[39m pageSize[33m:[39m [35m15[39m[33m,[39m totalPages[33m:[39m [35m0[39m })[33m;[39m [36mconst[39m [statusFilter[33m,[39m setStatusFilter] [33m=[39m useState(initialStatus)[33m;[39m [36mconst[39m loadOrders [33m=[39m useCallback([36masync[39m (page [33m=[39m [35m1[39m) [33m=>[39m { [36mif[39m ([33m![39mproductId) [36mreturn[39m[33m;[39m setLoading([36mtrue[39m)[33m;[39m [36mtry[39m { [90m// New unified endpoint that supports GLOBAL const url = `/api/orders?page=${page}&pageSize=${pagination.pageSize}&status=${statusFilter}&productId=${productId}`; const response = await fetch(url); const result = await response.json(); if (!result.success) throw new Error(result.error); setOrders(result.data.orders); setPagination(result.data.pagination); } catch (error: any) { console.error("Error loading product orders:", error); toast.error("Error al cargar pedidos"); } finally { setLoading(false); } }, [productId, pagination.pageSize, statusFilter]); useEffect(() => { loadOrders(1); }, [loadOrders]); return { orders, loading, pagination, statusFilter, setStatusFilter, loadOrders };[39m
[31m[1m>[22m[39m[90m 3 |[39m }
 [90m   |[39m  [31m[1m^[22m[39m
 [90m 4 |[39m[0m

Expected a semicolon

Import traces:
  Client Component Browser:
    ./src/hooks/useProductOrders.ts [Client Component Browser]
    ./src/components/logistics/SalesModule.tsx [Client Component Browser]
    ./src/components/logistics/OrdersHubClient.tsx [Client Component Browser]
    ./src/app/pedidos/page.tsx [Client Component Browser]
    ./src/app/pedidos/page.tsx [Server Component]

  Client Component SSR:
    ./src/hooks/useProductOrders.ts [Client Component SSR]
    ./src/components/logistics/SalesModule.tsx [Client Component SSR]
    ./src/components/logistics/OrdersHubClient.tsx [Client Component SSR]
    ./src/app/pedidos/page.tsx [Client Component SSR]
    ./src/app/pedidos/page.tsx [Server Component]


./src/hooks/useResearch.ts:6:2
Parsing ecmascript source code failed
[0m [90m 4 |[39m } [36mfrom[39m [32m"@/app/research/actions/research-actions"[39m[33m;[39m
 [90m 5 |[39m [36mimport[39m { getLanguageDictionary } [36mfrom[39m [32m"@/app/research/actions/language-actions"[39m[33m;[39m [36mexport[39m [36mfunction[39m useResearch(productId[33m:[39m string) { [36mconst[39m [loading[33m,[39m setLoading] [33m=[39m useState([36mfalse[39m)[33m;[39m [36mconst[39m [researchData[33m,[39m setResearchData] [33m=[39m useState[33m<[39m[33many[39m[33m>[39m([36mnull[39m)[33m;[39m [36mconst[39m [progress[33m,[39m setProgress] [33m=[39m useState({ phase[33m:[39m [35m0[39m[33m,[39m percent[33m:[39m [35m0[39m[33m,[39m message[33m:[39m [32m""[39m })[33m;[39m [36mconst[39m [logs[33m,[39m setLogs] [33m=[39m useState[33m<[39m[33mstring[39m[][33m>[39m([])[33m;[39m [36mconst[39m [isSystemHealthOk[33m,[39m setIsSystemHealthOk] [33m=[39m useState([36mtrue[39m)[33m;[39m [36mconst[39m pollingRef [33m=[39m useRef[33m<[39m[33mNodeJS[39m[33m.[39m[33mTimeout[39m [33m|[39m [36mnull[39m[33m>[39m([36mnull[39m)[33m;[39m [36mconst[39m loadDataRef [33m=[39m useRef[33m<[39m(() [33m=>[39m [33mPromise[39m[33m<[39m[36mvoid[39m[33m>[39m) [33m|[39m undefined[33m>[39m(undefined)[33m;[39m [36mconst[39m startPolling [33m=[39m useCallback(() [33m=>[39m { [36mif[39m (pollingRef[33m.[39mcurrent) clearInterval(pollingRef[33m.[39mcurrent)[33m;[39m pollingRef[33m.[39mcurrent [33m=[39m setInterval([36masync[39m () [33m=>[39m { [36mif[39m ([33m![39mproductId) [36mreturn[39m[33m;[39m [36mconst[39m status [33m=[39m [36mawait[39m getLatestRunStatus(productId)[33m;[39m [36mif[39m (status) { [90m// Update logs if (status.logs) { const logsArray = status.logs.split('\n').filter(Boolean); setLogs(logsArray); } if (status.status === 'RUNNING') { const results = typeof status.results === 'string' ? JSON.parse(status.results) : status.results; setProgress({ phase: status.currentPhase || (results?.currentPhase) || 0, percent: status.progress || (results?.completionPercentage) || 0, message: results?.statusMessage || "Procesando el escaneo forense..." }); } else if (status.status === 'READY') { clearInterval(pollingRef.current!); pollingRef.current = null; setProgress({ phase: 0, percent: 100, message: "Operación Finalizada con Éxito" }); loadDataRef.current?.(); toast.success("Investigación finalizada"); } else if (status.status === 'FAILED') { clearInterval(pollingRef.current!); pollingRef.current = null; setLoading(false); toast.error("La investigación ha fallado"); } } }, 3000); }, [productId]); const loadData = useCallback(async () => { if (!productId) return; setLoading(true); try { const response = await fetch(`/api/products/${productId}/research`); const result = await response.json(); if (!result.success) throw new Error(result.error); const data = result.data; const dict = await getLanguageDictionary(productId); setResearchData({ ...data, dictionary: dict }); // Re-check health const health = await checkSystemHealthAction(); setIsSystemHealthOk((health as any).engine_reachable ?? false); // Check if there is an active run const status = await getLatestRunStatus(productId); if (status && status.status === 'RUNNING') { startPolling(); } } catch (error: any) { console.error("Error loading research data:", error); toast.error("Error al cargar datos de investigación"); } finally { setLoading(false); } }, [productId, startPolling]); useEffect(() => { loadDataRef.current = loadData; }, [loadData]); const startResearch = async () => { setLoading(true); setProgress({ phase: 1, percent: 5, message: "Iniciando motores..." }); try { await startResearchV3Action(productId); startPolling(); } catch (error: any) { toast.error(error.message); setLoading(false); } }; const syncDrive = async () => { setLoading(true); try { await syncGoogleDrive(productId); toast.success("Google Drive sincronizado"); loadData(); } catch (error: any) { toast.error("Error al sincronizar Drive"); } finally { setLoading(false); } }; const addAmazon = async (url: string) => { try { await addAmazonLink(productId, url); toast.success("Link de Amazon añadido"); loadData(); } catch (error: any) { toast.error("Error al añadir link"); } }; const addCompetitor = async (url: string) => { try { await addCompetitorLink(productId, { url, type: "COMPETITOR" }); toast.success("Competidor añadido"); loadData(); } catch (error: any) { toast.error("Error al añadir competidor"); } }; const deleteCompetitor = async (id: string) => { try { await deleteCompetitorLink(id); toast.success("Eliminado"); loadData(); } catch (error: any) { toast.error("Error al eliminar"); } }; const exportMasterDoc = async () => { toast.info("Generando Master Doc..."); try { const result = await generateMasterDoc(productId); if (result.success) { toast.success(result.message); // In a real scenario, we would provide a download link } else { toast.error(result.error); } } catch (error: any) { toast.error("Error al generar documento"); } }; const clearHistory = async () => { if (!confirm("¿Seguro que quieres borrar todo el progreso?")) return; try { await clearResearchHistory(productId); toast.success("Historial borrado"); loadData(); } catch (error: any) { toast.error("Error al borrar"); } }; const generateAngles = async (avatarId: string) => { const versionId = researchData?.researchProjects?.[0]?.versions?.[0]?.id; if (!versionId) { toast.error("No hay versión de investigación activa."); return; } setLoading(true); try { const result = await generateAnglesAction(productId, versionId, avatarId); if (result.success) { toast.success("Ángulos generados"); loadData(); } } catch (error: any) { toast.error("Error al generar ángulos"); } finally { setLoading(false); } }; const generateGodTierCopy = async (avatarIdx: number, angleIdx: number) => { setLoading(true); try { const result = await generateGodTierCopyAction({ productId, avatarIndex: avatarIdx, angleIndex: angleIdx }); if (result.success) { toast.success("Copy God Tier generado"); loadData(); } } catch (error: any) { toast.error("Error al generar copy"); } finally { setLoading(false); } }; const syncBrain = async () => { setLoading(true); try { await syncKnowledgeGraphAction(productId); await calculateMaturityScoreAction(productId); toast.success("Cerebro sincronizado correctamente"); loadData(); } catch (error: any) { toast.error("Error al sincronizar cerebro"); } finally { setLoading(false); } }; useEffect(() => { loadData(); return () => { if (pollingRef.current) clearInterval(pollingRef.current); }; }, [loadData]); return { researchData, loading, progress, logs, isSystemHealthOk, startResearch, syncDrive, addAmazon, addCompetitor, deleteCompetitor, exportMasterDoc, clearHistory, loadData, generateAngles, generateGodTierCopy, syncBrain, regenerateAvatars: (params: any) => regenerateAvatarsAction(productId, params), generateAngleVariations: (params: any) => generateAngleVariationsAction({ ...params, productId }), generateCopyVariations: (params: any) => generateCopyVariationsAction({ ...params, productId }) };[39m
[31m[1m>[22m[39m[90m 6 |[39m }
 [90m   |[39m  [31m[1m^[22m[39m
 [90m 7 |[39m[0m

Expected '}', got '<eof>'

Import traces:
  Client Component Browser:
    ./src/hooks/useResearch.ts [Client Component Browser]
    ./src/app/research/page.tsx [Client Component Browser]
    ./src/app/research/page.tsx [Server Component]

  Client Component SSR:
    ./src/hooks/useResearch.ts [Client Component SSR]
    ./src/app/research/page.tsx [Client Component SSR]
    ./src/app/research/page.tsx [Server Component]


./src/lib/alerts.ts:4:2
Parsing ecmascript source code failed
[0m [90m 2 |[39m } [36mexport[39m [36minterface[39m [33mActiveAlert[39m { type[33m:[39m [32m"DANGER"[39m [33m|[39m [32m"WARNING"[39m [33m|[39m [32m"INFO"[39m[33m;[39m label[33m:[39m string[33m;[39m description[33m:[39m string[33m;[39m
 [90m 3 |[39m } [36mexport[39m [36mfunction[39m evaluateAlerts(metrics[33m:[39m [33mRecord[39m[33m<[39m[33mstring[39m[33m,[39m any[33m>[39m[33m,[39m rules[33m:[39m [33mAlertRule[39m[])[33m:[39m [33mActiveAlert[39m[] { [36mconst[39m activeAlerts[33m:[39m [33mActiveAlert[39m[] [33m=[39m [][33m;[39m [36mconst[39m activeRules [33m=[39m rules[33m.[39mfilter(r [33m=>[39m r[33m.[39menabled)[33m;[39m [36mfor[39m ([36mconst[39m rule [36mof[39m activeRules) { [36mconst[39m value [33m=[39m metrics[rule[33m.[39mfield][33m;[39m [36mif[39m (value [33m===[39m undefined [33m||[39m value [33m===[39m [36mnull[39m) [36mcontinue[39m[33m;[39m [36mlet[39m triggered [33m=[39m [36mfalse[39m[33m;[39m [36mswitch[39m (rule[33m.[39moperator) { [36mcase[39m [32m"GT"[39m[33m:[39m triggered [33m=[39m value [33m>[39m rule[33m.[39mthreshold[33m;[39m [36mbreak[39m[33m;[39m [36mcase[39m [32m"GTE"[39m[33m:[39m triggered [33m=[39m value [33m>=[39m rule[33m.[39mthreshold[33m;[39m [36mbreak[39m[33m;[39m [36mcase[39m [32m"LT"[39m[33m:[39m triggered [33m=[39m value [33m<[39m rule[33m.[39mthreshold[33m;[39m [36mbreak[39m[33m;[39m [36mcase[39m [32m"LTE"[39m[33m:[39m triggered [33m=[39m value [33m<=[39m rule[33m.[39mthreshold[33m;[39m [36mbreak[39m[33m;[39m [36mcase[39m [32m"EQ"[39m[33m:[39m triggered [33m=[39m value [33m===[39m rule[33m.[39mthreshold[33m;[39m [36mbreak[39m[33m;[39m } [36mif[39m (triggered) { [90m// Logic for type: // If GT/GTE, it's usually a warning/danger if it's a cost (e.g. CPA) // or info if it's a volume (e.g. Orders) // For simplicity, we'll default to WARNING which is monochrome in TableAlert activeAlerts.push({ type: "WARNING", label: rule.label, description: `${rule.field.toUpperCase()} (${value}) cumple la condición ${rule.operator} ${rule.threshold}` }); } } return activeAlerts;[39m
[31m[1m>[22m[39m[90m 4 |[39m }
 [90m   |[39m  [31m[1m^[22m[39m
 [90m 5 |[39m[0m

Expected '}', got '<eof>'

Import traces:
  Client Component Browser:
    ./src/lib/alerts.ts [Client Component Browser]
    ./src/components/logistics/ProductOrdersDashboard.tsx [Client Component Browser]
    ./src/components/logistics/SalesModule.tsx [Client Component Browser]
    ./src/components/logistics/OrdersHubClient.tsx [Client Component Browser]
    ./src/app/pedidos/page.tsx [Client Component Browser]
    ./src/app/pedidos/page.tsx [Server Component]

  Client Component SSR:
    ./src/lib/alerts.ts [Client Component SSR]
    ./src/components/logistics/ProductOrdersDashboard.tsx [Client Component SSR]
    ./src/components/logistics/SalesModule.tsx [Client Component SSR]
    ./src/components/logistics/OrdersHubClient.tsx [Client Component SSR]
    ./src/app/pedidos/page.tsx [Client Component SSR]
    ./src/app/pedidos/page.tsx [Server Component]


./src/lib/creative/generators/video-variation-generator.ts:8:2
Parsing ecmascript source code failed
[0m [90m 6 |[39m [36mimport[39m { tmpdir } [36mfrom[39m [32m'os'[39m[33m;[39m [90m/** * Sistema de variaciones de videos * Toma un video existente y genera múltiples variaciones con diferentes avatares */[39m
 [90m 7 |[39m [36mexport[39m [36mclass[39m [33mVideoVariationGenerator[39m { [36mprivate[39m replicate[33m:[39m [33mReplicate[39m[33m;[39m [36mprivate[39m storage[33m:[39m [33mStorage[39m[33m;[39m [36mprivate[39m bucketName[33m:[39m string[33m;[39m constructor() { [36mthis[39m[33m.[39mreplicate [33m=[39m [36mnew[39m [33mReplicate[39m({ auth[33m:[39m process[33m.[39menv[33m.[39m[33mREPLICATE_API_TOKEN[39m [33m||[39m [32m''[39m })[33m;[39m [36mthis[39m[33m.[39mstorage [33m=[39m [36mnew[39m [33mStorage[39m({ projectId[33m:[39m process[33m.[39menv[33m.[39m[33mGOOGLE_CLOUD_PROJECT_ID[39m })[33m;[39m [36mthis[39m[33m.[39mbucketName [33m=[39m process[33m.[39menv[33m.[39m[33mGCS_BUCKET_NAME[39m [33m||[39m [32m''[39m[33m;[39m } [90m/** * Extraer audio de un video */[39m [36masync[39m extractAudio(videoUrl[33m:[39m string)[33m:[39m [33mPromise[39m[33m<[39m[33mstring[39m[33m>[39m { console[33m.[39mlog([32m'[VideoVariations] Extrayendo audio del video...'[39m)[33m;[39m [36mreturn[39m [36mnew[39m [33mPromise[39m([36masync[39m (resolve[33m,[39m reject) [33m=>[39m { [36mconst[39m tempVideo [33m=[39m join(tmpdir()[33m,[39m [32m`video_${Date.now()}.mp4`[39m)[33m;[39m [36mconst[39m tempAudio [33m=[39m join(tmpdir()[33m,[39m [32m`audio_${Date.now()}.mp3`[39m)[33m;[39m [36mtry[39m { [90m// Download video const response = await fetch(videoUrl); const fileStream = createWriteStream(tempVideo); if (response.body) { const { Readable } = await import('stream'); // @ts-ignore Readable.fromWeb(response.body).pipe(fileStream); } await new Promise((res, rej) => { fileStream.on('finish', () => res(undefined)); fileStream.on('error', rej); }); // Extract audio ffmpeg(tempVideo) .output(tempAudio) .audioCodec('libmp3lame') .on('end', async () => { console.log('[VideoVariations] ✅ Audio extraído'); // Upload to GCS const bucket = this.storage.bucket(this.bucketName); const filename = `audio/extracted_${Date.now()}.mp3`; await bucket.upload(tempAudio, { destination: filename, metadata: { contentType: 'audio/mpeg' } }); await bucket.file(filename).makePublic(); const publicUrl = `https://storage.googleapis.com/${this.bucketName}/${filename}`; // Cleanup unlinkSync(tempVideo); unlinkSync(tempAudio); resolve(publicUrl); }) .on('error', (err) => { unlinkSync(tempVideo); reject(err); }) .run(); } catch (error) { reject(error); } }); } /** * Generar variaciones de un video con diferentes avatares */ async generateVariations( videoUrl: string, avatarPrompts: string[], maxVariations: number = 5 ): Promise<Array<{ avatarUrl: string; videoUrl: string }>> { console.log(`[VideoVariations] Generando ${maxVariations} variaciones...`); // 1. Extraer audio del video original const audioUrl = await this.extractAudio(videoUrl); console.log('[VideoVariations] Audio URL:', audioUrl); // 2. Generar nuevos avatares const { ImageGenerator } = await import('./image-generator'); const imageGen = new ImageGenerator(); const selectedPrompts = avatarPrompts.slice(0, maxVariations); const avatarUrls = await imageGen.generateBatch( selectedPrompts.map(prompt => ({ prompt, aspectRatio: '9:16' as const })) ); // 3. Animar cada avatar con el audio extraído const { VideoAnimator } = await import('./video-animator'); const animator = new VideoAnimator(); const videoUrls = await animator.animateBatch( avatarUrls.map(avatarUrl => ({ imageUrl: avatarUrl, audioUrl })) ); // 4. Retornar variaciones const variations = avatarUrls.map((avatarUrl, i) => ({ avatarUrl, videoUrl: videoUrls[i] })); console.log(`[VideoVariations] ✅ ${variations.length} variaciones generadas`); return variations; } /** * Generar variaciones desde video en Google Drive */ async generateFromDrive( driveFileId: string, avatarPrompts: string[], maxVariations: number = 5 ): Promise<Array<{ avatarUrl: string; videoUrl: string }>> { console.log('[VideoVariations] Cargando video desde Drive...'); // Download from Drive const driveUrl = `https://drive.google.com/uc?export=download&id=${driveFileId}`; return this.generateVariations(driveUrl, avatarPrompts, maxVariations); } /** * Quick Generation Wrapper */ async generateQuickVariations(params: { sourceVideoUrl: string; variationType: 'AVATAR_SWAP' | 'VOICE_CHANGE' | 'BOTH'; count: number; funnelStage?: string; }): Promise<Array<{ videoUrl: string; avatarUrl: string; audioUrl?: string; voiceId?: string; prompt?: string; cost?: number; }>> { console.log('[VideoVariations] Quick generation:', params); // 1. Generate Prompts (Simple logic for now) // In a real scenario, this would use LLM to generate diverse prompts based on funnelStage const styles = ['professional', 'friendly', 'energetic', 'trustworthy', 'casual']; const prompts = Array(params.count).fill(0).map((_, i) => `Professional avatar, ${styles[i % styles.length]} style, ${params.funnelStage || 'neutral'} expression, 4k, photorealistic, studio lighting` ); // 2. Generate const results = await this.generateVariations( params.sourceVideoUrl, prompts, params.count ); // 3. Map results return results.map((r, i) => ({ videoUrl: r.videoUrl, avatarUrl: r.avatarUrl, prompt: prompts[i], cost: 0.15 // Estimated cost placeholder (Input 0.05 + Output 0.10 roughly) })); }[39m
[31m[1m>[22m[39m[90m 8 |[39m }
 [90m   |[39m  [31m[1m^[22m[39m
 [90m 9 |[39m[0m

Expected '}', got '<eof>'

Import trace:
  App Route:
    ./src/lib/creative/generators/video-variation-generator.ts
    ./src/app/api/creative/generate-variations/route.ts


./src/lib/creative/generators/video-variation-generator.ts:8:2
Parsing ecmascript source code failed
[0m [90m 6 |[39m [36mimport[39m { tmpdir } [36mfrom[39m [32m'os'[39m[33m;[39m [90m/** * Sistema de variaciones de videos * Toma un video existente y genera múltiples variaciones con diferentes avatares */[39m
 [90m 7 |[39m [36mexport[39m [36mclass[39m [33mVideoVariationGenerator[39m { [36mprivate[39m replicate[33m:[39m [33mReplicate[39m[33m;[39m [36mprivate[39m storage[33m:[39m [33mStorage[39m[33m;[39m [36mprivate[39m bucketName[33m:[39m string[33m;[39m constructor() { [36mthis[39m[33m.[39mreplicate [33m=[39m [36mnew[39m [33mReplicate[39m({ auth[33m:[39m process[33m.[39menv[33m.[39m[33mREPLICATE_API_TOKEN[39m [33m||[39m [32m''[39m })[33m;[39m [36mthis[39m[33m.[39mstorage [33m=[39m [36mnew[39m [33mStorage[39m({ projectId[33m:[39m process[33m.[39menv[33m.[39m[33mGOOGLE_CLOUD_PROJECT_ID[39m })[33m;[39m [36mthis[39m[33m.[39mbucketName [33m=[39m process[33m.[39menv[33m.[39m[33mGCS_BUCKET_NAME[39m [33m||[39m [32m''[39m[33m;[39m } [90m/** * Extraer audio de un video */[39m [36masync[39m extractAudio(videoUrl[33m:[39m string)[33m:[39m [33mPromise[39m[33m<[39m[33mstring[39m[33m>[39m { console[33m.[39mlog([32m'[VideoVariations] Extrayendo audio del video...'[39m)[33m;[39m [36mreturn[39m [36mnew[39m [33mPromise[39m([36masync[39m (resolve[33m,[39m reject) [33m=>[39m { [36mconst[39m tempVideo [33m=[39m join(tmpdir()[33m,[39m [32m`video_${Date.now()}.mp4`[39m)[33m;[39m [36mconst[39m tempAudio [33m=[39m join(tmpdir()[33m,[39m [32m`audio_${Date.now()}.mp3`[39m)[33m;[39m [36mtry[39m { [90m// Download video const response = await fetch(videoUrl); const fileStream = createWriteStream(tempVideo); if (response.body) { const { Readable } = await import('stream'); // @ts-ignore Readable.fromWeb(response.body).pipe(fileStream); } await new Promise((res, rej) => { fileStream.on('finish', () => res(undefined)); fileStream.on('error', rej); }); // Extract audio ffmpeg(tempVideo) .output(tempAudio) .audioCodec('libmp3lame') .on('end', async () => { console.log('[VideoVariations] ✅ Audio extraído'); // Upload to GCS const bucket = this.storage.bucket(this.bucketName); const filename = `audio/extracted_${Date.now()}.mp3`; await bucket.upload(tempAudio, { destination: filename, metadata: { contentType: 'audio/mpeg' } }); await bucket.file(filename).makePublic(); const publicUrl = `https://storage.googleapis.com/${this.bucketName}/${filename}`; // Cleanup unlinkSync(tempVideo); unlinkSync(tempAudio); resolve(publicUrl); }) .on('error', (err) => { unlinkSync(tempVideo); reject(err); }) .run(); } catch (error) { reject(error); } }); } /** * Generar variaciones de un video con diferentes avatares */ async generateVariations( videoUrl: string, avatarPrompts: string[], maxVariations: number = 5 ): Promise<Array<{ avatarUrl: string; videoUrl: string }>> { console.log(`[VideoVariations] Generando ${maxVariations} variaciones...`); // 1. Extraer audio del video original const audioUrl = await this.extractAudio(videoUrl); console.log('[VideoVariations] Audio URL:', audioUrl); // 2. Generar nuevos avatares const { ImageGenerator } = await import('./image-generator'); const imageGen = new ImageGenerator(); const selectedPrompts = avatarPrompts.slice(0, maxVariations); const avatarUrls = await imageGen.generateBatch( selectedPrompts.map(prompt => ({ prompt, aspectRatio: '9:16' as const })) ); // 3. Animar cada avatar con el audio extraído const { VideoAnimator } = await import('./video-animator'); const animator = new VideoAnimator(); const videoUrls = await animator.animateBatch( avatarUrls.map(avatarUrl => ({ imageUrl: avatarUrl, audioUrl })) ); // 4. Retornar variaciones const variations = avatarUrls.map((avatarUrl, i) => ({ avatarUrl, videoUrl: videoUrls[i] })); console.log(`[VideoVariations] ✅ ${variations.length} variaciones generadas`); return variations; } /** * Generar variaciones desde video en Google Drive */ async generateFromDrive( driveFileId: string, avatarPrompts: string[], maxVariations: number = 5 ): Promise<Array<{ avatarUrl: string; videoUrl: string }>> { console.log('[VideoVariations] Cargando video desde Drive...'); // Download from Drive const driveUrl = `https://drive.google.com/uc?export=download&id=${driveFileId}`; return this.generateVariations(driveUrl, avatarPrompts, maxVariations); } /** * Quick Generation Wrapper */ async generateQuickVariations(params: { sourceVideoUrl: string; variationType: 'AVATAR_SWAP' | 'VOICE_CHANGE' | 'BOTH'; count: number; funnelStage?: string; }): Promise<Array<{ videoUrl: string; avatarUrl: string; audioUrl?: string; voiceId?: string; prompt?: string; cost?: number; }>> { console.log('[VideoVariations] Quick generation:', params); // 1. Generate Prompts (Simple logic for now) // In a real scenario, this would use LLM to generate diverse prompts based on funnelStage const styles = ['professional', 'friendly', 'energetic', 'trustworthy', 'casual']; const prompts = Array(params.count).fill(0).map((_, i) => `Professional avatar, ${styles[i % styles.length]} style, ${params.funnelStage || 'neutral'} expression, 4k, photorealistic, studio lighting` ); // 2. Generate const results = await this.generateVariations( params.sourceVideoUrl, prompts, params.count ); // 3. Map results return results.map((r, i) => ({ videoUrl: r.videoUrl, avatarUrl: r.avatarUrl, prompt: prompts[i], cost: 0.15 // Estimated cost placeholder (Input 0.05 + Output 0.10 roughly) })); }[39m
[31m[1m>[22m[39m[90m 8 |[39m }
 [90m   |[39m  [31m[1m^[22m[39m
 [90m 9 |[39m[0m

Expected a semicolon

Import trace:
  App Route:
    ./src/lib/creative/generators/video-variation-generator.ts
    ./src/app/api/creative/generate-variations/route.ts


./src/lib/drive/asset-organizer.ts:7:17
Parsing ecmascript source code failed
[0m [90m  5 |[39m [36mimport[39m { [33mTaskType[39m } [36mfrom[39m [32m'../ai/providers/interfaces'[39m[33m;[39m [90m/** * ASSET AUTO-ORGANIZER * Intelligent agent that auto-classifies and organizes files in Drive */[39m [36minterface[39m [33mClassificationResult[39m { category[33m:[39m string[33m;[39m [90m// concept_1-7, competitive, script, clip, static_ad subcategory?: string; // TikTok, Facebook, Hook, etc. concept?: number; // 1-7 confidence: number; // 0-1[39m
 [90m  6 |[39m } [36mexport[39m [36mclass[39m [33mAssetOrganizer[39m { [36mprivate[39m driveSync[33m:[39m [33mDriveSync[39m[33m;[39m constructor() { [36mthis[39m[33m.[39mdriveSync [33m=[39m [36mnew[39m [33mDriveSync[39m()[33m;[39m } [90m/** * Auto-organize a file that was uploaded to Drive */[39m [36masync[39m organizeFile( fileId[33m:[39m string[33m,[39m fileName[33m:[39m string[33m,[39m productId[33m:[39m string[33m,[39m fileBuffer[33m?[39m[33m:[39m [33mBuffer[39m )[33m:[39m [33mPromise[39m[33m<[39m{ success[33m:[39m boolean[33m;[39m newPath[33m?[39m[33m:[39m string[33m;[39m error[33m?[39m[33m:[39m string }[33m>[39m { console[33m.[39mlog([32m`[AssetOrganizer] Organizing: ${fileName}`[39m)[33m;[39m [36mtry[39m { [90m// 1. Classify the file const classification = await this.aiClassify(fileName, fileBuffer, productId); console.log(`[AssetOrganizer] Classification:`, classification); // 2. Get target folder const targetFolder = await this.getTargetFolder( productId, classification ); // 3. Move file to target folder (if not already there) // TODO: Implement Drive file move // await this.driveSync.moveFile(fileId, targetFolder); // 4. Track in database await prisma.driveAsset.upsert({ where: { driveFileId: fileId }, update: { category: classification.category, subcategory: classification.subcategory, concept: classification.concept, organized: true }, create: { productId, driveFileId: fileId, assetType: this.getAssetType(fileName), category: classification.category, subcategory: classification.subcategory, concept: classification.concept, organized: true, drivePath: targetFolder, sourceUrl: fileName } }); console.log(`[AssetOrganizer] ✅ Organized to: ${targetFolder}`); return { success: true, newPath: targetFolder }; } catch (error: any) { console.error('[AssetOrganizer] Error:', error); return { success: false, error: error.message }; } } /** * Classify file using AI and filename patterns */ private async classifyFile( fileName: string, fileBuffer?: Buffer ): Promise<ClassificationResult> { // Strategy 1: Parse filename (Spencer Pawlin Style: [DATE]_[BRAND]_[ANGLE]_[HOOK]_[VAR]) const spencerMatch = fileName.match(/^(\d{6})_([^_]*)_([^_]*)_([^_]*)_([^_]*)/i); if (spencerMatch) { return { category: 'creative_asset', subcategory: spencerMatch[3], // Angle confidence: 0.99 }; } // Strategy 1.1: Legacy patterns (NAD_C3_V12.mp4 → Concept 3) const filenameMatch = fileName.match(/_C(\d)_V?\d*/i); if (filenameMatch) { const concept = parseInt(filenameMatch[1]); if (concept >= 1 && concept <= 7) { return { category: `concept_${concept}`, concept, confidence: 0.95 }; } } // Strategy 2: Keywords in filename const keywords = { competitive: ['competitor', 'tiktok', 'facebook', 'youtube', 'ad_library'], script: ['script', 'copy', 'guion'], clip: ['clip', 'extract', 'segment'], static: ['static', 'image', 'banner', 'creative'] }; const lowerName = fileName.toLowerCase(); for (const [category, words] of Object.entries(keywords)) { if (words.some(w => lowerName.includes(w))) { const result: ClassificationResult = { category, confidence: 0.7 }; // Detect platform for competitive if (category === 'competitive') { if (lowerName.includes('tiktok')) result.subcategory = 'TikTok'; else if (lowerName.includes('facebook') || lowerName.includes('meta')) result.subcategory = 'Facebook'; else if (lowerName.includes('youtube')) result.subcategory = 'YouTube'; else result.subcategory = 'Others'; } return result; } } // Strategy 3: AI Classification (if buffer provided) if (fileBuffer) { try { const classification = await this.aiClassify(fileName, fileBuffer); return classification; } catch (e) { console.warn('[AssetOrganizer] AI classification failed:', e); } } // Default: unorganized return { category: 'unorganized', confidence: 0 }; } /** * Use AI to classify file based on content */ private async aiClassify( fileName: string, fileBuffer?: Buffer, productId?: string ): Promise<ClassificationResult> { let researchContext = ""; if (productId) { try { const latestResearch = await (prisma as any).researchRun.findFirst({ where: { productId, status: 'READY' }, orderBy: { createdAt: 'desc' } }); if (latestResearch) { const data = JSON.parse(latestResearch.results); researchContext = `CONOCIMIENTO ESTRATÉGICO:\nÁngulos: ${JSON.stringify(data.marketing_angles || {})}`; } } catch (e) { console.warn('[AssetOrganizer] Error fetching research context:', e); } } const prompt = `Classify this file for marketing asset organization using SPENCER PAWLIN standards. ${researchContext} Filename: ${fileName} Categories:[39m
[31m[1m>[22m[39m[90m  7 |[39m [33m-[39m creative_asset[33m:[39m [33mFinal[39m ad[33m/[39mcreative (matches spencer nomenclature)
 [90m    |[39m                 [31m[1m^[22m[39m
 [90m  8 |[39m [33m-[39m concept_1[33m:[39m [33mProblema[39m (pain points)
 [90m  9 |[39m [33m-[39m concept_2[33m:[39m [33mSolucion[39m (solution presentation)
 [90m 10 |[39m [33m-[39m concept_3[33m:[39m [33mMecanismo[39m (how it works[33m,[39m unique mechanism)[0m

Expected ';', '}' or <eof>

Import trace:
  App Route:
    ./src/lib/drive/asset-organizer.ts
    ./src/app/api/video-lab/ai-classify/route.ts


./src/lib/finances.ts:5:2
Parsing ecmascript source code failed
[0m [90m 3 |[39m } [90m/** * Calculates the exact profit for an order based on: * 1. Product unitCost (COGS) * 2. FulfillmentRule (Shipping/COD fees) * 3. TaxRate */[39m
 [90m 4 |[39m [36mexport[39m [36masync[39m [36mfunction[39m calculateOrderProfit(orderId[33m:[39m string)[33m:[39m [33mPromise[39m[33m<[39m[33mProfitBreakdown[39m[33m>[39m { [36mconst[39m db [33m=[39m prisma [36mas[39m any[33m;[39m [36mconst[39m order [33m=[39m [36mawait[39m db[33m.[39morder[33m.[39mfindUnique({ where[33m:[39m { id[33m:[39m orderId }[33m,[39m include[33m:[39m { items[33m:[39m { include[33m:[39m { product[33m:[39m { include[33m:[39m { finance[33m:[39m [36mtrue[39m } } } } } })[33m;[39m [36mif[39m ([33m![39morder) [36mthrow[39m [36mnew[39m [33mError[39m([32m"Order not found"[39m)[33m;[39m [36mconst[39m rule [33m=[39m [36mawait[39m db[33m.[39mfulfillmentRule[33m.[39mfindFirst({ where[33m:[39m { provider[33m:[39m order[33m.[39mlogisticsProvider [33m||[39m [32m'DEFAULT'[39m[33m,[39m isActive[33m:[39m [36mtrue[39m } })[33m;[39m [36mlet[39m cogs [33m=[39m [35m0[39m[33m;[39m [36mlet[39m sellingPriceTotal [33m=[39m [35m0[39m[33m;[39m [36mfor[39m ([36mconst[39m item [36mof[39m order[33m.[39mitems) { [90m// Use cost from product finance or fallback to item unitCost const unitCost = item.product?.finance?.unitCost || item.unitCost || 0; cogs += unitCost * item.quantity; sellingPriceTotal += item.price * item.quantity; } const isBeeping = rule?.provider?.toUpperCase().includes('BEEPING') || order.logisticsProvider?.toUpperCase().includes('BEEPING') || false; const shippingBase = rule?.baseShippingCost || 0; // User requested explicit sum: "3.8 + 1.5" logic if defaults match, but we use rule values. // However, if Beeping, we add 21% VAT on top of the sum. const codFee = order.paymentMethod === 'COD' ? (rule?.codFeeFixed || 0) + (sellingPriceTotal * (rule?.codFeePercent || 0) / 100) : 0; const packaging = rule?.packagingCost || 0; let totalLogistics = shippingBase + codFee + packaging; if (isBeeping) { totalLogistics = totalLogistics * 1.21; // Add 21% VAT for Beeping } const taxes = sellingPriceTotal * (rule?.taxPercent || 0) / 100; const netProfit = sellingPriceTotal - cogs - totalLogistics - taxes; // Truth Layer: Only REAL if delivered. If returned, revenue is 0, costs remain. const isReal = order.status === 'DELIVERED'; const isReturned = order.status === 'RETURNED'; if (isReturned) { return { revenue: 0, cogs: cogs, // We still paid for the product (usually) shipping: totalLogistics + (rule?.returnCost || 0), taxes: 0, netProfit: -(cogs + totalLogistics + (rule?.returnCost || 0)), status: 'REAL' }; } return { revenue: sellingPriceTotal, cogs, shipping: totalLogistics, taxes, netProfit, status: isReal ? 'REAL' : 'ESTIMATED' };[39m
[31m[1m>[22m[39m[90m 5 |[39m }
 [90m   |[39m  [31m[1m^[22m[39m
 [90m 6 |[39m[0m

Expected '}', got '<eof>'

Import trace:
  App Route:
    ./src/lib/finances.ts
    ./src/app/api/finances/profit-stats/route.ts


./src/lib/handlers/ai-extract.ts:6:2
Parsing ecmascript source code failed
[0m [90m 4 |[39m [36mimport[39m fs [36mfrom[39m [32m"fs"[39m[33m;[39m
 [90m 5 |[39m [36mimport[39m path [36mfrom[39m [32m"path"[39m[33m;[39m [36mconst[39m aiExtractHandler[33m:[39m [33mJobHandler[39m [33m=[39m { handle[33m:[39m [36masync[39m (payload[33m,[39m onProgress[33m,[39m jobId) [33m=>[39m { [36mlet[39m { imageBase64[33m,[39m productId[33m,[39m productName[33m,[39m language } [33m=[39m payload[33m;[39m [36mawait[39m onProgress([35m10[39m)[33m;[39m [90m// Resolve file reference if offloaded if (imageBase64 && imageBase64.startsWith("file://")) { try { const fileName = imageBase64.replace("file://", ""); const filePath = path.resolve(process.cwd(), "uploads", "jobs", fileName); console.log(`📖 [Handler] Reading offloaded payload from: ${fileName}`); imageBase64 = fs.readFileSync(filePath, "utf-8"); } catch (e) { console.error("❌ [Handler] Failed to read offloaded payload:", e); // Fallback: Continue without image or fail? Fail because extraction needs image throw new Error("No se pudo leer el archivo de video procesado."); } } // Use any to bypass temporary prisma type delay const db = prisma as any; let context = productName || "Producto Desconocido"; if (productId) { const product = await db.product.findUnique({ where: { id: productId }, include: { avatars: true } }); if (product) { context = `${product.title}. Avatares: ${JSON.stringify(product.avatars)}`; } } await onProgress(30); const prompt = ` Analiza este video/imagen de anuncio para el producto "${context}". Extrae el GUIÓN REAL palabra por palabra. Analiza PSICOLÓGICAMENTE por qué este video vende (Hook, Retención, Oferta). Responde en JSON y asegúrate de que todo el texto esté en "${language === 'en' ? 'INGLÉS' : 'ESPAÑOL'}": { "script": "Texto del guión...", "psychology": "Análisis psicológico...", "hookScore": 8.5, "suggestions": ["mejora 1", "mejora 2"] } `; const res = await askGemini(prompt, undefined, imageBase64); await onProgress(80); if (res.error) throw new Error(res.error); if (!res.text || res.text === "No se obtuvo respuesta de Gemini.") { throw new Error("No se pudo extraer información del video."); } try { const cleaned = res.text.replace(/```json/g, "").replace(/```/g, "").trim(); const analysis = JSON.parse(cleaned); await onProgress(100); return analysis; } catch { await onProgress(100); return { script: res.text, psychology: "Análisis generado en formato texto.", hookScore: 7, suggestions: ["Mejorar transiciones", "Añadir subtítulos dinámicos"] }; } }[39m
[31m[1m>[22m[39m[90m 6 |[39m }[33m;[39m [36mexport[39m [36mdefault[39m aiExtractHandler[33m;[39m
 [90m   |[39m  [31m[1m^[22m[39m
 [90m 7 |[39m[0m

Expected ',', got ';'

Import traces:
  App Route:
    ./src/lib/handlers/ai-extract.ts
    ./src/lib/worker.ts
    ./src/app/api/system/logistics-sync/route.ts

  Server Component:
    ./src/lib/handlers/ai-extract.ts
    ./src/lib/worker.ts
    ./src/app/marketing/contents/actions.ts


./src/lib/handlers/generate-avatar-image.ts:7:2
Parsing ecmascript source code failed
[0m [90m 5 |[39m [36mimport[39m { replicateClient } [36mfrom[39m [32m"../ai/replicate-client"[39m[33m;[39m
 [90m 6 |[39m [36mimport[39m { resolveModel } [36mfrom[39m [32m"../ai/model-registry"[39m[33m;[39m [36mconst[39m generateAvatarImageHandler[33m:[39m [33mJobHandler[39m [33m=[39m { handle[33m:[39m [36masync[39m (payload[33m,[39m onProgress[33m,[39m jobId) [33m=>[39m { [36mconst[39m { avatarProfileId[33m,[39m tier [33m=[39m [32m'premium'[39m } [33m=[39m payload[33m;[39m [36mif[39m ([33m![39mavatarProfileId) [36mthrow[39m [36mnew[39m [33mError[39m([32m"Missing avatarProfileId in payload"[39m)[33m;[39m [36mconst[39m db [33m=[39m prisma [36mas[39m any[33m;[39m [90m// 1. Initial Status Update try { await db.avatarProfile.update({ where: { id: avatarProfileId }, data: { status: 'GENERATING_IMAGE', lastError: null } }); } catch (e) { console.log(`⚠️ [Worker] Could not update status for ${avatarProfileId} (likely deleted).`); return { success: false, error: "Profile deleted" }; } await onProgress(10); // 2. Get Profile Data const profile = await db.avatarProfile.findUnique({ where: { id: avatarProfileId } }); if (!profile) { console.log(`⚠️ [Worker] Profile ${avatarProfileId} no longer exists. Skipping job.`); return { success: false, error: "Profile deleted" }; } try { const metadata = JSON.parse(profile.metadataJson || "{}"); const traits = metadata.traits || {}; const customPrompt = metadata.customPrompt || ""; // --- ADVANCED PROMPT ENGINEERING FOR FLUX PRO --- const gender = profile.sex === 'MALE' ? 'man' : 'woman'; const age = profile.ageRange || "35"; let region = profile.region || ""; // Mapping common regions to adjectives const regionMap: Record<string, string> = { 'España': 'Spanish', 'Spain': 'Spanish', 'Italia': 'Italian', 'Italy': 'Italian', 'Francia': 'French', 'France': 'French', 'Alemania': 'German', 'Germany': 'German', 'Portugal': 'Portuguese', 'México': 'Mexican', 'Mexico': 'Mexican', 'EEUU': 'American', 'USA': 'American' }; const regionAdj = regionMap[region] || region; // Generate a random seed if none exists to force variation const seed = Math.floor(Math.random() * 1000000); let promptParts = [ `High-end premium commercial portrait of a ${age} year old ${regionAdj} ${gender}.`, `Cinematic lighting, fashion photography style, professional studio background with soft bokeh, 8k resolution, masterpiece.`, `Sharp focus on eyes, highly detailed skin texture, pores visible, natural and hyper-realistic facial features.`, `Wearing stylish elegant clothing, professional and confident expression, looking directly into the camera.` ]; if (traits.hasGreyHair) promptParts.push("Salt and pepper hair, visible grey roots, realistic hair texture."); if (traits.hasWrinkles) promptParts.push("Visible wrinkles, crow's feet, realistic aged skin patterns, fine lines around eyes and forehead."); if (traits.hasAcne) promptParts.push("Skin imperfections, visible acne scars, slight redness, textured skin with blemishes."); if (traits.hasHairLoss) promptParts.push("Receding hairline, thinning hair on top, visible scalp through hair, realistic balding pattern."); const skinTone = traits.skinTone || 'CLARO'; promptParts.push(`${skinTone.toLowerCase()} skin tone.`); if (customPrompt) { promptParts.push(`Atmosphere: ${customPrompt}`); } const finalPrompt = promptParts.join(" "); // 3. Resolve Model const model = resolveModel('AVATAR_PORTRAIT', tier); // 4. Trigger Replicate Prediction console.log(`🚀 [Worker] Triggering REPLICATE for: ${profile.name} Tier: ${tier}`); const prediction = await replicateClient.createPrediction({ jobId: avatarProfileId, // Using profileId as reference for the webhook ref: model.ref, version: model.version, input: { prompt: finalPrompt, aspect_ratio: "3:4", output_format: "png", output_quality: 100, seed: seed }, isImage: true }); // 4.5. Store Prediction ID in Job record immediately for auditing await db.job.update({ where: { id: jobId }, data: { replicatePredictionId: prediction.id, provider: 'Replicate' } }); await onProgress(80); // 5. Update Profile with Prediction ID await db.avatarProfile.update({ where: { id: avatarProfileId }, data: { metadataJson: JSON.stringify({ ...metadata, replicatePredictionId: prediction.id, modelUsed: model.ref, finalPrompt }) } }); // 6. ROBUST FALLBACK: Wait for completion and finalize (Required for Local Dev) // Even if webhooks work, doing it here in the worker ensures completion console.log(`⏳ [Worker] Waiting for Replicate prediction ${prediction.id} to complete...`); const finalPrediction = await replicateClient.waitForPrediction(prediction.id); if (finalPrediction.status === 'succeeded' && finalPrediction.output) { console.log(`✅ [Worker] Prediction succeeded! Finalizing image for ${avatarProfileId}`); const output = finalPrediction.output; const primaryUrl = Array.isArray(output) ? output[0] : output; const storageDir = path.resolve(process.cwd(), "data", "avatars", avatarProfileId); const localPath = path.join(storageDir, "avatar.png"); await replicateClient.downloadFile(primaryUrl, localPath); await db.avatarProfile.update({ where: { id: avatarProfileId }, data: { imageUrl: `/api/avatars/asset/${avatarProfileId}`, status: 'READY_IMAGE' } }); console.log(`✨ [Worker] Avatar ${avatarProfileId} is now READY.`); } await onProgress(100); return { success: true, predictionId: prediction.id, replicatePredictionId: prediction.id, // For Job worker auto-save provider: 'Replicate', status: 'READY_IMAGE' }; } catch (error: any) { console.error(`❌ [Worker] Generation Job Failed:`, error.message); await db.avatarProfile.update({ where: { id: avatarProfileId }, data: { status: 'FAILED_IMAGE', lastError: error.message } }); throw error; } }[39m
[31m[1m>[22m[39m[90m 7 |[39m }[33m;[39m [36mexport[39m [36mdefault[39m generateAvatarImageHandler[33m;[39m
 [90m   |[39m  [31m[1m^[22m[39m
 [90m 8 |[39m[0m

Expected ',', got ';'

Import traces:
  App Route:
    ./src/lib/handlers/generate-avatar-image.ts
    ./src/lib/worker.ts
    ./src/app/api/system/logistics-sync/route.ts

  Server Component:
    ./src/lib/handlers/generate-avatar-image.ts
    ./src/lib/worker.ts
    ./src/app/marketing/contents/actions.ts


./src/lib/handlers/logistics-sync.ts:4:2
Parsing ecmascript source code failed
[0m [90m 2 |[39m [36mimport[39m { [33mJobHandler[39m } [36mfrom[39m [32m"../worker"[39m[33m;[39m
 [90m 3 |[39m [36mimport[39m { syncBeepingStatuses } [36mfrom[39m [32m"../../app/pedidos/actions"[39m[33m;[39m [36mconst[39m logisticsSyncHandler[33m:[39m [33mJobHandler[39m [33m=[39m { handle[33m:[39m [36masync[39m (payload[33m,[39m onProgress[33m,[39m jobId) [33m=>[39m { console[33m.[39mlog([32m"🚀 [Worker] Starting Automated Logistics Sync (Beeping API)..."[39m)[33m;[39m [36mawait[39m onProgress([35m10[39m)[33m;[39m [90m// 'limit: 0' means full history or until API stops const priority = !!payload.priority; const result = await syncBeepingStatuses(0, priority); await onProgress(100); console.log(`✅ [Worker] Logistics Sync Completed: ${result.message}`); return result; }[39m
[31m[1m>[22m[39m[90m 4 |[39m }[33m;[39m [36mexport[39m [36mdefault[39m logisticsSyncHandler[33m;[39m
 [90m   |[39m  [31m[1m^[22m[39m
 [90m 5 |[39m[0m

Expected ',', got ';'

Import traces:
  App Route:
    ./src/lib/handlers/logistics-sync.ts
    ./src/lib/worker.ts
    ./src/app/api/system/logistics-sync/route.ts

  Server Component:
    ./src/lib/handlers/logistics-sync.ts
    ./src/lib/worker.ts
    ./src/app/marketing/contents/actions.ts


./src/lib/handlers/maintenance.ts:5:2
Parsing ecmascript source code failed
[0m [90m 3 |[39m [36mimport[39m fs [36mfrom[39m [32m"fs"[39m[33m;[39m
 [90m 4 |[39m [36mimport[39m path [36mfrom[39m [32m"path"[39m[33m;[39m [36mconst[39m maintenanceHandler[33m:[39m [33mJobHandler[39m [33m=[39m { handle[33m:[39m [36masync[39m (payload[33m,[39m onProgress[33m,[39m jobId) [33m=>[39m { [36mconst[39m stats [33m=[39m { deletedFiles[33m:[39m [35m0[39m[33m,[39m freedBytes[33m:[39m [35m0[39m[33m,[39m jobsCleaned[33m:[39m [35m0[39m }[33m;[39m [36mconst[39m uploadDir [33m=[39m path[33m.[39mjoin(process[33m.[39mcwd()[33m,[39m [32m"public/uploads"[39m)[33m;[39m [36mconst[39m outputDir [33m=[39m path[33m.[39mjoin(process[33m.[39mcwd()[33m,[39m [32m"public/outputs"[39m)[33m;[39m [36mconst[39m now [33m=[39m [33mDate[39m[33m.[39mnow()[33m;[39m [36mawait[39m onProgress([35m10[39m)[33m;[39m [90m// 1. Clean Uploads (TTL 48h) const uploadTTL = 48 * 60 * 60 * 1000; if (fs.existsSync(uploadDir)) { const files = fs.readdirSync(uploadDir); for (const file of files) { const filePath = path.join(uploadDir, file); const stat = fs.statSync(filePath); if (now - stat.mtimeMs > uploadTTL) { // Safety: check if referenced in DB const isReferenced = await checkReferences(file); if (!isReferenced) { fs.unlinkSync(filePath); stats.deletedFiles++; stats.freedBytes += stat.size; } } } } await onProgress(50); // 2. Clean Outputs (TTL 14d) - Strict const outputTTL = 14 * 24 * 60 * 60 * 1000; if (fs.existsSync(outputDir)) { const files = fs.readdirSync(outputDir); for (const file of files) { const filePath = path.join(outputDir, file); const stat = fs.statSync(filePath); if (now - stat.mtimeMs > outputTTL) { const isReferenced = await checkReferences(file); if (!isReferenced) { fs.unlinkSync(filePath); stats.deletedFiles++; stats.freedBytes += stat.size; } } } } await onProgress(80); // 3. Clean Jobs (> 30 days) const jobTTL = new Date(now - 30 * 24 * 60 * 60 * 1000); const deletedJobs = await (prisma as any).job.deleteMany({ where: { status: { in: ['COMPLETED', 'FAILED'] }, updatedAt: { lt: jobTTL } } }); stats.jobsCleaned = deletedJobs.count; await onProgress(100); return stats; }[39m
[31m[1m>[22m[39m[90m 5 |[39m }[33m;[39m [36masync[39m [36mfunction[39m checkReferences(filename[33m:[39m string)[33m:[39m [33mPromise[39m[33m<[39m[33mboolean[39m[33m>[39m { [36mconst[39m db [33m=[39m prisma [36mas[39m any[33m;[39m [90m// Check key tables const refSpy = await db.adSpyCapture.findFirst({ where: { OR: [{ url: { contains: filename } }, { originalUrl: { contains: filename } }] } }); if (refSpy) return true; const refAsset = await db.creativeAsset?.findFirst({ where: { url: { contains: filename } } }); if (refAsset) return true; return false;[39m
 [90m   |[39m  [31m[1m^[22m[39m
 [90m 6 |[39m } [36mexport[39m [36mdefault[39m maintenanceHandler[33m;[39m
 [90m 7 |[39m[0m

Expected ',', got ';'

Import traces:
  App Route:
    ./src/lib/handlers/maintenance.ts
    ./src/lib/worker.ts
    ./src/app/api/system/logistics-sync/route.ts

  Server Component:
    ./src/lib/handlers/maintenance.ts
    ./src/lib/worker.ts
    ./src/app/marketing/contents/actions.ts


./src/lib/handlers/meta-sync-accounts.ts:5:2
Parsing ecmascript source code failed
[0m [90m 3 |[39m [36mimport[39m { prisma } [36mfrom[39m [32m"../prisma"[39m[33m;[39m
 [90m 4 |[39m [36mimport[39m { getMetaAdsService } [36mfrom[39m [32m"../marketing/meta-ads"[39m[33m;[39m [36mconst[39m metaSyncAccountsHandler[33m:[39m [33mJobHandler[39m [33m=[39m { handle[33m:[39m [36masync[39m (payload[33m,[39m onProgress[33m,[39m jobId) [33m=>[39m { [36mlet[39m storeId [33m=[39m payload[33m.[39mstoreId[33m;[39m [36mconst[39m db [33m=[39m prisma [36mas[39m any[33m;[39m [36mif[39m ([33m![39mstoreId) { [36mconst[39m store [33m=[39m [36mawait[39m db[33m.[39mstore[33m.[39mfindFirst()[33m;[39m storeId [33m=[39m store[33m?[39m[33m.[39mid[33m;[39m } [36mif[39m ([33m![39mstoreId) { [36mthrow[39m [36mnew[39m [33mError[39m([32m"No store found to sync Meta accounts."[39m)[33m;[39m } console[33m.[39mlog([32m`📡 [Worker] Starting META_SYNC_ACCOUNTS for Store: ${storeId}`[39m)[33m;[39m [36mawait[39m onProgress([35m20[39m)[33m;[39m [36mtry[39m { [36mconst[39m metaService [33m=[39m [36mawait[39m getMetaAdsService(db[33m,[39m storeId)[33m;[39m [36mconst[39m accounts [33m=[39m [36mawait[39m metaService[33m.[39mgetAdAccounts()[33m;[39m console[33m.[39mlog([32m`✅ Found ${accounts.length} Ad Accounts for Meta.`[39m)[33m;[39m [36mawait[39m onProgress([35m80[39m)[33m;[39m [36mawait[39m db[33m.[39mconnection[33m.[39mupsert({ where[33m:[39m { storeId_provider[33m:[39m { storeId[33m,[39m provider[33m:[39m [32m'META_ADS'[39m } }[33m,[39m update[33m:[39m { extraConfig[33m:[39m [33mJSON[39m[33m.[39mstringify({ accounts })[33m,[39m lastSyncedAt[33m:[39m [36mnew[39m [33mDate[39m()[33m,[39m isActive[33m:[39m [36mtrue[39m }[33m,[39m create[33m:[39m { storeId[33m,[39m provider[33m:[39m [32m'META_ADS'[39m[33m,[39m isActive[33m:[39m [36mtrue[39m[33m,[39m lastSyncedAt[33m:[39m [36mnew[39m [33mDate[39m()[33m,[39m extraConfig[33m:[39m [33mJSON[39m[33m.[39mstringify({ accounts })[33m,[39m [90m// We don't store the raw env token in DB unless we want to "migrate" it, // but for tracking sync state, the record must exist. } }); await onProgress(100); return { success: true, count: accounts.length }; } catch (error: any) { console.error(`❌ [Worker] META_SYNC_ACCOUNTS failed:`, error.message); throw error; } }[39m
[31m[1m>[22m[39m[90m 5 |[39m }[33m;[39m [36mexport[39m [36mdefault[39m metaSyncAccountsHandler[33m;[39m
 [90m   |[39m  [31m[1m^[22m[39m
 [90m 6 |[39m[0m

Expected ',', got ';'

Import traces:
  App Route:
    ./src/lib/handlers/meta-sync-accounts.ts
    ./src/lib/worker.ts
    ./src/app/api/system/logistics-sync/route.ts

  Server Component:
    ./src/lib/handlers/meta-sync-accounts.ts
    ./src/lib/worker.ts
    ./src/app/marketing/contents/actions.ts


./src/lib/handlers/shopify-sync.ts:5:2
Parsing ecmascript source code failed
[0m [90m 3 |[39m [36mimport[39m { syncShopifyHistory } [36mfrom[39m [32m"../../app/pedidos/actions"[39m[33m;[39m
 [90m 4 |[39m [36mimport[39m prisma [36mfrom[39m [32m"../prisma"[39m[33m;[39m [36mconst[39m shopifySyncHandler[33m:[39m [33mJobHandler[39m [33m=[39m { handle[33m:[39m [36masync[39m (payload[33m,[39m onProgress[33m,[39m jobId) [33m=>[39m { console[33m.[39mlog([32m"🚀 [Worker] Starting Automated Shopify Sync (Orders/History)..."[39m)[33m;[39m [36mawait[39m onProgress([35m10[39m)[33m;[39m [90m// Get the first store as default if not provided let storeId = payload.storeId; if (!storeId) { const store = await (prisma as any).store.findFirst(); storeId = store?.id; } if (!storeId) { throw new Error("No store found to sync Shopify data."); } await onProgress(20); // Call the deep sync action const result = await syncShopifyHistory(storeId); await onProgress(100); console.log(`✅ [Worker] Shopify Sync Completed: ${result.message}`); return result; }[39m
[31m[1m>[22m[39m[90m 5 |[39m }[33m;[39m [36mexport[39m [36mdefault[39m shopifySyncHandler[33m;[39m
 [90m   |[39m  [31m[1m^[22m[39m
 [90m 6 |[39m[0m

Expected ',', got ';'

Import traces:
  App Route:
    ./src/lib/handlers/shopify-sync.ts
    ./src/lib/worker.ts
    ./src/app/api/system/logistics-sync/route.ts

  Server Component:
    ./src/lib/handlers/shopify-sync.ts
    ./src/lib/worker.ts
    ./src/app/marketing/contents/actions.ts


./src/lib/health.ts:9:3
Parsing ecmascript source code failed
[0m [90m  7 |[39m [36mimport[39m { getAgentStats } [36mfrom[39m [32m"./agents/agent-registry"[39m[33m;[39m
 [90m  8 |[39m [36mimport[39m { [33mAPI_CONFIG[39m } [36mfrom[39m [32m"./config/api-config"[39m[33m;[39m [36mexport[39m [36masync[39m [36mfunction[39m checkGeminiHealth()[33m:[39m [33mPromise[39m[33m<[39m[33mModuleHealth[39m[33m>[39m { [36mif[39m ([33m![39m[33mAPI_CONFIG[39m[33m.[39mvertexAI[33m.[39mapiKey) { [36mreturn[39m { status[33m:[39m [32m'disabled'[39m[33m,[39m lastChecked[33m:[39m [36mnew[39m [33mDate[39m()[33m.[39mtoISOString()[33m,[39m details[33m:[39m [32m'Missing Vertex AI Key'[39m }[33m;[39m } [36mtry[39m { [36mconst[39m start [33m=[39m [33mDate[39m[33m.[39mnow()[33m;[39m [90m// Verificamos que los modelos estén configurados en API_CONFIG const model = API_CONFIG.vertexAI.models.gemini.production; return { status: 'operational', latency: Date.now() - start, lastChecked: new Date().toISOString(), details: `Vertex AI Active. Model: ${model}` }; } catch (e) { return { status: 'offline', lastChecked: new Date().toISOString(), details: String(e) }; }[39m
[31m[1m>[22m[39m[90m  9 |[39m } [36mexport[39m [36masync[39m [36mfunction[39m checkReplicateHealth()[33m:[39m [33mPromise[39m[33m<[39m[33mModuleHealth[39m[33m>[39m { [36mif[39m ([33m![39mprocess[33m.[39menv[33m.[39m[33mREPLICATE_API_TOKEN[39m) { [36mreturn[39m { status[33m:[39m [32m'disabled'[39m[33m,[39m lastChecked[33m:[39m [36mnew[39m [33mDate[39m()[33m.[39mtoISOString()[33m,[39m details[33m:[39m [32m'Replicate Token not configured'[39m }[33m;[39m } [36mreturn[39m { status[33m:[39m [32m'operational'[39m[33m,[39m lastChecked[33m:[39m [36mnew[39m [33mDate[39m()[33m.[39mtoISOString()[33m,[39m details[33m:[39m [32m`Replicate Active (Claude, Flux, Luma)`[39m }[33m;[39m
 [90m    |[39m   [31m[1m^[22m[39m
 [90m 10 |[39m } [36mexport[39m [36masync[39m [36mfunction[39m checkLocalEngineHealth()[33m:[39m [33mPromise[39m[33m<[39m[33mModuleHealth[39m[33m>[39m { [36mif[39m ([33m![39m[33mFEATURE_FLAGS[39m[33m.[39m[33mAVATARS_LAB[39m[33m.[39m[33mLOCAL_ENGINE[39m) [36mreturn[39m { status[33m:[39m [32m'disabled'[39m[33m,[39m lastChecked[33m:[39m [36mnew[39m [33mDate[39m()[33m.[39mtoISOString() }[33m;[39m [36mtry[39m { [36mconst[39m start [33m=[39m [33mDate[39m[33m.[39mnow()[33m;[39m [36mconst[39m res [33m=[39m [36mawait[39m fetch([32m"http://localhost:8000/"[39m[33m,[39m { signal[33m:[39m [33mAbortSignal[39m[33m.[39mtimeout([35m2000[39m) })[33m.[39mthen(r [33m=>[39m r[33m.[39mjson())[33m;[39m [36mif[39m (res[33m.[39mstatus [33m===[39m [32m"operational"[39m) { [36mreturn[39m { status[33m:[39m [32m'operational'[39m[33m,[39m latency[33m:[39m [33mDate[39m[33m.[39mnow() [33m-[39m start[33m,[39m lastChecked[33m:[39m [36mnew[39m [33mDate[39m()[33m.[39mtoISOString()[33m,[39m details[33m:[39m [32m`GPU: ${res.gpu_available ? 'YES' : 'NO'} | FFmpeg: ${res.ffmpeg_available ? 'YES' : 'NO'}`[39m }[33m;[39m } [36mreturn[39m { status[33m:[39m [32m'degraded'[39m[33m,[39m lastChecked[33m:[39m [36mnew[39m [33mDate[39m()[33m.[39mtoISOString() }[33m;[39m } [36mcatch[39m (e) { [90m// Trigger Auto-Heal if offline attemptEngineRecovery(); return { status: 'offline', lastChecked: new Date().toISOString(), details: 'Connection Refused - Attempting Recovery...' }; }[39m
 [90m 11 |[39m } [36mlet[39m isRecovering [33m=[39m [36mfalse[39m[33m;[39m
 [90m 12 |[39m [36mfunction[39m attemptEngineRecovery() { [36mif[39m (isRecovering) [36mreturn[39m[33m;[39m isRecovering [33m=[39m [36mtrue[39m[33m;[39m console[33m.[39mlog([32m"🩹 [Health] Engine Offline. Triggering Auto-Heal..."[39m)[33m;[39m [36mconst[39m engineScript [33m=[39m path[33m.[39mresolve(process[33m.[39mcwd()[33m,[39m [32m"src/engine/start_engine.sh"[39m)[33m;[39m [36mconst[39m engineProcess [33m=[39m spawn([32m"bash"[39m[33m,[39m [engineScript][33m,[39m { detached[33m:[39m [36mtrue[39m[33m,[39m stdio[33m:[39m [32m'ignore'[39m[33m,[39m cwd[33m:[39m process[33m.[39mcwd() })[33m;[39m engineProcess[33m.[39munref()[33m;[39m [90m// Reset recovery flag after 30s to allow another attempt if it still fails setTimeout(() => { isRecovering = false; }, 30000);[39m[0m

Expected a semicolon

Import trace:
  App Route:
    ./src/lib/health.ts
    ./src/app/api/system/health/route.ts


./src/lib/marketing/metrics.ts:7:1
Parsing ecmascript source code failed
[0m [90m  5 |[39m [36mexport[39m [36mfunction[39m normalizeMarketingMetrics(raw[33m:[39m any[33m,[39m platform[33m:[39m [32m'META'[39m [33m|[39m [32m'TIKTOK'[39m)[33m:[39m [33mNormalizedMetrics[39m { [36mif[39m (platform [33m===[39m [32m'META'[39m) { [36mreturn[39m { spend[33m:[39m parseFloat(raw[33m.[39mspend [33m||[39m [35m0[39m)[33m,[39m impressions[33m:[39m parseInt(raw[33m.[39mimpressions [33m||[39m [35m0[39m)[33m,[39m clicks[33m:[39m parseInt(raw[33m.[39minline_link_clicks [33m||[39m raw[33m.[39mclicks [33m||[39m [35m0[39m)[33m,[39m video_3s_views[33m:[39m parseInt(raw[33m.[39mvideo_3s_watched_actions[33m?[39m[33m.[39m[[35m0[39m][33m?[39m[33m.[39mvalue [33m||[39m [35m0[39m)[33m,[39m video_50pct_views[33m:[39m parseInt(raw[33m.[39mvideo_p50_watched_actions[33m?[39m[33m.[39m[[35m0[39m][33m?[39m[33m.[39mvalue [33m||[39m [35m0[39m)[33m,[39m landing_page_views[33m:[39m parseInt(raw[33m.[39mlanding_page_view [33m||[39m [35m0[39m)[33m,[39m add_to_cart[33m:[39m parseInt(raw[33m.[39madd_to_cart [33m||[39m [35m0[39m)[33m,[39m initiate_checkout[33m:[39m parseInt(raw[33m.[39minitiate_checkout [33m||[39m [35m0[39m)[33m,[39m purchases[33m:[39m parseInt(raw[33m.[39mpurchase [33m||[39m [35m0[39m)[33m,[39m revenue[33m:[39m parseFloat(raw[33m.[39mpurchase_value [33m||[39m [35m0[39m) }[33m;[39m } [36melse[39m { [90m// TIKTOK return { spend: parseFloat(raw.spend || 0), impressions: parseInt(raw.impressions || 0), clicks: parseInt(raw.clicks || 0), video_3s_views: parseInt(raw.video_views_p3 || 0), video_50pct_views: parseInt(raw.video_views_p50 || 0), landing_page_views: parseInt(raw.page_view || 0), add_to_cart: parseInt(raw.add_to_cart || 0), initiate_checkout: parseInt(raw.initiate_checkout || 0), purchases: parseInt(raw.complete_payment || 0), revenue: parseFloat(raw.complete_payment_value || 0) }; }[39m
 [90m  6 |[39m } [90m/** * Calculates derived KPIs from normalized metrics. */[39m
[31m[1m>[22m[39m[90m  7 |[39m [36mexport[39m [36mfunction[39m calculateMarketingKPIs(m[33m:[39m [33mNormalizedMetrics[39m)[33m:[39m [33mCalculatedMetrics[39m { [36mconst[39m safeDiv [33m=[39m (num[33m:[39m number[33m,[39m den[33m:[39m number) [33m=>[39m den [33m===[39m [35m0[39m [33m?[39m [35m0[39m [33m:[39m num [33m/[39m den[33m;[39m [36mreturn[39m { [33m...[39mm[33m,[39m cpc[33m:[39m safeDiv(m[33m.[39mspend[33m,[39m m[33m.[39mclicks)[33m,[39m ctr[33m:[39m safeDiv(m[33m.[39mclicks[33m,[39m m[33m.[39mimpressions)[33m,[39m roas[33m:[39m safeDiv(m[33m.[39mrevenue[33m,[39m m[33m.[39mspend)[33m,[39m hook_rate[33m:[39m safeDiv(m[33m.[39mvideo_3s_views[33m,[39m m[33m.[39mimpressions)[33m,[39m hold_rate_50[33m:[39m safeDiv(m[33m.[39mvideo_50pct_views[33m,[39m m[33m.[39mvideo_3s_views)[33m,[39m atc_rate[33m:[39m safeDiv(m[33m.[39madd_to_cart[33m,[39m m[33m.[39mlanding_page_views [33m||[39m m[33m.[39mclicks)[33m,[39m checkout_rate[33m:[39m safeDiv(m[33m.[39minitiate_checkout[33m,[39m m[33m.[39madd_to_cart)[33m,[39m purchase_rate[33m:[39m safeDiv(m[33m.[39mpurchases[33m,[39m m[33m.[39mlanding_page_views [33m||[39m m[33m.[39mclicks) }[33m;[39m
 [90m    |[39m [31m[1m^[22m[39m[31m[1m^[22m[39m[31m[1m^[22m[39m[31m[1m^[22m[39m[31m[1m^[22m[39m[31m[1m^[22m[39m
 [90m  8 |[39m } [90m/** * es-ES Formatting utilities */[39m
 [90m  9 |[39m [36mexport[39m [36mconst[39m metricsFormatter [33m=[39m { currency[33m:[39m (val[33m:[39m number) [33m=>[39m [36mnew[39m [33mIntl[39m[33m.[39m[33mNumberFormat[39m([32m'es-ES'[39m[33m,[39m { style[33m:[39m [32m'currency'[39m[33m,[39m currency[33m:[39m [32m'EUR'[39m[33m,[39m minimumFractionDigits[33m:[39m [35m2[39m[33m,[39m maximumFractionDigits[33m:[39m [35m2[39m })[33m.[39mformat(val)[33m,[39m percent[33m:[39m (val[33m:[39m number) [33m=>[39m [36mnew[39m [33mIntl[39m[33m.[39m[33mNumberFormat[39m([32m'es-ES'[39m[33m,[39m { style[33m:[39m [32m'percent'[39m[33m,[39m minimumFractionDigits[33m:[39m [35m2[39m[33m,[39m maximumFractionDigits[33m:[39m [35m2[39m })[33m.[39mformat(val)[33m,[39m ratio[33m:[39m (val[33m:[39m number[33m,[39m suffix [33m=[39m [32m'x'[39m) [33m=>[39m [36mnew[39m [33mIntl[39m[33m.[39m[33mNumberFormat[39m([32m'es-ES'[39m[33m,[39m { minimumFractionDigits[33m:[39m [35m2[39m[33m,[39m maximumFractionDigits[33m:[39m [35m2[39m })[33m.[39mformat(val) [33m+[39m suffix[33m,[39m number[33m:[39m (val[33m:[39m number) [33m=>[39m [36mnew[39m [33mIntl[39m[33m.[39m[33mNumberFormat[39m([32m'es-ES'[39m[33m,[39m { maximumFractionDigits[33m:[39m [35m2[39m })[33m.[39mformat(val)[33m,[39m display[33m:[39m (val[33m:[39m number [33m|[39m undefined [33m|[39m [36mnull[39m[33m,[39m formatter[33m:[39m (v[33m:[39m number) [33m=>[39m string) [33m=>[39m { [36mif[39m (val [33m===[39m undefined [33m||[39m val [33m===[39m [36mnull[39m [33m||[39m isNaN(val)) [36mreturn[39m [32m'---'[39m[33m;[39m [36mreturn[39m formatter(val)[33m;[39m }
 [90m 10 |[39m }[33m;[39m[0m

'import', and 'export' cannot be used outside of module code

Import traces:
  Client Component Browser:
    ./src/lib/marketing/metrics.ts [Client Component Browser]
    ./src/app/marketing/performance/page.tsx [Client Component Browser]
    ./src/app/marketing/performance/page.tsx [Server Component]

  Client Component SSR:
    ./src/lib/marketing/metrics.ts [Client Component SSR]
    ./src/app/marketing/performance/page.tsx [Client Component SSR]
    ./src/app/marketing/performance/page.tsx [Server Component]


./src/lib/store/store-context.tsx:3:1
Parsing ecmascript source code failed
[0m [90m 1 |[39m [32m"use client"[39m[33m;[39m [36mimport[39m [33mReact[39m[33m,[39m { createContext[33m,[39m useContext[33m,[39m useState[33m,[39m useEffect[33m,[39m useCallback } [36mfrom[39m [32m"react"[39m[33m;[39m
 [90m 2 |[39m [36mimport[39m { toast } [36mfrom[39m [32m"sonner"[39m[33m;[39m [90m// ─── Types ─────────────────────────────────────────────────── export interface StoreInfo { id: string; name: string; domain: string | null; currency: string;[39m
[31m[1m>[22m[39m[90m 3 |[39m } [36minterface[39m [33mStoreContextType[39m { activeStoreId[33m:[39m string [33m|[39m [36mnull[39m[33m;[39m activeStore[33m:[39m [33mStoreInfo[39m [33m|[39m [36mnull[39m[33m;[39m stores[33m:[39m [33mStoreInfo[39m[][33m;[39m isLoading[33m:[39m boolean[33m;[39m setActiveStoreId[33m:[39m (id[33m:[39m string) [33m=>[39m [36mvoid[39m[33m;[39m refreshStores[33m:[39m () [33m=>[39m [33mPromise[39m[33m<[39m[36mvoid[39m[33m>[39m[33m;[39m
 [90m   |[39m [31m[1m^[22m[39m
 [90m 4 |[39m } [36mconst[39m [33mSTORAGE_KEY[39m [33m=[39m [32m"ecombom.activeStoreId"[39m[33m;[39m [36mconst[39m [33mStoreContext[39m [33m=[39m createContext[33m<[39m[33mStoreContextType[39m [33m|[39m undefined[33m>[39m(undefined)[33m;[39m [90m// ─── Provider ──────────────────────────────────────────────── export function StoreProvider({ children }: { children: React.ReactNode }) { const [activeStoreId, setActiveStoreIdState] = useState<string | null>(null); const [stores, setStores] = useState<StoreInfo[]>([]); const [isLoading, setIsLoading] = useState(true); // Cargar stores disponibles const fetchStores = useCallback(async () => { try { const res = await fetch("/api/stores"); const data = await res.json(); if (res.ok && data.stores) { setStores(data.stores); // Si no hay activeStoreId guardado, usar el primero const saved = typeof window !== "undefined" ? localStorage.getItem(STORAGE_KEY) : null; if (saved && data.stores.some((s: StoreInfo) => s.id === saved)) { setActiveStoreIdState(saved); } else if (data.stores.length > 0) { const firstId = data.stores[0].id; setActiveStoreIdState(firstId); if (typeof window !== "undefined") { localStorage.setItem(STORAGE_KEY, firstId); } // Registrar asignación automática logAudit("STORE_CONTEXT_SET", "STORE", firstId); } } } catch (err) { console.error("[StoreContext] Error cargando stores:", err); } finally { setIsLoading(false); } }, []); useEffect(() => { fetchStores(); }, [fetchStores]); // Cambiar store activo const setActiveStoreId = useCallback((id: string) => { setActiveStoreIdState(id); if (typeof window !== "undefined") { localStorage.setItem(STORAGE_KEY, id); } const store = stores.find(s => s.id === id); if (store) { toast.success(`Tienda activa: ${store.name}`); } logAudit("STORE_SWITCHED", "STORE", id); }, [stores]); // Store activa actual const activeStore = stores.find(s => s.id === activeStoreId) || null; return ( <StoreContext.Provider value={{ activeStoreId, activeStore, stores, isLoading, setActiveStoreId, refreshStores: fetchStores, }}> {children} </StoreContext.Provider> );[39m
 [90m 5 |[39m } [90m// ─── Hook ──────────────────────────────────────────────────── export function useStore() { const context = useContext(StoreContext); if (context === undefined) { throw new Error("useStore debe usarse dentro de un StoreProvider"); } return context;[39m
 [90m 6 |[39m } [90m// ─── AuditLog helper (fire-and-forget) ─────────────────────── function logAudit(action: string, entity: string, entityId: string) { fetch("/api/settings/audit", { method: "POST", headers: { "Content-Type": "application/json" }, body: JSON.stringify({ action, entity, entityId }), }).catch(() => { // Silently fail — audit is best-effort from client });[39m[0m

Expression expected

Import traces:
  Client Component Browser:
    ./src/lib/store/store-context.tsx [Client Component Browser]
    ./src/app/page.tsx [Client Component Browser]
    ./src/app/page.tsx [Server Component]

  Client Component SSR:
    ./src/lib/store/store-context.tsx [Client Component SSR]
    ./src/app/page.tsx [Client Component SSR]
    ./src/app/page.tsx [Server Component]


./src/lib/styles/design-system.ts:2:2
Parsing ecmascript source code failed
[0m [90m 1 |[39m [36mexport[39m [36mconst[39m ds [33m=[39m { spacing[33m:[39m { xs[33m:[39m [32m'2px'[39m[33m,[39m sm[33m:[39m [32m'4px'[39m[33m,[39m md[33m:[39m [32m'8px'[39m[33m,[39m lg[33m:[39m [32m'16px'[39m[33m,[39m xl[33m:[39m [32m'24px'[39m[33m,[39m }[33m,[39m card[33m:[39m { padding[33m:[39m [32m'p-2'[39m[33m,[39m [90m// Reduced from p-3 gap: 'gap-1.5', // Reduced from gap-2 shadow: 'shadow-sm', border: 'border border-slate-100/60', radius: 'rounded-lg', // Sharper corners for a more technical look hover: 'hover:shadow-sm transition-all duration-300', }, typography: { h1: 'text-lg font-black tracking-tight uppercase italic', // Shrunk from 2xl h2: 'text-sm font-black tracking-tight uppercase', // Shrunk from lg h3: 'text-[11px] font-black tracking-tight uppercase', // Shrunk from sm h4: 'text-[9px] font-black tracking-wider uppercase', // Shrunk from 11px body: 'text-[11px] leading-tight', // Shrunk from 13px small: 'text-[9px] font-medium leading-none', // Shrunk from 11px caption: 'text-[8px] font-bold uppercase tracking-widest', // Shrunk from 10px }, glass: { base: 'bg-white/60 border border-white/40 shadow-sm', premium: 'bg-white/40 border border-white/50 shadow-sm', dark: 'bg-slate-900/80 border border-slate-800/50 shadow-sm', input: 'bg-white/20 border border-white/30 focus:bg-white/40 focus:border-rose-500/50 transition-all', }, effects: { glow: 'after:absolute after:inset-0 after:rounded-[inherit] after:shadow-[0_0_15px_rgba(79,70,229,0.1)] after:opacity-0 hover:after:opacity-100 after:transition-opacity after:pointer-events-none', aura: 'before:absolute before:-top-4 before:-right-4 before:w-24 before:h-24 before:bg-rose-500/5 before:rounded-full before:blur-2xl before:pointer-events-none', }[39m
[31m[1m>[22m[39m[90m 2 |[39m }[33m;[39m
 [90m   |[39m  [31m[1m^[22m[39m
 [90m 3 |[39m[0m

Expected ',', got ';'

Import traces:
  Client Component Browser:
    ./src/lib/styles/design-system.ts [Client Component Browser]
    ./src/components/ui/premium-card.tsx [Client Component Browser]
    ./src/components/research/ResearchConfig.tsx [Client Component Browser]
    ./src/app/research/config/page.tsx [Client Component Browser]
    ./src/app/research/config/page.tsx [Server Component]

  Client Component SSR:
    ./src/lib/styles/design-system.ts [Client Component SSR]
    ./src/components/ui/premium-card.tsx [Client Component SSR]
    ./src/components/research/ResearchConfig.tsx [Client Component SSR]
    ./src/app/research/config/page.tsx [Client Component SSR]
    ./src/app/research/config/page.tsx [Server Component]


./src/lib/utils.ts:2:42
Parsing ecmascript source code failed
[0m [90m 1 |[39m [36mimport[39m { clsx[33m,[39m type [33mClassValue[39m } [36mfrom[39m [32m"clsx"[39m
[31m[1m>[22m[39m[90m 2 |[39m [36mimport[39m { twMerge } [36mfrom[39m [32m"tailwind-merge"[39m [36mexport[39m [36mfunction[39m cn([33m...[39minputs[33m:[39m [33mClassValue[39m[]) { [36mreturn[39m twMerge(clsx(inputs))
 [90m   |[39m                                          [31m[1m^[22m[39m[31m[1m^[22m[39m[31m[1m^[22m[39m[31m[1m^[22m[39m[31m[1m^[22m[39m[31m[1m^[22m[39m
 [90m 3 |[39m }
 [90m 4 |[39m[0m

Expected ';', got 'export'

Import traces:
  Client Component Browser:
    ./src/lib/utils.ts [Client Component Browser]
    ./src/app/customers/page.tsx [Client Component Browser]
    ./src/app/customers/page.tsx [Server Component]

  Client Component SSR:
    ./src/lib/utils.ts [Client Component SSR]
    ./src/app/customers/page.tsx [Client Component SSR]
    ./src/app/customers/page.tsx [Server Component]


    at <unknown> (./src/app/analytics/actions.ts:4:1)
    at <unknown> (./src/app/api/admin/backfill/route.ts:5:2)
    at <unknown> (./src/app/api/admin/backfill/route.ts:5:2)
    at <unknown> (./src/app/api/ai/finance-chat/route.ts:13:7)
    at <unknown> (./src/app/api/ai/neural-mother/route.ts:4:2)
    at <unknown> (./src/app/api/ai/neural-mother/route.ts:4:2)
    at <unknown> (./src/app/api/auth/google/callback/route.ts:3:2)
    at <unknown> (./src/app/api/auth/google/callback/route.ts:3:2)
    at <unknown> (./src/app/api/connections/cleanup/route.ts:5:2)
    at <unknown> (./src/app/api/connections/cleanup/route.ts:5:2)
    at <unknown> (./src/app/api/connections/route.ts:4:2)
    at <unknown> (./src/app/api/connections/route.ts:4:2)
    at <unknown> (./src/app/api/connections/service-account/route.ts:3:2)
    at <unknown> (./src/app/api/connections/service-account/route.ts:3:2)
    at <unknown> (./src/app/api/connections/status/route.ts:4:2)
    at <unknown> (./src/app/api/connections/status/route.ts:4:2)
    at <unknown> (./src/app/api/connections/test/route.ts:7:2)
    at <unknown> (./src/app/api/connections/test/route.ts:7:2)
    at <unknown> (./src/app/api/copy/import/route.ts:4:2)
    at <unknown> (./src/app/api/copy/import/route.ts:4:2)
    at <unknown> (./src/app/api/creative/add-captions/route.ts:6:1)
    at <unknown> (./src/app/api/creative/batch/route.ts:5:87)
    at <unknown> (./src/app/api/creative/batch/route.ts:6:2)
    at <unknown> (./src/app/api/creative/batch/route.ts:6:2)
    at <unknown> (./src/app/api/creative/generate-funnel/route.ts:6:2)
    at <unknown> (./src/app/api/creative/generate-funnel/route.ts:6:2)
    at <unknown> (./src/app/api/creative/generate-videos/route.ts:5:2)
    at <unknown> (./src/app/api/creative/generate-videos/route.ts:5:2)
    at <unknown> (./src/app/api/creative/library/route.ts:5:1)
    at <unknown> (./src/app/api/creative/quick-variations/route.ts:3:312)
    at <unknown> (./src/app/api/creative/specs/route.ts:3:2)
    at <unknown> (./src/app/api/creative/specs/route.ts:3:2)
    at <unknown> (./src/app/api/debug/ads/route.ts:5:2)
    at <unknown> (./src/app/api/debug/ads/route.ts:5:2)
    at <unknown> (./src/app/api/debug/check-data/route.ts:4:2)
    at <unknown> (./src/app/api/debug/check-data/route.ts:4:2)
    at <unknown> (./src/app/api/diag-sync/route.ts:3:2)
    at <unknown> (./src/app/api/diag-sync/route.ts:3:2)
    at <unknown> (./src/app/api/drive/organize/route.ts:5:1)
    at <unknown> (./src/app/api/ext/capture/route.ts:5:2)
    at <unknown> (./src/app/api/ext/capture/route.ts:5:2)
    at <unknown> (./src/app/api/finances/accounting/route.ts:7:2)
    at <unknown> (./src/app/api/finances/accounting/route.ts:7:2)
    at <unknown> (./src/app/api/finances/expenses/route.ts:10:2)
    at <unknown> (./src/app/api/finances/expenses/route.ts:10:2)
    at <unknown> (./src/app/api/finances/rules/route.ts:4:3)
    at <unknown> (./src/app/api/finances/sync-today/route.ts:4:2)
    at <unknown> (./src/app/api/finances/sync-today/route.ts:4:2)
    at <unknown> (./src/app/api/maintenance/rebuild-snapshots/route.ts:6:2)
    at <unknown> (./src/app/api/maintenance/rebuild-snapshots/route.ts:6:2)
    at <unknown> (./src/app/api/marketing/performance/route.ts:5:2)
    at <unknown> (./src/app/api/marketing/performance/route.ts:5:2)
    at <unknown> (./src/app/api/marketing/sync/route.ts:4:2)
    at <unknown> (./src/app/api/marketing/sync/route.ts:4:2)
    at <unknown> (./src/app/api/orders/route.ts:3:2)
    at <unknown> (./src/app/api/orders/route.ts:3:2)
    at <unknown> (./src/app/api/productos/[id]/diagnostico/route.ts:7:2)
    at <unknown> (./src/app/api/products/[id]/creative/route.ts:4:3)
    at <unknown> (./src/app/api/products/[id]/financials/route.ts:6:2)
    at <unknown> (./src/app/api/products/[id]/financials/route.ts:6:2)
    at <unknown> (./src/app/api/products/[id]/orders/route.ts:4:2)
    at <unknown> (./src/app/api/products/[id]/orders/route.ts:4:2)
    at <unknown> (./src/app/api/products/route.ts:4:2)
    at <unknown> (./src/app/api/products/route.ts:4:2)
    at <unknown> (./src/app/api/research/snapshot/route.ts:7:1)
    at <unknown> (./src/app/api/stores/route.ts:4:2)
    at <unknown> (./src/app/api/stores/route.ts:4:2)
    at <unknown> (./src/app/api/system/full-sync/route.ts:6:2)
    at <unknown> (./src/app/api/system/full-sync/route.ts:6:2)
    at <unknown> (./src/app/api/system/verify-phase-3/route.ts:8:2)
    at <unknown> (./src/app/api/system/verify-phase-3/route.ts:8:2)
    at <unknown> (./src/app/api/test-agents/route.ts:3:2)
    at <unknown> (./src/app/api/test-agents/route.ts:3:2)
    at <unknown> (./src/app/api/upload/route.ts:5:2)
    at <unknown> (./src/app/api/upload/route.ts:5:2)
    at <unknown> (./src/app/api/usage/summary/route.ts:5:1)
    at <unknown> (./src/app/api/video-lab/clean-metadata/route.ts:5:2)
    at <unknown> (./src/app/api/video-lab/clean-metadata/route.ts:5:2)
    at <unknown> (./src/app/api/video-lab/drive-files/route.ts:6:2)
    at <unknown> (./src/app/api/video-lab/drive-files/route.ts:5:3)
    at <unknown> (./src/app/api/video-lab/extract-script/route.ts:4:2)
    at <unknown> (./src/app/api/video-lab/extract-script/route.ts:4:2)
    at <unknown> (./src/app/api/video-lab/replace-audio/route.ts:9:2)
    at <unknown> (./src/app/api/video-lab/replace-audio/route.ts:9:2)
    at <unknown> (./src/app/api/video/upload/route.ts:5:1)
    at <unknown> (./src/app/api/webhooks/beeping/route.ts:7:2)
    at <unknown> (./src/app/api/webhooks/beeping/route.ts:7:2)
    at <unknown> (./src/app/api/webhooks/generic-logistics/route.ts:7:2)
    at <unknown> (./src/app/api/webhooks/generic-logistics/route.ts:7:2)
    at <unknown> (./src/app/api/webhooks/master-listener/route.ts:7:2)
    at <unknown> (./src/app/api/webhooks/master-listener/route.ts:4:1)
    at <unknown> (./src/app/connections/page.tsx:15:3541)
    at <unknown> (./src/app/customers/actions.ts:4:3)
    at <unknown> (./src/app/finances/accounting/page.tsx:14:2)
    at <unknown> (./src/app/finances/accounting/page.tsx:14:2)
    at <unknown> (./src/app/finances/hypotheses/page.tsx:18:3)
    at <unknown> (./src/app/finances/profits/page.tsx:7:2)
    at <unknown> (./src/app/logistics/costs/page.tsx:17:2)
    at <unknown> (./src/app/logistics/costs/page.tsx:17:2)
    at <unknown> (./src/app/marketing/mvp-wizard/actions.ts:6:1)
    at <unknown> (./src/app/marketing/video-lab/MaestroWorkspace.tsx:26:283)
    at <unknown> (./src/app/pedidos/actions.ts:15:1)
    at <unknown> (./src/app/rendimiento/page.tsx:19:2)
    at <unknown> (./src/app/research/actions/research-actions.ts:12:61)
    at <unknown> (./src/app/research/actions/research-actions.ts:13:3)
    at <unknown> (./src/app/settings/alerts/page.tsx:1:14)
    at <unknown> (./src/app/team/actions.ts:2:3)
    at <unknown> (./src/components/layout/sidebar.tsx:12:1)
    at <unknown> (./src/components/layout/top-bar.tsx:14:1)
    at <unknown> (./src/components/logistics/OrderDetailPanel.tsx:13:3)
    at <unknown> (./src/components/marketing/BrandingContent.tsx:10:2)
    at <unknown> (./src/components/marketing/clowdbot-config.tsx:17:2)
    at <unknown> (./src/components/research/ResearchHeader.tsx:10:159)
    at <unknown> (./src/components/ui/avatar.tsx:1:14)
    at <unknown> (./src/components/ui/badge.tsx:3:67)
    at <unknown> (./src/components/ui/button.tsx:3:67)
    at <unknown> (./src/components/ui/card.tsx:1:32)
    at <unknown> (./src/components/ui/input.tsx:1:32)
    at <unknown> (./src/components/ui/label.tsx:1:14)
    at <unknown> (./src/components/ui/progress.tsx:1:14)
    at <unknown> (./src/components/ui/scroll-area.tsx:1:14)
    at <unknown> (./src/components/ui/select.tsx:1:14)
    at <unknown> (./src/components/ui/switch.tsx:1:14)
    at <unknown> (./src/components/ui/table-alert.tsx:1:14)
    at <unknown> (./src/components/ui/table.tsx:1:14)
    at <unknown> (./src/components/ui/tabs.tsx:1:14)
    at <unknown> (./src/components/ui/textarea.tsx:1:32)
    at <unknown> (./src/components/ui/tooltip.tsx:1:14)
    at <unknown> (./src/context/ProductContext.tsx:5:3)
    at <unknown> (./src/hooks/useProductOrders.ts:3:2)
    at <unknown> (./src/hooks/useProductOrders.ts:3:2)
    at <unknown> (./src/hooks/useResearch.ts:6:2)
    at <unknown> (./src/lib/alerts.ts:4:2)
    at <unknown> (./src/lib/creative/generators/video-variation-generator.ts:8:2)
    at <unknown> (./src/lib/creative/generators/video-variation-generator.ts:8:2)
    at <unknown> (./src/lib/drive/asset-organizer.ts:7:17)
    at <unknown> (./src/lib/finances.ts:5:2)
    at <unknown> (./src/lib/handlers/ai-extract.ts:6:2)
    at <unknown> (./src/lib/handlers/generate-avatar-image.ts:7:2)
    at <unknown> (./src/lib/handlers/logistics-sync.ts:4:2)
    at <unknown> (./src/lib/handlers/maintenance.ts:5:2)
    at <unknown> (./src/lib/handlers/meta-sync-accounts.ts:5:2)
    at <unknown> (./src/lib/handlers/shopify-sync.ts:5:2)
    at <unknown> (./src/lib/health.ts:9:3)
    at <unknown> (./src/lib/marketing/metrics.ts:7:1)
    at <unknown> (./src/lib/store/store-context.tsx:3:1)
    at <unknown> (./src/lib/styles/design-system.ts:2:2)
    at <unknown> (./src/lib/utils.ts:2:42)
